<?xml version="1.0" encoding="UTF-8" ?>
<testsuites name="vitest tests" tests="551" failures="14" errors="0" time="17.6435593">
    <testsuite name="tests/analytics-engine.test.js" timestamp="2026-02-03T22:55:11.706Z" hostname="Krasen-PC" tests="16" failures="0" errors="0" skipped="0" time="0.0652996">
        <testcase classname="tests/analytics-engine.test.js" name="AnalyticsEngine &gt; filterTransactionsByTimePeriod &gt; should filter transactions within date range" time="0.0046452">
        </testcase>
        <testcase classname="tests/analytics-engine.test.js" name="AnalyticsEngine &gt; filterTransactionsByTimePeriod &gt; should return all transactions when no time period specified" time="0.0004397">
        </testcase>
        <testcase classname="tests/analytics-engine.test.js" name="AnalyticsEngine &gt; filterTransactionsByTimePeriod &gt; should handle empty transaction array" time="0.0002603">
        </testcase>
        <testcase classname="tests/analytics-engine.test.js" name="AnalyticsEngine &gt; calculateCategoryBreakdown &gt; should calculate category totals and percentages correctly" time="0.0012345">
        </testcase>
        <testcase classname="tests/analytics-engine.test.js" name="AnalyticsEngine &gt; calculateCategoryBreakdown &gt; should sort categories by amount (highest first)" time="0.000621">
        </testcase>
        <testcase classname="tests/analytics-engine.test.js" name="AnalyticsEngine &gt; calculateIncomeVsExpenses &gt; should calculate income and expenses correctly" time="0.0006886">
        </testcase>
        <testcase classname="tests/analytics-engine.test.js" name="AnalyticsEngine &gt; calculateIncomeVsExpenses &gt; should handle refunds correctly by reducing expenses" time="0.0003295">
        </testcase>
        <testcase classname="tests/analytics-engine.test.js" name="AnalyticsEngine &gt; calculateCostOfLiving &gt; should calculate daily and monthly spending averages" time="0.000814">
        </testcase>
        <testcase classname="tests/analytics-engine.test.js" name="AnalyticsEngine &gt; caching system &gt; should cache calculation results" time="0.0005152">
        </testcase>
        <testcase classname="tests/analytics-engine.test.js" name="AnalyticsEngine &gt; caching system &gt; should invalidate cache on data updates" time="0.0003784">
        </testcase>
        <testcase classname="tests/analytics-engine.test.js" name="AnalyticsEngine &gt; caching system &gt; should clear all cache" time="0.0002874">
        </testcase>
        <testcase classname="tests/analytics-engine.test.js" name="AnalyticsEngine &gt; generateSpendingInsights &gt; should generate basic insights for current period" time="0.0257481">
        </testcase>
        <testcase classname="tests/analytics-engine.test.js" name="AnalyticsEngine &gt; predictFutureSpending &gt; should return insufficient data message for limited transaction history" time="0.0012932">
        </testcase>
        <testcase classname="tests/analytics-engine.test.js" name="AnalyticsEngine &gt; predictFutureSpending &gt; should generate predictions when sufficient historical data exists" time="0.0197003">
        </testcase>
        <testcase classname="tests/analytics-engine.test.js" name="AnalyticsEngine &gt; comparePeriodsSpending &gt; should compare spending between two periods" time="0.0027754">
        </testcase>
        <testcase classname="tests/analytics-engine.test.js" name="AnalyticsEngine &gt; getHistoricalInsights &gt; should preserve historical insights for multiple periods" time="0.0018054">
        </testcase>
    </testsuite>
    <testsuite name="tests/button.test.js" timestamp="2026-02-03T22:55:11.712Z" hostname="Krasen-PC" tests="6" failures="0" errors="0" skipped="0" time="0.0206748">
        <testcase classname="tests/button.test.js" name="Button Component - Touch Optimizations &gt; should create button with proper structure and classes" time="0.0055585">
        </testcase>
        <testcase classname="tests/button.test.js" name="Button Component - Touch Optimizations &gt; should add touch-active class on touchstart" time="0.0070368">
        </testcase>
        <testcase classname="tests/button.test.js" name="Button Component - Touch Optimizations &gt; should remove touch-active class on touchend" time="0.0015557">
        </testcase>
        <testcase classname="tests/button.test.js" name="Button Component - Touch Optimizations &gt; should handle disabled state correctly" time="0.000972">
        </testcase>
        <testcase classname="tests/button.test.js" name="Button Component - Touch Optimizations &gt; should call onClick handler when clicked" time="0.0023508">
        </testcase>
        <testcase classname="tests/button.test.js" name="Button Component - Touch Optimizations &gt; should have touch optimization properties" time="0.0011479">
        </testcase>
    </testsuite>
    <testsuite name="tests/chart-integration.test.js" timestamp="2026-02-03T22:55:11.714Z" hostname="Krasen-PC" tests="14" failures="0" errors="0" skipped="0" time="0.2334679">
        <testcase classname="tests/chart-integration.test.js" name="Chart.js Integration &gt; Chart Configuration &gt; should provide chart colors" time="0.0141933">
        </testcase>
        <testcase classname="tests/chart-integration.test.js" name="Chart.js Integration &gt; Chart Configuration &gt; should create chart options with defaults" time="0.0022207">
        </testcase>
        <testcase classname="tests/chart-integration.test.js" name="Chart.js Integration &gt; Chart Configuration &gt; should merge custom options" time="0.0013777">
        </testcase>
        <testcase classname="tests/chart-integration.test.js" name="Chart.js Integration &gt; Chart Utilities &gt; should format currency correctly" time="0.0264415">
        </testcase>
        <testcase classname="tests/chart-integration.test.js" name="Chart.js Integration &gt; Chart Utilities &gt; should format percentages correctly" time="0.0011163">
        </testcase>
        <testcase classname="tests/chart-integration.test.js" name="Chart.js Integration &gt; Chart Utilities &gt; should prepare pie chart data" time="0.0018307">
        </testcase>
        <testcase classname="tests/chart-integration.test.js" name="Chart.js Integration &gt; Chart Utilities &gt; should handle empty data for pie charts" time="0.0011412">
        </testcase>
        <testcase classname="tests/chart-integration.test.js" name="Chart.js Integration &gt; Chart Utilities &gt; should prepare bar chart data" time="0.0016373">
        </testcase>
        <testcase classname="tests/chart-integration.test.js" name="Chart.js Integration &gt; Chart Utilities &gt; should validate chart data structure" time="0.0012162">
        </testcase>
        <testcase classname="tests/chart-integration.test.js" name="Chart.js Integration &gt; ChartRenderer &gt; should create a ChartRenderer instance" time="0.0012678">
        </testcase>
        <testcase classname="tests/chart-integration.test.js" name="Chart.js Integration &gt; ChartRenderer &gt; should track active charts" time="0.1669914">
            <system-out>
[ChartRenderer] Loading Chart.js...

[ChartLoader] Chart.js loaded in 134.69ms

[ChartLoader] Chart.js loaded successfully

[ChartRenderer] Chart.js initialized in 137.01ms

            </system-out>
            <system-err>
Failed to create chart: can&apos;t acquire context from the given item

            </system-err>
        </testcase>
        <testcase classname="tests/chart-integration.test.js" name="Chart.js Integration &gt; ChartRenderer &gt; should clean up charts properly" time="0.0032078">
            <system-err>
Canvas context not available, skipping chart cleanup test

            </system-err>
        </testcase>
        <testcase classname="tests/chart-integration.test.js" name="Chart.js Integration &gt; ChartRenderer &gt; should not throw when destroying non-existent chart" time="0.0021619">
        </testcase>
        <testcase classname="tests/chart-integration.test.js" name="Chart.js Integration &gt; ChartRenderer &gt; should destroy all charts" time="0.0059508">
            <system-out>
[ChartRenderer] Loading Chart.js...

[ChartRenderer] Chart.js initialized in 0.27ms

            </system-out>
            <system-err>
Failed to create chart: can&apos;t acquire context from the given item

Failed to create chart: can&apos;t acquire context from the given item

            </system-err>
        </testcase>
    </testsuite>
    <testsuite name="tests/core.test.js" timestamp="2026-02-03T22:55:11.720Z" hostname="Krasen-PC" tests="6" failures="0" errors="0" skipped="0" time="0.0293128">
        <testcase classname="tests/core.test.js" name="StorageService &gt; should start empty" time="0.0048978">
            <system-out>
[AUDIT: HIGH] data_delete {
  id: [32m&apos;audit_1770159310130_ucuvdchv3&apos;[39m,
  timestamp: [32m&apos;2026-02-03T22:55:10.130Z&apos;[39m,
  action: [32m&apos;data_delete&apos;[39m,
  details: { entityType: [32m&apos;transaction&apos;[39m, operation: [32m&apos;bulk_clear&apos;[39m, count: [33m0[39m },
  userId: [32m&apos;anonymous&apos;[39m,
  severity: [32m&apos;high&apos;[39m,
  userAgent: [32m&apos;Mozilla/5.0 (win32) AppleWebKit/537.36 (KHTML, like Gecko) jsdom/27.3.0&apos;[39m,
  ip: [32m&apos;client_ip_unavailable&apos;[39m,
  sessionId: [32m&apos;session_1770159310130_tj6s0rw4y&apos;[39m
}

            </system-out>
        </testcase>
        <testcase classname="tests/core.test.js" name="StorageService &gt; should add a transaction" time="0.0117435">
            <system-out>
[AUDIT: HIGH] data_delete {
  id: [32m&apos;audit_1770159310133_dhbbguqnf&apos;[39m,
  timestamp: [32m&apos;2026-02-03T22:55:10.133Z&apos;[39m,
  action: [32m&apos;data_delete&apos;[39m,
  details: { entityType: [32m&apos;transaction&apos;[39m, operation: [32m&apos;bulk_clear&apos;[39m, count: [33m0[39m },
  userId: [32m&apos;anonymous&apos;[39m,
  severity: [32m&apos;high&apos;[39m,
  userAgent: [32m&apos;Mozilla/5.0 (win32) AppleWebKit/537.36 (KHTML, like Gecko) jsdom/27.3.0&apos;[39m,
  ip: [32m&apos;client_ip_unavailable&apos;[39m,
  sessionId: [32m&apos;session_1770159310130_tj6s0rw4y&apos;[39m
}

[AUDIT: LOW] data_create {
  id: [32m&apos;audit_1770159310135_zwglbdx5x&apos;[39m,
  timestamp: [32m&apos;2026-02-03T22:55:10.135Z&apos;[39m,
  action: [32m&apos;data_create&apos;[39m,
  details: {
    entityType: [32m&apos;transaction&apos;[39m,
    entityId: [32m&apos;5e534299-6488-4257-938e-5620895fc05f&apos;[39m,
    amount: [33m10[39m,
    category: [32m&apos;Food&apos;[39m,
    accountId: [32m&apos;main&apos;[39m
  },
  userId: [32m&apos;anonymous&apos;[39m,
  severity: [32m&apos;low&apos;[39m,
  userAgent: [32m&apos;Mozilla/5.0 (win32) AppleWebKit/537.36 (KHTML, like Gecko) jsdom/27.3.0&apos;[39m,
  ip: [32m&apos;client_ip_unavailable&apos;[39m,
  sessionId: [32m&apos;session_1770159310130_tj6s0rw4y&apos;[39m
}

            </system-out>
        </testcase>
        <testcase classname="tests/core.test.js" name="StorageService &gt; should add a refund transaction" time="0.0016647">
            <system-out>
[AUDIT: HIGH] data_delete {
  id: [32m&apos;audit_1770159310145_1s9ua8yb6&apos;[39m,
  timestamp: [32m&apos;2026-02-03T22:55:10.145Z&apos;[39m,
  action: [32m&apos;data_delete&apos;[39m,
  details: { entityType: [32m&apos;transaction&apos;[39m, operation: [32m&apos;bulk_clear&apos;[39m, count: [33m1[39m },
  userId: [32m&apos;anonymous&apos;[39m,
  severity: [32m&apos;high&apos;[39m,
  userAgent: [32m&apos;Mozilla/5.0 (win32) AppleWebKit/537.36 (KHTML, like Gecko) jsdom/27.3.0&apos;[39m,
  ip: [32m&apos;client_ip_unavailable&apos;[39m,
  sessionId: [32m&apos;session_1770159310130_tj6s0rw4y&apos;[39m
}

[AUDIT: LOW] data_create {
  id: [32m&apos;audit_1770159310145_2v9fx7dfl&apos;[39m,
  timestamp: [32m&apos;2026-02-03T22:55:10.145Z&apos;[39m,
  action: [32m&apos;data_create&apos;[39m,
  details: {
    entityType: [32m&apos;transaction&apos;[39m,
    entityId: [32m&apos;55d942a8-4432-491b-84cf-3c69632a4acd&apos;[39m,
    amount: [33m20[39m,
    category: [32m&apos;Income&apos;[39m,
    accountId: [32m&apos;main&apos;[39m
  },
  userId: [32m&apos;anonymous&apos;[39m,
  severity: [32m&apos;low&apos;[39m,
  userAgent: [32m&apos;Mozilla/5.0 (win32) AppleWebKit/537.36 (KHTML, like Gecko) jsdom/27.3.0&apos;[39m,
  ip: [32m&apos;client_ip_unavailable&apos;[39m,
  sessionId: [32m&apos;session_1770159310130_tj6s0rw4y&apos;[39m
}

            </system-out>
        </testcase>
        <testcase classname="tests/core.test.js" name="StorageService &gt; should update a transaction" time="0.0021907">
            <system-out>
[AUDIT: HIGH] data_delete {
  id: [32m&apos;audit_1770159310146_79sr41ry5&apos;[39m,
  timestamp: [32m&apos;2026-02-03T22:55:10.146Z&apos;[39m,
  action: [32m&apos;data_delete&apos;[39m,
  details: { entityType: [32m&apos;transaction&apos;[39m, operation: [32m&apos;bulk_clear&apos;[39m, count: [33m1[39m },
  userId: [32m&apos;anonymous&apos;[39m,
  severity: [32m&apos;high&apos;[39m,
  userAgent: [32m&apos;Mozilla/5.0 (win32) AppleWebKit/537.36 (KHTML, like Gecko) jsdom/27.3.0&apos;[39m,
  ip: [32m&apos;client_ip_unavailable&apos;[39m,
  sessionId: [32m&apos;session_1770159310130_tj6s0rw4y&apos;[39m
}

[AUDIT: LOW] data_create {
  id: [32m&apos;audit_1770159310147_uvh89yzzz&apos;[39m,
  timestamp: [32m&apos;2026-02-03T22:55:10.147Z&apos;[39m,
  action: [32m&apos;data_create&apos;[39m,
  details: {
    entityType: [32m&apos;transaction&apos;[39m,
    entityId: [32m&apos;7ec6e2a6-5603-454c-bf26-b1f45ac760a4&apos;[39m,
    amount: [33m10[39m,
    category: [32m&apos;Food&apos;[39m,
    accountId: [32m&apos;main&apos;[39m
  },
  userId: [32m&apos;anonymous&apos;[39m,
  severity: [32m&apos;low&apos;[39m,
  userAgent: [32m&apos;Mozilla/5.0 (win32) AppleWebKit/537.36 (KHTML, like Gecko) jsdom/27.3.0&apos;[39m,
  ip: [32m&apos;client_ip_unavailable&apos;[39m,
  sessionId: [32m&apos;session_1770159310130_tj6s0rw4y&apos;[39m
}
[AUDIT: LOW] data_update {
  id: [32m&apos;audit_1770159310147_6pihzeqno&apos;[39m,
  timestamp: [32m&apos;2026-02-03T22:55:10.147Z&apos;[39m,
  action: [32m&apos;data_update&apos;[39m,
  details: {
    entityType: [32m&apos;transaction&apos;[39m,
    entityId: [32m&apos;7ec6e2a6-5603-454c-bf26-b1f45ac760a4&apos;[39m,
    changes: [ [32m&apos;amount&apos;[39m ],
    originalAmount: [33m10[39m,
    newAmount: [33m50[39m
  },
  userId: [32m&apos;anonymous&apos;[39m,
  severity: [32m&apos;low&apos;[39m,
  userAgent: [32m&apos;Mozilla/5.0 (win32) AppleWebKit/537.36 (KHTML, like Gecko) jsdom/27.3.0&apos;[39m,
  ip: [32m&apos;client_ip_unavailable&apos;[39m,
  sessionId: [32m&apos;session_1770159310130_tj6s0rw4y&apos;[39m
}

            </system-out>
        </testcase>
        <testcase classname="tests/core.test.js" name="StorageService &gt; should remove a transaction" time="0.0038993">
            <system-out>
[AUDIT: HIGH] data_delete {
  id: [32m&apos;audit_1770159310149_jfyd8q67y&apos;[39m,
  timestamp: [32m&apos;2026-02-03T22:55:10.149Z&apos;[39m,
  action: [32m&apos;data_delete&apos;[39m,
  details: { entityType: [32m&apos;transaction&apos;[39m, operation: [32m&apos;bulk_clear&apos;[39m, count: [33m1[39m },
  userId: [32m&apos;anonymous&apos;[39m,
  severity: [32m&apos;high&apos;[39m,
  userAgent: [32m&apos;Mozilla/5.0 (win32) AppleWebKit/537.36 (KHTML, like Gecko) jsdom/27.3.0&apos;[39m,
  ip: [32m&apos;client_ip_unavailable&apos;[39m,
  sessionId: [32m&apos;session_1770159310130_tj6s0rw4y&apos;[39m
}

[AUDIT: LOW] data_create {
  id: [32m&apos;audit_1770159310150_mk6d6ph7w&apos;[39m,
  timestamp: [32m&apos;2026-02-03T22:55:10.150Z&apos;[39m,
  action: [32m&apos;data_create&apos;[39m,
  details: {
    entityType: [32m&apos;transaction&apos;[39m,
    entityId: [32m&apos;eb3a71a6-be05-40e3-87d6-3e0f9b026bea&apos;[39m,
    amount: [33m10[39m,
    category: [32m&apos;Food&apos;[39m,
    accountId: [32m&apos;main&apos;[39m
  },
  userId: [32m&apos;anonymous&apos;[39m,
  severity: [32m&apos;low&apos;[39m,
  userAgent: [32m&apos;Mozilla/5.0 (win32) AppleWebKit/537.36 (KHTML, like Gecko) jsdom/27.3.0&apos;[39m,
  ip: [32m&apos;client_ip_unavailable&apos;[39m,
  sessionId: [32m&apos;session_1770159310130_tj6s0rw4y&apos;[39m
}
[AUDIT: MEDIUM] data_delete {
  id: [32m&apos;audit_1770159310150_7yob97rsf&apos;[39m,
  timestamp: [32m&apos;2026-02-03T22:55:10.150Z&apos;[39m,
  action: [32m&apos;data_delete&apos;[39m,
  details: {
    entityType: [32m&apos;transaction&apos;[39m,
    entityId: [32m&apos;eb3a71a6-be05-40e3-87d6-3e0f9b026bea&apos;[39m,
    amount: [33m10[39m,
    category: [32m&apos;Food&apos;[39m
  },
  userId: [32m&apos;anonymous&apos;[39m,
  severity: [32m&apos;medium&apos;[39m,
  userAgent: [32m&apos;Mozilla/5.0 (win32) AppleWebKit/537.36 (KHTML, like Gecko) jsdom/27.3.0&apos;[39m,
  ip: [32m&apos;client_ip_unavailable&apos;[39m,
  sessionId: [32m&apos;session_1770159310130_tj6s0rw4y&apos;[39m
}

            </system-out>
        </testcase>
        <testcase classname="tests/core.test.js" name="Router &gt; should register and handle routes" time="0.0030031">
        </testcase>
    </testsuite>
    <testsuite name="tests/css-architecture.test.js" timestamp="2026-02-03T22:55:11.723Z" hostname="Krasen-PC" tests="4" failures="0" errors="0" skipped="0" time="0.0056335">
        <testcase classname="tests/css-architecture.test.js" name="CSS Architecture Foundation &gt; should have all required directory structure" time="0.0019625">
        </testcase>
        <testcase classname="tests/css-architecture.test.js" name="CSS Architecture Foundation &gt; should have core style files" time="0.0009927">
        </testcase>
        <testcase classname="tests/css-architecture.test.js" name="CSS Architecture Foundation &gt; should have proper import structure in main.css" time="0.0006828">
        </testcase>
        <testcase classname="tests/css-architecture.test.js" name="CSS Architecture Foundation &gt; should have CSS custom properties defined in tokens" time="0.0004995">
        </testcase>
    </testsuite>
    <testsuite name="tests/data-loss-prevention-simple.test.js" timestamp="2026-02-03T22:55:11.724Z" hostname="Krasen-PC" tests="12" failures="1" errors="0" skipped="0" time="0.0166844">
        <testcase classname="tests/data-loss-prevention-simple.test.js" name="Week 2: Data Loss Prevention - Simple Tests &gt; Emergency Export Service - Core Functionality &gt; should have required methods" time="0.0032376">
        </testcase>
        <testcase classname="tests/data-loss-prevention-simple.test.js" name="Week 2: Data Loss Prevention - Simple Tests &gt; Emergency Export Service - Core Functionality &gt; should validate integrity with mocked crypto" time="0.0012331">
        </testcase>
        <testcase classname="tests/data-loss-prevention-simple.test.js" name="Week 2: Data Loss Prevention - Simple Tests &gt; Emergency Export Service - Core Functionality &gt; should detect integrity mismatches" time="0.0015224">
        </testcase>
        <testcase classname="tests/data-loss-prevention-simple.test.js" name="Week 2: Data Loss Prevention - Simple Tests &gt; Data Integrity Service - Core Functionality &gt; should have required methods" time="0.0011934">
        </testcase>
        <testcase classname="tests/data-loss-prevention-simple.test.js" name="Week 2: Data Loss Prevention - Simple Tests &gt; Data Integrity Service - Core Functionality &gt; should validate correct transaction structure" time="0.0012236">
        </testcase>
        <testcase classname="tests/data-loss-prevention-simple.test.js" name="Week 2: Data Loss Prevention - Simple Tests &gt; Data Integrity Service - Core Functionality &gt; should detect invalid transaction structure" time="0.000653">
        </testcase>
        <testcase classname="tests/data-loss-prevention-simple.test.js" name="Week 2: Data Loss Prevention - Simple Tests &gt; Data Integrity Service - Core Functionality &gt; should validate correct account structure" time="0.0007268">
        </testcase>
        <testcase classname="tests/data-loss-prevention-simple.test.js" name="Week 2: Data Loss Prevention - Simple Tests &gt; Data Integrity Service - Core Functionality &gt; should detect invalid account structure" time="0.0004899">
        </testcase>
        <testcase classname="tests/data-loss-prevention-simple.test.js" name="Week 2: Data Loss Prevention - Simple Tests &gt; Data Integrity Service - Core Functionality &gt; should generate recommendations for issues" time="0.0008387">
        </testcase>
        <testcase classname="tests/data-loss-prevention-simple.test.js" name="Week 2: Data Loss Prevention - Simple Tests &gt; Data Integrity Service - Core Functionality &gt; should maintain check history state" time="0.0005523">
        </testcase>
        <testcase classname="tests/data-loss-prevention-simple.test.js" name="Week 2: Data Loss Prevention - Simple Tests &gt; Data Integrity Service - Core Functionality &gt; should generate proper check ID format" time="0.0005053">
        </testcase>
        <testcase classname="tests/data-loss-prevention-simple.test.js" name="Integration Tests - Basic" time="0.0019542">
            <failure message="No test found in suite Integration Tests - Basic" type="Error">
Error: No test found in suite Integration Tests - Basic
            </failure>
        </testcase>
    </testsuite>
    <testsuite name="tests/data-loss-prevention.test.js" timestamp="2026-02-03T22:55:11.728Z" hostname="Krasen-PC" tests="9" failures="1" errors="0" skipped="0" time="0.0298387">
        <testcase classname="tests/data-loss-prevention.test.js" name="Week 2: Data Loss Prevention &gt; Emergency Export Service &gt; should handle export options correctly" time="0.013852">
            <system-err>
[vitest] The vi.fn() mock did not use &apos;function&apos; or &apos;class&apos; in its implementation, see https://vitest.dev/api/vi#vi-spyon for examples.
[EmergencyExport] Failed to create download file: TypeError: (content, options) =&gt; ({
  content,
  type: options.type,
}) is not a constructor
    at new Mock [90m(file:///C:/Users/krase/repos/BlinkBudget/[39mnode_modules/[4m@vitest[24m/spy/dist/index.js:262:27[90m)[39m
    at Object.createDownloadFile (C:/Users/krase/repos/BlinkBudget/src/core/emergency-export-service.js:422:20)
    at Object.createEmergencyExport (C:/Users/krase/repos/BlinkBudget/src/core/emergency-export-service.js:92:38)
    at C:/Users/krase/repos/BlinkBudget/tests/data-loss-prevention.test.js:111:36
    at [90mfile:///C:/Users/krase/repos/BlinkBudget/[39mnode_modules/[4m@vitest[24m/runner/dist/index.js:145:11
    at [90mfile:///C:/Users/krase/repos/BlinkBudget/[39mnode_modules/[4m@vitest[24m/runner/dist/index.js:915:26
    at [90mfile:///C:/Users/krase/repos/BlinkBudget/[39mnode_modules/[4m@vitest[24m/runner/dist/index.js:1240:20
    at new Promise (&lt;anonymous&gt;)
    at runWithTimeout [90m(file:///C:/Users/krase/repos/BlinkBudget/[39mnode_modules/[4m@vitest[24m/runner/dist/index.js:1206:10[90m)[39m
    at [90mfile:///C:/Users/krase/repos/BlinkBudget/[39mnode_modules/[4m@vitest[24m/runner/dist/index.js:1650:37

[EmergencyExport] Export failed: TypeError: (content, options) =&gt; ({
  content,
  type: options.type,
}) is not a constructor
    at new Mock [90m(file:///C:/Users/krase/repos/BlinkBudget/[39mnode_modules/[4m@vitest[24m/spy/dist/index.js:262:27[90m)[39m
    at Object.createDownloadFile (C:/Users/krase/repos/BlinkBudget/src/core/emergency-export-service.js:422:20)
    at Object.createEmergencyExport (C:/Users/krase/repos/BlinkBudget/src/core/emergency-export-service.js:92:38)
    at C:/Users/krase/repos/BlinkBudget/tests/data-loss-prevention.test.js:111:36
    at [90mfile:///C:/Users/krase/repos/BlinkBudget/[39mnode_modules/[4m@vitest[24m/runner/dist/index.js:145:11
    at [90mfile:///C:/Users/krase/repos/BlinkBudget/[39mnode_modules/[4m@vitest[24m/runner/dist/index.js:915:26
    at [90mfile:///C:/Users/krase/repos/BlinkBudget/[39mnode_modules/[4m@vitest[24m/runner/dist/index.js:1240:20
    at new Promise (&lt;anonymous&gt;)
    at runWithTimeout [90m(file:///C:/Users/krase/repos/BlinkBudget/[39mnode_modules/[4m@vitest[24m/runner/dist/index.js:1206:10[90m)[39m
    at [90mfile:///C:/Users/krase/repos/BlinkBudget/[39mnode_modules/[4m@vitest[24m/runner/dist/index.js:1650:37

            </system-err>
        </testcase>
        <testcase classname="tests/data-loss-prevention.test.js" name="Week 2: Data Loss Prevention &gt; Emergency Export Service &gt; should detect integrity mismatches" time="0.0024849">
        </testcase>
        <testcase classname="tests/data-loss-prevention.test.js" name="Week 2: Data Loss Prevention &gt; Data Integrity Service &gt; should perform basic integrity check structure" time="0.0021756">
        </testcase>
        <testcase classname="tests/data-loss-prevention.test.js" name="Week 2: Data Loss Prevention &gt; Data Integrity Service &gt; should validate transaction structure correctly" time="0.0022239">
        </testcase>
        <testcase classname="tests/data-loss-prevention.test.js" name="Week 2: Data Loss Prevention &gt; Data Integrity Service &gt; should detect invalid transaction structure" time="0.001338">
        </testcase>
        <testcase classname="tests/data-loss-prevention.test.js" name="Week 2: Data Loss Prevention &gt; Data Integrity Service &gt; should validate account structure correctly" time="0.0011143">
        </testcase>
        <testcase classname="tests/data-loss-prevention.test.js" name="Week 2: Data Loss Prevention &gt; Data Integrity Service &gt; should detect invalid account structure" time="0.0006756">
        </testcase>
        <testcase classname="tests/data-loss-prevention.test.js" name="Week 2: Data Loss Prevention &gt; Data Integrity Service &gt; should maintain check history" time="0.0009254">
        </testcase>
        <testcase classname="tests/data-loss-prevention.test.js" name="Integration Tests" time="0.0009216">
            <failure message="No test found in suite Integration Tests" type="Error">
Error: No test found in suite Integration Tests
            </failure>
        </testcase>
    </testsuite>
    <testsuite name="tests/date-input-integration.test.js" timestamp="2026-02-03T22:55:11.730Z" hostname="Krasen-PC" tests="4" failures="0" errors="0" skipped="0" time="0.9267742">
        <testcase classname="tests/date-input-integration.test.js" name="Date Input Integration &gt; should show date input with label in AddView" time="0.3659997">
        </testcase>
        <testcase classname="tests/date-input-integration.test.js" name="Date Input Integration &gt; should show date input with label in EditView" time="0.312148">
            <system-out>
[AUDIT: LOW] data_create {
  id: [32m&apos;audit_1770159300481_rgurfvlzw&apos;[39m,
  timestamp: [32m&apos;2026-02-03T22:55:00.481Z&apos;[39m,
  action: [32m&apos;data_create&apos;[39m,
  details: {
    entityType: [32m&apos;transaction&apos;[39m,
    entityId: [32m&apos;51dfcadb-2150-4905-8f8a-43860f63da5e&apos;[39m,
    amount: [33m25.5[39m,
    category: [32m&apos;Food &amp; Groceries&apos;[39m,
    accountId: [32m&apos;main&apos;[39m
  },
  userId: [32m&apos;anonymous&apos;[39m,
  severity: [32m&apos;low&apos;[39m,
  userAgent: [32m&apos;Mozilla/5.0 (win32) AppleWebKit/537.36 (KHTML, like Gecko) jsdom/27.3.0&apos;[39m,
  ip: [32m&apos;client_ip_unavailable&apos;[39m,
  sessionId: [32m&apos;session_1770159300481_5ejimso89&apos;[39m
}

            </system-out>
        </testcase>
        <testcase classname="tests/date-input-integration.test.js" name="Date Input Integration &gt; should have proper visual connection to form in AddView" time="0.1763488">
        </testcase>
        <testcase classname="tests/date-input-integration.test.js" name="Date Input Integration &gt; should have proper visual connection to form in EditView" time="0.0697715">
            <system-out>
[AUDIT: LOW] data_create {
  id: [32m&apos;audit_1770159300968_bunj5pwp5&apos;[39m,
  timestamp: [32m&apos;2026-02-03T22:55:00.968Z&apos;[39m,
  action: [32m&apos;data_create&apos;[39m,
  details: {
    entityType: [32m&apos;transaction&apos;[39m,
    entityId: [32m&apos;d043ed83-3e3f-4d47-836d-b05ea36d7cb6&apos;[39m,
    amount: [33m25.5[39m,
    category: [32m&apos;Food &amp; Groceries&apos;[39m,
    accountId: [32m&apos;main&apos;[39m
  },
  userId: [32m&apos;anonymous&apos;[39m,
  severity: [32m&apos;low&apos;[39m,
  userAgent: [32m&apos;Mozilla/5.0 (win32) AppleWebKit/537.36 (KHTML, like Gecko) jsdom/27.3.0&apos;[39m,
  ip: [32m&apos;client_ip_unavailable&apos;[39m,
  sessionId: [32m&apos;session_1770159300481_5ejimso89&apos;[39m
}

            </system-out>
        </testcase>
    </testsuite>
    <testsuite name="tests/date-input.test.js" timestamp="2026-02-03T22:55:11.731Z" hostname="Krasen-PC" tests="7" failures="0" errors="0" skipped="0" time="0.0824837">
        <testcase classname="tests/date-input.test.js" name="DateInput Component &gt; should create date input with label by default" time="0.0359936">
        </testcase>
        <testcase classname="tests/date-input.test.js" name="DateInput Component &gt; should hide label when showLabel is false" time="0.0051127">
        </testcase>
        <testcase classname="tests/date-input.test.js" name="DateInput Component &gt; should have proper accessibility attributes" time="0.0063759">
        </testcase>
        <testcase classname="tests/date-input.test.js" name="DateInput Component &gt; should respond to click interaction" time="0.0114102">
        </testcase>
        <testcase classname="tests/date-input.test.js" name="DateInput Component &gt; should have proper CSS classes for styling" time="0.0112005">
        </testcase>
        <testcase classname="tests/date-input.test.js" name="DateInput Component &gt; should initialize with provided value" time="0.0044664">
        </testcase>
        <testcase classname="tests/date-input.test.js" name="DateInput Component &gt; should call onChange when date changes" time="0.0051642">
        </testcase>
    </testsuite>
    <testsuite name="tests/ForecastsSection.test.js" timestamp="2026-02-03T22:55:11.732Z" hostname="Krasen-PC" tests="3" failures="0" errors="0" skipped="0" time="0.1562013">
        <testcase classname="tests/ForecastsSection.test.js" name="ForecastsSection &gt; should create forecasts section with correct structure" time="0.0407892">
            <system-err>
Error rendering forecasts: TypeError: forecastEngine.generateIncomeForecasts is not a function
    at Module.ForecastsSection (C:/Users/krase/repos/BlinkBudget/src/views/financial-planning/ForecastsSection.js:180:44)
    at C:/Users/krase/repos/BlinkBudget/tests/ForecastsSection.test.js:141:21
    at [90mfile:///C:/Users/krase/repos/BlinkBudget/[39mnode_modules/[4m@vitest[24m/runner/dist/index.js:145:11
    at [90mfile:///C:/Users/krase/repos/BlinkBudget/[39mnode_modules/[4m@vitest[24m/runner/dist/index.js:915:26
    at [90mfile:///C:/Users/krase/repos/BlinkBudget/[39mnode_modules/[4m@vitest[24m/runner/dist/index.js:1240:20
    at new Promise (&lt;anonymous&gt;)
    at runWithTimeout [90m(file:///C:/Users/krase/repos/BlinkBudget/[39mnode_modules/[4m@vitest[24m/runner/dist/index.js:1206:10[90m)[39m
    at [90mfile:///C:/Users/krase/repos/BlinkBudget/[39mnode_modules/[4m@vitest[24m/runner/dist/index.js:1650:37
    at Traces.$ [90m(file:///C:/Users/krase/repos/BlinkBudget/[39mnode_modules/[4mvitest[24m/dist/chunks/traces.U4xDYhzZ.js:115:27[90m)[39m
    at trace [90m(file:///C:/Users/krase/repos/BlinkBudget/[39mnode_modules/[4mvitest[24m/dist/chunks/test.BT8LKgU9.js:239:21[90m)[39m

            </system-err>
        </testcase>
        <testcase classname="tests/ForecastsSection.test.js" name="ForecastsSection &gt; should format forecast values as currency" time="0.050133">
            <system-err>
Error rendering forecasts: TypeError: forecastEngine.generateIncomeForecasts is not a function
    at Module.ForecastsSection (C:/Users/krase/repos/BlinkBudget/src/views/financial-planning/ForecastsSection.js:180:44)
    at C:/Users/krase/repos/BlinkBudget/tests/ForecastsSection.test.js:162:5
    at [90mfile:///C:/Users/krase/repos/BlinkBudget/[39mnode_modules/[4m@vitest[24m/runner/dist/index.js:145:11
    at [90mfile:///C:/Users/krase/repos/BlinkBudget/[39mnode_modules/[4m@vitest[24m/runner/dist/index.js:915:26
    at [90mfile:///C:/Users/krase/repos/BlinkBudget/[39mnode_modules/[4m@vitest[24m/runner/dist/index.js:1240:20
    at new Promise (&lt;anonymous&gt;)
    at runWithTimeout [90m(file:///C:/Users/krase/repos/BlinkBudget/[39mnode_modules/[4m@vitest[24m/runner/dist/index.js:1206:10[90m)[39m
    at [90mfile:///C:/Users/krase/repos/BlinkBudget/[39mnode_modules/[4m@vitest[24m/runner/dist/index.js:1650:37
    at Traces.$ [90m(file:///C:/Users/krase/repos/BlinkBudget/[39mnode_modules/[4mvitest[24m/dist/chunks/traces.U4xDYhzZ.js:115:27[90m)[39m
    at trace [90m(file:///C:/Users/krase/repos/BlinkBudget/[39mnode_modules/[4mvitest[24m/dist/chunks/test.BT8LKgU9.js:239:21[90m)[39m

            </system-err>
        </testcase>
        <testcase classname="tests/ForecastsSection.test.js" name="ForecastsSection &gt; should support different forecast time ranges" time="0.0633907">
            <system-err>
Error rendering forecasts: TypeError: forecastEngine.generateIncomeForecasts is not a function
    at Module.ForecastsSection (C:/Users/krase/repos/BlinkBudget/src/views/financial-planning/ForecastsSection.js:180:44)
    at C:/Users/krase/repos/BlinkBudget/tests/ForecastsSection.test.js:178:5
    at [90mfile:///C:/Users/krase/repos/BlinkBudget/[39mnode_modules/[4m@vitest[24m/runner/dist/index.js:145:11
    at [90mfile:///C:/Users/krase/repos/BlinkBudget/[39mnode_modules/[4m@vitest[24m/runner/dist/index.js:915:26
    at [90mfile:///C:/Users/krase/repos/BlinkBudget/[39mnode_modules/[4m@vitest[24m/runner/dist/index.js:1240:20
    at new Promise (&lt;anonymous&gt;)
    at runWithTimeout [90m(file:///C:/Users/krase/repos/BlinkBudget/[39mnode_modules/[4m@vitest[24m/runner/dist/index.js:1206:10[90m)[39m
    at [90mfile:///C:/Users/krase/repos/BlinkBudget/[39mnode_modules/[4m@vitest[24m/runner/dist/index.js:1650:37
    at Traces.$ [90m(file:///C:/Users/krase/repos/BlinkBudget/[39mnode_modules/[4mvitest[24m/dist/chunks/traces.U4xDYhzZ.js:115:27[90m)[39m
    at trace [90m(file:///C:/Users/krase/repos/BlinkBudget/[39mnode_modules/[4mvitest[24m/dist/chunks/test.BT8LKgU9.js:239:21[90m)[39m

            </system-err>
        </testcase>
    </testsuite>
    <testsuite name="tests/goal-planner.test.js" timestamp="2026-02-03T22:55:11.734Z" hostname="Krasen-PC" tests="3" failures="0" errors="0" skipped="0" time="0.0120874">
        <testcase classname="tests/goal-planner.test.js" name="GoalPlanner &gt; calculates required monthly savings for a future goal" time="0.0042915">
        </testcase>
        <testcase classname="tests/goal-planner.test.js" name="GoalPlanner &gt; projects wealth accumulation over years" time="0.001509">
        </testcase>
        <testcase classname="tests/goal-planner.test.js" name="GoalPlanner &gt; assesses goal feasibility under different income/expense scenarios" time="0.0034672">
        </testcase>
    </testsuite>
    <testsuite name="tests/GoalsSection.test.js" timestamp="2026-02-03T22:55:11.735Z" hostname="Krasen-PC" tests="2" failures="0" errors="0" skipped="0" time="0.2756101">
        <testcase classname="tests/GoalsSection.test.js" name="GoalsSection &gt; should create goals section with correct structure" time="0.1955759">
        </testcase>
        <testcase classname="tests/GoalsSection.test.js" name="GoalsSection &gt; should display placeholder when no goals exist" time="0.0781004">
        </testcase>
    </testsuite>
    <testsuite name="tests/insights-generator.test.js" timestamp="2026-02-03T22:55:11.735Z" hostname="Krasen-PC" tests="2" failures="0" errors="0" skipped="0" time="0.00364">
        <testcase classname="tests/insights-generator.test.js" name="InsightsGenerator &gt; returns top movers by category" time="0.0012591">
        </testcase>
        <testcase classname="tests/insights-generator.test.js" name="InsightsGenerator &gt; compares timelines and computes changes" time="0.0010688">
        </testcase>
    </testsuite>
    <testsuite name="tests/InsightsSection.test.js" timestamp="2026-02-03T22:55:11.736Z" hostname="Krasen-PC" tests="2" failures="0" errors="0" skipped="0" time="0.0542924">
        <testcase classname="tests/InsightsSection.test.js" name="InsightsSection &gt; should create insights section" time="0.0305779">
        </testcase>
        <testcase classname="tests/InsightsSection.test.js" name="InsightsSection &gt; should display placeholder when no planning data provided" time="0.021873">
        </testcase>
    </testsuite>
    <testsuite name="tests/investment-tracker.test.js" timestamp="2026-02-03T22:55:11.736Z" hostname="Krasen-PC" tests="2" failures="0" errors="0" skipped="0" time="0.0085441">
        <testcase classname="tests/investment-tracker.test.js" name="InvestmentTracker &gt; performs CRUD operations" time="0.0054664">
        </testcase>
        <testcase classname="tests/investment-tracker.test.js" name="InvestmentTracker &gt; calculates portfolio value and gains/losses" time="0.0013179">
        </testcase>
    </testsuite>
    <testsuite name="tests/InvestmentsSection.test.js" timestamp="2026-02-03T22:55:11.737Z" hostname="Krasen-PC" tests="2" failures="0" errors="0" skipped="0" time="0.270962">
        <testcase classname="tests/InvestmentsSection.test.js" name="InvestmentsSection &gt; should create investments section" time="0.2038277">
            <system-out>
Loaded portfolio data: { totalValue: [33m0[39m, assetAllocation: {} }

            </system-out>
        </testcase>
        <testcase classname="tests/InvestmentsSection.test.js" name="InvestmentsSection &gt; should display placeholder when no investments exist" time="0.0651088">
            <system-out>
Loaded portfolio data: { totalValue: [33m0[39m, assetAllocation: {} }

            </system-out>
        </testcase>
    </testsuite>
    <testsuite name="tests/lazy-loading.test.js" timestamp="2026-02-03T22:55:11.738Z" hostname="Krasen-PC" tests="14" failures="0" errors="0" skipped="0" time="0.3143414">
        <testcase classname="tests/lazy-loading.test.js" name="Chart.js Lazy Loading &gt; should initially not have Chart.js loaded" time="0.0024625">
        </testcase>
        <testcase classname="tests/lazy-loading.test.js" name="Chart.js Lazy Loading &gt; should load Chart.js on demand" time="0.0354035">
            <system-out>
[ChartLoader] Chart.js loaded in 32.61ms

[ChartLoader] Chart.js loaded successfully

            </system-out>
        </testcase>
        <testcase classname="tests/lazy-loading.test.js" name="Chart.js Lazy Loading &gt; should return cached modules on subsequent calls" time="0.001048">
            <system-out>
[ChartLoader] Chart.js loaded in 0.24ms

[ChartLoader] Chart.js loaded successfully

            </system-out>
        </testcase>
        <testcase classname="tests/lazy-loading.test.js" name="Chart.js Lazy Loading &gt; should handle preloading" time="0.0010985">
            <system-out>
[ChartLoader] Preloading Chart.js in background

[ChartLoader] Chart.js loaded in 0.27ms

[ChartLoader] Chart.js loaded successfully

[ChartLoader] Chart.js preloaded successfully

            </system-out>
        </testcase>
        <testcase classname="tests/lazy-loading.test.js" name="Chart.js Lazy Loading &gt; should reset loader state" time="0.000904">
            <system-out>
[ChartLoader] Chart.js loaded in 0.12ms

[ChartLoader] Chart.js loaded successfully

            </system-out>
        </testcase>
        <testcase classname="tests/lazy-loading.test.js" name="Progressive Data Loading &gt; should create a progressive data loader" time="0.0037385">
        </testcase>
        <testcase classname="tests/lazy-loading.test.js" name="Progressive Data Loading &gt; should process small datasets directly" time="0.0039097">
        </testcase>
        <testcase classname="tests/lazy-loading.test.js" name="Progressive Data Loading &gt; should use progressive loading for large datasets" time="0.2032231">
        </testcase>
        <testcase classname="tests/lazy-loading.test.js" name="Progressive Data Loading &gt; should handle empty datasets" time="0.0034217">
        </testcase>
        <testcase classname="tests/lazy-loading.test.js" name="Progressive Data Loading &gt; should filter transactions by time period" time="0.0027272">
        </testcase>
        <testcase classname="tests/lazy-loading.test.js" name="Progressive Data Loading &gt; should handle cancellation" time="0.0477616">
            <system-out>
[ProgressiveLoader] Loading cancelled

            </system-out>
            <system-err>
[ProgressiveLoader] Progressive loading failed: Error: Data loading was cancelled
    at ProgressiveDataLoader.processDataInChunks (C:/Users/krase/repos/BlinkBudget/src/core/progressive-data-loader.js:178:15)
    at ProgressiveDataLoader.loadTransactionData (C:/Users/krase/repos/BlinkBudget/src/core/progressive-data-loader.js:82:22)
    at C:/Users/krase/repos/BlinkBudget/tests/lazy-loading.test.js:236:7
    at [90mfile:///C:/Users/krase/repos/BlinkBudget/[39mnode_modules/[4m@vitest[24m/runner/dist/index.js:915:20

            </system-err>
        </testcase>
        <testcase classname="tests/lazy-loading.test.js" name="Progressive Data Loading &gt; should validate transaction data" time="0.0020916">
        </testcase>
        <testcase classname="tests/lazy-loading.test.js" name="Progressive Data Loading &gt; should calculate category breakdown correctly" time="0.002192">
        </testcase>
        <testcase classname="tests/lazy-loading.test.js" name="Progressive Data Loading &gt; should calculate income vs expenses correctly" time="0.0019486">
        </testcase>
    </testsuite>
    <testsuite name="tests/main.test.js" timestamp="2026-02-03T22:55:11.742Z" hostname="Krasen-PC" tests="2" failures="0" errors="0" skipped="0" time="0.0145051">
        <testcase classname="tests/main.test.js" name="BlinkBudget Core &gt; should be able to run tests" time="0.0016363">
        </testcase>
        <testcase classname="tests/main.test.js" name="BlinkBudget Core &gt; should be able to use DOM" time="0.0107378">
        </testcase>
    </testsuite>
    <testsuite name="tests/mobile-integration.test.js" timestamp="2026-02-03T22:55:11.743Z" hostname="Krasen-PC" tests="4" failures="0" errors="0" skipped="0" time="0.0488892">
        <testcase classname="tests/mobile-integration.test.js" name="Mobile Navigation Integration &gt; should navigate when navigation items are clicked" time="0.0300654">
        </testcase>
        <testcase classname="tests/mobile-integration.test.js" name="Mobile Navigation Integration &gt; should update active states when navigation occurs" time="0.0083817">
        </testcase>
        <testcase classname="tests/mobile-integration.test.js" name="Mobile Navigation Integration &gt; should provide proper accessibility attributes" time="0.003382">
        </testcase>
        <testcase classname="tests/mobile-integration.test.js" name="Mobile Navigation Integration &gt; should handle dashboard route correctly" time="0.0050876">
        </testcase>
    </testsuite>
    <testsuite name="tests/mobile-modal.test.js" timestamp="2026-02-03T22:55:11.744Z" hostname="Krasen-PC" tests="8" failures="0" errors="0" skipped="0" time="0.1126501">
        <testcase classname="tests/mobile-modal.test.js" name="MobileModal &gt; should create modal with correct structure" time="0.0258661">
        </testcase>
        <testcase classname="tests/mobile-modal.test.js" name="MobileModal &gt; should create modal with close button" time="0.005043">
        </testcase>
        <testcase classname="tests/mobile-modal.test.js" name="MobileModal &gt; should handle different modal sizes" time="0.0033074">
        </testcase>
        <testcase classname="tests/mobile-modal.test.js" name="MobileModal &gt; should be added to document body" time="0.0022375">
        </testcase>
        <testcase classname="tests/mobile-modal.test.js" name="MobileConfirmDialog &gt; should create confirm dialog with correct structure" time="0.0177637">
        </testcase>
        <testcase classname="tests/mobile-modal.test.js" name="MobileConfirmDialog &gt; should handle danger variant" time="0.0038639">
        </testcase>
        <testcase classname="tests/mobile-modal.test.js" name="MobileBottomSheet &gt; should create bottom sheet with correct structure" time="0.0486888">
        </testcase>
        <testcase classname="tests/mobile-modal.test.js" name="MobileBottomSheet &gt; should create bottom sheet without handle when disabled" time="0.0022391">
        </testcase>
    </testsuite>
    <testsuite name="tests/mobile-navigation.test.js" timestamp="2026-02-03T22:55:11.746Z" hostname="Krasen-PC" tests="6" failures="0" errors="0" skipped="0" time="0.0487998">
        <testcase classname="tests/mobile-navigation.test.js" name="MobileNavigation &gt; should create navigation with correct structure" time="0.0279566">
        </testcase>
        <testcase classname="tests/mobile-navigation.test.js" name="MobileNavigation &gt; should highlight correct active route" time="0.0050193">
        </testcase>
        <testcase classname="tests/mobile-navigation.test.js" name="MobileNavigation &gt; should update navigation active state" time="0.0062644">
        </testcase>
        <testcase classname="tests/mobile-navigation.test.js" name="MobileBackButton &gt; should create back button with correct structure" time="0.0037094">
        </testcase>
        <testcase classname="tests/mobile-navigation.test.js" name="MobileBackButton &gt; should call onBack when clicked" time="0.0024887">
        </testcase>
        <testcase classname="tests/mobile-navigation.test.js" name="MobileBackButton &gt; should use default back behavior when no onBack provided" time="0.0012414">
        </testcase>
    </testsuite>
    <testsuite name="tests/OverviewSection.test.js" timestamp="2026-02-03T22:55:11.747Z" hostname="Krasen-PC" tests="6" failures="0" errors="0" skipped="0" time="0.4509279">
        <testcase classname="tests/OverviewSection.test.js" name="OverviewSection &gt; should create overview section with correct structure" time="0.1293702">
            <system-err>
Error calculating risk assessments: TypeError: Cannot read properties of undefined (reading &apos;riskLevel&apos;)
    at Module.OverviewSection (C:/Users/krase/repos/BlinkBudget/src/views/financial-planning/OverviewSection.js:123:44)
    at C:/Users/krase/repos/BlinkBudget/tests/OverviewSection.test.js:124:21
    at [90mfile:///C:/Users/krase/repos/BlinkBudget/[39mnode_modules/[4m@vitest[24m/runner/dist/index.js:145:11
    at [90mfile:///C:/Users/krase/repos/BlinkBudget/[39mnode_modules/[4m@vitest[24m/runner/dist/index.js:915:26
    at [90mfile:///C:/Users/krase/repos/BlinkBudget/[39mnode_modules/[4m@vitest[24m/runner/dist/index.js:1240:20
    at new Promise (&lt;anonymous&gt;)
    at runWithTimeout [90m(file:///C:/Users/krase/repos/BlinkBudget/[39mnode_modules/[4m@vitest[24m/runner/dist/index.js:1206:10[90m)[39m
    at [90mfile:///C:/Users/krase/repos/BlinkBudget/[39mnode_modules/[4m@vitest[24m/runner/dist/index.js:1650:37
    at Traces.$ [90m(file:///C:/Users/krase/repos/BlinkBudget/[39mnode_modules/[4mvitest[24m/dist/chunks/traces.U4xDYhzZ.js:115:27[90m)[39m
    at trace [90m(file:///C:/Users/krase/repos/BlinkBudget/[39mnode_modules/[4mvitest[24m/dist/chunks/test.BT8LKgU9.js:239:21[90m)[39m

            </system-err>
        </testcase>
        <testcase classname="tests/OverviewSection.test.js" name="OverviewSection &gt; should display placeholder when no planning data provided" time="0.0291786">
        </testcase>
        <testcase classname="tests/OverviewSection.test.js" name="OverviewSection &gt; should include usage note with helpful information" time="0.0752609">
            <system-err>
Error calculating risk assessments: TypeError: Cannot read properties of undefined (reading &apos;riskLevel&apos;)
    at Module.OverviewSection (C:/Users/krase/repos/BlinkBudget/src/views/financial-planning/OverviewSection.js:123:44)
    at C:/Users/krase/repos/BlinkBudget/tests/OverviewSection.test.js:136:21
    at [90mfile:///C:/Users/krase/repos/BlinkBudget/[39mnode_modules/[4m@vitest[24m/runner/dist/index.js:145:11
    at [90mfile:///C:/Users/krase/repos/BlinkBudget/[39mnode_modules/[4m@vitest[24m/runner/dist/index.js:915:26
    at [90mfile:///C:/Users/krase/repos/BlinkBudget/[39mnode_modules/[4m@vitest[24m/runner/dist/index.js:1240:20
    at new Promise (&lt;anonymous&gt;)
    at runWithTimeout [90m(file:///C:/Users/krase/repos/BlinkBudget/[39mnode_modules/[4m@vitest[24m/runner/dist/index.js:1206:10[90m)[39m
    at [90mfile:///C:/Users/krase/repos/BlinkBudget/[39mnode_modules/[4m@vitest[24m/runner/dist/index.js:1650:37
    at Traces.$ [90m(file:///C:/Users/krase/repos/BlinkBudget/[39mnode_modules/[4mvitest[24m/dist/chunks/traces.U4xDYhzZ.js:115:27[90m)[39m
    at trace [90m(file:///C:/Users/krase/repos/BlinkBudget/[39mnode_modules/[4mvitest[24m/dist/chunks/test.BT8LKgU9.js:239:21[90m)[39m

            </system-err>
        </testcase>
        <testcase classname="tests/OverviewSection.test.js" name="OverviewSection &gt; should include emergency fund assessment" time="0.0457031">
        </testcase>
        <testcase classname="tests/OverviewSection.test.js" name="OverviewSection &gt; should handle empty transactions gracefully" time="0.0608646">
            <system-err>
Error calculating risk assessments: TypeError: Cannot read properties of undefined (reading &apos;riskLevel&apos;)
    at Module.OverviewSection (C:/Users/krase/repos/BlinkBudget/src/views/financial-planning/OverviewSection.js:123:44)
    at C:/Users/krase/repos/BlinkBudget/tests/OverviewSection.test.js:161:21
    at [90mfile:///C:/Users/krase/repos/BlinkBudget/[39mnode_modules/[4m@vitest[24m/runner/dist/index.js:145:11
    at [90mfile:///C:/Users/krase/repos/BlinkBudget/[39mnode_modules/[4m@vitest[24m/runner/dist/index.js:915:26
    at [90mfile:///C:/Users/krase/repos/BlinkBudget/[39mnode_modules/[4m@vitest[24m/runner/dist/index.js:1240:20
    at new Promise (&lt;anonymous&gt;)
    at runWithTimeout [90m(file:///C:/Users/krase/repos/BlinkBudget/[39mnode_modules/[4m@vitest[24m/runner/dist/index.js:1206:10[90m)[39m
    at [90mfile:///C:/Users/krase/repos/BlinkBudget/[39mnode_modules/[4m@vitest[24m/runner/dist/index.js:1650:37
    at Traces.$ [90m(file:///C:/Users/krase/repos/BlinkBudget/[39mnode_modules/[4mvitest[24m/dist/chunks/traces.U4xDYhzZ.js:115:27[90m)[39m
    at trace [90m(file:///C:/Users/krase/repos/BlinkBudget/[39mnode_modules/[4mvitest[24m/dist/chunks/test.BT8LKgU9.js:239:21[90m)[39m

            </system-err>
        </testcase>
        <testcase classname="tests/OverviewSection.test.js" name="OverviewSection &gt; should format currency values correctly" time="0.1061447">
            <system-err>
Error calculating risk assessments: TypeError: Cannot read properties of undefined (reading &apos;riskLevel&apos;)
    at Module.OverviewSection (C:/Users/krase/repos/BlinkBudget/src/views/financial-planning/OverviewSection.js:123:44)
    at C:/Users/krase/repos/BlinkBudget/tests/OverviewSection.test.js:166:21
    at [90mfile:///C:/Users/krase/repos/BlinkBudget/[39mnode_modules/[4m@vitest[24m/runner/dist/index.js:145:11
    at [90mfile:///C:/Users/krase/repos/BlinkBudget/[39mnode_modules/[4m@vitest[24m/runner/dist/index.js:915:26
    at [90mfile:///C:/Users/krase/repos/BlinkBudget/[39mnode_modules/[4m@vitest[24m/runner/dist/index.js:1240:20
    at new Promise (&lt;anonymous&gt;)
    at runWithTimeout [90m(file:///C:/Users/krase/repos/BlinkBudget/[39mnode_modules/[4m@vitest[24m/runner/dist/index.js:1206:10[90m)[39m
    at [90mfile:///C:/Users/krase/repos/BlinkBudget/[39mnode_modules/[4m@vitest[24m/runner/dist/index.js:1650:37
    at Traces.$ [90m(file:///C:/Users/krase/repos/BlinkBudget/[39mnode_modules/[4mvitest[24m/dist/chunks/traces.U4xDYhzZ.js:115:27[90m)[39m
    at trace [90m(file:///C:/Users/krase/repos/BlinkBudget/[39mnode_modules/[4mvitest[24m/dist/chunks/test.BT8LKgU9.js:239:21[90m)[39m

            </system-err>
        </testcase>
    </testsuite>
    <testsuite name="tests/pattern-analysis.test.js" timestamp="2026-02-03T22:55:11.750Z" hostname="Krasen-PC" tests="22" failures="0" errors="0" skipped="0" time="0.7616036">
        <testcase classname="tests/pattern-analysis.test.js" name="PatternAnalyzer &gt; Weekday vs Weekend Analysis &gt; should analyze weekday vs weekend spending patterns" time="0.00286">
        </testcase>
        <testcase classname="tests/pattern-analysis.test.js" name="PatternAnalyzer &gt; Weekday vs Weekend Analysis &gt; should handle empty transactions" time="0.000516">
        </testcase>
        <testcase classname="tests/pattern-analysis.test.js" name="PatternAnalyzer &gt; Time of Day Analysis &gt; should analyze time-of-day spending patterns" time="0.0013064">
        </testcase>
        <testcase classname="tests/pattern-analysis.test.js" name="PatternAnalyzer &gt; Time of Day Analysis &gt; should categorize transactions by time correctly" time="0.0005007">
        </testcase>
        <testcase classname="tests/pattern-analysis.test.js" name="PatternAnalyzer &gt; Frequency Analysis &gt; should analyze frequency patterns for categories" time="0.0017837">
        </testcase>
        <testcase classname="tests/pattern-analysis.test.js" name="PatternAnalyzer &gt; Frequency Analysis &gt; should calculate visit frequency correctly" time="0.000489">
        </testcase>
        <testcase classname="tests/pattern-analysis.test.js" name="PatternAnalyzer &gt; Frequency Analysis &gt; should accept custom target categories" time="0.0009394">
        </testcase>
        <testcase classname="tests/pattern-analysis.test.js" name="PatternAnalyzer &gt; Trend Alerts &gt; should generate trend alerts and warnings" time="0.000726">
        </testcase>
        <testcase classname="tests/pattern-analysis.test.js" name="PatternAnalyzer &gt; Trend Alerts &gt; should detect weekend spending premium" time="0.0004805">
        </testcase>
        <testcase classname="tests/pattern-analysis.test.js" name="PatternAnalyzer &gt; Trend Alerts &gt; should detect late night spending" time="0.0004105">
        </testcase>
        <testcase classname="tests/pattern-analysis.test.js" name="PatternAnalyzer &gt; Trend Alerts &gt; should generate positive insights" time="0.0002982">
        </testcase>
        <testcase classname="tests/pattern-analysis.test.js" name="PatternAnalyzer &gt; Helper Methods &gt; should calculate period days correctly" time="0.0001402">
        </testcase>
        <testcase classname="tests/pattern-analysis.test.js" name="PatternAnalyzer &gt; Helper Methods &gt; should handle invalid time period" time="0.0001077">
        </testcase>
        <testcase classname="tests/pattern-analysis.test.js" name="PatternInsights Component &gt; should create pattern insights component" time="0.338686">
        </testcase>
        <testcase classname="tests/pattern-analysis.test.js" name="PatternInsights Component &gt; should contain all analysis sections" time="0.1588238">
        </testcase>
        <testcase classname="tests/pattern-analysis.test.js" name="PatternInsights Component &gt; should handle previous period comparison" time="0.0926343">
        </testcase>
        <testcase classname="tests/pattern-analysis.test.js" name="PatternInsights Component &gt; should handle empty transactions" time="0.1254229">
        </testcase>
        <testcase classname="tests/pattern-analysis.test.js" name="Integration Tests &gt; should work with AnalyticsEngine integration" time="0.0044184">
        </testcase>
        <testcase classname="tests/pattern-analysis.test.js" name="Integration Tests &gt; should handle real-world scenario" time="0.0008033">
        </testcase>
        <testcase classname="tests/pattern-analysis.test.js" name="Integration Tests &gt; Security &gt; should not allow polluting Object.prototype via analyzeWeekdayVsWeekend" time="0.0003364">
        </testcase>
        <testcase classname="tests/pattern-analysis.test.js" name="Integration Tests &gt; Security &gt; should not allow polluting Object.prototype via analyzeTimeOfDayPatterns" time="0.0001967">
        </testcase>
        <testcase classname="tests/pattern-analysis.test.js" name="Integration Tests &gt; Security &gt; should not allow polluting Object.prototype via analyzeFrequencyPatterns" time="0.0001741">
        </testcase>
    </testsuite>
    <testsuite name="tests/postcss-integration.test.js" timestamp="2026-02-03T22:55:11.753Z" hostname="Krasen-PC" tests="4" failures="0" errors="0" skipped="0" time="0.0044396">
        <testcase classname="tests/postcss-integration.test.js" name="PostCSS Integration &gt; should have PostCSS configuration file" time="0.0014277">
        </testcase>
        <testcase classname="tests/postcss-integration.test.js" name="PostCSS Integration &gt; should have Stylelint configuration file" time="0.0003766">
        </testcase>
        <testcase classname="tests/postcss-integration.test.js" name="PostCSS Integration &gt; should have updated Vite configuration for CSS processing" time="0.0005583">
        </testcase>
        <testcase classname="tests/postcss-integration.test.js" name="PostCSS Integration &gt; should have CSS linting scripts in package.json" time="0.0005492">
        </testcase>
    </testsuite>
    <testsuite name="tests/ScenariosSection.test.js" timestamp="2026-02-03T22:55:11.754Z" hostname="Krasen-PC" tests="3" failures="0" errors="0" skipped="0" time="0.1416825">
        <testcase classname="tests/ScenariosSection.test.js" name="ScenariosSection &gt; should create scenarios section with correct structure" time="0.0741679">
        </testcase>
        <testcase classname="tests/ScenariosSection.test.js" name="ScenariosSection &gt; should include usage note with scenario information" time="0.0454616">
        </testcase>
        <testcase classname="tests/ScenariosSection.test.js" name="ScenariosSection &gt; should display scenario creation form" time="0.0200244">
        </testcase>
    </testsuite>
    <testsuite name="tests/security.test.js" timestamp="2026-02-03T22:55:11.755Z" hostname="Krasen-PC" tests="14" failures="0" errors="0" skipped="0" time="0.0271968">
        <testcase classname="tests/security.test.js" name="Security Utilities &gt; sanitizeInput &gt; should strip HTML tags" time="0.0107657">
        </testcase>
        <testcase classname="tests/security.test.js" name="Security Utilities &gt; sanitizeInput &gt; should enforce length limits" time="0.0021587">
        </testcase>
        <testcase classname="tests/security.test.js" name="Security Utilities &gt; sanitizeInput &gt; should handle non-string input" time="0.0002896">
        </testcase>
        <testcase classname="tests/security.test.js" name="Security Utilities &gt; validatePasswordStrength &gt; should reject short passwords" time="0.0003337">
        </testcase>
        <testcase classname="tests/security.test.js" name="Security Utilities &gt; validatePasswordStrength &gt; should reject passwords without numbers" time="0.0002575">
        </testcase>
        <testcase classname="tests/security.test.js" name="Security Utilities &gt; validatePasswordStrength &gt; should reject passwords without letters" time="0.0002246">
        </testcase>
        <testcase classname="tests/security.test.js" name="Security Utilities &gt; validatePasswordStrength &gt; should accept valid passwords" time="0.0001695">
        </testcase>
        <testcase classname="tests/security.test.js" name="Security Utilities &gt; validateEmail &gt; should reject empty or null email" time="0.0004484">
        </testcase>
        <testcase classname="tests/security.test.js" name="Security Utilities &gt; validateEmail &gt; should reject invalid formats" time="0.0004631">
        </testcase>
        <testcase classname="tests/security.test.js" name="Security Utilities &gt; validateEmail &gt; should accept valid formats" time="0.0002705">
        </testcase>
        <testcase classname="tests/security.test.js" name="Router Guard Integration &gt; should respect the before hook" time="0.0031828">
        </testcase>
        <testcase classname="tests/security.test.js" name="Router Guard Integration &gt; should proceed if the before hook returns true" time="0.0008837">
        </testcase>
        <testcase classname="tests/security.test.js" name="Advanced Security &gt; Transaction Ownership (IDOR Protection)" time="0.0050041">
            <system-out>
[AUDIT: LOW] data_create {
  id: [32m&apos;audit_1770159309692_z9yedl9dz&apos;[39m,
  timestamp: [32m&apos;2026-02-03T22:55:09.693Z&apos;[39m,
  action: [32m&apos;data_create&apos;[39m,
  details: {
    entityType: [32m&apos;transaction&apos;[39m,
    entityId: [32m&apos;58d77c08-4f8a-4a47-b654-08ee34adc514&apos;[39m,
    amount: [33m10[39m,
    category: [32m&apos;Food&apos;[39m,
    accountId: [32m&apos;main&apos;[39m
  },
  userId: [32m&apos;user-1&apos;[39m,
  severity: [32m&apos;low&apos;[39m,
  userAgent: [32m&apos;Mozilla/5.0 (win32) AppleWebKit/537.36 (KHTML, like Gecko) jsdom/27.3.0&apos;[39m,
  ip: [32m&apos;client_ip_unavailable&apos;[39m,
  sessionId: [32m&apos;session_1770159309693_7hdx26joc&apos;[39m
}

            </system-out>
            <system-err>
[TransactionService] Ownership mismatch for transaction 58d77c08-4f8a-4a47-b654-08ee34adc514

            </system-err>
        </testcase>
        <testcase classname="tests/security.test.js" name="Advanced Security &gt; Strict Length Validation" time="0.0004728">
        </testcase>
    </testsuite>
    <testsuite name="tests/smart-suggestions.test.js" timestamp="2026-02-03T22:55:11.758Z" hostname="Krasen-PC" tests="49" failures="0" errors="0" skipped="0" time="0.3265712">
        <testcase classname="tests/smart-suggestions.test.js" name="Smart Suggestions Service &gt; Empty History Scenarios &gt; should handle completely empty transaction history" time="0.003495">
        </testcase>
        <testcase classname="tests/smart-suggestions.test.js" name="Smart Suggestions Service &gt; Empty History Scenarios &gt; should handle new user with no transactions" time="0.0006245">
        </testcase>
        <testcase classname="tests/smart-suggestions.test.js" name="Smart Suggestions Service &gt; Empty History Scenarios &gt; should handle single transaction history" time="0.0013682">
        </testcase>
        <testcase classname="tests/smart-suggestions.test.js" name="Smart Suggestions Service &gt; Empty History Scenarios &gt; should handle transactions with missing data" time="0.0007298">
        </testcase>
        <testcase classname="tests/smart-suggestions.test.js" name="Smart Suggestions Service &gt; Edge Cases - Amount Suggestions &gt; should handle zero amount" time="0.0004974">
        </testcase>
        <testcase classname="tests/smart-suggestions.test.js" name="Smart Suggestions Service &gt; Edge Cases - Amount Suggestions &gt; should handle negative amounts" time="0.0002722">
        </testcase>
        <testcase classname="tests/smart-suggestions.test.js" name="Smart Suggestions Service &gt; Edge Cases - Amount Suggestions &gt; should handle very large amounts" time="0.0002795">
        </testcase>
        <testcase classname="tests/smart-suggestions.test.js" name="Smart Suggestions Service &gt; Edge Cases - Amount Suggestions &gt; should handle decimal amounts" time="0.0003012">
        </testcase>
        <testcase classname="tests/smart-suggestions.test.js" name="Smart Suggestions Service &gt; Edge Cases - Amount Suggestions &gt; should handle very small decimal amounts" time="0.0003257">
        </testcase>
        <testcase classname="tests/smart-suggestions.test.js" name="Smart Suggestions Service &gt; Edge Cases - Amount Suggestions &gt; should handle invalid amount types" time="0.0004602">
        </testcase>
        <testcase classname="tests/smart-suggestions.test.js" name="Smart Suggestions Service &gt; Edge Cases - Category Suggestions &gt; should handle empty category input" time="0.0003034">
        </testcase>
        <testcase classname="tests/smart-suggestions.test.js" name="Smart Suggestions Service &gt; Edge Cases - Category Suggestions &gt; should handle null/undefined category" time="0.000236">
        </testcase>
        <testcase classname="tests/smart-suggestions.test.js" name="Smart Suggestions Service &gt; Edge Cases - Category Suggestions &gt; should handle very long category names" time="0.0001626">
        </testcase>
        <testcase classname="tests/smart-suggestions.test.js" name="Smart Suggestions Service &gt; Edge Cases - Category Suggestions &gt; should handle special characters in category" time="0.000144">
        </testcase>
        <testcase classname="tests/smart-suggestions.test.js" name="Smart Suggestions Service &gt; Edge Cases - Category Suggestions &gt; should handle case sensitivity in categories" time="0.0003327">
        </testcase>
        <testcase classname="tests/smart-suggestions.test.js" name="Smart Suggestions Service &gt; Edge Cases - Note Suggestions &gt; should handle empty note input" time="0.0001626">
        </testcase>
        <testcase classname="tests/smart-suggestions.test.js" name="Smart Suggestions Service &gt; Edge Cases - Note Suggestions &gt; should handle very long note descriptions" time="0.0001359">
        </testcase>
        <testcase classname="tests/smart-suggestions.test.js" name="Smart Suggestions Service &gt; Edge Cases - Note Suggestions &gt; should handle special characters and emojis in notes" time="0.0001266">
        </testcase>
        <testcase classname="tests/smart-suggestions.test.js" name="Smart Suggestions Service &gt; Edge Cases - Note Suggestions &gt; should handle HTML/script injection in notes" time="0.0001284">
        </testcase>
        <testcase classname="tests/smart-suggestions.test.js" name="Smart Suggestions Service &gt; Edge Cases - Note Suggestions &gt; should handle unicode and international characters" time="0.0001264">
        </testcase>
        <testcase classname="tests/smart-suggestions.test.js" name="Smart Suggestions Service &gt; Time-based Edge Cases &gt; should handle midnight time" time="0.0022414">
        </testcase>
        <testcase classname="tests/smart-suggestions.test.js" name="Smart Suggestions Service &gt; Time-based Edge Cases &gt; should handle early morning time" time="0.0007001">
        </testcase>
        <testcase classname="tests/smart-suggestions.test.js" name="Smart Suggestions Service &gt; Time-based Edge Cases &gt; should handle late night time" time="0.0006597">
        </testcase>
        <testcase classname="tests/smart-suggestions.test.js" name="Smart Suggestions Service &gt; Time-based Edge Cases &gt; should handle invalid time context" time="0.0002568">
        </testcase>
        <testcase classname="tests/smart-suggestions.test.js" name="Smart Suggestions Service &gt; Performance and Caching Edge Cases &gt; should handle rapid successive calls" time="0.0022215">
        </testcase>
        <testcase classname="tests/smart-suggestions.test.js" name="Smart Suggestions Service &gt; Performance and Caching Edge Cases &gt; should handle cache overflow" time="0.0087317">
        </testcase>
        <testcase classname="tests/smart-suggestions.test.js" name="Smart Suggestions Service &gt; Performance and Caching Edge Cases &gt; should handle cache clearing during operation" time="0.0003791">
        </testcase>
        <testcase classname="tests/smart-suggestions.test.js" name="Smart Suggestions Service &gt; Data Integrity Edge Cases &gt; should handle corrupted transaction data" time="0.0005046">
        </testcase>
        <testcase classname="tests/smart-suggestions.test.js" name="Smart Suggestions Service &gt; Data Integrity Edge Cases &gt; should handle circular references in data" time="0.0002819">
        </testcase>
        <testcase classname="tests/smart-suggestions.test.js" name="Smart Suggestions Service &gt; Data Integrity Edge Cases &gt; should handle extremely large transaction arrays" time="0.1721835">
        </testcase>
        <testcase classname="tests/smart-suggestions.test.js" name="Smart Suggestions Service &gt; Smart Category Match Edge Cases &gt; should handle no confident matches" time="0.0005157">
        </testcase>
        <testcase classname="tests/smart-suggestions.test.js" name="Smart Suggestions Service &gt; Smart Category Match Edge Cases &gt; should handle multiple high-confidence matches" time="0.0005396">
        </testcase>
        <testcase classname="tests/smart-suggestions.test.js" name="Smart Suggestions Service &gt; Smart Category Match Edge Cases &gt; should handle invalid confidence thresholds" time="0.0002912">
        </testcase>
        <testcase classname="tests/smart-suggestions.test.js" name="Smart Suggestions Service &gt; User Selection Recording Edge Cases &gt; should handle invalid selection types" time="0.0055985">
            <system-out>
User selected invalid_type: selected rejected: []

            </system-out>
        </testcase>
        <testcase classname="tests/smart-suggestions.test.js" name="Smart Suggestions Service &gt; User Selection Recording Edge Cases &gt; handle null/undefined selections" time="0.002853">
            <system-out>
User selected amount: [1mnull[22m rejected: []
User selected category: [90mundefined[39m rejected: []

            </system-out>
        </testcase>
        <testcase classname="tests/smart-suggestions.test.js" name="Smart Suggestions Service &gt; User Selection Recording Edge Cases &gt; handle circular references in rejected items" time="0.0016721">
            <system-out>
User selected amount: [33m25[39m rejected: [ [36m&lt;ref *1&gt;[39m { self: [36m[Circular *1][39m } ]

            </system-out>
        </testcase>
        <testcase classname="tests/smart-suggestions.test.js" name="Smart Suggestions Service &gt; Merchant Pattern Edge Cases &gt; should handle partial merchant matches" time="0.0002781">
        </testcase>
        <testcase classname="tests/smart-suggestions.test.js" name="Smart Suggestions Service &gt; Merchant Pattern Edge Cases &gt; should handle false positive merchant matches" time="0.0002217">
        </testcase>
        <testcase classname="tests/smart-suggestions.test.js" name="Smart Suggestions Service &gt; Deduplication Edge Cases &gt; should handle exact duplicates" time="0.0003718">
        </testcase>
        <testcase classname="tests/smart-suggestions.test.js" name="Smart Suggestions Service &gt; Deduplication Edge Cases &gt; should handle case-sensitive duplicates" time="0.0001752">
        </testcase>
        <testcase classname="tests/smart-suggestions.test.js" name="Smart Suggestions Service &gt; Deduplication Edge Cases &gt; should handle null/undefined values in deduplication" time="0.0003225">
        </testcase>
        <testcase classname="tests/smart-suggestions.test.js" name="Smart Suggestions Service &gt; Error Recovery Edge Cases &gt; should handle TransactionService throwing errors" time="0.0957855">
            <system-err>
Failed to load transaction history: Error: Database error
    at Object.&lt;anonymous&gt; (C:/Users/krase/repos/BlinkBudget/tests/smart-suggestions.test.js:600:15)
    at Object.Mock [as getAll] [90m(file:///C:/Users/krase/repos/BlinkBudget/[39mnode_modules/[4m@vitest[24m/spy/dist/index.js:285:34[90m)[39m
    at SuggestionService.getUserTransactionHistory (C:/Users/krase/repos/BlinkBudget/src/core/suggestion-service.js:441:47)
    at SuggestionService.getAmountSuggestions (C:/Users/krase/repos/BlinkBudget/src/core/suggestion-service.js:98:39)
    at C:/Users/krase/repos/BlinkBudget/tests/smart-suggestions.test.js:603:41
    at [90mfile:///C:/Users/krase/repos/BlinkBudget/[39mnode_modules/[4m@vitest[24m/runner/dist/index.js:145:11
    at [90mfile:///C:/Users/krase/repos/BlinkBudget/[39mnode_modules/[4m@vitest[24m/runner/dist/index.js:915:26
    at [90mfile:///C:/Users/krase/repos/BlinkBudget/[39mnode_modules/[4m@vitest[24m/runner/dist/index.js:1240:20
    at new Promise (&lt;anonymous&gt;)
    at runWithTimeout [90m(file:///C:/Users/krase/repos/BlinkBudget/[39mnode_modules/[4m@vitest[24m/runner/dist/index.js:1206:10[90m)[39m

            </system-err>
        </testcase>
        <testcase classname="tests/smart-suggestions.test.js" name="Smart Suggestions Service &gt; Error Recovery Edge Cases &gt; should handle memory allocation errors" time="0.003601">
        </testcase>
        <testcase classname="tests/smart-suggestions.test.js" name="Smart Suggestions Service &gt; Error Recovery Edge Cases &gt; should handle concurrent access to shared state" time="0.0055905">
        </testcase>
        <testcase classname="tests/smart-suggestions.test.js" name="Smart Suggestions Service &gt; Boundary Value Testing &gt; should handle confidence threshold boundaries" time="0.0003626">
        </testcase>
        <testcase classname="tests/smart-suggestions.test.js" name="Smart Suggestions Service &gt; Boundary Value Testing &gt; should handle suggestion count boundaries" time="0.0006167">
        </testcase>
        <testcase classname="tests/smart-suggestions.test.js" name="Smart Suggestions Service &gt; Boundary Value Testing &gt; should handle frequency calculation boundaries" time="0.0038412">
        </testcase>
        <testcase classname="tests/smart-suggestions.test.js" name="Smart Suggestions Service &gt; Integration Edge Cases &gt; should handle integration with SmartNoteField" time="0.0002619">
        </testcase>
        <testcase classname="tests/smart-suggestions.test.js" name="Smart Suggestions Service &gt; Integration Edge Cases &gt; should handle real-time context updates" time="0.0003498">
        </testcase>
    </testsuite>
    <testsuite name="tests/success-feedback-integration.test.js" timestamp="2026-02-03T22:55:11.766Z" hostname="Krasen-PC" tests="3" failures="0" errors="0" skipped="0" time="0.4830703">
        <testcase classname="tests/success-feedback-integration.test.js" name="Success Feedback Integration &gt; should highlight newly added transaction in dashboard" time="0.257008">
        </testcase>
        <testcase classname="tests/success-feedback-integration.test.js" name="Success Feedback Integration &gt; should not highlight transaction when no highlight ID is set" time="0.0380878">
        </testcase>
        <testcase classname="tests/success-feedback-integration.test.js" name="Success Feedback Integration &gt; should handle transfer transactions with highlighting" time="0.181029">
        </testcase>
    </testsuite>
    <testsuite name="tests/success-feedback.test.js" timestamp="2026-02-03T22:55:11.767Z" hostname="Krasen-PC" tests="4" failures="0" errors="0" skipped="0" time="0.0493548">
        <testcase classname="tests/success-feedback.test.js" name="Success Feedback &gt; should highlight transaction element with subtle success animation" time="0.038355">
        </testcase>
        <testcase classname="tests/success-feedback.test.js" name="Success Feedback &gt; should handle null element gracefully in highlight function" time="0.0025885">
        </testcase>
        <testcase classname="tests/success-feedback.test.js" name="Success Feedback &gt; should store and retrieve transaction ID for highlighting" time="0.0022435">
        </testcase>
        <testcase classname="tests/success-feedback.test.js" name="Success Feedback &gt; should handle missing mobileUtils gracefully" time="0.0037262">
        </testcase>
    </testsuite>
    <testsuite name="tests/sync-service.test.js" timestamp="2026-02-03T22:55:11.768Z" hostname="Krasen-PC" tests="3" failures="0" errors="0" skipped="0" time="0.009087">
        <testcase classname="tests/sync-service.test.js" name="SyncService.mergeArraysById &gt; prefers cloud item when cloud has newer timestamp" time="0.0027952">
        </testcase>
        <testcase classname="tests/sync-service.test.js" name="SyncService.mergeArraysById &gt; emits sync-conflict when timestamps are nearly equal and payloads differ" time="0.0025427">
            <system-out>
[Sync] Detected near-simultaneous edit for id=2 on test

            </system-out>
        </testcase>
        <testcase classname="tests/sync-service.test.js" name="SyncService.handleConflictResolution &gt; keeps cloud item when resolution=cloud" time="0.0019231">
            <system-out>
[Sync] Conflict resolved: kept cloud for blinkbudget_investments/a

            </system-out>
        </testcase>
    </testsuite>
    <testsuite name="tests/transaction-form.test.js" timestamp="2026-02-03T22:55:11.769Z" hostname="Krasen-PC" tests="3" failures="0" errors="0" skipped="0" time="0.9095138">
        <testcase classname="tests/transaction-form.test.js" name="TransactionForm &gt; should include refund type button in type toggle group" time="0.4067451">
        </testcase>
        <testcase classname="tests/transaction-form.test.js" name="TransactionForm &gt; should apply refund-specific styling to refund button when active" time="0.2630505">
        </testcase>
        <testcase classname="tests/transaction-form.test.js" name="TransactionForm &gt; should show OK button on mobile when editing an existing transaction" time="0.2090259">
        </testcase>
    </testsuite>
    <testsuite name="tests/form-utils/amount-input.test.js" timestamp="2026-02-03T22:55:11.770Z" hostname="Krasen-PC" tests="26" failures="0" errors="0" skipped="0" time="0.0207833">
        <testcase classname="tests/form-utils/amount-input.test.js" name="Amount Input Factory &gt; createAmountInput &gt; creates input element with correct attributes" time="0.0052848">
        </testcase>
        <testcase classname="tests/form-utils/amount-input.test.js" name="Amount Input Factory &gt; createAmountInput &gt; sets initial value correctly" time="0.0005183">
        </testcase>
        <testcase classname="tests/form-utils/amount-input.test.js" name="Amount Input Factory &gt; createAmountInput &gt; sets default attributes for mobile optimization" time="0.0006376">
        </testcase>
        <testcase classname="tests/form-utils/amount-input.test.js" name="Amount Input Factory &gt; createAmountInput &gt; sets font size for amount display" time="0.0003445">
        </testcase>
        <testcase classname="tests/form-utils/amount-input.test.js" name="Amount Input Factory &gt; createAmountInput &gt; returns utility methods" time="0.0003571">
        </testcase>
        <testcase classname="tests/form-utils/amount-input.test.js" name="Amount Input Factory &gt; getValue &gt; parses valid numbers correctly" time="0.0003072">
        </testcase>
        <testcase classname="tests/form-utils/amount-input.test.js" name="Amount Input Factory &gt; getValue &gt; handles comma as decimal separator" time="0.0002534">
        </testcase>
        <testcase classname="tests/form-utils/amount-input.test.js" name="Amount Input Factory &gt; getValue &gt; returns null for invalid input" time="0.0002148">
        </testcase>
        <testcase classname="tests/form-utils/amount-input.test.js" name="Amount Input Factory &gt; getValue &gt; returns null for empty string" time="0.0002283">
        </testcase>
        <testcase classname="tests/form-utils/amount-input.test.js" name="Amount Input Factory &gt; setValue &gt; sets string value correctly" time="0.0005718">
        </testcase>
        <testcase classname="tests/form-utils/amount-input.test.js" name="Amount Input Factory &gt; setValue &gt; sets numeric value correctly" time="0.0002813">
        </testcase>
        <testcase classname="tests/form-utils/amount-input.test.js" name="Amount Input Factory &gt; setValue &gt; handles null value" time="0.0002001">
        </testcase>
        <testcase classname="tests/form-utils/amount-input.test.js" name="Amount Input Factory &gt; validate &gt; validates positive amounts correctly" time="0.0002986">
        </testcase>
        <testcase classname="tests/form-utils/amount-input.test.js" name="Amount Input Factory &gt; validate &gt; validates decimal amounts correctly" time="0.0002344">
        </testcase>
        <testcase classname="tests/form-utils/amount-input.test.js" name="Amount Input Factory &gt; validate &gt; rejects zero amount" time="0.0003107">
        </testcase>
        <testcase classname="tests/form-utils/amount-input.test.js" name="Amount Input Factory &gt; validate &gt; converts negative amounts to positive" time="0.0002608">
        </testcase>
        <testcase classname="tests/form-utils/amount-input.test.js" name="Amount Input Factory &gt; validate &gt; rejects invalid input" time="0.000236">
        </testcase>
        <testcase classname="tests/form-utils/amount-input.test.js" name="Amount Input Factory &gt; getDateSource &gt; returns external date input when provided" time="0.0003701">
        </testcase>
        <testcase classname="tests/form-utils/amount-input.test.js" name="Amount Input Factory &gt; getDateSource &gt; creates fallback date input when none provided" time="0.0006019">
        </testcase>
        <testcase classname="tests/form-utils/amount-input.test.js" name="Amount Input Factory &gt; focus event handling &gt; calls preventInputZoom on focus" time="0.0008946">
        </testcase>
        <testcase classname="tests/form-utils/amount-input.test.js" name="Amount Input Factory &gt; focus event handling &gt; calls scrollIntoViewAboveKeyboard on focus with delay" time="0.0034117">
        </testcase>
        <testcase classname="tests/form-utils/amount-input.test.js" name="Amount Input Factory &gt; focus event handling &gt; handles missing mobileUtils gracefully" time="0.0012019">
        </testcase>
        <testcase classname="tests/form-utils/amount-input.test.js" name="Amount Input Factory &gt; input attributes and styling &gt; sets correct width and placeholder" time="0.0003372">
        </testcase>
        <testcase classname="tests/form-utils/amount-input.test.js" name="Amount Input Factory &gt; input attributes and styling &gt; sets id attribute internally" time="0.0002189">
        </testcase>
        <testcase classname="tests/form-utils/amount-input.test.js" name="Amount Input Factory &gt; input attributes and styling &gt; sets name attribute" time="0.0001755">
        </testcase>
        <testcase classname="tests/form-utils/amount-input.test.js" name="Amount Input Factory &gt; integration with external date input &gt; works with external date input for validation" time="0.0003042">
        </testcase>
    </testsuite>
    <testsuite name="tests/form-utils/category-chips.test.js" timestamp="2026-02-03T22:55:11.774Z" hostname="Krasen-PC" tests="22" failures="0" errors="0" skipped="0" time="0.0764718">
        <testcase classname="tests/form-utils/category-chips.test.js" name="Category Chips &gt; createCategorySelector &gt; creates selector with container and methods" time="0.00616">
        </testcase>
        <testcase classname="tests/form-utils/category-chips.test.js" name="Category Chips &gt; createCategorySelector &gt; initializes with correct structure" time="0.0026448">
        </testcase>
        <testcase classname="tests/form-utils/category-chips.test.js" name="Category Chips &gt; createCategorySelector &gt; can change type programmatically" time="0.0029343">
        </testcase>
        <testcase classname="tests/form-utils/category-chips.test.js" name="Category Chips &gt; createCategorySelector &gt; can set category programmatically" time="0.0040376">
        </testcase>
        <testcase classname="tests/form-utils/category-chips.test.js" name="Category Chips &gt; createCategorySelector &gt; can set transfer account programmatically" time="0.0011313">
        </testcase>
        <testcase classname="tests/form-utils/category-chips.test.js" name="Category Chips &gt; category selection &gt; accepts onSelect callback parameter" time="0.0022423">
        </testcase>
        <testcase classname="tests/form-utils/category-chips.test.js" name="Category Chips &gt; category selection &gt; accepts onSelect callback for transfers" time="0.001386">
        </testcase>
        <testcase classname="tests/form-utils/category-chips.test.js" name="Category Chips &gt; category selection &gt; validation logic is integrated" time="0.0021296">
        </testcase>
        <testcase classname="tests/form-utils/category-chips.test.js" name="Category Chips &gt; setType method &gt; changes type and resets selections" time="0.0028085">
        </testcase>
        <testcase classname="tests/form-utils/category-chips.test.js" name="Category Chips &gt; setType method &gt; handles type changes without errors" time="0.0040953">
        </testcase>
        <testcase classname="tests/form-utils/category-chips.test.js" name="Category Chips &gt; setSourceAccount method &gt; handles source account changes for transfers" time="0.0022755">
        </testcase>
        <testcase classname="tests/form-utils/category-chips.test.js" name="Category Chips &gt; setSourceAccount method &gt; does not re-render for non-transfer types" time="0.0025792">
        </testcase>
        <testcase classname="tests/form-utils/category-chips.test.js" name="Category Chips &gt; setCategory and setToAccount methods &gt; setCategory updates selected category" time="0.0049092">
        </testcase>
        <testcase classname="tests/form-utils/category-chips.test.js" name="Category Chips &gt; setCategory and setToAccount methods &gt; setToAccount updates selected transfer account" time="0.0019579">
        </testcase>
        <testcase classname="tests/form-utils/category-chips.test.js" name="Category Chips &gt; container styling &gt; creates container with proper grid layout" time="0.0033184">
        </testcase>
        <testcase classname="tests/form-utils/category-chips.test.js" name="Category Chips &gt; container styling &gt; handles wheel events for horizontal scrolling" time="0.0052117">
        </testcase>
        <testcase classname="tests/form-utils/category-chips.test.js" name="Category Chips &gt; container styling &gt; prevents rapid wheel scrolling" time="0.0036867">
        </testcase>
        <testcase classname="tests/form-utils/category-chips.test.js" name="Category Chips &gt; chip interactions &gt; chips have proper touch feedback" time="0.0030827">
        </testcase>
        <testcase classname="tests/form-utils/category-chips.test.js" name="Category Chips &gt; chip interactions &gt; chips have proper hover effects" time="0.0041894">
        </testcase>
        <testcase classname="tests/form-utils/category-chips.test.js" name="Category Chips &gt; error handling &gt; handles missing mobileUtils gracefully" time="0.0056443">
        </testcase>
        <testcase classname="tests/form-utils/category-chips.test.js" name="Category Chips &gt; initial values &gt; respects initial category selection" time="0.0041853">
        </testcase>
        <testcase classname="tests/form-utils/category-chips.test.js" name="Category Chips &gt; initial values &gt; respects initial transfer account selection" time="0.0027393">
        </testcase>
    </testsuite>
    <testsuite name="tests/form-utils/constants.test.js" timestamp="2026-02-03T22:55:11.778Z" hostname="Krasen-PC" tests="21" failures="0" errors="0" skipped="0" time="0.0173907">
        <testcase classname="tests/form-utils/constants.test.js" name="Form Constants &gt; CATEGORY_DEFINITIONS &gt; contains definitions for all expense categories" time="0.0033744">
        </testcase>
        <testcase classname="tests/form-utils/constants.test.js" name="Form Constants &gt; CATEGORY_DEFINITIONS &gt; contains definitions for all income categories" time="0.000704">
        </testcase>
        <testcase classname="tests/form-utils/constants.test.js" name="Form Constants &gt; CATEGORY_DEFINITIONS &gt; has reasonable description lengths" time="0.001313">
        </testcase>
        <testcase classname="tests/form-utils/constants.test.js" name="Form Constants &gt; CATEGORY_COLORS &gt; contains colors for all expense categories" time="0.0009614">
        </testcase>
        <testcase classname="tests/form-utils/constants.test.js" name="Form Constants &gt; CATEGORY_COLORS &gt; contains colors for all income categories" time="0.0003478">
        </testcase>
        <testcase classname="tests/form-utils/constants.test.js" name="Form Constants &gt; CATEGORY_COLORS &gt; uses consistent color mapping between expense and income categories" time="0.0002584">
        </testcase>
        <testcase classname="tests/form-utils/constants.test.js" name="Form Constants &gt; CATEGORY_OPTIONS &gt; has options for all transaction types" time="0.000389">
        </testcase>
        <testcase classname="tests/form-utils/constants.test.js" name="Form Constants &gt; CATEGORY_OPTIONS &gt; expense options are comprehensive" time="0.001325">
        </testcase>
        <testcase classname="tests/form-utils/constants.test.js" name="Form Constants &gt; CATEGORY_OPTIONS &gt; income options are reasonable" time="0.000498">
        </testcase>
        <testcase classname="tests/form-utils/constants.test.js" name="Form Constants &gt; CATEGORY_OPTIONS &gt; refund options match expense options" time="0.0010057">
        </testcase>
        <testcase classname="tests/form-utils/constants.test.js" name="Form Constants &gt; CATEGORY_OPTIONS &gt; all options are strings" time="0.002216">
        </testcase>
        <testcase classname="tests/form-utils/constants.test.js" name="Form Constants &gt; CATEGORY_OPTIONS &gt; no duplicate options within each type" time="0.0002691">
        </testcase>
        <testcase classname="tests/form-utils/constants.test.js" name="Form Constants &gt; TYPE_COLORS &gt; has colors for all transaction types" time="0.0003012">
        </testcase>
        <testcase classname="tests/form-utils/constants.test.js" name="Form Constants &gt; TYPE_COLORS &gt; expense color is primary" time="0.0001282">
        </testcase>
        <testcase classname="tests/form-utils/constants.test.js" name="Form Constants &gt; TYPE_COLORS &gt; income color is success color" time="0.0001164">
        </testcase>
        <testcase classname="tests/form-utils/constants.test.js" name="Form Constants &gt; TYPE_COLORS &gt; transfer color is defined" time="0.0000976">
        </testcase>
        <testcase classname="tests/form-utils/constants.test.js" name="Form Constants &gt; TYPE_COLORS &gt; refund color is info color" time="0.0000935">
        </testcase>
        <testcase classname="tests/form-utils/constants.test.js" name="Form Constants &gt; TYPE_COLORS &gt; all colors are valid CSS color values" time="0.0003314">
        </testcase>
        <testcase classname="tests/form-utils/constants.test.js" name="Form Constants &gt; Constants Integration &gt; category definitions and colors have matching keys" time="0.0002552">
        </testcase>
        <testcase classname="tests/form-utils/constants.test.js" name="Form Constants &gt; Constants Integration &gt; all category options exist in definitions" time="0.0001353">
        </testcase>
        <testcase classname="tests/form-utils/constants.test.js" name="Form Constants &gt; Constants Integration &gt; constants are properly exported" time="0.0002579">
        </testcase>
    </testsuite>
    <testsuite name="tests/form-utils/keyboard.test.js" timestamp="2026-02-03T22:55:11.781Z" hostname="Krasen-PC" tests="18" failures="0" errors="0" skipped="0" time="0.0302804">
        <testcase classname="tests/form-utils/keyboard.test.js" name="Keyboard Handling &gt; setupFormKeyboardHandling &gt; returns no-op cleanup function for desktop" time="0.0044195">
        </testcase>
        <testcase classname="tests/form-utils/keyboard.test.js" name="Keyboard Handling &gt; setupFormKeyboardHandling &gt; sets up focus handlers for inputs on mobile" time="0.004556">
        </testcase>
        <testcase classname="tests/form-utils/keyboard.test.js" name="Keyboard Handling &gt; setupFormKeyboardHandling &gt; sets up visual viewport handler when available" time="0.0010425">
        </testcase>
        <testcase classname="tests/form-utils/keyboard.test.js" name="Keyboard Handling &gt; setupFormKeyboardHandling &gt; returns cleanup function" time="0.0005646">
        </testcase>
        <testcase classname="tests/form-utils/keyboard.test.js" name="Keyboard Handling &gt; input focus handling &gt; adds keyboard-visible class on input focus" time="0.0015324">
        </testcase>
        <testcase classname="tests/form-utils/keyboard.test.js" name="Keyboard Handling &gt; input focus handling &gt; sets form padding bottom on input focus" time="0.0007219">
        </testcase>
        <testcase classname="tests/form-utils/keyboard.test.js" name="Keyboard Handling &gt; input focus handling &gt; calls scrollIntoViewAboveKeyboard with delay on focus" time="0.0025272">
        </testcase>
        <testcase classname="tests/form-utils/keyboard.test.js" name="Keyboard Handling &gt; input blur handling &gt; removes keyboard-visible class when no inputs have focus" time="0.0009967">
        </testcase>
        <testcase classname="tests/form-utils/keyboard.test.js" name="Keyboard Handling &gt; input blur handling &gt; keeps keyboard-visible class when another input has focus" time="0.0009547">
        </testcase>
        <testcase classname="tests/form-utils/keyboard.test.js" name="Keyboard Handling &gt; visual viewport handling &gt; adds keyboard-visible class when keyboard is shown" time="0.0012458">
        </testcase>
        <testcase classname="tests/form-utils/keyboard.test.js" name="Keyboard Handling &gt; visual viewport handling &gt; removes keyboard-visible class when keyboard is hidden" time="0.0019175">
        </testcase>
        <testcase classname="tests/form-utils/keyboard.test.js" name="Keyboard Handling &gt; visual viewport handling &gt; handles missing visualViewport gracefully" time="0.0030212">
        </testcase>
        <testcase classname="tests/form-utils/keyboard.test.js" name="Keyboard Handling &gt; cleanup function &gt; removes all event listeners" time="0.001276">
        </testcase>
        <testcase classname="tests/form-utils/keyboard.test.js" name="Keyboard Handling &gt; cleanup function &gt; removes visual viewport listener" time="0.0006034">
        </testcase>
        <testcase classname="tests/form-utils/keyboard.test.js" name="Keyboard Handling &gt; cleanup function &gt; removes keyboard-visible class and resets form padding" time="0.0004825">
        </testcase>
        <testcase classname="tests/form-utils/keyboard.test.js" name="Keyboard Handling &gt; edge cases &gt; handles empty inputs array" time="0.0004959">
        </testcase>
        <testcase classname="tests/form-utils/keyboard.test.js" name="Keyboard Handling &gt; edge cases &gt; handles missing mobileUtils methods gracefully" time="0.0006629">
        </testcase>
        <testcase classname="tests/form-utils/keyboard.test.js" name="Keyboard Handling &gt; edge cases &gt; handles missing window.visualViewport gracefully" time="0.0005397">
        </testcase>
    </testsuite>
    <testsuite name="tests/form-utils/submission.test.js" timestamp="2026-02-03T22:55:11.784Z" hostname="Krasen-PC" tests="21" failures="0" errors="0" skipped="0" time="0.03167">
        <testcase classname="tests/form-utils/submission.test.js" name="Form Submission &gt; getDateSource &gt; returns external date input when provided" time="0.001825">
        </testcase>
        <testcase classname="tests/form-utils/submission.test.js" name="Form Submission &gt; getDateSource &gt; creates fallback date input when none provided" time="0.0022628">
        </testcase>
        <testcase classname="tests/form-utils/submission.test.js" name="Form Submission &gt; getDateSource &gt; fallback date input has correct properties" time="0.000504">
        </testcase>
        <testcase classname="tests/form-utils/submission.test.js" name="Form Submission &gt; prepareTransactionData &gt; prepares expense transaction data correctly" time="0.0026693">
        </testcase>
        <testcase classname="tests/form-utils/submission.test.js" name="Form Submission &gt; prepareTransactionData &gt; prepares income transaction data correctly" time="0.0006378">
        </testcase>
        <testcase classname="tests/form-utils/submission.test.js" name="Form Submission &gt; prepareTransactionData &gt; prepares transfer transaction data correctly" time="0.0004436">
        </testcase>
        <testcase classname="tests/form-utils/submission.test.js" name="Form Submission &gt; prepareTransactionData &gt; prepares refund transaction data correctly" time="0.0003495">
        </testcase>
        <testcase classname="tests/form-utils/submission.test.js" name="Form Submission &gt; prepareTransactionData &gt; converts negative amounts to positive" time="0.0002674">
        </testcase>
        <testcase classname="tests/form-utils/submission.test.js" name="Form Submission &gt; prepareTransactionData &gt; uses external date input when provided" time="0.0003502">
        </testcase>
        <testcase classname="tests/form-utils/submission.test.js" name="Form Submission &gt; prepareTransactionData &gt; falls back to today when no external date" time="0.0003362">
        </testcase>
        <testcase classname="tests/form-utils/submission.test.js" name="Form Submission &gt; prepareTransactionData &gt; falls back to today when external date has no value" time="0.000197">
        </testcase>
        <testcase classname="tests/form-utils/submission.test.js" name="Form Submission &gt; prepareTransactionData &gt; sanitizes category input for non-transfer transactions" time="0.0003653">
        </testcase>
        <testcase classname="tests/form-utils/submission.test.js" name="Form Submission &gt; prepareTransactionData &gt; does not sanitize category for transfer transactions" time="0.0003365">
        </testcase>
        <testcase classname="tests/form-utils/submission.test.js" name="Form Submission &gt; prepareTransactionData &gt; handles missing toAccountId for transfers gracefully" time="0.0002516">
        </testcase>
        <testcase classname="tests/form-utils/submission.test.js" name="Form Submission &gt; prepareTransactionData &gt; creates valid ISO timestamp" time="0.0004347">
        </testcase>
        <testcase classname="tests/form-utils/submission.test.js" name="Form Submission &gt; handleFormSubmit &gt; calls onSubmit with transaction data" time="0.0008769">
        </testcase>
        <testcase classname="tests/form-utils/submission.test.js" name="Form Submission &gt; handleFormSubmit &gt; handles different types of submit errors" time="0.0119917">
            <system-err>
Submit failed: Error: Network timeout
    at C:/Users/krase/repos/BlinkBudget/tests/form-utils/submission.test.js:295:9
    at [90mfile:///C:/Users/krase/repos/BlinkBudget/[39mnode_modules/[4m@vitest[24m/runner/dist/index.js:145:11
    at [90mfile:///C:/Users/krase/repos/BlinkBudget/[39mnode_modules/[4m@vitest[24m/runner/dist/index.js:915:26
    at [90mfile:///C:/Users/krase/repos/BlinkBudget/[39mnode_modules/[4m@vitest[24m/runner/dist/index.js:1240:20
    at new Promise (&lt;anonymous&gt;)
    at runWithTimeout [90m(file:///C:/Users/krase/repos/BlinkBudget/[39mnode_modules/[4m@vitest[24m/runner/dist/index.js:1206:10[90m)[39m
    at [90mfile:///C:/Users/krase/repos/BlinkBudget/[39mnode_modules/[4m@vitest[24m/runner/dist/index.js:1650:37
    at Traces.$ [90m(file:///C:/Users/krase/repos/BlinkBudget/[39mnode_modules/[4mvitest[24m/dist/chunks/traces.U4xDYhzZ.js:115:27[90m)[39m
    at trace [90m(file:///C:/Users/krase/repos/BlinkBudget/[39mnode_modules/[4mvitest[24m/dist/chunks/test.BT8LKgU9.js:239:21[90m)[39m
    at runTest [90m(file:///C:/Users/krase/repos/BlinkBudget/[39mnode_modules/[4m@vitest[24m/runner/dist/index.js:1650:12[90m)[39m
Submit failed: TypeError: Invalid data
    at C:/Users/krase/repos/BlinkBudget/tests/form-utils/submission.test.js:296:9
    at [90mfile:///C:/Users/krase/repos/BlinkBudget/[39mnode_modules/[4m@vitest[24m/runner/dist/index.js:145:11
    at [90mfile:///C:/Users/krase/repos/BlinkBudget/[39mnode_modules/[4m@vitest[24m/runner/dist/index.js:915:26
    at [90mfile:///C:/Users/krase/repos/BlinkBudget/[39mnode_modules/[4m@vitest[24m/runner/dist/index.js:1240:20
    at new Promise (&lt;anonymous&gt;)
    at runWithTimeout [90m(file:///C:/Users/krase/repos/BlinkBudget/[39mnode_modules/[4m@vitest[24m/runner/dist/index.js:1206:10[90m)[39m
    at [90mfile:///C:/Users/krase/repos/BlinkBudget/[39mnode_modules/[4m@vitest[24m/runner/dist/index.js:1650:37
    at Traces.$ [90m(file:///C:/Users/krase/repos/BlinkBudget/[39mnode_modules/[4mvitest[24m/dist/chunks/traces.U4xDYhzZ.js:115:27[90m)[39m
    at trace [90m(file:///C:/Users/krase/repos/BlinkBudget/[39mnode_modules/[4mvitest[24m/dist/chunks/test.BT8LKgU9.js:239:21[90m)[39m
    at runTest [90m(file:///C:/Users/krase/repos/BlinkBudget/[39mnode_modules/[4m@vitest[24m/runner/dist/index.js:1650:12[90m)[39m
Submit failed: String error
Submit failed: { message: [32m&apos;Object error&apos;[39m }

            </system-err>
        </testcase>
        <testcase classname="tests/form-utils/submission.test.js" name="Form Submission &gt; handleFormSubmit &gt; does not call error handler when submit succeeds" time="0.0005979">
        </testcase>
        <testcase classname="tests/form-utils/submission.test.js" name="Form Submission &gt; handleFormSubmit &gt; preserves original error object in error callback" time="0.0034805">
            <system-err>
Submit failed: Error: Original error
    at C:/Users/krase/repos/BlinkBudget/tests/form-utils/submission.test.js:325:29
    at [90mfile:///C:/Users/krase/repos/BlinkBudget/[39mnode_modules/[4m@vitest[24m/runner/dist/index.js:145:11
    at [90mfile:///C:/Users/krase/repos/BlinkBudget/[39mnode_modules/[4m@vitest[24m/runner/dist/index.js:915:26
    at [90mfile:///C:/Users/krase/repos/BlinkBudget/[39mnode_modules/[4m@vitest[24m/runner/dist/index.js:1240:20
    at new Promise (&lt;anonymous&gt;)
    at runWithTimeout [90m(file:///C:/Users/krase/repos/BlinkBudget/[39mnode_modules/[4m@vitest[24m/runner/dist/index.js:1206:10[90m)[39m
    at [90mfile:///C:/Users/krase/repos/BlinkBudget/[39mnode_modules/[4m@vitest[24m/runner/dist/index.js:1650:37
    at Traces.$ [90m(file:///C:/Users/krase/repos/BlinkBudget/[39mnode_modules/[4mvitest[24m/dist/chunks/traces.U4xDYhzZ.js:115:27[90m)[39m
    at trace [90m(file:///C:/Users/krase/repos/BlinkBudget/[39mnode_modules/[4mvitest[24m/dist/chunks/test.BT8LKgU9.js:239:21[90m)[39m
    at runTest [90m(file:///C:/Users/krase/repos/BlinkBudget/[39mnode_modules/[4m@vitest[24m/runner/dist/index.js:1650:12[90m)[39m

            </system-err>
        </testcase>
        <testcase classname="tests/form-utils/submission.test.js" name="Form Submission &gt; integration scenarios &gt; complete expense transaction flow" time="0.0006188">
        </testcase>
        <testcase classname="tests/form-utils/submission.test.js" name="Form Submission &gt; integration scenarios &gt; complete transfer transaction flow" time="0.0004845">
        </testcase>
    </testsuite>
    <testsuite name="tests/form-utils/type-toggle.test.js" timestamp="2026-02-03T22:55:11.787Z" hostname="Krasen-PC" tests="30" failures="0" errors="0" skipped="0" time="0.0383739">
        <testcase classname="tests/form-utils/type-toggle.test.js" name="Type Toggle Group &gt; createTypeToggleGroup &gt; creates container with correct structure" time="0.0049141">
        </testcase>
        <testcase classname="tests/form-utils/type-toggle.test.js" name="Type Toggle Group &gt; createTypeToggleGroup &gt; sets responsive grid layout for desktop" time="0.0007534">
        </testcase>
        <testcase classname="tests/form-utils/type-toggle.test.js" name="Type Toggle Group &gt; createTypeToggleGroup &gt; sets responsive grid layout for mobile" time="0.0006092">
        </testcase>
        <testcase classname="tests/form-utils/type-toggle.test.js" name="Type Toggle Group &gt; createTypeToggleGroup &gt; returns correct API methods" time="0.0007066">
        </testcase>
        <testcase classname="tests/form-utils/type-toggle.test.js" name="Type Toggle Group &gt; createTypeToggleGroup &gt; creates all four transaction type buttons" time="0.0007014">
        </testcase>
        <testcase classname="tests/form-utils/type-toggle.test.js" name="Type Toggle Group &gt; initial state &gt; defaults to expense type" time="0.0005738">
        </testcase>
        <testcase classname="tests/form-utils/type-toggle.test.js" name="Type Toggle Group &gt; initial state &gt; accepts custom initial type" time="0.0005368">
        </testcase>
        <testcase classname="tests/form-utils/type-toggle.test.js" name="Type Toggle Group &gt; initial state &gt; sets expense button as active by default" time="0.0006879">
        </testcase>
        <testcase classname="tests/form-utils/type-toggle.test.js" name="Type Toggle Group &gt; initial state &gt; sets other buttons as inactive by default" time="0.0006872">
        </testcase>
        <testcase classname="tests/form-utils/type-toggle.test.js" name="Type Toggle Group &gt; setType method &gt; changes current type correctly" time="0.0007474">
        </testcase>
        <testcase classname="tests/form-utils/type-toggle.test.js" name="Type Toggle Group &gt; setType method &gt; updates button states when type changes" time="0.000644">
        </testcase>
        <testcase classname="tests/form-utils/type-toggle.test.js" name="Type Toggle Group &gt; setType method &gt; calls onTypeChange callback when provided" time="0.0007617">
        </testcase>
        <testcase classname="tests/form-utils/type-toggle.test.js" name="Type Toggle Group &gt; setType method &gt; handles all transaction types" time="0.0009952">
        </testcase>
        <testcase classname="tests/form-utils/type-toggle.test.js" name="Type Toggle Group &gt; button interactions &gt; button click changes type" time="0.0012158">
        </testcase>
        <testcase classname="tests/form-utils/type-toggle.test.js" name="Type Toggle Group &gt; button interactions &gt; button click calls onTypeChange callback" time="0.002843">
        </testcase>
        <testcase classname="tests/form-utils/type-toggle.test.js" name="Type Toggle Group &gt; touch feedback &gt; adds touchstart and touchend listeners to buttons" time="0.0021834">
        </testcase>
        <testcase classname="tests/form-utils/type-toggle.test.js" name="Type Toggle Group &gt; touch feedback &gt; touchstart scales button down" time="0.0010831">
        </testcase>
        <testcase classname="tests/form-utils/type-toggle.test.js" name="Type Toggle Group &gt; touch feedback &gt; touchend scales button back to normal" time="0.0010282">
        </testcase>
        <testcase classname="tests/form-utils/type-toggle.test.js" name="Type Toggle Group &gt; touch feedback &gt; touchcancel resets button transform" time="0.0006623">
        </testcase>
        <testcase classname="tests/form-utils/type-toggle.test.js" name="Type Toggle Group &gt; hover effects &gt; adds hover listeners for desktop" time="0.0006719">
        </testcase>
        <testcase classname="tests/form-utils/type-toggle.test.js" name="Type Toggle Group &gt; hover effects &gt; mouseenter changes border for inactive buttons" time="0.0007483">
        </testcase>
        <testcase classname="tests/form-utils/type-toggle.test.js" name="Type Toggle Group &gt; hover effects &gt; mouseleave resets inactive button styles" time="0.0006428">
        </testcase>
        <testcase classname="tests/form-utils/type-toggle.test.js" name="Type Toggle Group &gt; hover effects &gt; hover effects are ignored for active buttons" time="0.0005619">
        </testcase>
        <testcase classname="tests/form-utils/type-toggle.test.js" name="Type Toggle Group &gt; responsive behavior &gt; adds resize listener for responsive layout" time="0.0024542">
        </testcase>
        <testcase classname="tests/form-utils/type-toggle.test.js" name="Type Toggle Group &gt; responsive behavior &gt; updates grid layout on resize" time="0.0009258">
        </testcase>
        <testcase classname="tests/form-utils/type-toggle.test.js" name="Type Toggle Group &gt; button styling &gt; sets correct base styles for inactive buttons" time="0.0012045">
        </testcase>
        <testcase classname="tests/form-utils/type-toggle.test.js" name="Type Toggle Group &gt; button styling &gt; sets compact sizing for mobile layout" time="0.0009124">
        </testcase>
        <testcase classname="tests/form-utils/type-toggle.test.js" name="Type Toggle Group &gt; button styling &gt; sets correct text content for each button" time="0.0008958">
        </testcase>
        <testcase classname="tests/form-utils/type-toggle.test.js" name="Type Toggle Group &gt; callback handling &gt; handles missing onTypeChange callback gracefully" time="0.0024158">
        </testcase>
        <testcase classname="tests/form-utils/type-toggle.test.js" name="Type Toggle Group &gt; callback handling &gt; calls onTypeChange with correct parameters" time="0.0010274">
        </testcase>
    </testsuite>
    <testsuite name="tests/form-utils/validation.test.js" timestamp="2026-02-03T22:55:11.792Z" hostname="Krasen-PC" tests="35" failures="0" errors="0" skipped="0" time="0.019626">
        <testcase classname="tests/form-utils/validation.test.js" name="Form Validation Utilities &gt; validateAmount &gt; validates positive numbers correctly" time="0.0026608">
        </testcase>
        <testcase classname="tests/form-utils/validation.test.js" name="Form Validation Utilities &gt; validateAmount &gt; validates decimal numbers correctly" time="0.0004533">
        </testcase>
        <testcase classname="tests/form-utils/validation.test.js" name="Form Validation Utilities &gt; validateAmount &gt; handles comma as decimal separator" time="0.0002616">
        </testcase>
        <testcase classname="tests/form-utils/validation.test.js" name="Form Validation Utilities &gt; validateAmount &gt; converts negative numbers to positive" time="0.0003036">
        </testcase>
        <testcase classname="tests/form-utils/validation.test.js" name="Form Validation Utilities &gt; validateAmount &gt; rejects zero amount" time="0.0009166">
        </testcase>
        <testcase classname="tests/form-utils/validation.test.js" name="Form Validation Utilities &gt; validateAmount &gt; rejects empty string" time="0.0004177">
        </testcase>
        <testcase classname="tests/form-utils/validation.test.js" name="Form Validation Utilities &gt; validateAmount &gt; rejects non-numeric strings" time="0.0008474">
        </testcase>
        <testcase classname="tests/form-utils/validation.test.js" name="Form Validation Utilities &gt; validateAmount &gt; rejects null and undefined" time="0.000647">
        </testcase>
        <testcase classname="tests/form-utils/validation.test.js" name="Form Validation Utilities &gt; validateCategory &gt; accepts valid category for expense" time="0.0003475">
        </testcase>
        <testcase classname="tests/form-utils/validation.test.js" name="Form Validation Utilities &gt; validateCategory &gt; accepts valid category for income" time="0.0002536">
        </testcase>
        <testcase classname="tests/form-utils/validation.test.js" name="Form Validation Utilities &gt; validateCategory &gt; accepts valid category for refund" time="0.0001699">
        </testcase>
        <testcase classname="tests/form-utils/validation.test.js" name="Form Validation Utilities &gt; validateCategory &gt; accepts null category for transfer (not required)" time="0.0001635">
        </testcase>
        <testcase classname="tests/form-utils/validation.test.js" name="Form Validation Utilities &gt; validateCategory &gt; accepts empty category for transfer" time="0.0001435">
        </testcase>
        <testcase classname="tests/form-utils/validation.test.js" name="Form Validation Utilities &gt; validateCategory &gt; rejects null category for expense" time="0.0001867">
        </testcase>
        <testcase classname="tests/form-utils/validation.test.js" name="Form Validation Utilities &gt; validateCategory &gt; rejects empty category for income" time="0.00021">
        </testcase>
        <testcase classname="tests/form-utils/validation.test.js" name="Form Validation Utilities &gt; validateCategory &gt; rejects whitespace-only category" time="0.0002403">
        </testcase>
        <testcase classname="tests/form-utils/validation.test.js" name="Form Validation Utilities &gt; validateTransferAccount &gt; accepts valid account ID" time="0.0002589">
        </testcase>
        <testcase classname="tests/form-utils/validation.test.js" name="Form Validation Utilities &gt; validateTransferAccount &gt; rejects null account ID" time="0.0002124">
        </testcase>
        <testcase classname="tests/form-utils/validation.test.js" name="Form Validation Utilities &gt; validateTransferAccount &gt; rejects empty account ID" time="0.0002094">
        </testcase>
        <testcase classname="tests/form-utils/validation.test.js" name="Form Validation Utilities &gt; validateTransferAccount &gt; rejects whitespace-only account ID" time="0.0001671">
        </testcase>
        <testcase classname="tests/form-utils/validation.test.js" name="Form Validation Utilities &gt; validateLength &gt; accepts string within length limit" time="0.000236">
        </testcase>
        <testcase classname="tests/form-utils/validation.test.js" name="Form Validation Utilities &gt; validateLength &gt; accepts string at exact length limit" time="0.0001838">
        </testcase>
        <testcase classname="tests/form-utils/validation.test.js" name="Form Validation Utilities &gt; validateLength &gt; rejects string over length limit" time="0.0002559">
        </testcase>
        <testcase classname="tests/form-utils/validation.test.js" name="Form Validation Utilities &gt; validateLength &gt; accepts null or undefined values" time="0.000194">
        </testcase>
        <testcase classname="tests/form-utils/validation.test.js" name="Form Validation Utilities &gt; validateTransactionForm &gt; validates complete expense transaction" time="0.0003532">
        </testcase>
        <testcase classname="tests/form-utils/validation.test.js" name="Form Validation Utilities &gt; validateTransactionForm &gt; validates complete income transaction" time="0.0001832">
        </testcase>
        <testcase classname="tests/form-utils/validation.test.js" name="Form Validation Utilities &gt; validateTransactionForm &gt; validates complete transfer transaction" time="0.0001643">
        </testcase>
        <testcase classname="tests/form-utils/validation.test.js" name="Form Validation Utilities &gt; validateTransactionForm &gt; validates transaction with note within length limit" time="0.0001359">
        </testcase>
        <testcase classname="tests/form-utils/validation.test.js" name="Form Validation Utilities &gt; validateTransactionForm &gt; rejects transaction with note over length limit" time="0.0001773">
        </testcase>
        <testcase classname="tests/form-utils/validation.test.js" name="Form Validation Utilities &gt; validateTransactionForm &gt; collects multiple validation errors" time="0.0002339">
        </testcase>
        <testcase classname="tests/form-utils/validation.test.js" name="Form Validation Utilities &gt; validateTransactionForm &gt; validates transfer with missing destination account" time="0.0001515">
        </testcase>
        <testcase classname="tests/form-utils/validation.test.js" name="Form Validation Utilities &gt; showFieldError &gt; applies error styling to element" time="0.0008182">
        </testcase>
        <testcase classname="tests/form-utils/validation.test.js" name="Form Validation Utilities &gt; showFieldError &gt; clears error styling after timeout" time="0.0031422">
        </testcase>
        <testcase classname="tests/form-utils/validation.test.js" name="Form Validation Utilities &gt; showContainerError &gt; applies error styling to container" time="0.0002662">
        </testcase>
        <testcase classname="tests/form-utils/validation.test.js" name="Form Validation Utilities &gt; showContainerError &gt; clears container error styling after timeout" time="0.0006633">
        </testcase>
    </testsuite>
    <testsuite name="tests/privacy/account-deletion-privacy.test.js" timestamp="2026-02-03T22:55:11.797Z" hostname="Krasen-PC" tests="14" failures="5" errors="0" skipped="0" time="0.063447">
        <testcase classname="tests/privacy/account-deletion-privacy.test.js" name="Account Deletion Privacy Validation &gt; Pre-Deletion Data Setup &gt; should create data for multiple users to test isolation" time="0.0084853">
            <system-out>
[AUDIT: HIGH] data_delete {
  id: [32m&apos;audit_1770159299252_slg9ntvgj&apos;[39m,
  timestamp: [32m&apos;2026-02-03T22:54:59.252Z&apos;[39m,
  action: [32m&apos;data_delete&apos;[39m,
  details: { entityType: [32m&apos;transaction&apos;[39m, operation: [32m&apos;bulk_clear&apos;[39m, count: [33m0[39m },
  userId: [32m&apos;anonymous&apos;[39m,
  severity: [32m&apos;high&apos;[39m,
  userAgent: [32m&apos;Mozilla/5.0 (win32) AppleWebKit/537.36 (KHTML, like Gecko) jsdom/27.3.0&apos;[39m,
  ip: [32m&apos;client_ip_unavailable&apos;[39m,
  sessionId: [32m&apos;session_1770159299252_k89najzfk&apos;[39m
}

[AUDIT: LOW] data_create {
  id: [32m&apos;audit_1770159299256_64gp57yjp&apos;[39m,
  timestamp: [32m&apos;2026-02-03T22:54:59.256Z&apos;[39m,
  action: [32m&apos;data_create&apos;[39m,
  details: {
    entityType: [32m&apos;transaction&apos;[39m,
    entityId: [32m&apos;tx1&apos;[39m,
    amount: [33m100[39m,
    category: [32m&apos;Food&apos;[39m,
    accountId: [32m&apos;main&apos;[39m
  },
  userId: [32m&apos;test-user-123&apos;[39m,
  severity: [32m&apos;low&apos;[39m,
  userAgent: [32m&apos;Mozilla/5.0 (win32) AppleWebKit/537.36 (KHTML, like Gecko) jsdom/27.3.0&apos;[39m,
  ip: [32m&apos;client_ip_unavailable&apos;[39m,
  sessionId: [32m&apos;session_1770159299256_pp9vwxglf&apos;[39m
}
[AUDIT: LOW] data_create {
  id: [32m&apos;audit_1770159299257_mhkekh7jw&apos;[39m,
  timestamp: [32m&apos;2026-02-03T22:54:59.257Z&apos;[39m,
  action: [32m&apos;data_create&apos;[39m,
  details: {
    entityType: [32m&apos;transaction&apos;[39m,
    entityId: [32m&apos;tx2&apos;[39m,
    amount: [33m200[39m,
    category: [32m&apos;Transport&apos;[39m,
    accountId: [32m&apos;main&apos;[39m
  },
  userId: [32m&apos;test-user-123&apos;[39m,
  severity: [32m&apos;low&apos;[39m,
  userAgent: [32m&apos;Mozilla/5.0 (win32) AppleWebKit/537.36 (KHTML, like Gecko) jsdom/27.3.0&apos;[39m,
  ip: [32m&apos;client_ip_unavailable&apos;[39m,
  sessionId: [32m&apos;session_1770159299256_pp9vwxglf&apos;[39m
}

            </system-out>
        </testcase>
        <testcase classname="tests/privacy/account-deletion-privacy.test.js" name="Account Deletion Privacy Validation &gt; Account Deletion Process &gt; should initiate account deletion with proper validation" time="0.0112041">
            <system-out>
[AUDIT: HIGH] data_delete {
  id: [32m&apos;audit_1770159299259_em483ohb0&apos;[39m,
  timestamp: [32m&apos;2026-02-03T22:54:59.259Z&apos;[39m,
  action: [32m&apos;data_delete&apos;[39m,
  details: { entityType: [32m&apos;transaction&apos;[39m, operation: [32m&apos;bulk_clear&apos;[39m, count: [33m2[39m },
  userId: [32m&apos;test-user-123&apos;[39m,
  severity: [32m&apos;high&apos;[39m,
  userAgent: [32m&apos;Mozilla/5.0 (win32) AppleWebKit/537.36 (KHTML, like Gecko) jsdom/27.3.0&apos;[39m,
  ip: [32m&apos;client_ip_unavailable&apos;[39m,
  sessionId: [32m&apos;session_1770159299256_pp9vwxglf&apos;[39m
}

[AccountService] Deleting account: main

            </system-out>
        </testcase>
        <testcase classname="tests/privacy/account-deletion-privacy.test.js" name="Account Deletion Privacy Validation &gt; Account Deletion Process &gt; should reject deletion for unauthenticated users" time="0.0022727">
        </testcase>
        <testcase classname="tests/privacy/account-deletion-privacy.test.js" name="Account Deletion Privacy Validation &gt; Account Deletion Process &gt; should prevent concurrent deletion processes" time="0.0007203">
        </testcase>
        <testcase classname="tests/privacy/account-deletion-privacy.test.js" name="Account Deletion Privacy Validation &gt; Data Deletion Verification &gt; should delete all user transactions" time="0.002076">
        </testcase>
        <testcase classname="tests/privacy/account-deletion-privacy.test.js" name="Account Deletion Privacy Validation &gt; Data Deletion Verification &gt; should delete user settings from localStorage" time="0.0011035">
        </testcase>
        <testcase classname="tests/privacy/account-deletion-privacy.test.js" name="Account Deletion Privacy Validation &gt; Post-Deletion Verification &gt; should verify complete data deletion" time="0.001278">
        </testcase>
        <testcase classname="tests/privacy/account-deletion-privacy.test.js" name="Account Deletion Privacy Validation &gt; Privacy Compliance &gt; should create final export before deletion" time="0.0117944">
            <failure message="Cannot read properties of undefined (reading &apos;push&apos;)" type="TypeError">
TypeError: Cannot read properties of undefined (reading &apos;push&apos;)
 ❯ AccountDeletionService.stepCreateFinalExport src/core/account-deletion-service.js:179:18
 ❯ tests/privacy/account-deletion-privacy.test.js:284:7
            </failure>
        </testcase>
        <testcase classname="tests/privacy/account-deletion-privacy.test.js" name="Account Deletion Privacy Validation &gt; Privacy Compliance &gt; should log all deletion steps for audit trail" time="0.0070332">
        </testcase>
        <testcase classname="tests/privacy/account-deletion-privacy.test.js" name="Account Deletion Privacy Validation &gt; Privacy Compliance &gt; should handle deletion failures gracefully" time="0.0023506">
        </testcase>
        <testcase classname="tests/privacy/account-deletion-privacy.test.js" name="Account Deletion Privacy Validation &gt; Data Isolation Verification &gt; should only delete data belonging to the requesting user" time="0.0035791">
            <system-out>
[AccountService] Saving account: Checking acc1
[AccountService] Saving account: Emergency Fund goal1
[AccountService] Saving account: Savings acc2
[AccountService] Saving account: Vacation goal2

[AccountService] Deleting account: main
[AccountService] Deleting account: acc1
[AccountService] Deleting account: goal1
[AccountService] Deleting account: acc2
[AccountService] Deleting account: goal2

            </system-out>
            <failure message="GoalPlanner.getAllGoals is not a function" type="TypeError">
TypeError: GoalPlanner.getAllGoals is not a function
 ❯ AccountDeletionService.&lt;anonymous&gt; tests/privacy/account-deletion-privacy.test.js:412:35
            </failure>
        </testcase>
        <testcase classname="tests/privacy/account-deletion-privacy.test.js" name="Account Deletion Privacy Validation &gt; Edge Cases and Error Handling &gt; should handle missing user data gracefully" time="0.0030306">
            <system-out>
[AccountService] Deleting account: main

            </system-out>
            <failure message="GoalPlanner.getAllGoals is not a function" type="TypeError">
TypeError: GoalPlanner.getAllGoals is not a function
 ❯ AccountDeletionService.&lt;anonymous&gt; tests/privacy/account-deletion-privacy.test.js:412:35
            </failure>
        </testcase>
        <testcase classname="tests/privacy/account-deletion-privacy.test.js" name="Account Deletion Privacy Validation &gt; Edge Cases and Error Handling &gt; should handle service failures during deletion" time="0.0033465">
            <failure message="Service unavailable" type="Error">
Error: Service unavailable
 ❯ Object.&lt;anonymous&gt; tests/privacy/account-deletion-privacy.test.js:482:15
 ❯ AccountDeletionService.&lt;anonymous&gt; tests/privacy/account-deletion-privacy.test.js:392:49
 ❯ AccountDeletionService.initiateAccountDeletion src/core/account-deletion-service.js:79:18
 ❯ tests/privacy/account-deletion-privacy.test.js:486:22
            </failure>
        </testcase>
        <testcase classname="tests/privacy/account-deletion-privacy.test.js" name="Account Deletion Privacy Validation &gt; Edge Cases and Error Handling &gt; should handle partial deletion scenarios" time="0.0023675">
            <failure message="Service unavailable" type="Error">
Error: Service unavailable
 ❯ Object.&lt;anonymous&gt; tests/privacy/account-deletion-privacy.test.js:482:15
 ❯ Object.clear src/core/transaction-service.js:249:35
 ❯ Object.clear src/core/storage.js:80:35
 ❯ tests/privacy/account-deletion-privacy.test.js:25:20
            </failure>
        </testcase>
    </testsuite>
    <testsuite name="tests/privacy/privacy-validation-focused.test.js" timestamp="2026-02-03T22:55:11.805Z" hostname="Krasen-PC" tests="22" failures="0" errors="0" skipped="0" time="0.0387363">
        <testcase classname="tests/privacy/privacy-validation-focused.test.js" name="Privacy Validation - Focused Tests &gt; Data Collection and Storage &gt; should only store user data with proper user association" time="0.0100523">
            <system-out>
[AUDIT: HIGH] data_delete {
  id: [32m&apos;audit_1770159309111_mf9jhpzbx&apos;[39m,
  timestamp: [32m&apos;2026-02-03T22:55:09.111Z&apos;[39m,
  action: [32m&apos;data_delete&apos;[39m,
  details: { entityType: [32m&apos;transaction&apos;[39m, operation: [32m&apos;bulk_clear&apos;[39m, count: [33m0[39m },
  userId: [32m&apos;anonymous&apos;[39m,
  severity: [32m&apos;high&apos;[39m,
  userAgent: [32m&apos;Mozilla/5.0 (win32) AppleWebKit/537.36 (KHTML, like Gecko) jsdom/27.3.0&apos;[39m,
  ip: [32m&apos;client_ip_unavailable&apos;[39m,
  sessionId: [32m&apos;session_1770159309111_x62qdwjtd&apos;[39m
}

[AUDIT: LOW] data_create {
  id: [32m&apos;audit_1770159309114_5vvfdgdfb&apos;[39m,
  timestamp: [32m&apos;2026-02-03T22:55:09.114Z&apos;[39m,
  action: [32m&apos;data_create&apos;[39m,
  details: {
    entityType: [32m&apos;transaction&apos;[39m,
    entityId: [32m&apos;ba7c3201-dea8-4706-a3d0-7098e821f2cb&apos;[39m,
    amount: [33m100[39m,
    category: [32m&apos;Food&apos;[39m,
    accountId: [32m&apos;main&apos;[39m
  },
  userId: [32m&apos;test-user-123&apos;[39m,
  severity: [32m&apos;low&apos;[39m,
  userAgent: [32m&apos;Mozilla/5.0 (win32) AppleWebKit/537.36 (KHTML, like Gecko) jsdom/27.3.0&apos;[39m,
  ip: [32m&apos;client_ip_unavailable&apos;[39m,
  sessionId: [32m&apos;session_1770159309114_tuocwhyxt&apos;[39m
}

            </system-out>
        </testcase>
        <testcase classname="tests/privacy/privacy-validation-focused.test.js" name="Privacy Validation - Focused Tests &gt; Data Collection and Storage &gt; should not expose sensitive data in localStorage keys" time="0.0034262">
            <system-out>
[AUDIT: HIGH] data_delete {
  id: [32m&apos;audit_1770159309118_6504tbxd2&apos;[39m,
  timestamp: [32m&apos;2026-02-03T22:55:09.118Z&apos;[39m,
  action: [32m&apos;data_delete&apos;[39m,
  details: { entityType: [32m&apos;transaction&apos;[39m, operation: [32m&apos;bulk_clear&apos;[39m, count: [33m1[39m },
  userId: [32m&apos;test-user-123&apos;[39m,
  severity: [32m&apos;high&apos;[39m,
  userAgent: [32m&apos;Mozilla/5.0 (win32) AppleWebKit/537.36 (KHTML, like Gecko) jsdom/27.3.0&apos;[39m,
  ip: [32m&apos;client_ip_unavailable&apos;[39m,
  sessionId: [32m&apos;session_1770159309114_tuocwhyxt&apos;[39m
}

[AUDIT: LOW] data_create {
  id: [32m&apos;audit_1770159309119_khkg7kot4&apos;[39m,
  timestamp: [32m&apos;2026-02-03T22:55:09.119Z&apos;[39m,
  action: [32m&apos;data_create&apos;[39m,
  details: {
    entityType: [32m&apos;transaction&apos;[39m,
    entityId: [32m&apos;02c0eed8-f01a-40fa-af7c-8eeebb7c4f92&apos;[39m,
    amount: [33m100[39m,
    category: [32m&apos;Food&apos;[39m,
    accountId: [32m&apos;main&apos;[39m
  },
  userId: [32m&apos;test-user-123&apos;[39m,
  severity: [32m&apos;low&apos;[39m,
  userAgent: [32m&apos;Mozilla/5.0 (win32) AppleWebKit/537.36 (KHTML, like Gecko) jsdom/27.3.0&apos;[39m,
  ip: [32m&apos;client_ip_unavailable&apos;[39m,
  sessionId: [32m&apos;session_1770159309119_l4txypezp&apos;[39m
}

            </system-out>
        </testcase>
        <testcase classname="tests/privacy/privacy-validation-focused.test.js" name="Privacy Validation - Focused Tests &gt; Data Retention and Deletion &gt; should delete user data when requested" time="0.0036325">
            <system-out>
[AUDIT: HIGH] data_delete {
  id: [32m&apos;audit_1770159309122_vzg6onxbb&apos;[39m,
  timestamp: [32m&apos;2026-02-03T22:55:09.122Z&apos;[39m,
  action: [32m&apos;data_delete&apos;[39m,
  details: { entityType: [32m&apos;transaction&apos;[39m, operation: [32m&apos;bulk_clear&apos;[39m, count: [33m1[39m },
  userId: [32m&apos;test-user-123&apos;[39m,
  severity: [32m&apos;high&apos;[39m,
  userAgent: [32m&apos;Mozilla/5.0 (win32) AppleWebKit/537.36 (KHTML, like Gecko) jsdom/27.3.0&apos;[39m,
  ip: [32m&apos;client_ip_unavailable&apos;[39m,
  sessionId: [32m&apos;session_1770159309119_l4txypezp&apos;[39m
}

[AUDIT: LOW] data_create {
  id: [32m&apos;audit_1770159309123_1oobsgj6x&apos;[39m,
  timestamp: [32m&apos;2026-02-03T22:55:09.123Z&apos;[39m,
  action: [32m&apos;data_create&apos;[39m,
  details: {
    entityType: [32m&apos;transaction&apos;[39m,
    entityId: [32m&apos;c20cd160-28c5-4130-b9a5-24fa2bdca6dc&apos;[39m,
    amount: [33m100[39m,
    category: [32m&apos;Food&apos;[39m,
    accountId: [32m&apos;main&apos;[39m
  },
  userId: [32m&apos;test-user-123&apos;[39m,
  severity: [32m&apos;low&apos;[39m,
  userAgent: [32m&apos;Mozilla/5.0 (win32) AppleWebKit/537.36 (KHTML, like Gecko) jsdom/27.3.0&apos;[39m,
  ip: [32m&apos;client_ip_unavailable&apos;[39m,
  sessionId: [32m&apos;session_1770159309123_8vxb0fvjz&apos;[39m
}
[AUDIT: MEDIUM] data_delete {
  id: [32m&apos;audit_1770159309124_9cysn95yu&apos;[39m,
  timestamp: [32m&apos;2026-02-03T22:55:09.124Z&apos;[39m,
  action: [32m&apos;data_delete&apos;[39m,
  details: {
    entityType: [32m&apos;transaction&apos;[39m,
    entityId: [32m&apos;c20cd160-28c5-4130-b9a5-24fa2bdca6dc&apos;[39m,
    amount: [33m100[39m,
    category: [32m&apos;Food&apos;[39m
  },
  userId: [32m&apos;test-user-123&apos;[39m,
  severity: [32m&apos;medium&apos;[39m,
  userAgent: [32m&apos;Mozilla/5.0 (win32) AppleWebKit/537.36 (KHTML, like Gecko) jsdom/27.3.0&apos;[39m,
  ip: [32m&apos;client_ip_unavailable&apos;[39m,
  sessionId: [32m&apos;session_1770159309123_8vxb0fvjz&apos;[39m
}

            </system-out>
        </testcase>
        <testcase classname="tests/privacy/privacy-validation-focused.test.js" name="Privacy Validation - Focused Tests &gt; Data Retention and Deletion &gt; should clear all user data on logout" time="0.0020122">
            <system-out>
[AUDIT: HIGH] data_delete {
  id: [32m&apos;audit_1770159309125_qkuk7c5np&apos;[39m,
  timestamp: [32m&apos;2026-02-03T22:55:09.125Z&apos;[39m,
  action: [32m&apos;data_delete&apos;[39m,
  details: { entityType: [32m&apos;transaction&apos;[39m, operation: [32m&apos;bulk_clear&apos;[39m, count: [33m0[39m },
  userId: [32m&apos;test-user-123&apos;[39m,
  severity: [32m&apos;high&apos;[39m,
  userAgent: [32m&apos;Mozilla/5.0 (win32) AppleWebKit/537.36 (KHTML, like Gecko) jsdom/27.3.0&apos;[39m,
  ip: [32m&apos;client_ip_unavailable&apos;[39m,
  sessionId: [32m&apos;session_1770159309123_8vxb0fvjz&apos;[39m
}

[AUDIT: LOW] data_create {
  id: [32m&apos;audit_1770159309126_maru41jhv&apos;[39m,
  timestamp: [32m&apos;2026-02-03T22:55:09.126Z&apos;[39m,
  action: [32m&apos;data_create&apos;[39m,
  details: {
    entityType: [32m&apos;transaction&apos;[39m,
    entityId: [32m&apos;833c1b72-eb81-43cf-bcdd-bfe8dac15bde&apos;[39m,
    amount: [33m100[39m,
    category: [32m&apos;Food&apos;[39m,
    accountId: [32m&apos;main&apos;[39m
  },
  userId: [32m&apos;test-user-123&apos;[39m,
  severity: [32m&apos;low&apos;[39m,
  userAgent: [32m&apos;Mozilla/5.0 (win32) AppleWebKit/537.36 (KHTML, like Gecko) jsdom/27.3.0&apos;[39m,
  ip: [32m&apos;client_ip_unavailable&apos;[39m,
  sessionId: [32m&apos;session_1770159309126_2vz3mjo5d&apos;[39m
}

            </system-out>
        </testcase>
        <testcase classname="tests/privacy/privacy-validation-focused.test.js" name="Privacy Validation - Focused Tests &gt; Data Retention and Deletion &gt; should handle data deletion failures gracefully" time="0.0011553">
            <system-out>
[AUDIT: HIGH] data_delete {
  id: [32m&apos;audit_1770159309127_abgyqqnz8&apos;[39m,
  timestamp: [32m&apos;2026-02-03T22:55:09.127Z&apos;[39m,
  action: [32m&apos;data_delete&apos;[39m,
  details: { entityType: [32m&apos;transaction&apos;[39m, operation: [32m&apos;bulk_clear&apos;[39m, count: [33m1[39m },
  userId: [32m&apos;anonymous&apos;[39m,
  severity: [32m&apos;high&apos;[39m,
  userAgent: [32m&apos;Mozilla/5.0 (win32) AppleWebKit/537.36 (KHTML, like Gecko) jsdom/27.3.0&apos;[39m,
  ip: [32m&apos;client_ip_unavailable&apos;[39m,
  sessionId: [32m&apos;session_1770159309126_2vz3mjo5d&apos;[39m
}

[AUDIT: LOW] data_create {
  id: [32m&apos;audit_1770159309128_7rg75vtcc&apos;[39m,
  timestamp: [32m&apos;2026-02-03T22:55:09.128Z&apos;[39m,
  action: [32m&apos;data_create&apos;[39m,
  details: {
    entityType: [32m&apos;transaction&apos;[39m,
    entityId: [32m&apos;70f3ac5b-62d4-44d1-900f-9c1e12b6aea2&apos;[39m,
    amount: [33m100[39m,
    category: [32m&apos;Food&apos;[39m,
    accountId: [32m&apos;main&apos;[39m
  },
  userId: [32m&apos;test-user-123&apos;[39m,
  severity: [32m&apos;low&apos;[39m,
  userAgent: [32m&apos;Mozilla/5.0 (win32) AppleWebKit/537.36 (KHTML, like Gecko) jsdom/27.3.0&apos;[39m,
  ip: [32m&apos;client_ip_unavailable&apos;[39m,
  sessionId: [32m&apos;session_1770159309128_hlk1ov7y3&apos;[39m
}

            </system-out>
        </testcase>
        <testcase classname="tests/privacy/privacy-validation-focused.test.js" name="Privacy Validation - Focused Tests &gt; Privacy by Design &gt; should minimize data collection" time="0.0011472">
            <system-out>
[AUDIT: HIGH] data_delete {
  id: [32m&apos;audit_1770159309129_u2e4hl48o&apos;[39m,
  timestamp: [32m&apos;2026-02-03T22:55:09.129Z&apos;[39m,
  action: [32m&apos;data_delete&apos;[39m,
  details: { entityType: [32m&apos;transaction&apos;[39m, operation: [32m&apos;bulk_clear&apos;[39m, count: [33m1[39m },
  userId: [32m&apos;test-user-123&apos;[39m,
  severity: [32m&apos;high&apos;[39m,
  userAgent: [32m&apos;Mozilla/5.0 (win32) AppleWebKit/537.36 (KHTML, like Gecko) jsdom/27.3.0&apos;[39m,
  ip: [32m&apos;client_ip_unavailable&apos;[39m,
  sessionId: [32m&apos;session_1770159309128_hlk1ov7y3&apos;[39m
}

[AUDIT: LOW] data_create {
  id: [32m&apos;audit_1770159309129_m55y2wt96&apos;[39m,
  timestamp: [32m&apos;2026-02-03T22:55:09.129Z&apos;[39m,
  action: [32m&apos;data_create&apos;[39m,
  details: {
    entityType: [32m&apos;transaction&apos;[39m,
    entityId: [32m&apos;da42fea0-8acd-4fc5-8728-740c5c90e009&apos;[39m,
    amount: [33m100[39m,
    category: [32m&apos;Food&apos;[39m,
    accountId: [32m&apos;main&apos;[39m
  },
  userId: [32m&apos;test-user-123&apos;[39m,
  severity: [32m&apos;low&apos;[39m,
  userAgent: [32m&apos;Mozilla/5.0 (win32) AppleWebKit/537.36 (KHTML, like Gecko) jsdom/27.3.0&apos;[39m,
  ip: [32m&apos;client_ip_unavailable&apos;[39m,
  sessionId: [32m&apos;session_1770159309129_de0czi183&apos;[39m
}

            </system-out>
        </testcase>
        <testcase classname="tests/privacy/privacy-validation-focused.test.js" name="Privacy Validation - Focused Tests &gt; Privacy by Design &gt; should use secure defaults for settings" time="0.0009369">
            <system-out>
[AUDIT: HIGH] data_delete {
  id: [32m&apos;audit_1770159309130_s14i2jnhv&apos;[39m,
  timestamp: [32m&apos;2026-02-03T22:55:09.130Z&apos;[39m,
  action: [32m&apos;data_delete&apos;[39m,
  details: { entityType: [32m&apos;transaction&apos;[39m, operation: [32m&apos;bulk_clear&apos;[39m, count: [33m1[39m },
  userId: [32m&apos;test-user-123&apos;[39m,
  severity: [32m&apos;high&apos;[39m,
  userAgent: [32m&apos;Mozilla/5.0 (win32) AppleWebKit/537.36 (KHTML, like Gecko) jsdom/27.3.0&apos;[39m,
  ip: [32m&apos;client_ip_unavailable&apos;[39m,
  sessionId: [32m&apos;session_1770159309129_de0czi183&apos;[39m
}

            </system-out>
        </testcase>
        <testcase classname="tests/privacy/privacy-validation-focused.test.js" name="Privacy Validation - Focused Tests &gt; Privacy by Design &gt; should provide data export functionality" time="0.0016551">
            <system-out>
[AUDIT: HIGH] data_delete {
  id: [32m&apos;audit_1770159309131_h07v2lxoo&apos;[39m,
  timestamp: [32m&apos;2026-02-03T22:55:09.131Z&apos;[39m,
  action: [32m&apos;data_delete&apos;[39m,
  details: { entityType: [32m&apos;transaction&apos;[39m, operation: [32m&apos;bulk_clear&apos;[39m, count: [33m0[39m },
  userId: [32m&apos;test-user-123&apos;[39m,
  severity: [32m&apos;high&apos;[39m,
  userAgent: [32m&apos;Mozilla/5.0 (win32) AppleWebKit/537.36 (KHTML, like Gecko) jsdom/27.3.0&apos;[39m,
  ip: [32m&apos;client_ip_unavailable&apos;[39m,
  sessionId: [32m&apos;session_1770159309131_fxnlhn88h&apos;[39m
}

[AUDIT: LOW] data_create {
  id: [32m&apos;audit_1770159309131_bzai3qei0&apos;[39m,
  timestamp: [32m&apos;2026-02-03T22:55:09.131Z&apos;[39m,
  action: [32m&apos;data_create&apos;[39m,
  details: {
    entityType: [32m&apos;transaction&apos;[39m,
    entityId: [32m&apos;ac9b393c-d7bd-401a-bbf5-b09f601d496e&apos;[39m,
    amount: [33m100[39m,
    category: [32m&apos;Food&apos;[39m,
    accountId: [32m&apos;main&apos;[39m
  },
  userId: [32m&apos;test-user-123&apos;[39m,
  severity: [32m&apos;low&apos;[39m,
  userAgent: [32m&apos;Mozilla/5.0 (win32) AppleWebKit/537.36 (KHTML, like Gecko) jsdom/27.3.0&apos;[39m,
  ip: [32m&apos;client_ip_unavailable&apos;[39m,
  sessionId: [32m&apos;session_1770159309131_3bqwvn264&apos;[39m
}
[AUDIT: LOW] data_create {
  id: [32m&apos;audit_1770159309132_28c8w94a4&apos;[39m,
  timestamp: [32m&apos;2026-02-03T22:55:09.132Z&apos;[39m,
  action: [32m&apos;data_create&apos;[39m,
  details: {
    entityType: [32m&apos;transaction&apos;[39m,
    entityId: [32m&apos;496f399f-21fd-4e02-bcb2-cad068ad9d97&apos;[39m,
    amount: [33m200[39m,
    category: [32m&apos;Transport&apos;[39m,
    accountId: [32m&apos;main&apos;[39m
  },
  userId: [32m&apos;test-user-123&apos;[39m,
  severity: [32m&apos;low&apos;[39m,
  userAgent: [32m&apos;Mozilla/5.0 (win32) AppleWebKit/537.36 (KHTML, like Gecko) jsdom/27.3.0&apos;[39m,
  ip: [32m&apos;client_ip_unavailable&apos;[39m,
  sessionId: [32m&apos;session_1770159309131_3bqwvn264&apos;[39m
}

            </system-out>
        </testcase>
        <testcase classname="tests/privacy/privacy-validation-focused.test.js" name="Privacy Validation - Focused Tests &gt; Audit Trail and Logging &gt; should log data access events" time="0.001406">
            <system-out>
[AUDIT: HIGH] data_delete {
  id: [32m&apos;audit_1770159309133_5jmk8z623&apos;[39m,
  timestamp: [32m&apos;2026-02-03T22:55:09.133Z&apos;[39m,
  action: [32m&apos;data_delete&apos;[39m,
  details: { entityType: [32m&apos;transaction&apos;[39m, operation: [32m&apos;bulk_clear&apos;[39m, count: [33m2[39m },
  userId: [32m&apos;test-user-123&apos;[39m,
  severity: [32m&apos;high&apos;[39m,
  userAgent: [32m&apos;Mozilla/5.0 (win32) AppleWebKit/537.36 (KHTML, like Gecko) jsdom/27.3.0&apos;[39m,
  ip: [32m&apos;client_ip_unavailable&apos;[39m,
  sessionId: [32m&apos;session_1770159309131_3bqwvn264&apos;[39m
}

            </system-out>
        </testcase>
        <testcase classname="tests/privacy/privacy-validation-focused.test.js" name="Privacy Validation - Focused Tests &gt; Audit Trail and Logging &gt; should log deletion events" time="0.0008232">
        </testcase>
        <testcase classname="tests/privacy/privacy-validation-focused.test.js" name="Privacy Validation - Focused Tests &gt; Audit Trail and Logging &gt; should not log sensitive information in audit trails" time="0.0006159">
        </testcase>
        <testcase classname="tests/privacy/privacy-validation-focused.test.js" name="Privacy Validation - Focused Tests &gt; Consent and Transparency &gt; should provide clear data usage information" time="0.0007615">
        </testcase>
        <testcase classname="tests/privacy/privacy-validation-focused.test.js" name="Privacy Validation - Focused Tests &gt; Consent and Transparency &gt; should handle consent management" time="0.0006207">
        </testcase>
        <testcase classname="tests/privacy/privacy-validation-focused.test.js" name="Privacy Validation - Focused Tests &gt; Consent and Transparency &gt; should provide user control over data" time="0.0006146">
        </testcase>
        <testcase classname="tests/privacy/privacy-validation-focused.test.js" name="Privacy Validation - Focused Tests &gt; Security and Encryption &gt; should not store passwords in plaintext" time="0.0002254">
        </testcase>
        <testcase classname="tests/privacy/privacy-validation-focused.test.js" name="Privacy Validation - Focused Tests &gt; Security and Encryption &gt; should use secure communication for sensitive operations" time="0.0002113">
        </testcase>
        <testcase classname="tests/privacy/privacy-validation-focused.test.js" name="Privacy Validation - Focused Tests &gt; Security and Encryption &gt; should implement proper session management" time="0.0003124">
        </testcase>
        <testcase classname="tests/privacy/privacy-validation-focused.test.js" name="Privacy Validation - Focused Tests &gt; Data Minimization &gt; should only collect necessary data" time="0.0004471">
        </testcase>
        <testcase classname="tests/privacy/privacy-validation-focused.test.js" name="Privacy Validation - Focused Tests &gt; Data Minimization &gt; should not collect unnecessary metadata" time="0.0003955">
        </testcase>
        <testcase classname="tests/privacy/privacy-validation-focused.test.js" name="Privacy Validation - Focused Tests &gt; Privacy Compliance Issues &gt; should identify missing privacy methods" time="0.0010969">
        </testcase>
        <testcase classname="tests/privacy/privacy-validation-focused.test.js" name="Privacy Validation - Focused Tests &gt; Privacy Compliance Issues &gt; should verify data isolation implementation" time="0.0007005">
        </testcase>
        <testcase classname="tests/privacy/privacy-validation-focused.test.js" name="Privacy Validation - Focused Tests &gt; Privacy Compliance Issues &gt; should test privacy policy compliance" time="0.0003511">
        </testcase>
    </testsuite>
    <testsuite name="tests/security/auth-penetration-simple.test.js" timestamp="2026-02-03T22:55:11.810Z" hostname="Krasen-PC" tests="18" failures="0" errors="0" skipped="0" time="0.133335">
        <testcase classname="tests/security/auth-penetration-simple.test.js" name="Authentication Penetration Testing - Simple &gt; Input Validation Security &gt; should handle malicious email inputs safely" time="0.0122606">
            <system-out>
[AUDIT: MEDIUM] login_failure {
  id: [32m&apos;audit_1770159305850_sn76yh686&apos;[39m,
  timestamp: [32m&apos;2026-02-03T22:55:05.850Z&apos;[39m,
  action: [32m&apos;login_failure&apos;[39m,
  details: {
    email: [32m&apos;javascript:alert(&quot;XSS&quot;)&apos;[39m,
    method: [32m&apos;email_password&apos;[39m,
    errorCode: [90mundefined[39m,
    errorMessage: [32m&apos;authInstance._getRecaptchaConfig is not a function&apos;[39m
  },
  userId: [32m&apos;anonymous&apos;[39m,
  severity: [32m&apos;medium&apos;[39m,
  userAgent: [32m&apos;Mozilla/5.0 (win32) AppleWebKit/537.36 (KHTML, like Gecko) jsdom/27.3.0&apos;[39m,
  ip: [32m&apos;client_ip_unavailable&apos;[39m,
  sessionId: [32m&apos;session_1770159305851_dz4d50iz8&apos;[39m
}

[AUDIT: MEDIUM] login_failure {
  id: [32m&apos;audit_1770159305855_ezkrnzzfy&apos;[39m,
  timestamp: [32m&apos;2026-02-03T22:55:05.855Z&apos;[39m,
  action: [32m&apos;login_failure&apos;[39m,
  details: {
    email: [32m&apos;&lt;script&gt;alert(&quot;XSS&quot;)&lt;/script&gt;@example.com&apos;[39m,
    method: [32m&apos;email_password&apos;[39m,
    errorCode: [90mundefined[39m,
    errorMessage: [32m&apos;authInstance._getRecaptchaConfig is not a function&apos;[39m
  },
  userId: [32m&apos;anonymous&apos;[39m,
  severity: [32m&apos;medium&apos;[39m,
  userAgent: [32m&apos;Mozilla/5.0 (win32) AppleWebKit/537.36 (KHTML, like Gecko) jsdom/27.3.0&apos;[39m,
  ip: [32m&apos;client_ip_unavailable&apos;[39m,
  sessionId: [32m&apos;session_1770159305851_dz4d50iz8&apos;[39m
}

[AUDIT: MEDIUM] login_failure {
  id: [32m&apos;audit_1770159305856_x2l5hqs1u&apos;[39m,
  timestamp: [32m&apos;2026-02-03T22:55:05.856Z&apos;[39m,
  action: [32m&apos;login_failure&apos;[39m,
  details: {
    email: [32m&apos;../../../etc/passwd@example.com&apos;[39m,
    method: [32m&apos;email_password&apos;[39m,
    errorCode: [90mundefined[39m,
    errorMessage: [32m&apos;authInstance._getRecaptchaConfig is not a function&apos;[39m
  },
  userId: [32m&apos;anonymous&apos;[39m,
  severity: [32m&apos;medium&apos;[39m,
  userAgent: [32m&apos;Mozilla/5.0 (win32) AppleWebKit/537.36 (KHTML, like Gecko) jsdom/27.3.0&apos;[39m,
  ip: [32m&apos;client_ip_unavailable&apos;[39m,
  sessionId: [32m&apos;session_1770159305851_dz4d50iz8&apos;[39m
}

[AUDIT: MEDIUM] login_failure {
  id: [32m&apos;audit_1770159305857_i8883k3ej&apos;[39m,
  timestamp: [32m&apos;2026-02-03T22:55:05.857Z&apos;[39m,
  action: [32m&apos;login_failure&apos;[39m,
  details: {
    email: [32m&apos;&quot;; DROP TABLE users; --@example.com&apos;[39m,
    method: [32m&apos;email_password&apos;[39m,
    errorCode: [90mundefined[39m,
    errorMessage: [32m&apos;authInstance._getRecaptchaConfig is not a function&apos;[39m
  },
  userId: [32m&apos;anonymous&apos;[39m,
  severity: [32m&apos;medium&apos;[39m,
  userAgent: [32m&apos;Mozilla/5.0 (win32) AppleWebKit/537.36 (KHTML, like Gecko) jsdom/27.3.0&apos;[39m,
  ip: [32m&apos;client_ip_unavailable&apos;[39m,
  sessionId: [32m&apos;session_1770159305851_dz4d50iz8&apos;[39m
}

[AUDIT: MEDIUM] login_failure {
  id: [32m&apos;audit_1770159305858_7g7lm83yd&apos;[39m,
  timestamp: [32m&apos;2026-02-03T22:55:05.858Z&apos;[39m,
  action: [32m&apos;login_failure&apos;[39m,
  details: {
    email: [32m&quot;user@&apos;; DROP TABLE users; --&quot;[39m,
    method: [32m&apos;email_password&apos;[39m,
    errorCode: [90mundefined[39m,
    errorMessage: [32m&apos;authInstance._getRecaptchaConfig is not a function&apos;[39m
  },
  userId: [32m&apos;anonymous&apos;[39m,
  severity: [32m&apos;medium&apos;[39m,
  userAgent: [32m&apos;Mozilla/5.0 (win32) AppleWebKit/537.36 (KHTML, like Gecko) jsdom/27.3.0&apos;[39m,
  ip: [32m&apos;client_ip_unavailable&apos;[39m,
  sessionId: [32m&apos;session_1770159305851_dz4d50iz8&apos;[39m
}

[AUDIT: MEDIUM] login_failure {
  id: [32m&apos;audit_1770159305859_jv8kq78zb&apos;[39m,
  timestamp: [32m&apos;2026-02-03T22:55:05.859Z&apos;[39m,
  action: [32m&apos;login_failure&apos;[39m,
  details: {
    email: [32m&apos;user@example.com; DROP TABLE users; --&apos;[39m,
    method: [32m&apos;email_password&apos;[39m,
    errorCode: [90mundefined[39m,
    errorMessage: [32m&apos;authInstance._getRecaptchaConfig is not a function&apos;[39m
  },
  userId: [32m&apos;anonymous&apos;[39m,
  severity: [32m&apos;medium&apos;[39m,
  userAgent: [32m&apos;Mozilla/5.0 (win32) AppleWebKit/537.36 (KHTML, like Gecko) jsdom/27.3.0&apos;[39m,
  ip: [32m&apos;client_ip_unavailable&apos;[39m,
  sessionId: [32m&apos;session_1770159305851_dz4d50iz8&apos;[39m
}

            </system-out>
            <system-err>
[AuthService] Unexpected login error: [90mundefined[39m

[AuthService] Unexpected login error: [90mundefined[39m

[AuthService] Unexpected login error: [90mundefined[39m

[AuthService] Unexpected login error: [90mundefined[39m

[AuthService] Unexpected login error: [90mundefined[39m

[AuthService] Unexpected login error: [90mundefined[39m

            </system-err>
        </testcase>
        <testcase classname="tests/security/auth-penetration-simple.test.js" name="Authentication Penetration Testing - Simple &gt; Input Validation Security &gt; should handle XSS attempts in passwords" time="0.0056603">
            <system-out>
[AUDIT: MEDIUM] login_failure {
  id: [32m&apos;audit_1770159305860_hy02mu32v&apos;[39m,
  timestamp: [32m&apos;2026-02-03T22:55:05.860Z&apos;[39m,
  action: [32m&apos;login_failure&apos;[39m,
  details: {
    email: [32m&apos;test@example.com&apos;[39m,
    method: [32m&apos;email_password&apos;[39m,
    errorCode: [90mundefined[39m,
    errorMessage: [32m&apos;authInstance._getRecaptchaConfig is not a function&apos;[39m
  },
  userId: [32m&apos;anonymous&apos;[39m,
  severity: [32m&apos;medium&apos;[39m,
  userAgent: [32m&apos;Mozilla/5.0 (win32) AppleWebKit/537.36 (KHTML, like Gecko) jsdom/27.3.0&apos;[39m,
  ip: [32m&apos;client_ip_unavailable&apos;[39m,
  sessionId: [32m&apos;session_1770159305851_dz4d50iz8&apos;[39m
}

[AUDIT: MEDIUM] login_failure {
  id: [32m&apos;audit_1770159305861_5a5yc6gf9&apos;[39m,
  timestamp: [32m&apos;2026-02-03T22:55:05.861Z&apos;[39m,
  action: [32m&apos;login_failure&apos;[39m,
  details: {
    email: [32m&apos;test@example.com&apos;[39m,
    method: [32m&apos;email_password&apos;[39m,
    errorCode: [90mundefined[39m,
    errorMessage: [32m&apos;authInstance._getRecaptchaConfig is not a function&apos;[39m
  },
  userId: [32m&apos;anonymous&apos;[39m,
  severity: [32m&apos;medium&apos;[39m,
  userAgent: [32m&apos;Mozilla/5.0 (win32) AppleWebKit/537.36 (KHTML, like Gecko) jsdom/27.3.0&apos;[39m,
  ip: [32m&apos;client_ip_unavailable&apos;[39m,
  sessionId: [32m&apos;session_1770159305851_dz4d50iz8&apos;[39m
}

[AUDIT: MEDIUM] login_failure {
  id: [32m&apos;audit_1770159305862_x0rke2h4o&apos;[39m,
  timestamp: [32m&apos;2026-02-03T22:55:05.862Z&apos;[39m,
  action: [32m&apos;login_failure&apos;[39m,
  details: {
    email: [32m&apos;test@example.com&apos;[39m,
    method: [32m&apos;email_password&apos;[39m,
    errorCode: [90mundefined[39m,
    errorMessage: [32m&apos;authInstance._getRecaptchaConfig is not a function&apos;[39m
  },
  userId: [32m&apos;anonymous&apos;[39m,
  severity: [32m&apos;medium&apos;[39m,
  userAgent: [32m&apos;Mozilla/5.0 (win32) AppleWebKit/537.36 (KHTML, like Gecko) jsdom/27.3.0&apos;[39m,
  ip: [32m&apos;client_ip_unavailable&apos;[39m,
  sessionId: [32m&apos;session_1770159305851_dz4d50iz8&apos;[39m
}

[AUDIT: MEDIUM] login_failure {
  id: [32m&apos;audit_1770159305863_9f018khz1&apos;[39m,
  timestamp: [32m&apos;2026-02-03T22:55:05.863Z&apos;[39m,
  action: [32m&apos;login_failure&apos;[39m,
  details: {
    email: [32m&apos;test@example.com&apos;[39m,
    method: [32m&apos;email_password&apos;[39m,
    errorCode: [90mundefined[39m,
    errorMessage: [32m&apos;authInstance._getRecaptchaConfig is not a function&apos;[39m
  },
  userId: [32m&apos;anonymous&apos;[39m,
  severity: [32m&apos;medium&apos;[39m,
  userAgent: [32m&apos;Mozilla/5.0 (win32) AppleWebKit/537.36 (KHTML, like Gecko) jsdom/27.3.0&apos;[39m,
  ip: [32m&apos;client_ip_unavailable&apos;[39m,
  sessionId: [32m&apos;session_1770159305851_dz4d50iz8&apos;[39m
}

[AUDIT: MEDIUM] login_failure {
  id: [32m&apos;audit_1770159305864_p6jkxx6m4&apos;[39m,
  timestamp: [32m&apos;2026-02-03T22:55:05.864Z&apos;[39m,
  action: [32m&apos;login_failure&apos;[39m,
  details: {
    email: [32m&apos;test@example.com&apos;[39m,
    method: [32m&apos;email_password&apos;[39m,
    errorCode: [90mundefined[39m,
    errorMessage: [32m&apos;authInstance._getRecaptchaConfig is not a function&apos;[39m
  },
  userId: [32m&apos;anonymous&apos;[39m,
  severity: [32m&apos;medium&apos;[39m,
  userAgent: [32m&apos;Mozilla/5.0 (win32) AppleWebKit/537.36 (KHTML, like Gecko) jsdom/27.3.0&apos;[39m,
  ip: [32m&apos;client_ip_unavailable&apos;[39m,
  sessionId: [32m&apos;session_1770159305851_dz4d50iz8&apos;[39m
}

[AUDIT: HIGH] rate_limit_exceeded {
  id: [32m&apos;audit_1770159305864_44q8dvwoc&apos;[39m,
  timestamp: [32m&apos;2026-02-03T22:55:05.864Z&apos;[39m,
  action: [32m&apos;rate_limit_exceeded&apos;[39m,
  details: { email: [32m&apos;test@example.com&apos;[39m, remainingTime: [33m900[39m },
  userId: [32m&apos;anonymous&apos;[39m,
  severity: [32m&apos;high&apos;[39m,
  userAgent: [32m&apos;Mozilla/5.0 (win32) AppleWebKit/537.36 (KHTML, like Gecko) jsdom/27.3.0&apos;[39m,
  ip: [32m&apos;client_ip_unavailable&apos;[39m,
  sessionId: [32m&apos;session_1770159305851_dz4d50iz8&apos;[39m
}

[AUDIT: HIGH] rate_limit_exceeded {
  id: [32m&apos;audit_1770159305865_it682rs1x&apos;[39m,
  timestamp: [32m&apos;2026-02-03T22:55:05.865Z&apos;[39m,
  action: [32m&apos;rate_limit_exceeded&apos;[39m,
  details: { email: [32m&apos;test@example.com&apos;[39m, remainingTime: [33m900[39m },
  userId: [32m&apos;anonymous&apos;[39m,
  severity: [32m&apos;high&apos;[39m,
  userAgent: [32m&apos;Mozilla/5.0 (win32) AppleWebKit/537.36 (KHTML, like Gecko) jsdom/27.3.0&apos;[39m,
  ip: [32m&apos;client_ip_unavailable&apos;[39m,
  sessionId: [32m&apos;session_1770159305851_dz4d50iz8&apos;[39m
}

[AUDIT: HIGH] rate_limit_exceeded {
  id: [32m&apos;audit_1770159305865_k0vfxsuii&apos;[39m,
  timestamp: [32m&apos;2026-02-03T22:55:05.865Z&apos;[39m,
  action: [32m&apos;rate_limit_exceeded&apos;[39m,
  details: { email: [32m&apos;test@example.com&apos;[39m, remainingTime: [33m900[39m },
  userId: [32m&apos;anonymous&apos;[39m,
  severity: [32m&apos;high&apos;[39m,
  userAgent: [32m&apos;Mozilla/5.0 (win32) AppleWebKit/537.36 (KHTML, like Gecko) jsdom/27.3.0&apos;[39m,
  ip: [32m&apos;client_ip_unavailable&apos;[39m,
  sessionId: [32m&apos;session_1770159305851_dz4d50iz8&apos;[39m
}

            </system-out>
            <system-err>
[AuthService] Unexpected login error: [90mundefined[39m

[AuthService] Unexpected login error: [90mundefined[39m

[AuthService] Unexpected login error: [90mundefined[39m

[AuthService] Unexpected login error: [90mundefined[39m

[AuthService] Unexpected login error: [90mundefined[39m

            </system-err>
        </testcase>
        <testcase classname="tests/security/auth-penetration-simple.test.js" name="Authentication Penetration Testing - Simple &gt; Input Validation Security &gt; should handle SQL injection attempts in passwords" time="0.0051537">
            <system-out>
[AUDIT: MEDIUM] login_failure {
  id: [32m&apos;audit_1770159305866_snvg2hn4u&apos;[39m,
  timestamp: [32m&apos;2026-02-03T22:55:05.866Z&apos;[39m,
  action: [32m&apos;login_failure&apos;[39m,
  details: {
    email: [32m&apos;test@example.com&apos;[39m,
    method: [32m&apos;email_password&apos;[39m,
    errorCode: [90mundefined[39m,
    errorMessage: [32m&apos;authInstance._getRecaptchaConfig is not a function&apos;[39m
  },
  userId: [32m&apos;anonymous&apos;[39m,
  severity: [32m&apos;medium&apos;[39m,
  userAgent: [32m&apos;Mozilla/5.0 (win32) AppleWebKit/537.36 (KHTML, like Gecko) jsdom/27.3.0&apos;[39m,
  ip: [32m&apos;client_ip_unavailable&apos;[39m,
  sessionId: [32m&apos;session_1770159305851_dz4d50iz8&apos;[39m
}

[AUDIT: MEDIUM] login_failure {
  id: [32m&apos;audit_1770159305867_abw00dnc8&apos;[39m,
  timestamp: [32m&apos;2026-02-03T22:55:05.867Z&apos;[39m,
  action: [32m&apos;login_failure&apos;[39m,
  details: {
    email: [32m&apos;test@example.com&apos;[39m,
    method: [32m&apos;email_password&apos;[39m,
    errorCode: [90mundefined[39m,
    errorMessage: [32m&apos;authInstance._getRecaptchaConfig is not a function&apos;[39m
  },
  userId: [32m&apos;anonymous&apos;[39m,
  severity: [32m&apos;medium&apos;[39m,
  userAgent: [32m&apos;Mozilla/5.0 (win32) AppleWebKit/537.36 (KHTML, like Gecko) jsdom/27.3.0&apos;[39m,
  ip: [32m&apos;client_ip_unavailable&apos;[39m,
  sessionId: [32m&apos;session_1770159305851_dz4d50iz8&apos;[39m
}

[AUDIT: MEDIUM] login_failure {
  id: [32m&apos;audit_1770159305868_0w0ep1p7a&apos;[39m,
  timestamp: [32m&apos;2026-02-03T22:55:05.868Z&apos;[39m,
  action: [32m&apos;login_failure&apos;[39m,
  details: {
    email: [32m&apos;test@example.com&apos;[39m,
    method: [32m&apos;email_password&apos;[39m,
    errorCode: [90mundefined[39m,
    errorMessage: [32m&apos;authInstance._getRecaptchaConfig is not a function&apos;[39m
  },
  userId: [32m&apos;anonymous&apos;[39m,
  severity: [32m&apos;medium&apos;[39m,
  userAgent: [32m&apos;Mozilla/5.0 (win32) AppleWebKit/537.36 (KHTML, like Gecko) jsdom/27.3.0&apos;[39m,
  ip: [32m&apos;client_ip_unavailable&apos;[39m,
  sessionId: [32m&apos;session_1770159305851_dz4d50iz8&apos;[39m
}

[AUDIT: MEDIUM] login_failure {
  id: [32m&apos;audit_1770159305869_ydlfkooy1&apos;[39m,
  timestamp: [32m&apos;2026-02-03T22:55:05.869Z&apos;[39m,
  action: [32m&apos;login_failure&apos;[39m,
  details: {
    email: [32m&apos;test@example.com&apos;[39m,
    method: [32m&apos;email_password&apos;[39m,
    errorCode: [90mundefined[39m,
    errorMessage: [32m&apos;authInstance._getRecaptchaConfig is not a function&apos;[39m
  },
  userId: [32m&apos;anonymous&apos;[39m,
  severity: [32m&apos;medium&apos;[39m,
  userAgent: [32m&apos;Mozilla/5.0 (win32) AppleWebKit/537.36 (KHTML, like Gecko) jsdom/27.3.0&apos;[39m,
  ip: [32m&apos;client_ip_unavailable&apos;[39m,
  sessionId: [32m&apos;session_1770159305851_dz4d50iz8&apos;[39m
}

[AUDIT: MEDIUM] login_failure {
  id: [32m&apos;audit_1770159305869_tdyd2hyrp&apos;[39m,
  timestamp: [32m&apos;2026-02-03T22:55:05.869Z&apos;[39m,
  action: [32m&apos;login_failure&apos;[39m,
  details: {
    email: [32m&apos;test@example.com&apos;[39m,
    method: [32m&apos;email_password&apos;[39m,
    errorCode: [90mundefined[39m,
    errorMessage: [32m&apos;authInstance._getRecaptchaConfig is not a function&apos;[39m
  },
  userId: [32m&apos;anonymous&apos;[39m,
  severity: [32m&apos;medium&apos;[39m,
  userAgent: [32m&apos;Mozilla/5.0 (win32) AppleWebKit/537.36 (KHTML, like Gecko) jsdom/27.3.0&apos;[39m,
  ip: [32m&apos;client_ip_unavailable&apos;[39m,
  sessionId: [32m&apos;session_1770159305851_dz4d50iz8&apos;[39m
}

[AUDIT: HIGH] rate_limit_exceeded {
  id: [32m&apos;audit_1770159305870_gfkidknck&apos;[39m,
  timestamp: [32m&apos;2026-02-03T22:55:05.870Z&apos;[39m,
  action: [32m&apos;rate_limit_exceeded&apos;[39m,
  details: { email: [32m&apos;test@example.com&apos;[39m, remainingTime: [33m900[39m },
  userId: [32m&apos;anonymous&apos;[39m,
  severity: [32m&apos;high&apos;[39m,
  userAgent: [32m&apos;Mozilla/5.0 (win32) AppleWebKit/537.36 (KHTML, like Gecko) jsdom/27.3.0&apos;[39m,
  ip: [32m&apos;client_ip_unavailable&apos;[39m,
  sessionId: [32m&apos;session_1770159305851_dz4d50iz8&apos;[39m
}

[AUDIT: HIGH] rate_limit_exceeded {
  id: [32m&apos;audit_1770159305870_oi7cr1igy&apos;[39m,
  timestamp: [32m&apos;2026-02-03T22:55:05.870Z&apos;[39m,
  action: [32m&apos;rate_limit_exceeded&apos;[39m,
  details: { email: [32m&apos;test@example.com&apos;[39m, remainingTime: [33m900[39m },
  userId: [32m&apos;anonymous&apos;[39m,
  severity: [32m&apos;high&apos;[39m,
  userAgent: [32m&apos;Mozilla/5.0 (win32) AppleWebKit/537.36 (KHTML, like Gecko) jsdom/27.3.0&apos;[39m,
  ip: [32m&apos;client_ip_unavailable&apos;[39m,
  sessionId: [32m&apos;session_1770159305851_dz4d50iz8&apos;[39m
}

[AUDIT: HIGH] rate_limit_exceeded {
  id: [32m&apos;audit_1770159305871_bhvw3ihsg&apos;[39m,
  timestamp: [32m&apos;2026-02-03T22:55:05.871Z&apos;[39m,
  action: [32m&apos;rate_limit_exceeded&apos;[39m,
  details: { email: [32m&apos;test@example.com&apos;[39m, remainingTime: [33m900[39m },
  userId: [32m&apos;anonymous&apos;[39m,
  severity: [32m&apos;high&apos;[39m,
  userAgent: [32m&apos;Mozilla/5.0 (win32) AppleWebKit/537.36 (KHTML, like Gecko) jsdom/27.3.0&apos;[39m,
  ip: [32m&apos;client_ip_unavailable&apos;[39m,
  sessionId: [32m&apos;session_1770159305851_dz4d50iz8&apos;[39m
}

            </system-out>
            <system-err>
[AuthService] Unexpected login error: [90mundefined[39m

[AuthService] Unexpected login error: [90mundefined[39m

[AuthService] Unexpected login error: [90mundefined[39m

[AuthService] Unexpected login error: [90mundefined[39m

[AuthService] Unexpected login error: [90mundefined[39m

            </system-err>
        </testcase>
        <testcase classname="tests/security/auth-penetration-simple.test.js" name="Authentication Penetration Testing - Simple &gt; Input Validation Security &gt; should reject null/undefined credentials" time="0.0041298">
            <system-out>
[AUDIT: MEDIUM] login_failure {
  id: [32m&apos;audit_1770159305872_3ea2iquk3&apos;[39m,
  timestamp: [32m&apos;2026-02-03T22:55:05.872Z&apos;[39m,
  action: [32m&apos;login_failure&apos;[39m,
  details: {
    email: [1mnull[22m,
    method: [32m&apos;email_password&apos;[39m,
    errorCode: [90mundefined[39m,
    errorMessage: [32m&apos;authInstance._getRecaptchaConfig is not a function&apos;[39m
  },
  userId: [32m&apos;anonymous&apos;[39m,
  severity: [32m&apos;medium&apos;[39m,
  userAgent: [32m&apos;Mozilla/5.0 (win32) AppleWebKit/537.36 (KHTML, like Gecko) jsdom/27.3.0&apos;[39m,
  ip: [32m&apos;client_ip_unavailable&apos;[39m,
  sessionId: [32m&apos;session_1770159305851_dz4d50iz8&apos;[39m
}

[AUDIT: MEDIUM] login_failure {
  id: [32m&apos;audit_1770159305872_y28vl3rla&apos;[39m,
  timestamp: [32m&apos;2026-02-03T22:55:05.872Z&apos;[39m,
  action: [32m&apos;login_failure&apos;[39m,
  details: {
    email: [32m&apos;test@example.com&apos;[39m,
    method: [32m&apos;email_password&apos;[39m,
    errorCode: [90mundefined[39m,
    errorMessage: [32m&apos;authInstance._getRecaptchaConfig is not a function&apos;[39m
  },
  userId: [32m&apos;anonymous&apos;[39m,
  severity: [32m&apos;medium&apos;[39m,
  userAgent: [32m&apos;Mozilla/5.0 (win32) AppleWebKit/537.36 (KHTML, like Gecko) jsdom/27.3.0&apos;[39m,
  ip: [32m&apos;client_ip_unavailable&apos;[39m,
  sessionId: [32m&apos;session_1770159305851_dz4d50iz8&apos;[39m
}

[AUDIT: MEDIUM] login_failure {
  id: [32m&apos;audit_1770159305873_1tob6h28t&apos;[39m,
  timestamp: [32m&apos;2026-02-03T22:55:05.873Z&apos;[39m,
  action: [32m&apos;login_failure&apos;[39m,
  details: {
    email: [90mundefined[39m,
    method: [32m&apos;email_password&apos;[39m,
    errorCode: [90mundefined[39m,
    errorMessage: [32m&apos;authInstance._getRecaptchaConfig is not a function&apos;[39m
  },
  userId: [32m&apos;anonymous&apos;[39m,
  severity: [32m&apos;medium&apos;[39m,
  userAgent: [32m&apos;Mozilla/5.0 (win32) AppleWebKit/537.36 (KHTML, like Gecko) jsdom/27.3.0&apos;[39m,
  ip: [32m&apos;client_ip_unavailable&apos;[39m,
  sessionId: [32m&apos;session_1770159305851_dz4d50iz8&apos;[39m
}

[AUDIT: MEDIUM] login_failure {
  id: [32m&apos;audit_1770159305874_c301l58gw&apos;[39m,
  timestamp: [32m&apos;2026-02-03T22:55:05.874Z&apos;[39m,
  action: [32m&apos;login_failure&apos;[39m,
  details: {
    email: [32m&apos;test@example.com&apos;[39m,
    method: [32m&apos;email_password&apos;[39m,
    errorCode: [90mundefined[39m,
    errorMessage: [32m&apos;authInstance._getRecaptchaConfig is not a function&apos;[39m
  },
  userId: [32m&apos;anonymous&apos;[39m,
  severity: [32m&apos;medium&apos;[39m,
  userAgent: [32m&apos;Mozilla/5.0 (win32) AppleWebKit/537.36 (KHTML, like Gecko) jsdom/27.3.0&apos;[39m,
  ip: [32m&apos;client_ip_unavailable&apos;[39m,
  sessionId: [32m&apos;session_1770159305851_dz4d50iz8&apos;[39m
}

[AUDIT: MEDIUM] login_failure {
  id: [32m&apos;audit_1770159305874_7e6ndiddw&apos;[39m,
  timestamp: [32m&apos;2026-02-03T22:55:05.874Z&apos;[39m,
  action: [32m&apos;login_failure&apos;[39m,
  details: {
    email: [32m&apos;&apos;[39m,
    method: [32m&apos;email_password&apos;[39m,
    errorCode: [90mundefined[39m,
    errorMessage: [32m&apos;authInstance._getRecaptchaConfig is not a function&apos;[39m
  },
  userId: [32m&apos;anonymous&apos;[39m,
  severity: [32m&apos;medium&apos;[39m,
  userAgent: [32m&apos;Mozilla/5.0 (win32) AppleWebKit/537.36 (KHTML, like Gecko) jsdom/27.3.0&apos;[39m,
  ip: [32m&apos;client_ip_unavailable&apos;[39m,
  sessionId: [32m&apos;session_1770159305851_dz4d50iz8&apos;[39m
}

[AUDIT: MEDIUM] login_failure {
  id: [32m&apos;audit_1770159305875_4rbvvzqwf&apos;[39m,
  timestamp: [32m&apos;2026-02-03T22:55:05.875Z&apos;[39m,
  action: [32m&apos;login_failure&apos;[39m,
  details: {
    email: [32m&apos;test@example.com&apos;[39m,
    method: [32m&apos;email_password&apos;[39m,
    errorCode: [90mundefined[39m,
    errorMessage: [32m&apos;authInstance._getRecaptchaConfig is not a function&apos;[39m
  },
  userId: [32m&apos;anonymous&apos;[39m,
  severity: [32m&apos;medium&apos;[39m,
  userAgent: [32m&apos;Mozilla/5.0 (win32) AppleWebKit/537.36 (KHTML, like Gecko) jsdom/27.3.0&apos;[39m,
  ip: [32m&apos;client_ip_unavailable&apos;[39m,
  sessionId: [32m&apos;session_1770159305851_dz4d50iz8&apos;[39m
}

            </system-out>
            <system-err>
[AuthService] Unexpected login error: [90mundefined[39m

[AuthService] Unexpected login error: [90mundefined[39m

[AuthService] Unexpected login error: [90mundefined[39m

[AuthService] Unexpected login error: [90mundefined[39m

[AuthService] Unexpected login error: [90mundefined[39m

[AuthService] Unexpected login error: [90mundefined[39m

            </system-err>
        </testcase>
        <testcase classname="tests/security/auth-penetration-simple.test.js" name="Authentication Penetration Testing - Simple &gt; Input Validation Security &gt; should handle extremely long inputs" time="0.0010538">
            <system-out>
[AUDIT: MEDIUM] login_failure {
  id: [32m&apos;audit_1770159305876_ai8l5ngkp&apos;[39m,
  timestamp: [32m&apos;2026-02-03T22:55:05.876Z&apos;[39m,
  action: [32m&apos;login_failure&apos;[39m,
  details: {
    email: [32m&apos;aaaaaaaaaaaaaaaaaaaaaaaaaaaaaaaaaaaaaaaaaaaaaaaaaaaaaaaaaaaaaaaaaaaaaaaaaaaaaaaaaaaaaaaaaaaaaaaaaaaaaaaaaaaaaaaaaaaaaaaaaaaaaaaaaaaaaaaaaaaaaaaaaaaaaaaaaaaaaaaaaaaaaaaaaaaaaaaaaaaaaaaaaaaaaaaaaaaaaaaaaaaaaaaaaaaaaaaaaaaaaaaaaaaaaaaaaaaaaaaaaaaaaaaaaaaaaaaaaaaaaaaaaaaaaaaaaaaaaaaaaaaaaaaaaaaaaaaaaaaaaaaaaaaaaaaaaaaaaaaaaaaaaaaaaaaaaaaaaaaaaaaaaaaaaaaaaaaaaaaaaaaaaaaaaaaaaaaaaaaaaaaaaaaaaaaaaaaaaaaaaaaaaaaaaaaaaaaaaaaaaaaaaaaaaaaaaaaaaaaaaaaaaaaaaaaaaaaaaaaaaaaaaaaaaaaaaaaaaaaaaaaaaaaaaaaaaaaaaaaaaaaaaaaaaaaaaaaaaaaaaaaaaaaaaaaaaaaaaaaaaaaaaaaaaaaaaaaaaaaaaaaaaaaaaaaaaaaaaaaaaaaaaaaaaaaaaaaaaaaaaaaaaaaaaaaaaaaaaaaaaaaaaaaaaaaaaaaaaaaaaaaaaaaaaaaaaaaaaaaaaaaaaaaaaaaaaaaaaaaaaaaaaaaaaaaaaaaaaaaaaaaaaaaaaaaaaaaaaaaaaaaaaaaaaaaaaaaaaaaaaaaaaaaaaaaaaaaaaaaaaaaaaaaaaaaaaaaaaaaaaaaaaaaaaaaaaaaaaaaaaaaaaaaaaaaaaaaaaaaaaaaaaaaaaaaaaaaaaaaaaaaaaaaaaaaaaaaaaaaaaaaaaaaaaaaaaaaaaaaaaaaaaaaaaaaaaaaaaaaaaaaaaaaaaaaaaaaaaaaaaaaaaaaaaaaaaaaaaaaaaaaaaaaaaaaaaaaaaaaaaaaaaaaaaaaaaaaaaaaaaaaaaaaaaaaaaaaaaaaa@example.com&apos;[39m,
    method: [32m&apos;email_password&apos;[39m,
    errorCode: [90mundefined[39m,
    errorMessage: [32m&apos;authInstance._getRecaptchaConfig is not a function&apos;[39m
  },
  userId: [32m&apos;anonymous&apos;[39m,
  severity: [32m&apos;medium&apos;[39m,
  userAgent: [32m&apos;Mozilla/5.0 (win32) AppleWebKit/537.36 (KHTML, like Gecko) jsdom/27.3.0&apos;[39m,
  ip: [32m&apos;client_ip_unavailable&apos;[39m,
  sessionId: [32m&apos;session_1770159305851_dz4d50iz8&apos;[39m
}

            </system-out>
            <system-err>
[AuthService] Unexpected login error: [90mundefined[39m

            </system-err>
        </testcase>
        <testcase classname="tests/security/auth-penetration-simple.test.js" name="Authentication Penetration Testing - Simple &gt; Rate Limiting Security &gt; should have rate limiting service available" time="0.0003178">
        </testcase>
        <testcase classname="tests/security/auth-penetration-simple.test.js" name="Authentication Penetration Testing - Simple &gt; Rate Limiting Security &gt; should track failed attempts correctly" time="0.0004171">
        </testcase>
        <testcase classname="tests/security/auth-penetration-simple.test.js" name="Authentication Penetration Testing - Simple &gt; Rate Limiting Security &gt; should eventually lock out after many attempts" time="0.0003747">
        </testcase>
        <testcase classname="tests/security/auth-penetration-simple.test.js" name="Authentication Penetration Testing - Simple &gt; Rate Limiting Security &gt; should reset on successful attempt" time="0.000343">
        </testcase>
        <testcase classname="tests/security/auth-penetration-simple.test.js" name="Authentication Penetration Testing - Simple &gt; Rate Limiting Security &gt; should handle multiple users independently" time="0.0003625">
        </testcase>
        <testcase classname="tests/security/auth-penetration-simple.test.js" name="Authentication Penetration Testing - Simple &gt; Session Security &gt; should handle session state correctly" time="0.0003398">
        </testcase>
        <testcase classname="tests/security/auth-penetration-simple.test.js" name="Authentication Penetration Testing - Simple &gt; Session Security &gt; should handle auth hint correctly" time="0.0003444">
        </testcase>
        <testcase classname="tests/security/auth-penetration-simple.test.js" name="Authentication Penetration Testing - Simple &gt; Password Reset Security &gt; should handle malicious reset emails" time="0.002916">
            <system-out>
[AUDIT: MEDIUM] password_reset_request {
  id: [32m&apos;audit_1770159305880_dodixe0pn&apos;[39m,
  timestamp: [32m&apos;2026-02-03T22:55:05.880Z&apos;[39m,
  action: [32m&apos;password_reset_request&apos;[39m,
  details: {
    email: [32m&apos;javascript:alert(&quot;XSS&quot;)&apos;[39m,
    errorCode: [90mundefined[39m,
    errorMessage: [32m&apos;authInstance._getRecaptchaConfig is not a function&apos;[39m,
    failed: [33mtrue[39m
  },
  userId: [32m&apos;anonymous&apos;[39m,
  severity: [32m&apos;medium&apos;[39m,
  userAgent: [32m&apos;Mozilla/5.0 (win32) AppleWebKit/537.36 (KHTML, like Gecko) jsdom/27.3.0&apos;[39m,
  ip: [32m&apos;client_ip_unavailable&apos;[39m,
  sessionId: [32m&apos;session_1770159305851_dz4d50iz8&apos;[39m
}

[AUDIT: MEDIUM] password_reset_request {
  id: [32m&apos;audit_1770159305881_vhfgyggqa&apos;[39m,
  timestamp: [32m&apos;2026-02-03T22:55:05.881Z&apos;[39m,
  action: [32m&apos;password_reset_request&apos;[39m,
  details: {
    email: [32m&apos;&lt;script&gt;alert(&quot;XSS&quot;)&lt;/script&gt;&apos;[39m,
    errorCode: [90mundefined[39m,
    errorMessage: [32m&apos;authInstance._getRecaptchaConfig is not a function&apos;[39m,
    failed: [33mtrue[39m
  },
  userId: [32m&apos;anonymous&apos;[39m,
  severity: [32m&apos;medium&apos;[39m,
  userAgent: [32m&apos;Mozilla/5.0 (win32) AppleWebKit/537.36 (KHTML, like Gecko) jsdom/27.3.0&apos;[39m,
  ip: [32m&apos;client_ip_unavailable&apos;[39m,
  sessionId: [32m&apos;session_1770159305851_dz4d50iz8&apos;[39m
}

[AUDIT: MEDIUM] password_reset_request {
  id: [32m&apos;audit_1770159305881_lrng43jb9&apos;[39m,
  timestamp: [32m&apos;2026-02-03T22:55:05.881Z&apos;[39m,
  action: [32m&apos;password_reset_request&apos;[39m,
  details: {
    email: [32m&apos;../../../etc/passwd&apos;[39m,
    errorCode: [90mundefined[39m,
    errorMessage: [32m&apos;authInstance._getRecaptchaConfig is not a function&apos;[39m,
    failed: [33mtrue[39m
  },
  userId: [32m&apos;anonymous&apos;[39m,
  severity: [32m&apos;medium&apos;[39m,
  userAgent: [32m&apos;Mozilla/5.0 (win32) AppleWebKit/537.36 (KHTML, like Gecko) jsdom/27.3.0&apos;[39m,
  ip: [32m&apos;client_ip_unavailable&apos;[39m,
  sessionId: [32m&apos;session_1770159305851_dz4d50iz8&apos;[39m
}

[AUDIT: MEDIUM] password_reset_request {
  id: [32m&apos;audit_1770159305882_2gw378pbf&apos;[39m,
  timestamp: [32m&apos;2026-02-03T22:55:05.882Z&apos;[39m,
  action: [32m&apos;password_reset_request&apos;[39m,
  details: {
    email: [32m&apos;&quot;; DROP TABLE users; --&apos;[39m,
    errorCode: [90mundefined[39m,
    errorMessage: [32m&apos;authInstance._getRecaptchaConfig is not a function&apos;[39m,
    failed: [33mtrue[39m
  },
  userId: [32m&apos;anonymous&apos;[39m,
  severity: [32m&apos;medium&apos;[39m,
  userAgent: [32m&apos;Mozilla/5.0 (win32) AppleWebKit/537.36 (KHTML, like Gecko) jsdom/27.3.0&apos;[39m,
  ip: [32m&apos;client_ip_unavailable&apos;[39m,
  sessionId: [32m&apos;session_1770159305851_dz4d50iz8&apos;[39m
}

            </system-out>
            <system-err>
[AuthService] Unexpected password reset error: [90mundefined[39m

[AuthService] Unexpected password reset error: [90mundefined[39m

[AuthService] Unexpected password reset error: [90mundefined[39m

[AuthService] Unexpected password reset error: [90mundefined[39m

            </system-err>
        </testcase>
        <testcase classname="tests/security/auth-penetration-simple.test.js" name="Authentication Penetration Testing - Simple &gt; Password Reset Security &gt; should handle null/undefined reset emails" time="0.0029231">
            <system-out>
[AUDIT: MEDIUM] password_reset_request {
  id: [32m&apos;audit_1770159305883_n3u45m0f2&apos;[39m,
  timestamp: [32m&apos;2026-02-03T22:55:05.883Z&apos;[39m,
  action: [32m&apos;password_reset_request&apos;[39m,
  details: {
    email: [1mnull[22m,
    errorCode: [90mundefined[39m,
    errorMessage: [32m&apos;authInstance._getRecaptchaConfig is not a function&apos;[39m,
    failed: [33mtrue[39m
  },
  userId: [32m&apos;anonymous&apos;[39m,
  severity: [32m&apos;medium&apos;[39m,
  userAgent: [32m&apos;Mozilla/5.0 (win32) AppleWebKit/537.36 (KHTML, like Gecko) jsdom/27.3.0&apos;[39m,
  ip: [32m&apos;client_ip_unavailable&apos;[39m,
  sessionId: [32m&apos;session_1770159305851_dz4d50iz8&apos;[39m
}

[AUDIT: MEDIUM] password_reset_request {
  id: [32m&apos;audit_1770159305883_do8hhboll&apos;[39m,
  timestamp: [32m&apos;2026-02-03T22:55:05.883Z&apos;[39m,
  action: [32m&apos;password_reset_request&apos;[39m,
  details: {
    email: [90mundefined[39m,
    errorCode: [90mundefined[39m,
    errorMessage: [32m&apos;authInstance._getRecaptchaConfig is not a function&apos;[39m,
    failed: [33mtrue[39m
  },
  userId: [32m&apos;anonymous&apos;[39m,
  severity: [32m&apos;medium&apos;[39m,
  userAgent: [32m&apos;Mozilla/5.0 (win32) AppleWebKit/537.36 (KHTML, like Gecko) jsdom/27.3.0&apos;[39m,
  ip: [32m&apos;client_ip_unavailable&apos;[39m,
  sessionId: [32m&apos;session_1770159305851_dz4d50iz8&apos;[39m
}

[AUDIT: MEDIUM] password_reset_request {
  id: [32m&apos;audit_1770159305884_cae567c3a&apos;[39m,
  timestamp: [32m&apos;2026-02-03T22:55:05.884Z&apos;[39m,
  action: [32m&apos;password_reset_request&apos;[39m,
  details: {
    email: [32m&apos;&apos;[39m,
    errorCode: [90mundefined[39m,
    errorMessage: [32m&apos;authInstance._getRecaptchaConfig is not a function&apos;[39m,
    failed: [33mtrue[39m
  },
  userId: [32m&apos;anonymous&apos;[39m,
  severity: [32m&apos;medium&apos;[39m,
  userAgent: [32m&apos;Mozilla/5.0 (win32) AppleWebKit/537.36 (KHTML, like Gecko) jsdom/27.3.0&apos;[39m,
  ip: [32m&apos;client_ip_unavailable&apos;[39m,
  sessionId: [32m&apos;session_1770159305851_dz4d50iz8&apos;[39m
}

[AUDIT: MEDIUM] password_reset_request {
  id: [32m&apos;audit_1770159305884_lbanpdhah&apos;[39m,
  timestamp: [32m&apos;2026-02-03T22:55:05.884Z&apos;[39m,
  action: [32m&apos;password_reset_request&apos;[39m,
  details: {
    email: [33m0[39m,
    errorCode: [90mundefined[39m,
    errorMessage: [32m&apos;authInstance._getRecaptchaConfig is not a function&apos;[39m,
    failed: [33mtrue[39m
  },
  userId: [32m&apos;anonymous&apos;[39m,
  severity: [32m&apos;medium&apos;[39m,
  userAgent: [32m&apos;Mozilla/5.0 (win32) AppleWebKit/537.36 (KHTML, like Gecko) jsdom/27.3.0&apos;[39m,
  ip: [32m&apos;client_ip_unavailable&apos;[39m,
  sessionId: [32m&apos;session_1770159305851_dz4d50iz8&apos;[39m
}

[AUDIT: MEDIUM] password_reset_request {
  id: [32m&apos;audit_1770159305885_4qk5vzj14&apos;[39m,
  timestamp: [32m&apos;2026-02-03T22:55:05.885Z&apos;[39m,
  action: [32m&apos;password_reset_request&apos;[39m,
  details: {
    email: [33mfalse[39m,
    errorCode: [90mundefined[39m,
    errorMessage: [32m&apos;authInstance._getRecaptchaConfig is not a function&apos;[39m,
    failed: [33mtrue[39m
  },
  userId: [32m&apos;anonymous&apos;[39m,
  severity: [32m&apos;medium&apos;[39m,
  userAgent: [32m&apos;Mozilla/5.0 (win32) AppleWebKit/537.36 (KHTML, like Gecko) jsdom/27.3.0&apos;[39m,
  ip: [32m&apos;client_ip_unavailable&apos;[39m,
  sessionId: [32m&apos;session_1770159305851_dz4d50iz8&apos;[39m
}

            </system-out>
            <system-err>
[AuthService] Unexpected password reset error: [90mundefined[39m

[AuthService] Unexpected password reset error: [90mundefined[39m

[AuthService] Unexpected password reset error: [90mundefined[39m

[AuthService] Unexpected password reset error: [90mundefined[39m

[AuthService] Unexpected password reset error: [90mundefined[39m

            </system-err>
        </testcase>
        <testcase classname="tests/security/auth-penetration-simple.test.js" name="Authentication Penetration Testing - Simple &gt; Error Handling Security &gt; should handle authentication errors gracefully" time="0.0173192">
            <system-out>
[AUDIT: MEDIUM] login_failure {
  id: [32m&apos;audit_1770159305887_1zlhsrsvp&apos;[39m,
  timestamp: [32m&apos;2026-02-03T22:55:05.887Z&apos;[39m,
  action: [32m&apos;login_failure&apos;[39m,
  details: {
    email: [32m&apos;invalid-email&apos;[39m,
    method: [32m&apos;email_password&apos;[39m,
    errorCode: [90mundefined[39m,
    errorMessage: [32m&apos;authInstance._getRecaptchaConfig is not a function&apos;[39m
  },
  userId: [32m&apos;anonymous&apos;[39m,
  severity: [32m&apos;medium&apos;[39m,
  userAgent: [32m&apos;Mozilla/5.0 (win32) AppleWebKit/537.36 (KHTML, like Gecko) jsdom/27.3.0&apos;[39m,
  ip: [32m&apos;client_ip_unavailable&apos;[39m,
  sessionId: [32m&apos;session_1770159305851_dz4d50iz8&apos;[39m
}

[AUDIT: MEDIUM] login_failure {
  id: [32m&apos;audit_1770159305888_abn34aci6&apos;[39m,
  timestamp: [32m&apos;2026-02-03T22:55:05.888Z&apos;[39m,
  action: [32m&apos;login_failure&apos;[39m,
  details: {
    email: [32m&apos;test@&apos;[39m,
    method: [32m&apos;email_password&apos;[39m,
    errorCode: [90mundefined[39m,
    errorMessage: [32m&apos;authInstance._getRecaptchaConfig is not a function&apos;[39m
  },
  userId: [32m&apos;anonymous&apos;[39m,
  severity: [32m&apos;medium&apos;[39m,
  userAgent: [32m&apos;Mozilla/5.0 (win32) AppleWebKit/537.36 (KHTML, like Gecko) jsdom/27.3.0&apos;[39m,
  ip: [32m&apos;client_ip_unavailable&apos;[39m,
  sessionId: [32m&apos;session_1770159305851_dz4d50iz8&apos;[39m
}

[AUDIT: MEDIUM] login_failure {
  id: [32m&apos;audit_1770159305891_6hin0se9o&apos;[39m,
  timestamp: [32m&apos;2026-02-03T22:55:05.891Z&apos;[39m,
  action: [32m&apos;login_failure&apos;[39m,
  details: {
    email: [32m&apos;@example.com&apos;[39m,
    method: [32m&apos;email_password&apos;[39m,
    errorCode: [90mundefined[39m,
    errorMessage: [32m&apos;authInstance._getRecaptchaConfig is not a function&apos;[39m
  },
  userId: [32m&apos;anonymous&apos;[39m,
  severity: [32m&apos;medium&apos;[39m,
  userAgent: [32m&apos;Mozilla/5.0 (win32) AppleWebKit/537.36 (KHTML, like Gecko) jsdom/27.3.0&apos;[39m,
  ip: [32m&apos;client_ip_unavailable&apos;[39m,
  sessionId: [32m&apos;session_1770159305851_dz4d50iz8&apos;[39m
}

            </system-out>
            <system-err>
[AuthService] Unexpected login error: [90mundefined[39m

[AuthService] Unexpected login error: [90mundefined[39m

[AuthService] Unexpected login error: [90mundefined[39m

            </system-err>
        </testcase>
        <testcase classname="tests/security/auth-penetration-simple.test.js" name="Authentication Penetration Testing - Simple &gt; Error Handling Security &gt; should not expose internal error details" time="0.0075058">
            <system-out>
[AUDIT: MEDIUM] login_failure {
  id: [32m&apos;audit_1770159305903_1kfs6kb1i&apos;[39m,
  timestamp: [32m&apos;2026-02-03T22:55:05.903Z&apos;[39m,
  action: [32m&apos;login_failure&apos;[39m,
  details: {
    email: [Object: null prototype] {},
    method: [32m&apos;email_password&apos;[39m,
    errorCode: [90mundefined[39m,
    errorMessage: [32m&apos;authInstance._getRecaptchaConfig is not a function&apos;[39m
  },
  userId: [32m&apos;anonymous&apos;[39m,
  severity: [32m&apos;medium&apos;[39m,
  userAgent: [32m&apos;Mozilla/5.0 (win32) AppleWebKit/537.36 (KHTML, like Gecko) jsdom/27.3.0&apos;[39m,
  ip: [32m&apos;client_ip_unavailable&apos;[39m,
  sessionId: [32m&apos;session_1770159305851_dz4d50iz8&apos;[39m
}

[AUDIT: MEDIUM] login_failure {
  id: [32m&apos;audit_1770159305907_hfez6p1nc&apos;[39m,
  timestamp: [32m&apos;2026-02-03T22:55:05.907Z&apos;[39m,
  action: [32m&apos;login_failure&apos;[39m,
  details: {
    email: [32m&apos;test@example.com&apos;[39m,
    method: [32m&apos;email_password&apos;[39m,
    errorCode: [90mundefined[39m,
    errorMessage: [32m&apos;authInstance._getRecaptchaConfig is not a function&apos;[39m
  },
  userId: [32m&apos;anonymous&apos;[39m,
  severity: [32m&apos;medium&apos;[39m,
  userAgent: [32m&apos;Mozilla/5.0 (win32) AppleWebKit/537.36 (KHTML, like Gecko) jsdom/27.3.0&apos;[39m,
  ip: [32m&apos;client_ip_unavailable&apos;[39m,
  sessionId: [32m&apos;session_1770159305851_dz4d50iz8&apos;[39m
}

[AUDIT: MEDIUM] login_failure {
  id: [32m&apos;audit_1770159305908_s96me241x&apos;[39m,
  timestamp: [32m&apos;2026-02-03T22:55:05.908Z&apos;[39m,
  action: [32m&apos;login_failure&apos;[39m,
  details: {
    email: [36m[Function: email][39m,
    method: [32m&apos;email_password&apos;[39m,
    errorCode: [90mundefined[39m,
    errorMessage: [32m&apos;authInstance._getRecaptchaConfig is not a function&apos;[39m
  },
  userId: [32m&apos;anonymous&apos;[39m,
  severity: [32m&apos;medium&apos;[39m,
  userAgent: [32m&apos;Mozilla/5.0 (win32) AppleWebKit/537.36 (KHTML, like Gecko) jsdom/27.3.0&apos;[39m,
  ip: [32m&apos;client_ip_unavailable&apos;[39m,
  sessionId: [32m&apos;session_1770159305851_dz4d50iz8&apos;[39m
}

[AUDIT: MEDIUM] login_failure {
  id: [32m&apos;audit_1770159305909_co0i5fb36&apos;[39m,
  timestamp: [32m&apos;2026-02-03T22:55:05.910Z&apos;[39m,
  action: [32m&apos;login_failure&apos;[39m,
  details: {
    email: [32m&apos;test@example.com&apos;[39m,
    method: [32m&apos;email_password&apos;[39m,
    errorCode: [90mundefined[39m,
    errorMessage: [32m&apos;authInstance._getRecaptchaConfig is not a function&apos;[39m
  },
  userId: [32m&apos;anonymous&apos;[39m,
  severity: [32m&apos;medium&apos;[39m,
  userAgent: [32m&apos;Mozilla/5.0 (win32) AppleWebKit/537.36 (KHTML, like Gecko) jsdom/27.3.0&apos;[39m,
  ip: [32m&apos;client_ip_unavailable&apos;[39m,
  sessionId: [32m&apos;session_1770159305851_dz4d50iz8&apos;[39m
}

            </system-out>
            <system-err>
[AuthService] Unexpected login error: [90mundefined[39m

[AuthService] Unexpected login error: [90mundefined[39m

[AuthService] Unexpected login error: [90mundefined[39m

[AuthService] Unexpected login error: [90mundefined[39m

            </system-err>
        </testcase>
        <testcase classname="tests/security/auth-penetration-simple.test.js" name="Authentication Penetration Testing - Simple &gt; Performance and DoS Protection &gt; should handle rapid requests gracefully" time="0.0669788">
            <system-out>
[AUDIT: MEDIUM] login_failure {
  id: [32m&apos;audit_1770159305930_rslzw165q&apos;[39m,
  timestamp: [32m&apos;2026-02-03T22:55:05.930Z&apos;[39m,
  action: [32m&apos;login_failure&apos;[39m,
  details: {
    email: [32m&apos;user0@example.com&apos;[39m,
    method: [32m&apos;email_password&apos;[39m,
    errorCode: [90mundefined[39m,
    errorMessage: [32m&apos;authInstance._getRecaptchaConfig is not a function&apos;[39m
  },
  userId: [32m&apos;anonymous&apos;[39m,
  severity: [32m&apos;medium&apos;[39m,
  userAgent: [32m&apos;Mozilla/5.0 (win32) AppleWebKit/537.36 (KHTML, like Gecko) jsdom/27.3.0&apos;[39m,
  ip: [32m&apos;client_ip_unavailable&apos;[39m,
  sessionId: [32m&apos;session_1770159305851_dz4d50iz8&apos;[39m
}
[AUDIT: MEDIUM] login_failure {
  id: [32m&apos;audit_1770159305931_lcxrl23j4&apos;[39m,
  timestamp: [32m&apos;2026-02-03T22:55:05.931Z&apos;[39m,
  action: [32m&apos;login_failure&apos;[39m,
  details: {
    email: [32m&apos;user1@example.com&apos;[39m,
    method: [32m&apos;email_password&apos;[39m,
    errorCode: [90mundefined[39m,
    errorMessage: [32m&apos;authInstance._getRecaptchaConfig is not a function&apos;[39m
  },
  userId: [32m&apos;anonymous&apos;[39m,
  severity: [32m&apos;medium&apos;[39m,
  userAgent: [32m&apos;Mozilla/5.0 (win32) AppleWebKit/537.36 (KHTML, like Gecko) jsdom/27.3.0&apos;[39m,
  ip: [32m&apos;client_ip_unavailable&apos;[39m,
  sessionId: [32m&apos;session_1770159305851_dz4d50iz8&apos;[39m
}
[AUDIT: MEDIUM] login_failure {
  id: [32m&apos;audit_1770159305931_2zf1gz0wa&apos;[39m,
  timestamp: [32m&apos;2026-02-03T22:55:05.931Z&apos;[39m,
  action: [32m&apos;login_failure&apos;[39m,
  details: {
    email: [32m&apos;user2@example.com&apos;[39m,
    method: [32m&apos;email_password&apos;[39m,
    errorCode: [90mundefined[39m,
    errorMessage: [32m&apos;authInstance._getRecaptchaConfig is not a function&apos;[39m
  },
  userId: [32m&apos;anonymous&apos;[39m,
  severity: [32m&apos;medium&apos;[39m,
  userAgent: [32m&apos;Mozilla/5.0 (win32) AppleWebKit/537.36 (KHTML, like Gecko) jsdom/27.3.0&apos;[39m,
  ip: [32m&apos;client_ip_unavailable&apos;[39m,
  sessionId: [32m&apos;session_1770159305851_dz4d50iz8&apos;[39m
}
[AUDIT: MEDIUM] login_failure {
  id: [32m&apos;audit_1770159305931_sa922ec20&apos;[39m,
  timestamp: [32m&apos;2026-02-03T22:55:05.931Z&apos;[39m,
  action: [32m&apos;login_failure&apos;[39m,
  details: {
    email: [32m&apos;user3@example.com&apos;[39m,
    method: [32m&apos;email_password&apos;[39m,
    errorCode: [90mundefined[39m,
    errorMessage: [32m&apos;authInstance._getRecaptchaConfig is not a function&apos;[39m
  },
  userId: [32m&apos;anonymous&apos;[39m,
  severity: [32m&apos;medium&apos;[39m,
  userAgent: [32m&apos;Mozilla/5.0 (win32) AppleWebKit/537.36 (KHTML, like Gecko) jsdom/27.3.0&apos;[39m,
  ip: [32m&apos;client_ip_unavailable&apos;[39m,
  sessionId: [32m&apos;session_1770159305851_dz4d50iz8&apos;[39m
}
[AUDIT: MEDIUM] login_failure {
  id: [32m&apos;audit_1770159305932_b9cg7qj9e&apos;[39m,
  timestamp: [32m&apos;2026-02-03T22:55:05.932Z&apos;[39m,
  action: [32m&apos;login_failure&apos;[39m,
  details: {
    email: [32m&apos;user4@example.com&apos;[39m,
    method: [32m&apos;email_password&apos;[39m,
    errorCode: [90mundefined[39m,
    errorMessage: [32m&apos;authInstance._getRecaptchaConfig is not a function&apos;[39m
  },
  userId: [32m&apos;anonymous&apos;[39m,
  severity: [32m&apos;medium&apos;[39m,
  userAgent: [32m&apos;Mozilla/5.0 (win32) AppleWebKit/537.36 (KHTML, like Gecko) jsdom/27.3.0&apos;[39m,
  ip: [32m&apos;client_ip_unavailable&apos;[39m,
  sessionId: [32m&apos;session_1770159305851_dz4d50iz8&apos;[39m
}
[AUDIT: MEDIUM] login_failure {
  id: [32m&apos;audit_1770159305932_n5bixoybb&apos;[39m,
  timestamp: [32m&apos;2026-02-03T22:55:05.932Z&apos;[39m,
  action: [32m&apos;login_failure&apos;[39m,
  details: {
    email: [32m&apos;user5@example.com&apos;[39m,
    method: [32m&apos;email_password&apos;[39m,
    errorCode: [90mundefined[39m,
    errorMessage: [32m&apos;authInstance._getRecaptchaConfig is not a function&apos;[39m
  },
  userId: [32m&apos;anonymous&apos;[39m,
  severity: [32m&apos;medium&apos;[39m,
  userAgent: [32m&apos;Mozilla/5.0 (win32) AppleWebKit/537.36 (KHTML, like Gecko) jsdom/27.3.0&apos;[39m,
  ip: [32m&apos;client_ip_unavailable&apos;[39m,
  sessionId: [32m&apos;session_1770159305851_dz4d50iz8&apos;[39m
}
[AUDIT: MEDIUM] login_failure {
  id: [32m&apos;audit_1770159305932_qwdhcy67k&apos;[39m,
  timestamp: [32m&apos;2026-02-03T22:55:05.932Z&apos;[39m,
  action: [32m&apos;login_failure&apos;[39m,
  details: {
    email: [32m&apos;user6@example.com&apos;[39m,
    method: [32m&apos;email_password&apos;[39m,
    errorCode: [90mundefined[39m,
    errorMessage: [32m&apos;authInstance._getRecaptchaConfig is not a function&apos;[39m
  },
  userId: [32m&apos;anonymous&apos;[39m,
  severity: [32m&apos;medium&apos;[39m,
  userAgent: [32m&apos;Mozilla/5.0 (win32) AppleWebKit/537.36 (KHTML, like Gecko) jsdom/27.3.0&apos;[39m,
  ip: [32m&apos;client_ip_unavailable&apos;[39m,
  sessionId: [32m&apos;session_1770159305851_dz4d50iz8&apos;[39m
}
[AUDIT: MEDIUM] login_failure {
  id: [32m&apos;audit_1770159305933_1d84da0eu&apos;[39m,
  timestamp: [32m&apos;2026-02-03T22:55:05.933Z&apos;[39m,
  action: [32m&apos;login_failure&apos;[39m,
  details: {
    email: [32m&apos;user7@example.com&apos;[39m,
    method: [32m&apos;email_password&apos;[39m,
    errorCode: [90mundefined[39m,
    errorMessage: [32m&apos;authInstance._getRecaptchaConfig is not a function&apos;[39m
  },
  userId: [32m&apos;anonymous&apos;[39m,
  severity: [32m&apos;medium&apos;[39m,
  userAgent: [32m&apos;Mozilla/5.0 (win32) AppleWebKit/537.36 (KHTML, like Gecko) jsdom/27.3.0&apos;[39m,
  ip: [32m&apos;client_ip_unavailable&apos;[39m,
  sessionId: [32m&apos;session_1770159305851_dz4d50iz8&apos;[39m
}
[AUDIT: MEDIUM] login_failure {
  id: [32m&apos;audit_1770159305934_vj1i6v2fp&apos;[39m,
  timestamp: [32m&apos;2026-02-03T22:55:05.934Z&apos;[39m,
  action: [32m&apos;login_failure&apos;[39m,
  details: {
    email: [32m&apos;user8@example.com&apos;[39m,
    method: [32m&apos;email_password&apos;[39m,
    errorCode: [90mundefined[39m,
    errorMessage: [32m&apos;authInstance._getRecaptchaConfig is not a function&apos;[39m
  },
  userId: [32m&apos;anonymous&apos;[39m,
  severity: [32m&apos;medium&apos;[39m,
  userAgent: [32m&apos;Mozilla/5.0 (win32) AppleWebKit/537.36 (KHTML, like Gecko) jsdom/27.3.0&apos;[39m,
  ip: [32m&apos;client_ip_unavailable&apos;[39m,
  sessionId: [32m&apos;session_1770159305851_dz4d50iz8&apos;[39m
}
[AUDIT: MEDIUM] login_failure {
  id: [32m&apos;audit_1770159305934_z3f6lbaa2&apos;[39m,
  timestamp: [32m&apos;2026-02-03T22:55:05.934Z&apos;[39m,
  action: [32m&apos;login_failure&apos;[39m,
  details: {
    email: [32m&apos;user9@example.com&apos;[39m,
    method: [32m&apos;email_password&apos;[39m,
    errorCode: [90mundefined[39m,
    errorMessage: [32m&apos;authInstance._getRecaptchaConfig is not a function&apos;[39m
  },
  userId: [32m&apos;anonymous&apos;[39m,
  severity: [32m&apos;medium&apos;[39m,
  userAgent: [32m&apos;Mozilla/5.0 (win32) AppleWebKit/537.36 (KHTML, like Gecko) jsdom/27.3.0&apos;[39m,
  ip: [32m&apos;client_ip_unavailable&apos;[39m,
  sessionId: [32m&apos;session_1770159305851_dz4d50iz8&apos;[39m
}
[AUDIT: MEDIUM] login_failure {
  id: [32m&apos;audit_1770159305934_x3mn871sp&apos;[39m,
  timestamp: [32m&apos;2026-02-03T22:55:05.934Z&apos;[39m,
  action: [32m&apos;login_failure&apos;[39m,
  details: {
    email: [32m&apos;user10@example.com&apos;[39m,
    method: [32m&apos;email_password&apos;[39m,
    errorCode: [90mundefined[39m,
    errorMessage: [32m&apos;authInstance._getRecaptchaConfig is not a function&apos;[39m
  },
  userId: [32m&apos;anonymous&apos;[39m,
  severity: [32m&apos;medium&apos;[39m,
  userAgent: [32m&apos;Mozilla/5.0 (win32) AppleWebKit/537.36 (KHTML, like Gecko) jsdom/27.3.0&apos;[39m,
  ip: [32m&apos;client_ip_unavailable&apos;[39m,
  sessionId: [32m&apos;session_1770159305851_dz4d50iz8&apos;[39m
}
[AUDIT: MEDIUM] login_failure {
  id: [32m&apos;audit_1770159305935_mlrm8un9g&apos;[39m,
  timestamp: [32m&apos;2026-02-03T22:55:05.935Z&apos;[39m,
  action: [32m&apos;login_failure&apos;[39m,
  details: {
    email: [32m&apos;user11@example.com&apos;[39m,
    method: [32m&apos;email_password&apos;[39m,
    errorCode: [90mundefined[39m,
    errorMessage: [32m&apos;authInstance._getRecaptchaConfig is not a function&apos;[39m
  },
  userId: [32m&apos;anonymous&apos;[39m,
  severity: [32m&apos;medium&apos;[39m,
  userAgent: [32m&apos;Mozilla/5.0 (win32) AppleWebKit/537.36 (KHTML, like Gecko) jsdom/27.3.0&apos;[39m,
  ip: [32m&apos;client_ip_unavailable&apos;[39m,
  sessionId: [32m&apos;session_1770159305851_dz4d50iz8&apos;[39m
}
[AUDIT: MEDIUM] login_failure {
  id: [32m&apos;audit_1770159305935_svfm9wj0n&apos;[39m,
  timestamp: [32m&apos;2026-02-03T22:55:05.935Z&apos;[39m,
  action: [32m&apos;login_failure&apos;[39m,
  details: {
    email: [32m&apos;user12@example.com&apos;[39m,
    method: [32m&apos;email_password&apos;[39m,
    errorCode: [90mundefined[39m,
    errorMessage: [32m&apos;authInstance._getRecaptchaConfig is not a function&apos;[39m
  },
  userId: [32m&apos;anonymous&apos;[39m,
  severity: [32m&apos;medium&apos;[39m,
  userAgent: [32m&apos;Mozilla/5.0 (win32) AppleWebKit/537.36 (KHTML, like Gecko) jsdom/27.3.0&apos;[39m,
  ip: [32m&apos;client_ip_unavailable&apos;[39m,
  sessionId: [32m&apos;session_1770159305851_dz4d50iz8&apos;[39m
}
[AUDIT: MEDIUM] login_failure {
  id: [32m&apos;audit_1770159305935_ma7z0q6sb&apos;[39m,
  timestamp: [32m&apos;2026-02-03T22:55:05.935Z&apos;[39m,
  action: [32m&apos;login_failure&apos;[39m,
  details: {
    email: [32m&apos;user13@example.com&apos;[39m,
    method: [32m&apos;email_password&apos;[39m,
    errorCode: [90mundefined[39m,
    errorMessage: [32m&apos;authInstance._getRecaptchaConfig is not a function&apos;[39m
  },
  userId: [32m&apos;anonymous&apos;[39m,
  severity: [32m&apos;medium&apos;[39m,
  userAgent: [32m&apos;Mozilla/5.0 (win32) AppleWebKit/537.36 (KHTML, like Gecko) jsdom/27.3.0&apos;[39m,
  ip: [32m&apos;client_ip_unavailable&apos;[39m,
  sessionId: [32m&apos;session_1770159305851_dz4d50iz8&apos;[39m
}
[AUDIT: MEDIUM] login_failure {
  id: [32m&apos;audit_1770159305935_rjqs68q1h&apos;[39m,
  timestamp: [32m&apos;2026-02-03T22:55:05.935Z&apos;[39m,
  action: [32m&apos;login_failure&apos;[39m,
  details: {
    email: [32m&apos;user14@example.com&apos;[39m,
    method: [32m&apos;email_password&apos;[39m,
    errorCode: [90mundefined[39m,
    errorMessage: [32m&apos;authInstance._getRecaptchaConfig is not a function&apos;[39m
  },
  userId: [32m&apos;anonymous&apos;[39m,
  severity: [32m&apos;medium&apos;[39m,
  userAgent: [32m&apos;Mozilla/5.0 (win32) AppleWebKit/537.36 (KHTML, like Gecko) jsdom/27.3.0&apos;[39m,
  ip: [32m&apos;client_ip_unavailable&apos;[39m,
  sessionId: [32m&apos;session_1770159305851_dz4d50iz8&apos;[39m
}
[AUDIT: MEDIUM] login_failure {
  id: [32m&apos;audit_1770159305936_jwb2lz05u&apos;[39m,
  timestamp: [32m&apos;2026-02-03T22:55:05.936Z&apos;[39m,
  action: [32m&apos;login_failure&apos;[39m,
  details: {
    email: [32m&apos;user15@example.com&apos;[39m,
    method: [32m&apos;email_password&apos;[39m,
    errorCode: [90mundefined[39m,
    errorMessage: [32m&apos;authInstance._getRecaptchaConfig is not a function&apos;[39m
  },
  userId: [32m&apos;anonymous&apos;[39m,
  severity: [32m&apos;medium&apos;[39m,
  userAgent: [32m&apos;Mozilla/5.0 (win32) AppleWebKit/537.36 (KHTML, like Gecko) jsdom/27.3.0&apos;[39m,
  ip: [32m&apos;client_ip_unavailable&apos;[39m,
  sessionId: [32m&apos;session_1770159305851_dz4d50iz8&apos;[39m
}
[AUDIT: MEDIUM] login_failure {
  id: [32m&apos;audit_1770159305936_30kskzahn&apos;[39m,
  timestamp: [32m&apos;2026-02-03T22:55:05.936Z&apos;[39m,
  action: [32m&apos;login_failure&apos;[39m,
  details: {
    email: [32m&apos;user16@example.com&apos;[39m,
    method: [32m&apos;email_password&apos;[39m,
    errorCode: [90mundefined[39m,
    errorMessage: [32m&apos;authInstance._getRecaptchaConfig is not a function&apos;[39m
  },
  userId: [32m&apos;anonymous&apos;[39m,
  severity: [32m&apos;medium&apos;[39m,
  userAgent: [32m&apos;Mozilla/5.0 (win32) AppleWebKit/537.36 (KHTML, like Gecko) jsdom/27.3.0&apos;[39m,
  ip: [32m&apos;client_ip_unavailable&apos;[39m,
  sessionId: [32m&apos;session_1770159305851_dz4d50iz8&apos;[39m
}
[AUDIT: MEDIUM] login_failure {
  id: [32m&apos;audit_1770159305936_hqrma7zd2&apos;[39m,
  timestamp: [32m&apos;2026-02-03T22:55:05.936Z&apos;[39m,
  action: [32m&apos;login_failure&apos;[39m,
  details: {
    email: [32m&apos;user17@example.com&apos;[39m,
    method: [32m&apos;email_password&apos;[39m,
    errorCode: [90mundefined[39m,
    errorMessage: [32m&apos;authInstance._getRecaptchaConfig is not a function&apos;[39m
  },
  userId: [32m&apos;anonymous&apos;[39m,
  severity: [32m&apos;medium&apos;[39m,
  userAgent: [32m&apos;Mozilla/5.0 (win32) AppleWebKit/537.36 (KHTML, like Gecko) jsdom/27.3.0&apos;[39m,
  ip: [32m&apos;client_ip_unavailable&apos;[39m,
  sessionId: [32m&apos;session_1770159305851_dz4d50iz8&apos;[39m
}
[AUDIT: MEDIUM] login_failure {
  id: [32m&apos;audit_1770159305936_f2wh6bt3g&apos;[39m,
  timestamp: [32m&apos;2026-02-03T22:55:05.936Z&apos;[39m,
  action: [32m&apos;login_failure&apos;[39m,
  details: {
    email: [32m&apos;user18@example.com&apos;[39m,
    method: [32m&apos;email_password&apos;[39m,
    errorCode: [90mundefined[39m,
    errorMessage: [32m&apos;authInstance._getRecaptchaConfig is not a function&apos;[39m
  },
  userId: [32m&apos;anonymous&apos;[39m,
  severity: [32m&apos;medium&apos;[39m,
  userAgent: [32m&apos;Mozilla/5.0 (win32) AppleWebKit/537.36 (KHTML, like Gecko) jsdom/27.3.0&apos;[39m,
  ip: [32m&apos;client_ip_unavailable&apos;[39m,
  sessionId: [32m&apos;session_1770159305851_dz4d50iz8&apos;[39m
}
[AUDIT: MEDIUM] login_failure {
  id: [32m&apos;audit_1770159305937_qnev4s3lx&apos;[39m,
  timestamp: [32m&apos;2026-02-03T22:55:05.937Z&apos;[39m,
  action: [32m&apos;login_failure&apos;[39m,
  details: {
    email: [32m&apos;user19@example.com&apos;[39m,
    method: [32m&apos;email_password&apos;[39m,
    errorCode: [90mundefined[39m,
    errorMessage: [32m&apos;authInstance._getRecaptchaConfig is not a function&apos;[39m
  },
  userId: [32m&apos;anonymous&apos;[39m,
  severity: [32m&apos;medium&apos;[39m,
  userAgent: [32m&apos;Mozilla/5.0 (win32) AppleWebKit/537.36 (KHTML, like Gecko) jsdom/27.3.0&apos;[39m,
  ip: [32m&apos;client_ip_unavailable&apos;[39m,
  sessionId: [32m&apos;session_1770159305851_dz4d50iz8&apos;[39m
}
[AUDIT: MEDIUM] login_failure {
  id: [32m&apos;audit_1770159305937_efyldng7n&apos;[39m,
  timestamp: [32m&apos;2026-02-03T22:55:05.937Z&apos;[39m,
  action: [32m&apos;login_failure&apos;[39m,
  details: {
    email: [32m&apos;user20@example.com&apos;[39m,
    method: [32m&apos;email_password&apos;[39m,
    errorCode: [90mundefined[39m,
    errorMessage: [32m&apos;authInstance._getRecaptchaConfig is not a function&apos;[39m
  },
  userId: [32m&apos;anonymous&apos;[39m,
  severity: [32m&apos;medium&apos;[39m,
  userAgent: [32m&apos;Mozilla/5.0 (win32) AppleWebKit/537.36 (KHTML, like Gecko) jsdom/27.3.0&apos;[39m,
  ip: [32m&apos;client_ip_unavailable&apos;[39m,
  sessionId: [32m&apos;session_1770159305851_dz4d50iz8&apos;[39m
}
[AUDIT: MEDIUM] login_failure {
  id: [32m&apos;audit_1770159305937_ilstjh9kw&apos;[39m,
  timestamp: [32m&apos;2026-02-03T22:55:05.937Z&apos;[39m,
  action: [32m&apos;login_failure&apos;[39m,
  details: {
    email: [32m&apos;user21@example.com&apos;[39m,
    method: [32m&apos;email_password&apos;[39m,
    errorCode: [90mundefined[39m,
    errorMessage: [32m&apos;authInstance._getRecaptchaConfig is not a function&apos;[39m
  },
  userId: [32m&apos;anonymous&apos;[39m,
  severity: [32m&apos;medium&apos;[39m,
  userAgent: [32m&apos;Mozilla/5.0 (win32) AppleWebKit/537.36 (KHTML, like Gecko) jsdom/27.3.0&apos;[39m,
  ip: [32m&apos;client_ip_unavailable&apos;[39m,
  sessionId: [32m&apos;session_1770159305851_dz4d50iz8&apos;[39m
}
[AUDIT: MEDIUM] login_failure {
  id: [32m&apos;audit_1770159305939_68xe8c5rz&apos;[39m,
  timestamp: [32m&apos;2026-02-03T22:55:05.939Z&apos;[39m,
  action: [32m&apos;login_failure&apos;[39m,
  details: {
    email: [32m&apos;user22@example.com&apos;[39m,
    method: [32m&apos;email_password&apos;[39m,
    errorCode: [90mundefined[39m,
    errorMessage: [32m&apos;authInstance._getRecaptchaConfig is not a function&apos;[39m
  },
  userId: [32m&apos;anonymous&apos;[39m,
  severity: [32m&apos;medium&apos;[39m,
  userAgent: [32m&apos;Mozilla/5.0 (win32) AppleWebKit/537.36 (KHTML, like Gecko) jsdom/27.3.0&apos;[39m,
  ip: [32m&apos;client_ip_unavailable&apos;[39m,
  sessionId: [32m&apos;session_1770159305851_dz4d50iz8&apos;[39m
}
[AUDIT: MEDIUM] login_failure {
  id: [32m&apos;audit_1770159305940_qb6m7joxa&apos;[39m,
  timestamp: [32m&apos;2026-02-03T22:55:05.940Z&apos;[39m,
  action: [32m&apos;login_failure&apos;[39m,
  details: {
    email: [32m&apos;user23@example.com&apos;[39m,
    method: [32m&apos;email_password&apos;[39m,
    errorCode: [90mundefined[39m,
    errorMessage: [32m&apos;authInstance._getRecaptchaConfig is not a function&apos;[39m
  },
  userId: [32m&apos;anonymous&apos;[39m,
  severity: [32m&apos;medium&apos;[39m,
  userAgent: [32m&apos;Mozilla/5.0 (win32) AppleWebKit/537.36 (KHTML, like Gecko) jsdom/27.3.0&apos;[39m,
  ip: [32m&apos;client_ip_unavailable&apos;[39m,
  sessionId: [32m&apos;session_1770159305851_dz4d50iz8&apos;[39m
}
[AUDIT: MEDIUM] login_failure {
  id: [32m&apos;audit_1770159305940_t23ikws8w&apos;[39m,
  timestamp: [32m&apos;2026-02-03T22:55:05.940Z&apos;[39m,
  action: [32m&apos;login_failure&apos;[39m,
  details: {
    email: [32m&apos;user24@example.com&apos;[39m,
    method: [32m&apos;email_password&apos;[39m,
    errorCode: [90mundefined[39m,
    errorMessage: [32m&apos;authInstance._getRecaptchaConfig is not a function&apos;[39m
  },
  userId: [32m&apos;anonymous&apos;[39m,
  severity: [32m&apos;medium&apos;[39m,
  userAgent: [32m&apos;Mozilla/5.0 (win32) AppleWebKit/537.36 (KHTML, like Gecko) jsdom/27.3.0&apos;[39m,
  ip: [32m&apos;client_ip_unavailable&apos;[39m,
  sessionId: [32m&apos;session_1770159305851_dz4d50iz8&apos;[39m
}
[AUDIT: MEDIUM] login_failure {
  id: [32m&apos;audit_1770159305940_yimivqwpd&apos;[39m,
  timestamp: [32m&apos;2026-02-03T22:55:05.940Z&apos;[39m,
  action: [32m&apos;login_failure&apos;[39m,
  details: {
    email: [32m&apos;user25@example.com&apos;[39m,
    method: [32m&apos;email_password&apos;[39m,
    errorCode: [90mundefined[39m,
    errorMessage: [32m&apos;authInstance._getRecaptchaConfig is not a function&apos;[39m
  },
  userId: [32m&apos;anonymous&apos;[39m,
  severity: [32m&apos;medium&apos;[39m,
  userAgent: [32m&apos;Mozilla/5.0 (win32) AppleWebKit/537.36 (KHTML, like Gecko) jsdom/27.3.0&apos;[39m,
  ip: [32m&apos;client_ip_unavailable&apos;[39m,
  sessionId: [32m&apos;session_1770159305851_dz4d50iz8&apos;[39m
}
[AUDIT: MEDIUM] login_failure {
  id: [32m&apos;audit_1770159305941_3631e91n0&apos;[39m,
  timestamp: [32m&apos;2026-02-03T22:55:05.941Z&apos;[39m,
  action: [32m&apos;login_failure&apos;[39m,
  details: {
    email: [32m&apos;user26@example.com&apos;[39m,
    method: [32m&apos;email_password&apos;[39m,
    errorCode: [90mundefined[39m,
    errorMessage: [32m&apos;authInstance._getRecaptchaConfig is not a function&apos;[39m
  },
  userId: [32m&apos;anonymous&apos;[39m,
  severity: [32m&apos;medium&apos;[39m,
  userAgent: [32m&apos;Mozilla/5.0 (win32) AppleWebKit/537.36 (KHTML, like Gecko) jsdom/27.3.0&apos;[39m,
  ip: [32m&apos;client_ip_unavailable&apos;[39m,
  sessionId: [32m&apos;session_1770159305851_dz4d50iz8&apos;[39m
}
[AUDIT: MEDIUM] login_failure {
  id: [32m&apos;audit_1770159305941_9mjeh5tzu&apos;[39m,
  timestamp: [32m&apos;2026-02-03T22:55:05.941Z&apos;[39m,
  action: [32m&apos;login_failure&apos;[39m,
  details: {
    email: [32m&apos;user27@example.com&apos;[39m,
    method: [32m&apos;email_password&apos;[39m,
    errorCode: [90mundefined[39m,
    errorMessage: [32m&apos;authInstance._getRecaptchaConfig is not a function&apos;[39m
  },
  userId: [32m&apos;anonymous&apos;[39m,
  severity: [32m&apos;medium&apos;[39m,
  userAgent: [32m&apos;Mozilla/5.0 (win32) AppleWebKit/537.36 (KHTML, like Gecko) jsdom/27.3.0&apos;[39m,
  ip: [32m&apos;client_ip_unavailable&apos;[39m,
  sessionId: [32m&apos;session_1770159305851_dz4d50iz8&apos;[39m
}
[AUDIT: MEDIUM] login_failure {
  id: [32m&apos;audit_1770159305942_arwz1uoh7&apos;[39m,
  timestamp: [32m&apos;2026-02-03T22:55:05.942Z&apos;[39m,
  action: [32m&apos;login_failure&apos;[39m,
  details: {
    email: [32m&apos;user28@example.com&apos;[39m,
    method: [32m&apos;email_password&apos;[39m,
    errorCode: [90mundefined[39m,
    errorMessage: [32m&apos;authInstance._getRecaptchaConfig is not a function&apos;[39m
  },
  userId: [32m&apos;anonymous&apos;[39m,
  severity: [32m&apos;medium&apos;[39m,
  userAgent: [32m&apos;Mozilla/5.0 (win32) AppleWebKit/537.36 (KHTML, like Gecko) jsdom/27.3.0&apos;[39m,
  ip: [32m&apos;client_ip_unavailable&apos;[39m,
  sessionId: [32m&apos;session_1770159305851_dz4d50iz8&apos;[39m
}
[AUDIT: MEDIUM] login_failure {
  id: [32m&apos;audit_1770159305942_xu8nj3puk&apos;[39m,
  timestamp: [32m&apos;2026-02-03T22:55:05.942Z&apos;[39m,
  action: [32m&apos;login_failure&apos;[39m,
  details: {
    email: [32m&apos;user29@example.com&apos;[39m,
    method: [32m&apos;email_password&apos;[39m,
    errorCode: [90mundefined[39m,
    errorMessage: [32m&apos;authInstance._getRecaptchaConfig is not a function&apos;[39m
  },
  userId: [32m&apos;anonymous&apos;[39m,
  severity: [32m&apos;medium&apos;[39m,
  userAgent: [32m&apos;Mozilla/5.0 (win32) AppleWebKit/537.36 (KHTML, like Gecko) jsdom/27.3.0&apos;[39m,
  ip: [32m&apos;client_ip_unavailable&apos;[39m,
  sessionId: [32m&apos;session_1770159305851_dz4d50iz8&apos;[39m
}
[AUDIT: MEDIUM] login_failure {
  id: [32m&apos;audit_1770159305942_ksb4v1ksm&apos;[39m,
  timestamp: [32m&apos;2026-02-03T22:55:05.942Z&apos;[39m,
  action: [32m&apos;login_failure&apos;[39m,
  details: {
    email: [32m&apos;user30@example.com&apos;[39m,
    method: [32m&apos;email_password&apos;[39m,
    errorCode: [90mundefined[39m,
    errorMessage: [32m&apos;authInstance._getRecaptchaConfig is not a function&apos;[39m
  },
  userId: [32m&apos;anonymous&apos;[39m,
  severity: [32m&apos;medium&apos;[39m,
  userAgent: [32m&apos;Mozilla/5.0 (win32) AppleWebKit/537.36 (KHTML, like Gecko) jsdom/27.3.0&apos;[39m,
  ip: [32m&apos;client_ip_unavailable&apos;[39m,
  sessionId: [32m&apos;session_1770159305851_dz4d50iz8&apos;[39m
}
[AUDIT: MEDIUM] login_failure {
  id: [32m&apos;audit_1770159305942_h6xciscje&apos;[39m,
  timestamp: [32m&apos;2026-02-03T22:55:05.942Z&apos;[39m,
  action: [32m&apos;login_failure&apos;[39m,
  details: {
    email: [32m&apos;user31@example.com&apos;[39m,
    method: [32m&apos;email_password&apos;[39m,
    errorCode: [90mundefined[39m,
    errorMessage: [32m&apos;authInstance._getRecaptchaConfig is not a function&apos;[39m
  },
  userId: [32m&apos;anonymous&apos;[39m,
  severity: [32m&apos;medium&apos;[39m,
  userAgent: [32m&apos;Mozilla/5.0 (win32) AppleWebKit/537.36 (KHTML, like Gecko) jsdom/27.3.0&apos;[39m,
  ip: [32m&apos;client_ip_unavailable&apos;[39m,
  sessionId: [32m&apos;session_1770159305851_dz4d50iz8&apos;[39m
}
[AUDIT: MEDIUM] login_failure {
  id: [32m&apos;audit_1770159305943_yrpnhkajf&apos;[39m,
  timestamp: [32m&apos;2026-02-03T22:55:05.943Z&apos;[39m,
  action: [32m&apos;login_failure&apos;[39m,
  details: {
    email: [32m&apos;user32@example.com&apos;[39m,
    method: [32m&apos;email_password&apos;[39m,
    errorCode: [90mundefined[39m,
    errorMessage: [32m&apos;authInstance._getRecaptchaConfig is not a function&apos;[39m
  },
  userId: [32m&apos;anonymous&apos;[39m,
  severity: [32m&apos;medium&apos;[39m,
  userAgent: [32m&apos;Mozilla/5.0 (win32) AppleWebKit/537.36 (KHTML, like Gecko) jsdom/27.3.0&apos;[39m,
  ip: [32m&apos;client_ip_unavailable&apos;[39m,
  sessionId: [32m&apos;session_1770159305851_dz4d50iz8&apos;[39m
}
[AUDIT: MEDIUM] login_failure {
  id: [32m&apos;audit_1770159305957_etzlxbkbq&apos;[39m,
  timestamp: [32m&apos;2026-02-03T22:55:05.957Z&apos;[39m,
  action: [32m&apos;login_failure&apos;[39m,
  details: {
    email: [32m&apos;user33@example.com&apos;[39m,
    method: [32m&apos;email_password&apos;[39m,
    errorCode: [90mundefined[39m,
    errorMessage: [32m&apos;authInstance._getRecaptchaConfig is not a function&apos;[39m
  },
  userId: [32m&apos;anonymous&apos;[39m,
  severity: [32m&apos;medium&apos;[39m,
  userAgent: [32m&apos;Mozilla/5.0 (win32) AppleWebKit/537.36 (KHTML, like Gecko) jsdom/27.3.0&apos;[39m,
  ip: [32m&apos;client_ip_unavailable&apos;[39m,
  sessionId: [32m&apos;session_1770159305851_dz4d50iz8&apos;[39m
}
[AUDIT: MEDIUM] login_failure {
  id: [32m&apos;audit_1770159305957_1tixp1vrb&apos;[39m,
  timestamp: [32m&apos;2026-02-03T22:55:05.957Z&apos;[39m,
  action: [32m&apos;login_failure&apos;[39m,
  details: {
    email: [32m&apos;user34@example.com&apos;[39m,
    method: [32m&apos;email_password&apos;[39m,
    errorCode: [90mundefined[39m,
    errorMessage: [32m&apos;authInstance._getRecaptchaConfig is not a function&apos;[39m
  },
  userId: [32m&apos;anonymous&apos;[39m,
  severity: [32m&apos;medium&apos;[39m,
  userAgent: [32m&apos;Mozilla/5.0 (win32) AppleWebKit/537.36 (KHTML, like Gecko) jsdom/27.3.0&apos;[39m,
  ip: [32m&apos;client_ip_unavailable&apos;[39m,
  sessionId: [32m&apos;session_1770159305851_dz4d50iz8&apos;[39m
}
[AUDIT: MEDIUM] login_failure {
  id: [32m&apos;audit_1770159305958_flxwtbz42&apos;[39m,
  timestamp: [32m&apos;2026-02-03T22:55:05.958Z&apos;[39m,
  action: [32m&apos;login_failure&apos;[39m,
  details: {
    email: [32m&apos;user35@example.com&apos;[39m,
    method: [32m&apos;email_password&apos;[39m,
    errorCode: [90mundefined[39m,
    errorMessage: [32m&apos;authInstance._getRecaptchaConfig is not a function&apos;[39m
  },
  userId: [32m&apos;anonymous&apos;[39m,
  severity: [32m&apos;medium&apos;[39m,
  userAgent: [32m&apos;Mozilla/5.0 (win32) AppleWebKit/537.36 (KHTML, like Gecko) jsdom/27.3.0&apos;[39m,
  ip: [32m&apos;client_ip_unavailable&apos;[39m,
  sessionId: [32m&apos;session_1770159305851_dz4d50iz8&apos;[39m
}
[AUDIT: MEDIUM] login_failure {
  id: [32m&apos;audit_1770159305958_6o2arncdd&apos;[39m,
  timestamp: [32m&apos;2026-02-03T22:55:05.958Z&apos;[39m,
  action: [32m&apos;login_failure&apos;[39m,
  details: {
    email: [32m&apos;user36@example.com&apos;[39m,
    method: [32m&apos;email_password&apos;[39m,
    errorCode: [90mundefined[39m,
    errorMessage: [32m&apos;authInstance._getRecaptchaConfig is not a function&apos;[39m
  },
  userId: [32m&apos;anonymous&apos;[39m,
  severity: [32m&apos;medium&apos;[39m,
  userAgent: [32m&apos;Mozilla/5.0 (win32) AppleWebKit/537.36 (KHTML, like Gecko) jsdom/27.3.0&apos;[39m,
  ip: [32m&apos;client_ip_unavailable&apos;[39m,
  sessionId: [32m&apos;session_1770159305851_dz4d50iz8&apos;[39m
}
[AUDIT: MEDIUM] login_failure {
  id: [32m&apos;audit_1770159305958_1ouilouki&apos;[39m,
  timestamp: [32m&apos;2026-02-03T22:55:05.958Z&apos;[39m,
  action: [32m&apos;login_failure&apos;[39m,
  details: {
    email: [32m&apos;user37@example.com&apos;[39m,
    method: [32m&apos;email_password&apos;[39m,
    errorCode: [90mundefined[39m,
    errorMessage: [32m&apos;authInstance._getRecaptchaConfig is not a function&apos;[39m
  },
  userId: [32m&apos;anonymous&apos;[39m,
  severity: [32m&apos;medium&apos;[39m,
  userAgent: [32m&apos;Mozilla/5.0 (win32) AppleWebKit/537.36 (KHTML, like Gecko) jsdom/27.3.0&apos;[39m,
  ip: [32m&apos;client_ip_unavailable&apos;[39m,
  sessionId: [32m&apos;session_1770159305851_dz4d50iz8&apos;[39m
}
[AUDIT: MEDIUM] login_failure {
  id: [32m&apos;audit_1770159305959_f3q1tyzsm&apos;[39m,
  timestamp: [32m&apos;2026-02-03T22:55:05.959Z&apos;[39m,
  action: [32m&apos;login_failure&apos;[39m,
  details: {
    email: [32m&apos;user38@example.com&apos;[39m,
    method: [32m&apos;email_password&apos;[39m,
    errorCode: [90mundefined[39m,
    errorMessage: [32m&apos;authInstance._getRecaptchaConfig is not a function&apos;[39m
  },
  userId: [32m&apos;anonymous&apos;[39m,
  severity: [32m&apos;medium&apos;[39m,
  userAgent: [32m&apos;Mozilla/5.0 (win32) AppleWebKit/537.36 (KHTML, like Gecko) jsdom/27.3.0&apos;[39m,
  ip: [32m&apos;client_ip_unavailable&apos;[39m,
  sessionId: [32m&apos;session_1770159305851_dz4d50iz8&apos;[39m
}
[AUDIT: MEDIUM] login_failure {
  id: [32m&apos;audit_1770159305959_854vk3ipj&apos;[39m,
  timestamp: [32m&apos;2026-02-03T22:55:05.959Z&apos;[39m,
  action: [32m&apos;login_failure&apos;[39m,
  details: {
    email: [32m&apos;user39@example.com&apos;[39m,
    method: [32m&apos;email_password&apos;[39m,
    errorCode: [90mundefined[39m,
    errorMessage: [32m&apos;authInstance._getRecaptchaConfig is not a function&apos;[39m
  },
  userId: [32m&apos;anonymous&apos;[39m,
  severity: [32m&apos;medium&apos;[39m,
  userAgent: [32m&apos;Mozilla/5.0 (win32) AppleWebKit/537.36 (KHTML, like Gecko) jsdom/27.3.0&apos;[39m,
  ip: [32m&apos;client_ip_unavailable&apos;[39m,
  sessionId: [32m&apos;session_1770159305851_dz4d50iz8&apos;[39m
}
[AUDIT: MEDIUM] login_failure {
  id: [32m&apos;audit_1770159305960_eijg955wk&apos;[39m,
  timestamp: [32m&apos;2026-02-03T22:55:05.960Z&apos;[39m,
  action: [32m&apos;login_failure&apos;[39m,
  details: {
    email: [32m&apos;user40@example.com&apos;[39m,
    method: [32m&apos;email_password&apos;[39m,
    errorCode: [90mundefined[39m,
    errorMessage: [32m&apos;authInstance._getRecaptchaConfig is not a function&apos;[39m
  },
  userId: [32m&apos;anonymous&apos;[39m,
  severity: [32m&apos;medium&apos;[39m,
  userAgent: [32m&apos;Mozilla/5.0 (win32) AppleWebKit/537.36 (KHTML, like Gecko) jsdom/27.3.0&apos;[39m,
  ip: [32m&apos;client_ip_unavailable&apos;[39m,
  sessionId: [32m&apos;session_1770159305851_dz4d50iz8&apos;[39m
}
[AUDIT: MEDIUM] login_failure {
  id: [32m&apos;audit_1770159305960_7zpr8p2ny&apos;[39m,
  timestamp: [32m&apos;2026-02-03T22:55:05.960Z&apos;[39m,
  action: [32m&apos;login_failure&apos;[39m,
  details: {
    email: [32m&apos;user41@example.com&apos;[39m,
    method: [32m&apos;email_password&apos;[39m,
    errorCode: [90mundefined[39m,
    errorMessage: [32m&apos;authInstance._getRecaptchaConfig is not a function&apos;[39m
  },
  userId: [32m&apos;anonymous&apos;[39m,
  severity: [32m&apos;medium&apos;[39m,
  userAgent: [32m&apos;Mozilla/5.0 (win32) AppleWebKit/537.36 (KHTML, like Gecko) jsdom/27.3.0&apos;[39m,
  ip: [32m&apos;client_ip_unavailable&apos;[39m,
  sessionId: [32m&apos;session_1770159305851_dz4d50iz8&apos;[39m
}
[AUDIT: MEDIUM] login_failure {
  id: [32m&apos;audit_1770159305961_er4vma11c&apos;[39m,
  timestamp: [32m&apos;2026-02-03T22:55:05.961Z&apos;[39m,
  action: [32m&apos;login_failure&apos;[39m,
  details: {
    email: [32m&apos;user42@example.com&apos;[39m,
    method: [32m&apos;email_password&apos;[39m,
    errorCode: [90mundefined[39m,
    errorMessage: [32m&apos;authInstance._getRecaptchaConfig is not a function&apos;[39m
  },
  userId: [32m&apos;anonymous&apos;[39m,
  severity: [32m&apos;medium&apos;[39m,
  userAgent: [32m&apos;Mozilla/5.0 (win32) AppleWebKit/537.36 (KHTML, like Gecko) jsdom/27.3.0&apos;[39m,
  ip: [32m&apos;client_ip_unavailable&apos;[39m,
  sessionId: [32m&apos;session_1770159305851_dz4d50iz8&apos;[39m
}
[AUDIT: MEDIUM] login_failure {
  id: [32m&apos;audit_1770159305961_ck2s0rrwq&apos;[39m,
  timestamp: [32m&apos;2026-02-03T22:55:05.961Z&apos;[39m,
  action: [32m&apos;login_failure&apos;[39m,
  details: {
    email: [32m&apos;user43@example.com&apos;[39m,
    method: [32m&apos;email_password&apos;[39m,
    errorCode: [90mundefined[39m,
    errorMessage: [32m&apos;authInstance._getRecaptchaConfig is not a function&apos;[39m
  },
  userId: [32m&apos;anonymous&apos;[39m,
  severity: [32m&apos;medium&apos;[39m,
  userAgent: [32m&apos;Mozilla/5.0 (win32) AppleWebKit/537.36 (KHTML, like Gecko) jsdom/27.3.0&apos;[39m,
  ip: [32m&apos;client_ip_unavailable&apos;[39m,
  sessionId: [32m&apos;session_1770159305851_dz4d50iz8&apos;[39m
}
[AUDIT: MEDIUM] login_failure {
  id: [32m&apos;audit_1770159305961_3d7czxdlj&apos;[39m,
  timestamp: [32m&apos;2026-02-03T22:55:05.961Z&apos;[39m,
  action: [32m&apos;login_failure&apos;[39m,
  details: {
    email: [32m&apos;user44@example.com&apos;[39m,
    method: [32m&apos;email_password&apos;[39m,
    errorCode: [90mundefined[39m,
    errorMessage: [32m&apos;authInstance._getRecaptchaConfig is not a function&apos;[39m
  },
  userId: [32m&apos;anonymous&apos;[39m,
  severity: [32m&apos;medium&apos;[39m,
  userAgent: [32m&apos;Mozilla/5.0 (win32) AppleWebKit/537.36 (KHTML, like Gecko) jsdom/27.3.0&apos;[39m,
  ip: [32m&apos;client_ip_unavailable&apos;[39m,
  sessionId: [32m&apos;session_1770159305851_dz4d50iz8&apos;[39m
}
[AUDIT: MEDIUM] login_failure {
  id: [32m&apos;audit_1770159305962_n93ildi0r&apos;[39m,
  timestamp: [32m&apos;2026-02-03T22:55:05.962Z&apos;[39m,
  action: [32m&apos;login_failure&apos;[39m,
  details: {
    email: [32m&apos;user45@example.com&apos;[39m,
    method: [32m&apos;email_password&apos;[39m,
    errorCode: [90mundefined[39m,
    errorMessage: [32m&apos;authInstance._getRecaptchaConfig is not a function&apos;[39m
  },
  userId: [32m&apos;anonymous&apos;[39m,
  severity: [32m&apos;medium&apos;[39m,
  userAgent: [32m&apos;Mozilla/5.0 (win32) AppleWebKit/537.36 (KHTML, like Gecko) jsdom/27.3.0&apos;[39m,
  ip: [32m&apos;client_ip_unavailable&apos;[39m,
  sessionId: [32m&apos;session_1770159305851_dz4d50iz8&apos;[39m
}
[AUDIT: MEDIUM] login_failure {
  id: [32m&apos;audit_1770159305962_gw3o8kxsx&apos;[39m,
  timestamp: [32m&apos;2026-02-03T22:55:05.962Z&apos;[39m,
  action: [32m&apos;login_failure&apos;[39m,
  details: {
    email: [32m&apos;user46@example.com&apos;[39m,
    method: [32m&apos;email_password&apos;[39m,
    errorCode: [90mundefined[39m,
    errorMessage: [32m&apos;authInstance._getRecaptchaConfig is not a function&apos;[39m
  },
  userId: [32m&apos;anonymous&apos;[39m,
  severity: [32m&apos;medium&apos;[39m,
  userAgent: [32m&apos;Mozilla/5.0 (win32) AppleWebKit/537.36 (KHTML, like Gecko) jsdom/27.3.0&apos;[39m,
  ip: [32m&apos;client_ip_unavailable&apos;[39m,
  sessionId: [32m&apos;session_1770159305851_dz4d50iz8&apos;[39m
}
[AUDIT: MEDIUM] login_failure {
  id: [32m&apos;audit_1770159305963_q8miv7zrb&apos;[39m,
  timestamp: [32m&apos;2026-02-03T22:55:05.963Z&apos;[39m,
  action: [32m&apos;login_failure&apos;[39m,
  details: {
    email: [32m&apos;user47@example.com&apos;[39m,
    method: [32m&apos;email_password&apos;[39m,
    errorCode: [90mundefined[39m,
    errorMessage: [32m&apos;authInstance._getRecaptchaConfig is not a function&apos;[39m
  },
  userId: [32m&apos;anonymous&apos;[39m,
  severity: [32m&apos;medium&apos;[39m,
  userAgent: [32m&apos;Mozilla/5.0 (win32) AppleWebKit/537.36 (KHTML, like Gecko) jsdom/27.3.0&apos;[39m,
  ip: [32m&apos;client_ip_unavailable&apos;[39m,
  sessionId: [32m&apos;session_1770159305851_dz4d50iz8&apos;[39m
}
[AUDIT: MEDIUM] login_failure {
  id: [32m&apos;audit_1770159305963_mi9nvamzi&apos;[39m,
  timestamp: [32m&apos;2026-02-03T22:55:05.963Z&apos;[39m,
  action: [32m&apos;login_failure&apos;[39m,
  details: {
    email: [32m&apos;user48@example.com&apos;[39m,
    method: [32m&apos;email_password&apos;[39m,
    errorCode: [90mundefined[39m,
    errorMessage: [32m&apos;authInstance._getRecaptchaConfig is not a function&apos;[39m
  },
  userId: [32m&apos;anonymous&apos;[39m,
  severity: [32m&apos;medium&apos;[39m,
  userAgent: [32m&apos;Mozilla/5.0 (win32) AppleWebKit/537.36 (KHTML, like Gecko) jsdom/27.3.0&apos;[39m,
  ip: [32m&apos;client_ip_unavailable&apos;[39m,
  sessionId: [32m&apos;session_1770159305851_dz4d50iz8&apos;[39m
}
[AUDIT: MEDIUM] login_failure {
  id: [32m&apos;audit_1770159305964_2y4w5ihtg&apos;[39m,
  timestamp: [32m&apos;2026-02-03T22:55:05.964Z&apos;[39m,
  action: [32m&apos;login_failure&apos;[39m,
  details: {
    email: [32m&apos;user49@example.com&apos;[39m,
    method: [32m&apos;email_password&apos;[39m,
    errorCode: [90mundefined[39m,
    errorMessage: [32m&apos;authInstance._getRecaptchaConfig is not a function&apos;[39m
  },
  userId: [32m&apos;anonymous&apos;[39m,
  severity: [32m&apos;medium&apos;[39m,
  userAgent: [32m&apos;Mozilla/5.0 (win32) AppleWebKit/537.36 (KHTML, like Gecko) jsdom/27.3.0&apos;[39m,
  ip: [32m&apos;client_ip_unavailable&apos;[39m,
  sessionId: [32m&apos;session_1770159305851_dz4d50iz8&apos;[39m
}

            </system-out>
            <system-err>
[AuthService] Unexpected login error: [90mundefined[39m
[AuthService] Unexpected login error: [90mundefined[39m
[AuthService] Unexpected login error: [90mundefined[39m
[AuthService] Unexpected login error: [90mundefined[39m
[AuthService] Unexpected login error: [90mundefined[39m
[AuthService] Unexpected login error: [90mundefined[39m
[AuthService] Unexpected login error: [90mundefined[39m
[AuthService] Unexpected login error: [90mundefined[39m
[AuthService] Unexpected login error: [90mundefined[39m
[AuthService] Unexpected login error: [90mundefined[39m
[AuthService] Unexpected login error: [90mundefined[39m
[AuthService] Unexpected login error: [90mundefined[39m
[AuthService] Unexpected login error: [90mundefined[39m
[AuthService] Unexpected login error: [90mundefined[39m
[AuthService] Unexpected login error: [90mundefined[39m
[AuthService] Unexpected login error: [90mundefined[39m
[AuthService] Unexpected login error: [90mundefined[39m
[AuthService] Unexpected login error: [90mundefined[39m
[AuthService] Unexpected login error: [90mundefined[39m
[AuthService] Unexpected login error: [90mundefined[39m
[AuthService] Unexpected login error: [90mundefined[39m
[AuthService] Unexpected login error: [90mundefined[39m
[AuthService] Unexpected login error: [90mundefined[39m
[AuthService] Unexpected login error: [90mundefined[39m
[AuthService] Unexpected login error: [90mundefined[39m
[AuthService] Unexpected login error: [90mundefined[39m
[AuthService] Unexpected login error: [90mundefined[39m
[AuthService] Unexpected login error: [90mundefined[39m
[AuthService] Unexpected login error: [90mundefined[39m
[AuthService] Unexpected login error: [90mundefined[39m
[AuthService] Unexpected login error: [90mundefined[39m
[AuthService] Unexpected login error: [90mundefined[39m
[AuthService] Unexpected login error: [90mundefined[39m
[AuthService] Unexpected login error: [90mundefined[39m
[AuthService] Unexpected login error: [90mundefined[39m
[AuthService] Unexpected login error: [90mundefined[39m
[AuthService] Unexpected login error: [90mundefined[39m
[AuthService] Unexpected login error: [90mundefined[39m
[AuthService] Unexpected login error: [90mundefined[39m
[AuthService] Unexpected login error: [90mundefined[39m
[AuthService] Unexpected login error: [90mundefined[39m
[AuthService] Unexpected login error: [90mundefined[39m
[AuthService] Unexpected login error: [90mundefined[39m
[AuthService] Unexpected login error: [90mundefined[39m
[AuthService] Unexpected login error: [90mundefined[39m
[AuthService] Unexpected login error: [90mundefined[39m
[AuthService] Unexpected login error: [90mundefined[39m
[AuthService] Unexpected login error: [90mundefined[39m
[AuthService] Unexpected login error: [90mundefined[39m
[AuthService] Unexpected login error: [90mundefined[39m

            </system-err>
        </testcase>
        <testcase classname="tests/security/auth-penetration-simple.test.js" name="Authentication Penetration Testing - Simple &gt; Performance and DoS Protection &gt; should handle large payloads without memory leaks" time="0.0020865">
            <system-out>
[AUDIT: MEDIUM] login_failure {
  id: [32m&apos;audit_1770159305978_f53243ev9&apos;[39m,
  timestamp: [32m&apos;2026-02-03T22:55:05.978Z&apos;[39m,
  action: [32m&apos;login_failure&apos;[39m,
  details: {
    email: [32m&apos;aaaaaaaaaaaaaaaaaaaaaaaaaaaaaaaaaaaaaaaaaaaaaaaaaaaaaaaaaaaaaaaaaaaaaaaaaaaaaaaaaaaaaaaaaaaaaaaaaaaaaaaaaaaaaaaaaaaaaaaaaaaaaaaaaaaaaaaaaaaaaaaaaaaaaaaaaaaaaaaaaaaaaaaaaaaaaaaaaaaaaaaaaaaaaaaaaaaaaaaaaaaaaaaaaaaaaaaaaaaaaaaaaaaaaaaaaaaaaaaaaaaaaaaaaaaaaaaaaaaaaaaaaaaaaaaaaaaaaaaaaaaaaaaaaaaaaaaaaaaaaaaaaaaaaaaaaaaaaaaaaaaaaaaaaaaaaaaaaaaaaaaaaaaaaaaaaaaaaaaaaaaaaaaaaaaaaaaaaaaaaaaaaaaaaaaaaaaaaaaaaaaaaaaaaaaaaaaaaaaaaaaaaaaaaaaaaaaaaaaaaaaaaaaaaaaaaaaaaaaaaaaaaaaaaaaaaaaaaaaaaaaaaaaaaaaaaaaaaaaaaaaaaaaaaaaaaaaaaaaaaaaaaaaaaaaaaaaaaaaaaaaaaaaaaaaaaaaaaaaaaaaaaaaaaaaaaaaaaaaaaaaaaaaaaaaaaaaaaaaaaaaaaaaaaaaaaaaaaaaaaaaaaaaaaaaaaaaaaaaaaaaaaaaaaaaaaaaaaaaaaaaaaaaaaaaaaaaaaaaaaaaaaaaaaaaaaaaaaaaaaaaaaaaaaaaaaaaaaaaaaaaaaaaaaaaaaaaaaaaaaaaaaaaaaaaaaaaaaaaaaaaaaaaaaaaaaaaaaaaaaaaaaaaaaaaaaaaaaaaaaaaaaaaaaaaaaaaaaaaaaaaaaaaaaaaaaaaaaaaaaaaaaaaaaaaaaaaaaaaaaaaaaaaaaaaaaaaaaaaaaaaaaaaaaaaaaaaaaaaaaaaaaaaaaaaaaaaaaaaaaaaaaaaaaaaaaaaaaaaaaaaaaaaaaaaaaaaaaaaaaaaaaaaaaaaaaaaaaaaaaaaaaaaaaaaaaaaaaaaaaaaaaaaaaaaaaaaaaaaaaaaaaaaaaaaaaaaaaaaaaaaaaaaaaaaaaaaaaaaaaaaaaaaaaaaaaaaaaaaaaaaaaaaaaaaaaaaaaaaaaaaaaaaaaaaaaaaaaaaaaaaaaaaaaaaaaaaaaaaaaaaaaaaaaaaaaaaaaaaaaaaaaaaaaaaaaaaaaaaaaaaaaaaaaaaaaaaaaaaaaaaaaaaaaaaaaaaaaaaaaaaaaaaaaaaaaaaaaaaaaaaaaaaaaaaaaaaaaaaaaaaaaaaaaaaaaaaaaaaaaaaaaaaaaaaaaaaaaaaaaaaaaaaaaaaaaaaaaaaaaaaaaaaaaaaaaaaaaaaaaaaaaaaaaaaaaaaaaaaaaaaaaaaaaaaaaaaaaaaaaaaaaaaaaaaaaaaaaaaaaaaaaaaaaaaaaaaaaaaaaaaaaaaaaaaaaaaaaaaaaaaaaaaaaaaaaaaaaaaaaaaaaaaaaaaaaaaaaaaaaaaaaaaaaaaaaaaaaaaaaaaaaaaaaaaaaaaaaaaaaaaaaaaaaaaaaaaaaaaaaaaaaaaaaaaaaaaaaaaaaaaaaaaaaaaaaaaaaaaaaaaaaaaaaaaaaaaaaaaaaaaaaaaaaaaaaaaaaaaaaaaaaaaaaaaaaaaaaaaaaaaaaaaaaaaaaaaaaaaaaaaaaaaaaaaaaaaaaaaaaaaaaaaaaaaaaaaaaaaaaaaaaaaaaaaaaaaaaaaaaaaaaaaaaaaaaaaaaaaaaaaaaaaaaaaaaaaaaaaaaaaaaaaaaaaaaaaaaaaaaaaaaaaaaaaaaaaaaaaaaaaaaaaaaaaaaaaaaaaaaaaaaaaaaaaaaaaaaaaaaaaaaaaaaaaaaaaaaaaaaaaaaaaaaaaaaaaaaaaaaaaaaaaaaaaaaaaaaaaaaaaaaaaaaaaaaaaaaaaaaaaaaaaaaaaaaaaaaaaaaaaaaaaaaaaaaaaaaaaaaaaaaaaaaaaaaaaaaaaaaaaaaaaaaaaaaaaaaaaaaaaaaaaaaaaaaaaaaaaaaaaaaaaaaaaaaaaaaaaaaaaaaaaaaaaaaaaaaaaaaaaaaaaaaaaaaaaaaaaaaaaaaaaaaaaaaaaaaaaaaaaaaaaaaaaaaaaaaaaaaaaaaaaaaaaaaaaaaaaaaaaaaaaaaaaaaaaaaaaaaaaaaaaaaaaaaaaaaaaaaaaaaaaaaaaaaaaaaaaaaaaaaaaaaaaaaaaaaaaaaaaaaaaaaaaaaaaaaaaaaaaaaaaaaaaaaaaaaaaaaaaaaaaaaaaaaaaaaaaaaaaaaaaaaaaaaaaaaaaaaaaaaaaaaaaaaaaaaaaaaaaaaaaaaaaaaaaaaaaaaaaaaaaaaaaaaaaaaaaaaaaaaaaaaaaaaaaaaaaaaaaaaaaaaaaaaaaaaaaaaaaaaaaaaaaaaaaaaaaaaaaaaaaaaaaaaaaaaaaaaaaaaaaaaaaaaaaaaaaaaaaaaaaaaaaaaaaaaaaaaaaaaaaaaaaaaaaaaaaaaaaaaaaaaaaaaaaaaaaaaaaaaaaaaaaaaaaaaaaaaaaaaaaaaaaaaaaaaaaaaaaaaaaaaaaaaaaaaaaaaaaaaaaaaaaaaaaaaaaaaaaaaaaaaaaaaaaaaaaaaaaaaaaaaaaaaaaaaaaaaaaaaaaaaaaaaaaaaaaaaaaaaaaaaaaaaaaaaaaaaaaaaaaaaaaaaaaaaaaaaaaaaaaaaaaaaaaaaaaaaaaaaaaaaaaaaaaaaaaaaaaaaaaaaaaaaaaaaaaaaaaaaaaaaaaaaaaaaaaaaaaaaaaaaaaaaaaaaaaaaaaaaaaaaaaaaaaaaaaaaaaaaaaaaaaaaaaaaaaaaaaaaaaaaaaaaaaaaaaaaaaaaaaaaaaaaaaaaaaaaaaaaaaaaaaaaaaaaaaaaaaaaaaaaaaaaaaaaaaaaaaaaaaaaaaaaaaaaaaaaaaaaaaaaaaaaaaaaaaaaaaaaaaaaaaaaaaaaaaaaaaaaaaaaaaaaaaaaaaaaaaaaaaaaaaaaaaaaaaaaaaaaaaaaaaaaaaaaaaaaaaaaaaaaaaaaaaaaaaaaaaaaaaaaaaaaaaaaaaaaaaaaaaaaaaaaaaaaaaaaaaaaaaaaaaaaaaaaaaaaaaaaaaaaaaaaaaaaaaaaaaaaaaaaaaaaaaaaaaaaaaaaaaaaaaaaaaaaaaaaaaaaaaaaaaaaaaaaaaaaaaaaaaaaaaaaaaaaaaaaaaaaaaaaaaaaaaaaaaaaaaaaaaaaaaaaaaaaaaaaaaaaaaaaaaaaaaaaaaaaaaaaaaaaaaaaaaaaaaaaaaaaaaaaaaaaaaaaaaaaaaaaaaaaaaaaaaaaaaaaaaaaaaaaaaaaaaaaaaaaaaaaaaaaaaaaaaaaaaaaaaaaaaaaaaaaaaaaaaaaaaaaaaaaaaaaaaaaaaaaaaaaaaaaaaaaaaaaaaaaaaaaaaaaaaaaaaaaaaaaaaaaaaaaaaaaaaaaaaaaaaaaaaaaaaaaaaaaaaaaaaaaaaaaaaaaaaaaaaaaaaaaaaaaaaaaaaaaaaaaaaaaaaaaaaaaaaaaaaaaaaaaaaaaaaaaaaaaaaaaaaaaaaaaaaaaaaaaaaaaaaaaaaaaaaaaaaaaaaaaaaaaaaaaaaaaaaaaaaaaaaaaaaaaaaaaaaaaaaaaaaaaaaaaaaaaaaaaaaaaaaaaaaaaaaaaaaaaaaaaaaaaaaaaaaaaaaaaaaaaaaaaaaaaaaaaaaaaaaaaaaaaaaaaaaaaaaaaaaaaaaaaaaaaaaaaaaaaaaaaaaaaaaaaaaaaaaaaaaaaaaaaaaaaaaaaaaaaaaaaaaaaaaaaaaaaaaaaaaaaaaaaaaaaaaaaaaaaaaaaaaaaaaaaaaaaaaaaaaaaaaaaaaaaaaaaaaaaaaaaaaaaaaaaaaaaaaaaaaaaaaaaaaaaaaaaaaaaaaaaaaaaaaaaaaaaaaaaaaaaaaaaaaaaaaaaaaaaaaaaaaaaaaaaaaaaaaaaaaaaaaaaaaaaaaaaaaaaaaaaaaaaaaaaaaaaaaaaaaaaaaaaaaaaaaaaaaaaaaaaaaaaaaaaaaaaaaaaaaaaaaaaaaaaaaaaaaaaaaaaaaaaaaaaaaaaaaaaaaaaaaaaaaaaaaaaaaaaaaaaaaaaaaaaaaaaaaaaaaaaaaaaaaaaaaaaaaaaaaaaaaaaaaaaaaaaaaaaaaaaaaaaaaaaaaaaaaaaaaaaaaaaaaaaaaaaaaaaaaaaaaaaaaaaaaaaaaaaaaaaaaaaaaaaaaaaaaaaaaaaaaaaaaaaaaaaaaaaaaaaaaaaaaaaaaaaaaaaaaaaaaaaaaaaaaaaaaaaaaaaaaaaaaaaaaaaaaaaaaaaaaaaaaaaaaaaaaaaaaaaaaaaaaaaaaaaaaaaaaaaaaaaaaaaaaaaaaaaaaaaaaaaaaaaaaaaaaaaaaaaaaaaaaaaaaaaaaaaaaaaaaaaaaaaaaaaaaaaaaaaaaaaaaaaaaaaaaaaaaaaaaaaaaaaaaaaaaaaaaaaaaaaaaaaaaaaaaaaaaaaaaaaaaaaaaaaaaaaaaaaaaaaaaaaaaaaaaaaaaaaaaaaaaaaaaaaaaaaaaaaaaaaaaaaaaaaaaaaaaaaaaaaaaaaaaaaaaaaaaaaaaaaaaaaaaaaaaaaaaaaaaaaaaaaaaaaaaaaaaaaaaaaaaaaaaaaaaaaaaaaaaaaaaaaaaaaaaaaaaaaaaaaaaaaaaaaaaaaaaaaaaaaaaaaaaaaaaaaaaaaaaaaaaaaaaaaaaaaaaaaaaaaaaaaaaaaaaaaaaaaaaaaaaaaaaaaaaaaaaaaaaaaaaaaaaaaaaaaaaaaaaaaaaaaaaaaaaaaaaaaaaaaaaaaaaaaaaaaaaaaaaaaaaaaaaaaaaaaaaaaaaaaaaaaaaaaaaaaaaaaaaaaaaaaaaaaaaaaaaaaaaaaaaaaaaaaaaaaaaaaaaaaaaaaaaaaaaaaaaaaaaaaaaaaaaaaaaaaaaaaaaaaaaaaaaaaaaaaaaaaaaaaaaaaaaaaaaaaaaaaaaaaaaaaaaaaaaaaaaaaaaaaaaaaaaaaaaaaaaaaaaaaaaaaaaaaaaaaaaaaaaaaaaaaaaaaaaaaaaaaaaaaaaaaaaaaaaaaaaaaaaaaaaaaaaaaaaaaaaaaaaaaaaaaaaaaaaaaaaaaaaaaaaaaaaaaaaaaaaaaaaaaaaaaaaaaaaaaaaaaaaaaaaaaaaaaaaaaaaaaaaaaaaaaaaaaaaaaaaaaaaaaaaaaaaaaaaaaaaaaaaaaaaaaaaaaaaaaaaaaaaaaaaaaaaaaaaaaaaaaaaaaaaaaaaaaaaaaaaaaaaaaaaaaaaaaaaaaaaaaaaaaaaaaaaaaaaaaaaaaaaaaaaaaaaaaaaaaaaaaaaaaaaaaaaaaaaaaaaaaaaaaaaaaaaaaaaaaaaaaaaaaaaaaaaaaaaaaaaaaaaaaaaaaaaaaaaaaaaaaaaaaaaaaaaaaaaaaaaaaaaaaaaaaaaaaaaaaaaaaaaaaaaaaaaaaaaaaaaaaaaaaaaaaaaaaaaaaaaaaaaaaaaaaaaaaaaaaaaaaaaaaaaaaaaaaaaaaaaaaaaaaaaaaaaaaaaaaaaaaaaaaaaaaaaaaaaaaaaaaaaaaaaaaaaaaaaaaaaaaaaaaaaaaaaaaaaaaaaaaaaaaaaaaaaaaaaaaaaaaaaaaaaaaaaaaaaaaaaaaaaaaaaaaaaaaaaaaaaaaaaaaaaaaaaaaaaaaaaaaaaaaaaaaaaaaaaaaaaaaaaaaaaaaaaaaaaaaaaaaaaaaaaaaaaaaaaaaaaaaaaaaaaaaaaaaaaaaaaaaaaaaaaaaaaaaaaaaaaaaaaaaaaaaaaaaaaaaaaaaaaaaaaaaaaaaaaaaaaaaaaaaaaaaaaaaaaaaaaaaaaaaaaaaaaaaaaaaaaaaaaaaaaaaaaaaaaaaaaaaaaaaaaaaaaaaaaaaaaaaaaaaaaaaaaaaaaaaaaaaaaaaaaaaaaaaaaaaaaaaaaaaaaaaaaaaaaaaaaaaaaaaaaaaaaaaaaaaaaaaaaaaaaaaaaaaaaaaaaaaaaaaaaaaaaaaaaaaaaaaaaaaaaaaaaaaaaaaaaaaaaaaaaaaaaaaaaaaaaaaaaaaaaaaaaaaaaaaaaaaaaaaaaaaaaaaaaaaaaaaaaaaaaaaaaaaaaaaaaaaaaaaaaaaaaaaaaaaaaaaaaaaaaaaaaaaaaaaaaaaaaaaaaaaaaaaaaaaaaaaaaaaaaaaaaaaaaaaaaaaaaaaaaaaaaaaaaaaaaaaaaaaaaaaaaaaaaaaaaaaaaaaaaaaaaaaaaaaaaaaaaaaaaaaaaaaaaaaaaaaaaaaaaaaaaaaaaaaaaaaaaaaaaaaaaaaaaaaaaaaaaaaaaaaaaaaaaaaaaaaaaaaaaaaaaaaaaaaaaaaaaaaaaaaaaaaaaaaaaaaaaaaaaaaaaaaaaaaaaaaaaaaaaaaaaaaaaaaaaaaaaaaaaaaaaaaaaaaaaaaaaaaaaaaaaaaaaaaaaaaaaaaaaaaaaaaaaaaaaaaaaaaaaaaaaaaaaaaaaaaaaaaaaaaaaaaaaaaaaaaaaaaaaaaaaaaaaaaaaaaaaaaaaaaaaaaaaaaaaaaaaaaaaaaaaaaaaaaaaaaaaaaaaaaaaaaaaaaaaaaaaaaaaaaaaaaaaaaaaaaaaaaaaaaaaaaaaaaaaaaaaaaaaaaaaaaaaaaaaaaaaaaaaaaaaaaaaaaaaaaaaaaaaaaaaaaaaaaaaaaaaaaaaaaaaaaaaaaaaaaaaaaaaaaaaaaaaaaaaaaaaaaaaaaaaaaaaaaaaaaaaaaaaaaaaaaaaaaaaaaaaaaaaaaaaaaaaaaaaaaaaaaaaaaaaaaaaaaaaaaaaaaaaaaaaaaaaaaaaaaaaaaaaaaaaaaaaaaaaaaaaaaaaaaaaaaaaaaaaaaaaaaaaaaaaaaaaaaaaaaaaaaaaaaaaaaaaaaaaaaaaaaaaaaaaaaaaaaaaaaaaaaaaaaaaaaaaaaaaaaaaaaaaaaaaaaaaaaaaaaaaaaaaaaaaaaaaaaaaaaaaaaaaaaaaaaaaaaaaaaaaaaaaaaaaaaaaaaaaaaaaaaaaaaaaaaaaaaaaaaaaaaaaaaaaaaaaaaaaaaaaaaaaaaaaaaaaaaaaaaaaaaaaaaaaaaaaaaaaaaaaaaaaaaaaaaaaaaaaaaaaaaaaaaaaaaaaaaaaaaaaaaaaaaaaaaaaaaaaaaaaaaaaaaaaaaaaaaaaaaaaaaaaaaaaaaaaaaaaaaaaaaaaaaaaaaaaaaaaaaaaaaaaaaaaaaaaaaaaaaaaaaaaaaaaaaaaaaaaaaaaaaaaaaaaaaaaaaaaaaaaaaaaaaaaaaaaaaaaaaaaaaaaaaaaaaaaaaaaaaaaaaaaaaaaaaaaaaaaaaaaaaaaaaaaaaaaaaaaaaaaaaaaaaaaaaaaaaaaaaaaaaaaaaaaaaaaaaaaaaaaaaaaaaaaaaaaaaaaaaaaaaaaaaaaaaaaaaaaaaaaaaaaaaaaaaaaaaaaaaaaaaaaaaaaaaaaaaaaaaaaaaaaaaaaaaaaaaaaaaaaaaaaaaaaaaaaaaaaaaaaaaaaaaaaaaaaaaaaaaaaaaaaaaaaaaaaaaaaaaaaaaaaaaaaaaaaaaaaaaaaaaaaaaaaaaaaaaaaaaaaaaaaaaaaaaaaaaaaaaaaaaaaaaaaaaaaaaaaaaaaaaaaaaaaaaaaaaaaaaaaaaaaaaaaaaaaaaaaaaaaaaaaaaaaaaaaaaaaaaaaaaaaaaaaaaaaaaaaaaaaaaaaaaaaaaaaaaaaaaaaaaaaaaaaaaaaaaaaaaaaaaaaaaaaaaaaaaaaaaaaaaaaaaaaaaaaaaaaaaaaaaaaaaaaaaaaaaaaaaaaaaaaaaaaaaaaaaaaaaaaaaaaaaaaaaaaaaaaaaaaaaaaaaaaaaaaaaaaaaaaaaaaaaaaaaaaaaaaaaaaaaaaaaaaaaaaaaaaaaaaaaaaaaaaaaaaaaaaaaaaaaaaaaaaaaaaaaaaaaaaaaaaaaaaaaaaaaaaaaaaaaaaaaaaaaaaaaaaaaaaaaaaaaaaaaaaaaaaaaaaaaaaaaaaaaaaaaaaaaaaaaaaaaaaaaaaaaaaaaaaaaaaaaaaaaaaaaaaaaaaaaaaaaaaaaaaaaaaaaaaaaaaaaaaaaaaaaaaaaaaaaaaaaaaaaaaaaaaaaaaaaaaaaaaaaaaaaaaaaaaaaaaaaaaaaaaaaaaaaaaaaaaaaaaaaaaaaaaaaaaaaaaaaaaaaaaaaaaaaaaaaaaaaaaaaaaaaaaaaaaaaaaaaaaaaaaaaaaaaaaaaaaaaaaaaaaaaaaaaaaaaaaaaaaaaaaaaaaaaaaaaaaaaaaaaaaaaaaaaaaaaaaaaaaaaaaaaaaaaaaaaaaaaaaaaaaaaaaaaaaaaaaaaaaaaaaaaaaaaaaaaaaaaaaaaaaaaaaaaaaaaaaaaaaaaaaaaaaaaaaaaaaaaaaaaaaaaaaaaaaaaaaaaaaaaaaaaaaaaaaaaaaaaaaaaaaaaaaaaaaaaaaaaaaaaaaaaaaaaaaaaaaaaaaaaaaaaaaaaaaaaaaaaaaaaaaaaaaaaaaaaaaaaaaaaaaaaaaaaaaaaaaaaaaaaaaaaaaaaaaaaaaaaaaaaaaaaaaaaaaaaaaaaaaaaaaaaaaaaaaaaaaaaaaaaaaaaaaaaaaaaaaaaaaaaaaaaaaaaaaaaaaaaaaaaaaaaaaaaaaaaaaaaaaaaaaaaaaaaaaaaaaaaaaaaaaaaaaaaaaaaaaaaaaaaaaaaaaaaaaaaaaaaaaaaaaaaaaaaaaaaaaaaaaaaaaaaaaaaaaaaaaaaaaaaaaaaaaaaaaaaaaaaaaaaaaaaaaaaaaaaaaaaaaaaaaaaaaaaaaaaaaaaaaaaaaaaaaaaaaaaaaaaaaaaaaaaaaaaaaaaaaaaaaaaaaaaaaaaaaaaaaaaaaaaaaaaaaaaaaaaaaaaaaaaaaaaaaaaaaaaaaaaaaaaaaaaaaaaaaaaaaaaaaaaaaaaaaaaaaaaaaaaaaaaaaaaaaaaaaaaaaaaaaaaaaaaaaaaaaaaaaaaaaaaaaaaaaaaaaaaaaaaaaaaaaaaaaaaaaaaaaaaaaaaaaaaaaaaaaaaaaaaaaaaaaaaaaaaaaaaaaaaaaaaaaaaaaaaaaaaaaaaaaaaaaaaaaaaaaaaaaaaaaaaaaaaaaaaaaaaaaaaaaaaaaaaaaaaaaaaaaaaaaaaaaaaaaaaaaaaaaaaaaaaaaaaaaaaaaaaaaaaaaaaaaaaaaaaaaaaaaaaaaaaaaaaaaaaaaaaaaaaaaaaaaaaaaaaaaaaaaaaaaaaaaaaaaaaaaaaaaaaaaaaaaaaaaaaaaaaaaaaaaaaaaaaaaaaaaaaaaaaaaaaaaaaaaaaaaaaaaaaaaaaaaaaaaaaaaaaaaaaaaaaaaaaaaaaaaaaaaaaaaaaaaaaaaaaaaaaaaaaaaaaaaaaaaaaaaaaaaaaaaaaaaaaaaaaaaaaaaaaaaaaaaaaaaaaaaaaaaaaaaaaaaaaaaaaaaaaaaaaaaaaaaaaaaaaaaaaaaaaaaaaaaaaaaaaaaaaaaaaaaaaaaaaaaaaaaaaaaaaaaaaaaaaaaaaaaaaaaaaaaaaaaaaaaaaaaaaaaaaaaaaaaaaaaaaaaaaaaaaaaaaaaaaaaaaaaaaaaaaaaaaaaaaaaaaaaaaaaaaaaaaaaaaaaaaaaaaaaaaaaaaaaaaaaaaaaaaaaaaaaaaaaaaaaaaaaaaaaaaaaaaaaaaaaaaaaaaaaaaaaaaaaaaaaaaaaaaaaaaaaaaaaaaaaaaaaaaaaaaaaaaaaaaaaaaaaaaaaaaaaaaaaaaaaaaaaaaaaaaaaaaaaaaaaaaaaaaaaaaaaaaaaaaaaaaaaaaaaaaaaaaaaaaaaaaaaaaaaaaaaaaaaaaaaa&apos;[39m... 12 more characters,
    method: [32m&apos;email_password&apos;[39m,
    errorCode: [90mundefined[39m,
    errorMessage: [32m&apos;authInstance._getRecaptchaConfig is not a function&apos;[39m
  },
  userId: [32m&apos;anonymous&apos;[39m,
  severity: [32m&apos;medium&apos;[39m,
  userAgent: [32m&apos;Mozilla/5.0 (win32) AppleWebKit/537.36 (KHTML, like Gecko) jsdom/27.3.0&apos;[39m,
  ip: [32m&apos;client_ip_unavailable&apos;[39m,
  sessionId: [32m&apos;session_1770159305851_dz4d50iz8&apos;[39m
}

            </system-out>
            <system-err>
[AuthService] Unexpected login error: [90mundefined[39m

            </system-err>
        </testcase>
    </testsuite>
    <testsuite name="tests/security/auth-penetration.test.js" timestamp="2026-02-03T22:55:11.820Z" hostname="Krasen-PC" tests="16" failures="0" errors="0" skipped="0" time="0.4749501">
        <testcase classname="tests/security/auth-penetration.test.js" name="Authentication Penetration Testing &gt; Authentication Bypass Attempts &gt; should reject null/undefined credentials" time="0.0129581">
            <system-out>
[AUDIT: MEDIUM] login_failure {
  id: [32m&apos;audit_1770159298815_umdumab57&apos;[39m,
  timestamp: [32m&apos;2026-02-03T22:54:58.815Z&apos;[39m,
  action: [32m&apos;login_failure&apos;[39m,
  details: {
    email: [1mnull[22m,
    method: [32m&apos;email_password&apos;[39m,
    errorCode: [90mundefined[39m,
    errorMessage: [32m&apos;authInstance._getRecaptchaConfig is not a function&apos;[39m
  },
  userId: [32m&apos;anonymous&apos;[39m,
  severity: [32m&apos;medium&apos;[39m,
  userAgent: [32m&apos;Mozilla/5.0 (win32) AppleWebKit/537.36 (KHTML, like Gecko) jsdom/27.3.0&apos;[39m,
  ip: [32m&apos;client_ip_unavailable&apos;[39m,
  sessionId: [32m&apos;session_1770159298816_h3he74ka5&apos;[39m
}

[AUDIT: MEDIUM] login_failure {
  id: [32m&apos;audit_1770159298820_g0bqe8rmb&apos;[39m,
  timestamp: [32m&apos;2026-02-03T22:54:58.820Z&apos;[39m,
  action: [32m&apos;login_failure&apos;[39m,
  details: {
    email: [32m&apos;test@example.com&apos;[39m,
    method: [32m&apos;email_password&apos;[39m,
    errorCode: [90mundefined[39m,
    errorMessage: [32m&apos;authInstance._getRecaptchaConfig is not a function&apos;[39m
  },
  userId: [32m&apos;anonymous&apos;[39m,
  severity: [32m&apos;medium&apos;[39m,
  userAgent: [32m&apos;Mozilla/5.0 (win32) AppleWebKit/537.36 (KHTML, like Gecko) jsdom/27.3.0&apos;[39m,
  ip: [32m&apos;client_ip_unavailable&apos;[39m,
  sessionId: [32m&apos;session_1770159298816_h3he74ka5&apos;[39m
}

[AUDIT: MEDIUM] login_failure {
  id: [32m&apos;audit_1770159298821_a1vrfofid&apos;[39m,
  timestamp: [32m&apos;2026-02-03T22:54:58.821Z&apos;[39m,
  action: [32m&apos;login_failure&apos;[39m,
  details: {
    email: [90mundefined[39m,
    method: [32m&apos;email_password&apos;[39m,
    errorCode: [90mundefined[39m,
    errorMessage: [32m&apos;authInstance._getRecaptchaConfig is not a function&apos;[39m
  },
  userId: [32m&apos;anonymous&apos;[39m,
  severity: [32m&apos;medium&apos;[39m,
  userAgent: [32m&apos;Mozilla/5.0 (win32) AppleWebKit/537.36 (KHTML, like Gecko) jsdom/27.3.0&apos;[39m,
  ip: [32m&apos;client_ip_unavailable&apos;[39m,
  sessionId: [32m&apos;session_1770159298816_h3he74ka5&apos;[39m
}

[AUDIT: MEDIUM] login_failure {
  id: [32m&apos;audit_1770159298822_3vb2de2t9&apos;[39m,
  timestamp: [32m&apos;2026-02-03T22:54:58.822Z&apos;[39m,
  action: [32m&apos;login_failure&apos;[39m,
  details: {
    email: [32m&apos;test@example.com&apos;[39m,
    method: [32m&apos;email_password&apos;[39m,
    errorCode: [90mundefined[39m,
    errorMessage: [32m&apos;authInstance._getRecaptchaConfig is not a function&apos;[39m
  },
  userId: [32m&apos;anonymous&apos;[39m,
  severity: [32m&apos;medium&apos;[39m,
  userAgent: [32m&apos;Mozilla/5.0 (win32) AppleWebKit/537.36 (KHTML, like Gecko) jsdom/27.3.0&apos;[39m,
  ip: [32m&apos;client_ip_unavailable&apos;[39m,
  sessionId: [32m&apos;session_1770159298816_h3he74ka5&apos;[39m
}

[AUDIT: MEDIUM] login_failure {
  id: [32m&apos;audit_1770159298823_i3395bn7d&apos;[39m,
  timestamp: [32m&apos;2026-02-03T22:54:58.823Z&apos;[39m,
  action: [32m&apos;login_failure&apos;[39m,
  details: {
    email: [32m&apos;&apos;[39m,
    method: [32m&apos;email_password&apos;[39m,
    errorCode: [90mundefined[39m,
    errorMessage: [32m&apos;authInstance._getRecaptchaConfig is not a function&apos;[39m
  },
  userId: [32m&apos;anonymous&apos;[39m,
  severity: [32m&apos;medium&apos;[39m,
  userAgent: [32m&apos;Mozilla/5.0 (win32) AppleWebKit/537.36 (KHTML, like Gecko) jsdom/27.3.0&apos;[39m,
  ip: [32m&apos;client_ip_unavailable&apos;[39m,
  sessionId: [32m&apos;session_1770159298816_h3he74ka5&apos;[39m
}

[AUDIT: MEDIUM] login_failure {
  id: [32m&apos;audit_1770159298824_mrg294r9k&apos;[39m,
  timestamp: [32m&apos;2026-02-03T22:54:58.824Z&apos;[39m,
  action: [32m&apos;login_failure&apos;[39m,
  details: {
    email: [32m&apos;test@example.com&apos;[39m,
    method: [32m&apos;email_password&apos;[39m,
    errorCode: [90mundefined[39m,
    errorMessage: [32m&apos;authInstance._getRecaptchaConfig is not a function&apos;[39m
  },
  userId: [32m&apos;anonymous&apos;[39m,
  severity: [32m&apos;medium&apos;[39m,
  userAgent: [32m&apos;Mozilla/5.0 (win32) AppleWebKit/537.36 (KHTML, like Gecko) jsdom/27.3.0&apos;[39m,
  ip: [32m&apos;client_ip_unavailable&apos;[39m,
  sessionId: [32m&apos;session_1770159298816_h3he74ka5&apos;[39m
}

            </system-out>
            <system-err>
[AuthService] Unexpected login error: [90mundefined[39m

[AuthService] Unexpected login error: [90mundefined[39m

[AuthService] Unexpected login error: [90mundefined[39m

[AuthService] Unexpected login error: [90mundefined[39m

[AuthService] Unexpected login error: [90mundefined[39m

[AuthService] Unexpected login error: [90mundefined[39m

            </system-err>
        </testcase>
        <testcase classname="tests/security/auth-penetration.test.js" name="Authentication Penetration Testing &gt; Authentication Bypass Attempts &gt; should handle extremely long inputs" time="0.0013567">
            <system-out>
[AUDIT: MEDIUM] login_failure {
  id: [32m&apos;audit_1770159298826_cnnk50jif&apos;[39m,
  timestamp: [32m&apos;2026-02-03T22:54:58.826Z&apos;[39m,
  action: [32m&apos;login_failure&apos;[39m,
  details: {
    email: [32m&apos;aaaaaaaaaaaaaaaaaaaaaaaaaaaaaaaaaaaaaaaaaaaaaaaaaaaaaaaaaaaaaaaaaaaaaaaaaaaaaaaaaaaaaaaaaaaaaaaaaaaaaaaaaaaaaaaaaaaaaaaaaaaaaaaaaaaaaaaaaaaaaaaaaaaaaaaaaaaaaaaaaaaaaaaaaaaaaaaaaaaaaaaaaaaaaaaaaaaaaaaaaaaaaaaaaaaaaaaaaaaaaaaaaaaaaaaaaaaaaaaaaaaaaaaaaaaaaaaaaaaaaaaaaaaaaaaaaaaaaaaaaaaaaaaaaaaaaaaaaaaaaaaaaaaaaaaaaaaaaaaaaaaaaaaaaaaaaaaaaaaaaaaaaaaaaaaaaaaaaaaaaaaaaaaaaaaaaaaaaaaaaaaaaaaaaaaaaaaaaaaaaaaaaaaaaaaaaaaaaaaaaaaaaaaaaaaaaaaaaaaaaaaaaaaaaaaaaaaaaaaaaaaaaaaaaaaaaaaaaaaaaaaaaaaaaaaaaaaaaaaaaaaaaaaaaaaaaaaaaaaaaaaaaaaaaaaaaaaaaaaaaaaaaaaaaaaaaaaaaaaaaaaaaaaaaaaaaaaaaaaaaaaaaaaaaaaaaaaaaaaaaaaaaaaaaaaaaaaaaaaaaaaaaaaaaaaaaaaaaaaaaaaaaaaaaaaaaaaaaaaaaaaaaaaaaaaaaaaaaaaaaaaaaaaaaaaaaaaaaaaaaaaaaaaaaaaaaaaaaaaaaaaaaaaaaaaaaaaaaaaaaaaaaaaaaaaaaaaaaaaaaaaaaaaaaaaaaaaaaaaaaaaaaaaaaaaaaaaaaaaaaaaaaaaaaaaaaaaaaaaaaaaaaaaaaaaaaaaaaaaaaaaaaaaaaaaaaaaaaaaaaaaaaaaaaaaaaaaaaaaaaaaaaaaaaaaaaaaaaaaaaaaaaaaaaaaaaaaaaaaaaaaaaaaaaaaaaaaaaaaaaaaaaaaaaaaaaaaaaaaaaaaaaaaaaaaaaaaaaaaaaaaaaaaaaaaaaaaaaaaa@example.com&apos;[39m,
    method: [32m&apos;email_password&apos;[39m,
    errorCode: [90mundefined[39m,
    errorMessage: [32m&apos;authInstance._getRecaptchaConfig is not a function&apos;[39m
  },
  userId: [32m&apos;anonymous&apos;[39m,
  severity: [32m&apos;medium&apos;[39m,
  userAgent: [32m&apos;Mozilla/5.0 (win32) AppleWebKit/537.36 (KHTML, like Gecko) jsdom/27.3.0&apos;[39m,
  ip: [32m&apos;client_ip_unavailable&apos;[39m,
  sessionId: [32m&apos;session_1770159298816_h3he74ka5&apos;[39m
}

            </system-out>
            <system-err>
[AuthService] Unexpected login error: [90mundefined[39m

            </system-err>
        </testcase>
        <testcase classname="tests/security/auth-penetration.test.js" name="Authentication Penetration Testing &gt; Authentication Bypass Attempts &gt; should reject malformed email formats" time="0.0052466">
            <system-out>
[AUDIT: MEDIUM] login_failure {
  id: [32m&apos;audit_1770159298827_oeqgc7g7g&apos;[39m,
  timestamp: [32m&apos;2026-02-03T22:54:58.827Z&apos;[39m,
  action: [32m&apos;login_failure&apos;[39m,
  details: {
    email: [32m&apos;javascript:alert(&quot;XSS&quot;)&apos;[39m,
    method: [32m&apos;email_password&apos;[39m,
    errorCode: [90mundefined[39m,
    errorMessage: [32m&apos;authInstance._getRecaptchaConfig is not a function&apos;[39m
  },
  userId: [32m&apos;anonymous&apos;[39m,
  severity: [32m&apos;medium&apos;[39m,
  userAgent: [32m&apos;Mozilla/5.0 (win32) AppleWebKit/537.36 (KHTML, like Gecko) jsdom/27.3.0&apos;[39m,
  ip: [32m&apos;client_ip_unavailable&apos;[39m,
  sessionId: [32m&apos;session_1770159298816_h3he74ka5&apos;[39m
}

[AUDIT: MEDIUM] login_failure {
  id: [32m&apos;audit_1770159298828_jleuma787&apos;[39m,
  timestamp: [32m&apos;2026-02-03T22:54:58.828Z&apos;[39m,
  action: [32m&apos;login_failure&apos;[39m,
  details: {
    email: [32m&apos;&lt;script&gt;alert(&quot;XSS&quot;)&lt;/script&gt;@example.com&apos;[39m,
    method: [32m&apos;email_password&apos;[39m,
    errorCode: [90mundefined[39m,
    errorMessage: [32m&apos;authInstance._getRecaptchaConfig is not a function&apos;[39m
  },
  userId: [32m&apos;anonymous&apos;[39m,
  severity: [32m&apos;medium&apos;[39m,
  userAgent: [32m&apos;Mozilla/5.0 (win32) AppleWebKit/537.36 (KHTML, like Gecko) jsdom/27.3.0&apos;[39m,
  ip: [32m&apos;client_ip_unavailable&apos;[39m,
  sessionId: [32m&apos;session_1770159298816_h3he74ka5&apos;[39m
}

[AUDIT: MEDIUM] login_failure {
  id: [32m&apos;audit_1770159298829_zpx08ar99&apos;[39m,
  timestamp: [32m&apos;2026-02-03T22:54:58.829Z&apos;[39m,
  action: [32m&apos;login_failure&apos;[39m,
  details: {
    email: [32m&apos;../../../etc/passwd@example.com&apos;[39m,
    method: [32m&apos;email_password&apos;[39m,
    errorCode: [90mundefined[39m,
    errorMessage: [32m&apos;authInstance._getRecaptchaConfig is not a function&apos;[39m
  },
  userId: [32m&apos;anonymous&apos;[39m,
  severity: [32m&apos;medium&apos;[39m,
  userAgent: [32m&apos;Mozilla/5.0 (win32) AppleWebKit/537.36 (KHTML, like Gecko) jsdom/27.3.0&apos;[39m,
  ip: [32m&apos;client_ip_unavailable&apos;[39m,
  sessionId: [32m&apos;session_1770159298816_h3he74ka5&apos;[39m
}

[AUDIT: MEDIUM] login_failure {
  id: [32m&apos;audit_1770159298830_2okwgd1fo&apos;[39m,
  timestamp: [32m&apos;2026-02-03T22:54:58.830Z&apos;[39m,
  action: [32m&apos;login_failure&apos;[39m,
  details: {
    email: [32m&apos;&quot;; DROP TABLE users; --@example.com&apos;[39m,
    method: [32m&apos;email_password&apos;[39m,
    errorCode: [90mundefined[39m,
    errorMessage: [32m&apos;authInstance._getRecaptchaConfig is not a function&apos;[39m
  },
  userId: [32m&apos;anonymous&apos;[39m,
  severity: [32m&apos;medium&apos;[39m,
  userAgent: [32m&apos;Mozilla/5.0 (win32) AppleWebKit/537.36 (KHTML, like Gecko) jsdom/27.3.0&apos;[39m,
  ip: [32m&apos;client_ip_unavailable&apos;[39m,
  sessionId: [32m&apos;session_1770159298816_h3he74ka5&apos;[39m
}

[AUDIT: MEDIUM] login_failure {
  id: [32m&apos;audit_1770159298830_w0gkzuqe2&apos;[39m,
  timestamp: [32m&apos;2026-02-03T22:54:58.830Z&apos;[39m,
  action: [32m&apos;login_failure&apos;[39m,
  details: {
    email: [32m&quot;user@&apos;; DROP TABLE users; --&quot;[39m,
    method: [32m&apos;email_password&apos;[39m,
    errorCode: [90mundefined[39m,
    errorMessage: [32m&apos;authInstance._getRecaptchaConfig is not a function&apos;[39m
  },
  userId: [32m&apos;anonymous&apos;[39m,
  severity: [32m&apos;medium&apos;[39m,
  userAgent: [32m&apos;Mozilla/5.0 (win32) AppleWebKit/537.36 (KHTML, like Gecko) jsdom/27.3.0&apos;[39m,
  ip: [32m&apos;client_ip_unavailable&apos;[39m,
  sessionId: [32m&apos;session_1770159298816_h3he74ka5&apos;[39m
}

[AUDIT: MEDIUM] login_failure {
  id: [32m&apos;audit_1770159298831_u7evbz2hl&apos;[39m,
  timestamp: [32m&apos;2026-02-03T22:54:58.831Z&apos;[39m,
  action: [32m&apos;login_failure&apos;[39m,
  details: {
    email: [32m&apos;user@example.com; DROP TABLE users; --&apos;[39m,
    method: [32m&apos;email_password&apos;[39m,
    errorCode: [90mundefined[39m,
    errorMessage: [32m&apos;authInstance._getRecaptchaConfig is not a function&apos;[39m
  },
  userId: [32m&apos;anonymous&apos;[39m,
  severity: [32m&apos;medium&apos;[39m,
  userAgent: [32m&apos;Mozilla/5.0 (win32) AppleWebKit/537.36 (KHTML, like Gecko) jsdom/27.3.0&apos;[39m,
  ip: [32m&apos;client_ip_unavailable&apos;[39m,
  sessionId: [32m&apos;session_1770159298816_h3he74ka5&apos;[39m
}

            </system-out>
            <system-err>
[AuthService] Unexpected login error: [90mundefined[39m

[AuthService] Unexpected login error: [90mundefined[39m

[AuthService] Unexpected login error: [90mundefined[39m

[AuthService] Unexpected login error: [90mundefined[39m

[AuthService] Unexpected login error: [90mundefined[39m

[AuthService] Unexpected login error: [90mundefined[39m

            </system-err>
        </testcase>
        <testcase classname="tests/security/auth-penetration.test.js" name="Authentication Penetration Testing &gt; Authentication Bypass Attempts &gt; should handle SQL injection attempts in passwords" time="0.0072249">
            <system-out>
[AUDIT: MEDIUM] login_failure {
  id: [32m&apos;audit_1770159298832_xpg43nxm9&apos;[39m,
  timestamp: [32m&apos;2026-02-03T22:54:58.832Z&apos;[39m,
  action: [32m&apos;login_failure&apos;[39m,
  details: {
    email: [32m&apos;test@example.com&apos;[39m,
    method: [32m&apos;email_password&apos;[39m,
    errorCode: [90mundefined[39m,
    errorMessage: [32m&apos;authInstance._getRecaptchaConfig is not a function&apos;[39m
  },
  userId: [32m&apos;anonymous&apos;[39m,
  severity: [32m&apos;medium&apos;[39m,
  userAgent: [32m&apos;Mozilla/5.0 (win32) AppleWebKit/537.36 (KHTML, like Gecko) jsdom/27.3.0&apos;[39m,
  ip: [32m&apos;client_ip_unavailable&apos;[39m,
  sessionId: [32m&apos;session_1770159298816_h3he74ka5&apos;[39m
}

[AUDIT: MEDIUM] login_failure {
  id: [32m&apos;audit_1770159298833_70dvq4ts5&apos;[39m,
  timestamp: [32m&apos;2026-02-03T22:54:58.833Z&apos;[39m,
  action: [32m&apos;login_failure&apos;[39m,
  details: {
    email: [32m&apos;test@example.com&apos;[39m,
    method: [32m&apos;email_password&apos;[39m,
    errorCode: [90mundefined[39m,
    errorMessage: [32m&apos;authInstance._getRecaptchaConfig is not a function&apos;[39m
  },
  userId: [32m&apos;anonymous&apos;[39m,
  severity: [32m&apos;medium&apos;[39m,
  userAgent: [32m&apos;Mozilla/5.0 (win32) AppleWebKit/537.36 (KHTML, like Gecko) jsdom/27.3.0&apos;[39m,
  ip: [32m&apos;client_ip_unavailable&apos;[39m,
  sessionId: [32m&apos;session_1770159298816_h3he74ka5&apos;[39m
}

[AUDIT: MEDIUM] login_failure {
  id: [32m&apos;audit_1770159298834_zfs69vu74&apos;[39m,
  timestamp: [32m&apos;2026-02-03T22:54:58.834Z&apos;[39m,
  action: [32m&apos;login_failure&apos;[39m,
  details: {
    email: [32m&apos;test@example.com&apos;[39m,
    method: [32m&apos;email_password&apos;[39m,
    errorCode: [90mundefined[39m,
    errorMessage: [32m&apos;authInstance._getRecaptchaConfig is not a function&apos;[39m
  },
  userId: [32m&apos;anonymous&apos;[39m,
  severity: [32m&apos;medium&apos;[39m,
  userAgent: [32m&apos;Mozilla/5.0 (win32) AppleWebKit/537.36 (KHTML, like Gecko) jsdom/27.3.0&apos;[39m,
  ip: [32m&apos;client_ip_unavailable&apos;[39m,
  sessionId: [32m&apos;session_1770159298816_h3he74ka5&apos;[39m
}

[AUDIT: MEDIUM] login_failure {
  id: [32m&apos;audit_1770159298834_u7p04v3fh&apos;[39m,
  timestamp: [32m&apos;2026-02-03T22:54:58.834Z&apos;[39m,
  action: [32m&apos;login_failure&apos;[39m,
  details: {
    email: [32m&apos;test@example.com&apos;[39m,
    method: [32m&apos;email_password&apos;[39m,
    errorCode: [90mundefined[39m,
    errorMessage: [32m&apos;authInstance._getRecaptchaConfig is not a function&apos;[39m
  },
  userId: [32m&apos;anonymous&apos;[39m,
  severity: [32m&apos;medium&apos;[39m,
  userAgent: [32m&apos;Mozilla/5.0 (win32) AppleWebKit/537.36 (KHTML, like Gecko) jsdom/27.3.0&apos;[39m,
  ip: [32m&apos;client_ip_unavailable&apos;[39m,
  sessionId: [32m&apos;session_1770159298816_h3he74ka5&apos;[39m
}

[AUDIT: MEDIUM] login_failure {
  id: [32m&apos;audit_1770159298835_82q7kwtft&apos;[39m,
  timestamp: [32m&apos;2026-02-03T22:54:58.835Z&apos;[39m,
  action: [32m&apos;login_failure&apos;[39m,
  details: {
    email: [32m&apos;test@example.com&apos;[39m,
    method: [32m&apos;email_password&apos;[39m,
    errorCode: [90mundefined[39m,
    errorMessage: [32m&apos;authInstance._getRecaptchaConfig is not a function&apos;[39m
  },
  userId: [32m&apos;anonymous&apos;[39m,
  severity: [32m&apos;medium&apos;[39m,
  userAgent: [32m&apos;Mozilla/5.0 (win32) AppleWebKit/537.36 (KHTML, like Gecko) jsdom/27.3.0&apos;[39m,
  ip: [32m&apos;client_ip_unavailable&apos;[39m,
  sessionId: [32m&apos;session_1770159298816_h3he74ka5&apos;[39m
}

[AUDIT: HIGH] rate_limit_exceeded {
  id: [32m&apos;audit_1770159298835_fl8t36j8n&apos;[39m,
  timestamp: [32m&apos;2026-02-03T22:54:58.835Z&apos;[39m,
  action: [32m&apos;rate_limit_exceeded&apos;[39m,
  details: { email: [32m&apos;test@example.com&apos;[39m, remainingTime: [33m900[39m },
  userId: [32m&apos;anonymous&apos;[39m,
  severity: [32m&apos;high&apos;[39m,
  userAgent: [32m&apos;Mozilla/5.0 (win32) AppleWebKit/537.36 (KHTML, like Gecko) jsdom/27.3.0&apos;[39m,
  ip: [32m&apos;client_ip_unavailable&apos;[39m,
  sessionId: [32m&apos;session_1770159298816_h3he74ka5&apos;[39m
}

[AUDIT: HIGH] rate_limit_exceeded {
  id: [32m&apos;audit_1770159298838_e9hl7xwkn&apos;[39m,
  timestamp: [32m&apos;2026-02-03T22:54:58.838Z&apos;[39m,
  action: [32m&apos;rate_limit_exceeded&apos;[39m,
  details: { email: [32m&apos;test@example.com&apos;[39m, remainingTime: [33m900[39m },
  userId: [32m&apos;anonymous&apos;[39m,
  severity: [32m&apos;high&apos;[39m,
  userAgent: [32m&apos;Mozilla/5.0 (win32) AppleWebKit/537.36 (KHTML, like Gecko) jsdom/27.3.0&apos;[39m,
  ip: [32m&apos;client_ip_unavailable&apos;[39m,
  sessionId: [32m&apos;session_1770159298816_h3he74ka5&apos;[39m
}

[AUDIT: HIGH] rate_limit_exceeded {
  id: [32m&apos;audit_1770159298839_7h0tabral&apos;[39m,
  timestamp: [32m&apos;2026-02-03T22:54:58.839Z&apos;[39m,
  action: [32m&apos;rate_limit_exceeded&apos;[39m,
  details: { email: [32m&apos;test@example.com&apos;[39m, remainingTime: [33m900[39m },
  userId: [32m&apos;anonymous&apos;[39m,
  severity: [32m&apos;high&apos;[39m,
  userAgent: [32m&apos;Mozilla/5.0 (win32) AppleWebKit/537.36 (KHTML, like Gecko) jsdom/27.3.0&apos;[39m,
  ip: [32m&apos;client_ip_unavailable&apos;[39m,
  sessionId: [32m&apos;session_1770159298816_h3he74ka5&apos;[39m
}

            </system-out>
            <system-err>
[AuthService] Unexpected login error: [90mundefined[39m

[AuthService] Unexpected login error: [90mundefined[39m

[AuthService] Unexpected login error: [90mundefined[39m

[AuthService] Unexpected login error: [90mundefined[39m

[AuthService] Unexpected login error: [90mundefined[39m

            </system-err>
        </testcase>
        <testcase classname="tests/security/auth-penetration.test.js" name="Authentication Penetration Testing &gt; Authentication Bypass Attempts &gt; should handle XSS attempts in credentials" time="0.010389">
            <system-out>
[AUDIT: MEDIUM] login_failure {
  id: [32m&apos;audit_1770159298840_in5h0apfg&apos;[39m,
  timestamp: [32m&apos;2026-02-03T22:54:58.840Z&apos;[39m,
  action: [32m&apos;login_failure&apos;[39m,
  details: {
    email: [32m&apos;&lt;script&gt;alert(&quot;XSS&quot;)&lt;/script&gt;&apos;[39m,
    method: [32m&apos;email_password&apos;[39m,
    errorCode: [90mundefined[39m,
    errorMessage: [32m&apos;authInstance._getRecaptchaConfig is not a function&apos;[39m
  },
  userId: [32m&apos;anonymous&apos;[39m,
  severity: [32m&apos;medium&apos;[39m,
  userAgent: [32m&apos;Mozilla/5.0 (win32) AppleWebKit/537.36 (KHTML, like Gecko) jsdom/27.3.0&apos;[39m,
  ip: [32m&apos;client_ip_unavailable&apos;[39m,
  sessionId: [32m&apos;session_1770159298816_h3he74ka5&apos;[39m
}

[AUDIT: MEDIUM] login_failure {
  id: [32m&apos;audit_1770159298840_uos4dgpdm&apos;[39m,
  timestamp: [32m&apos;2026-02-03T22:54:58.840Z&apos;[39m,
  action: [32m&apos;login_failure&apos;[39m,
  details: {
    email: [32m&apos;test@example.com&apos;[39m,
    method: [32m&apos;email_password&apos;[39m,
    errorCode: [90mundefined[39m,
    errorMessage: [32m&apos;authInstance._getRecaptchaConfig is not a function&apos;[39m
  },
  userId: [32m&apos;anonymous&apos;[39m,
  severity: [32m&apos;medium&apos;[39m,
  userAgent: [32m&apos;Mozilla/5.0 (win32) AppleWebKit/537.36 (KHTML, like Gecko) jsdom/27.3.0&apos;[39m,
  ip: [32m&apos;client_ip_unavailable&apos;[39m,
  sessionId: [32m&apos;session_1770159298816_h3he74ka5&apos;[39m
}

[AUDIT: MEDIUM] login_failure {
  id: [32m&apos;audit_1770159298841_izs4o7wct&apos;[39m,
  timestamp: [32m&apos;2026-02-03T22:54:58.841Z&apos;[39m,
  action: [32m&apos;login_failure&apos;[39m,
  details: {
    email: [32m&apos;&lt;img src=x onerror=alert(&quot;XSS&quot;)&gt;&apos;[39m,
    method: [32m&apos;email_password&apos;[39m,
    errorCode: [90mundefined[39m,
    errorMessage: [32m&apos;authInstance._getRecaptchaConfig is not a function&apos;[39m
  },
  userId: [32m&apos;anonymous&apos;[39m,
  severity: [32m&apos;medium&apos;[39m,
  userAgent: [32m&apos;Mozilla/5.0 (win32) AppleWebKit/537.36 (KHTML, like Gecko) jsdom/27.3.0&apos;[39m,
  ip: [32m&apos;client_ip_unavailable&apos;[39m,
  sessionId: [32m&apos;session_1770159298816_h3he74ka5&apos;[39m
}

[AUDIT: MEDIUM] login_failure {
  id: [32m&apos;audit_1770159298842_mxfwyy267&apos;[39m,
  timestamp: [32m&apos;2026-02-03T22:54:58.842Z&apos;[39m,
  action: [32m&apos;login_failure&apos;[39m,
  details: {
    email: [32m&apos;test@example.com&apos;[39m,
    method: [32m&apos;email_password&apos;[39m,
    errorCode: [90mundefined[39m,
    errorMessage: [32m&apos;authInstance._getRecaptchaConfig is not a function&apos;[39m
  },
  userId: [32m&apos;anonymous&apos;[39m,
  severity: [32m&apos;medium&apos;[39m,
  userAgent: [32m&apos;Mozilla/5.0 (win32) AppleWebKit/537.36 (KHTML, like Gecko) jsdom/27.3.0&apos;[39m,
  ip: [32m&apos;client_ip_unavailable&apos;[39m,
  sessionId: [32m&apos;session_1770159298816_h3he74ka5&apos;[39m
}

[AUDIT: MEDIUM] login_failure {
  id: [32m&apos;audit_1770159298842_1oqomhgch&apos;[39m,
  timestamp: [32m&apos;2026-02-03T22:54:58.842Z&apos;[39m,
  action: [32m&apos;login_failure&apos;[39m,
  details: {
    email: [32m&apos;&lt;svg onload=alert(&quot;XSS&quot;)&gt;&apos;[39m,
    method: [32m&apos;email_password&apos;[39m,
    errorCode: [90mundefined[39m,
    errorMessage: [32m&apos;authInstance._getRecaptchaConfig is not a function&apos;[39m
  },
  userId: [32m&apos;anonymous&apos;[39m,
  severity: [32m&apos;medium&apos;[39m,
  userAgent: [32m&apos;Mozilla/5.0 (win32) AppleWebKit/537.36 (KHTML, like Gecko) jsdom/27.3.0&apos;[39m,
  ip: [32m&apos;client_ip_unavailable&apos;[39m,
  sessionId: [32m&apos;session_1770159298816_h3he74ka5&apos;[39m
}

[AUDIT: MEDIUM] login_failure {
  id: [32m&apos;audit_1770159298843_p5rztkdr0&apos;[39m,
  timestamp: [32m&apos;2026-02-03T22:54:58.843Z&apos;[39m,
  action: [32m&apos;login_failure&apos;[39m,
  details: {
    email: [32m&apos;test@example.com&apos;[39m,
    method: [32m&apos;email_password&apos;[39m,
    errorCode: [90mundefined[39m,
    errorMessage: [32m&apos;authInstance._getRecaptchaConfig is not a function&apos;[39m
  },
  userId: [32m&apos;anonymous&apos;[39m,
  severity: [32m&apos;medium&apos;[39m,
  userAgent: [32m&apos;Mozilla/5.0 (win32) AppleWebKit/537.36 (KHTML, like Gecko) jsdom/27.3.0&apos;[39m,
  ip: [32m&apos;client_ip_unavailable&apos;[39m,
  sessionId: [32m&apos;session_1770159298816_h3he74ka5&apos;[39m
}

[AUDIT: MEDIUM] login_failure {
  id: [32m&apos;audit_1770159298844_xxmfqkcn9&apos;[39m,
  timestamp: [32m&apos;2026-02-03T22:54:58.844Z&apos;[39m,
  action: [32m&apos;login_failure&apos;[39m,
  details: {
    email: [32m&apos;javascript:alert(&quot;XSS&quot;)&apos;[39m,
    method: [32m&apos;email_password&apos;[39m,
    errorCode: [90mundefined[39m,
    errorMessage: [32m&apos;authInstance._getRecaptchaConfig is not a function&apos;[39m
  },
  userId: [32m&apos;anonymous&apos;[39m,
  severity: [32m&apos;medium&apos;[39m,
  userAgent: [32m&apos;Mozilla/5.0 (win32) AppleWebKit/537.36 (KHTML, like Gecko) jsdom/27.3.0&apos;[39m,
  ip: [32m&apos;client_ip_unavailable&apos;[39m,
  sessionId: [32m&apos;session_1770159298816_h3he74ka5&apos;[39m
}

[AUDIT: MEDIUM] login_failure {
  id: [32m&apos;audit_1770159298845_phxg5m6u3&apos;[39m,
  timestamp: [32m&apos;2026-02-03T22:54:58.845Z&apos;[39m,
  action: [32m&apos;login_failure&apos;[39m,
  details: {
    email: [32m&apos;test@example.com&apos;[39m,
    method: [32m&apos;email_password&apos;[39m,
    errorCode: [90mundefined[39m,
    errorMessage: [32m&apos;authInstance._getRecaptchaConfig is not a function&apos;[39m
  },
  userId: [32m&apos;anonymous&apos;[39m,
  severity: [32m&apos;medium&apos;[39m,
  userAgent: [32m&apos;Mozilla/5.0 (win32) AppleWebKit/537.36 (KHTML, like Gecko) jsdom/27.3.0&apos;[39m,
  ip: [32m&apos;client_ip_unavailable&apos;[39m,
  sessionId: [32m&apos;session_1770159298816_h3he74ka5&apos;[39m
}

[AUDIT: MEDIUM] login_failure {
  id: [32m&apos;audit_1770159298845_m8z3dm038&apos;[39m,
  timestamp: [32m&apos;2026-02-03T22:54:58.845Z&apos;[39m,
  action: [32m&apos;login_failure&apos;[39m,
  details: {
    email: [32m`&lt;iframe src=&quot;javascript:alert(&apos;XSS&apos;)&quot;&gt;&lt;/iframe&gt;`[39m,
    method: [32m&apos;email_password&apos;[39m,
    errorCode: [90mundefined[39m,
    errorMessage: [32m&apos;authInstance._getRecaptchaConfig is not a function&apos;[39m
  },
  userId: [32m&apos;anonymous&apos;[39m,
  severity: [32m&apos;medium&apos;[39m,
  userAgent: [32m&apos;Mozilla/5.0 (win32) AppleWebKit/537.36 (KHTML, like Gecko) jsdom/27.3.0&apos;[39m,
  ip: [32m&apos;client_ip_unavailable&apos;[39m,
  sessionId: [32m&apos;session_1770159298816_h3he74ka5&apos;[39m
}

[AUDIT: MEDIUM] login_failure {
  id: [32m&apos;audit_1770159298846_kzvmfr0v3&apos;[39m,
  timestamp: [32m&apos;2026-02-03T22:54:58.846Z&apos;[39m,
  action: [32m&apos;login_failure&apos;[39m,
  details: {
    email: [32m&apos;test@example.com&apos;[39m,
    method: [32m&apos;email_password&apos;[39m,
    errorCode: [90mundefined[39m,
    errorMessage: [32m&apos;authInstance._getRecaptchaConfig is not a function&apos;[39m
  },
  userId: [32m&apos;anonymous&apos;[39m,
  severity: [32m&apos;medium&apos;[39m,
  userAgent: [32m&apos;Mozilla/5.0 (win32) AppleWebKit/537.36 (KHTML, like Gecko) jsdom/27.3.0&apos;[39m,
  ip: [32m&apos;client_ip_unavailable&apos;[39m,
  sessionId: [32m&apos;session_1770159298816_h3he74ka5&apos;[39m
}

[AUDIT: MEDIUM] login_failure {
  id: [32m&apos;audit_1770159298847_cdn4h1e3o&apos;[39m,
  timestamp: [32m&apos;2026-02-03T22:54:58.847Z&apos;[39m,
  action: [32m&apos;login_failure&apos;[39m,
  details: {
    email: [32m&apos;&lt;body onload=alert(&quot;XSS&quot;)&gt;&apos;[39m,
    method: [32m&apos;email_password&apos;[39m,
    errorCode: [90mundefined[39m,
    errorMessage: [32m&apos;authInstance._getRecaptchaConfig is not a function&apos;[39m
  },
  userId: [32m&apos;anonymous&apos;[39m,
  severity: [32m&apos;medium&apos;[39m,
  userAgent: [32m&apos;Mozilla/5.0 (win32) AppleWebKit/537.36 (KHTML, like Gecko) jsdom/27.3.0&apos;[39m,
  ip: [32m&apos;client_ip_unavailable&apos;[39m,
  sessionId: [32m&apos;session_1770159298816_h3he74ka5&apos;[39m
}

[AUDIT: HIGH] rate_limit_exceeded {
  id: [32m&apos;audit_1770159298847_vs78qxtvh&apos;[39m,
  timestamp: [32m&apos;2026-02-03T22:54:58.847Z&apos;[39m,
  action: [32m&apos;rate_limit_exceeded&apos;[39m,
  details: { email: [32m&apos;test@example.com&apos;[39m, remainingTime: [33m900[39m },
  userId: [32m&apos;anonymous&apos;[39m,
  severity: [32m&apos;high&apos;[39m,
  userAgent: [32m&apos;Mozilla/5.0 (win32) AppleWebKit/537.36 (KHTML, like Gecko) jsdom/27.3.0&apos;[39m,
  ip: [32m&apos;client_ip_unavailable&apos;[39m,
  sessionId: [32m&apos;session_1770159298816_h3he74ka5&apos;[39m
}

[AUDIT: MEDIUM] login_failure {
  id: [32m&apos;audit_1770159298848_s4mivf41m&apos;[39m,
  timestamp: [32m&apos;2026-02-03T22:54:58.848Z&apos;[39m,
  action: [32m&apos;login_failure&apos;[39m,
  details: {
    email: [32m&apos;&lt;input onfocus=alert(&quot;XSS&quot;) autofocus&gt;&apos;[39m,
    method: [32m&apos;email_password&apos;[39m,
    errorCode: [90mundefined[39m,
    errorMessage: [32m&apos;authInstance._getRecaptchaConfig is not a function&apos;[39m
  },
  userId: [32m&apos;anonymous&apos;[39m,
  severity: [32m&apos;medium&apos;[39m,
  userAgent: [32m&apos;Mozilla/5.0 (win32) AppleWebKit/537.36 (KHTML, like Gecko) jsdom/27.3.0&apos;[39m,
  ip: [32m&apos;client_ip_unavailable&apos;[39m,
  sessionId: [32m&apos;session_1770159298816_h3he74ka5&apos;[39m
}

[AUDIT: HIGH] rate_limit_exceeded {
  id: [32m&apos;audit_1770159298848_0aac2gf01&apos;[39m,
  timestamp: [32m&apos;2026-02-03T22:54:58.848Z&apos;[39m,
  action: [32m&apos;rate_limit_exceeded&apos;[39m,
  details: { email: [32m&apos;test@example.com&apos;[39m, remainingTime: [33m900[39m },
  userId: [32m&apos;anonymous&apos;[39m,
  severity: [32m&apos;high&apos;[39m,
  userAgent: [32m&apos;Mozilla/5.0 (win32) AppleWebKit/537.36 (KHTML, like Gecko) jsdom/27.3.0&apos;[39m,
  ip: [32m&apos;client_ip_unavailable&apos;[39m,
  sessionId: [32m&apos;session_1770159298816_h3he74ka5&apos;[39m
}

[AUDIT: MEDIUM] login_failure {
  id: [32m&apos;audit_1770159298849_8fg3jo5q4&apos;[39m,
  timestamp: [32m&apos;2026-02-03T22:54:58.849Z&apos;[39m,
  action: [32m&apos;login_failure&apos;[39m,
  details: {
    email: [32m&apos;&lt;select onfocus=alert(&quot;XSS&quot;) autofocus&gt;&apos;[39m,
    method: [32m&apos;email_password&apos;[39m,
    errorCode: [90mundefined[39m,
    errorMessage: [32m&apos;authInstance._getRecaptchaConfig is not a function&apos;[39m
  },
  userId: [32m&apos;anonymous&apos;[39m,
  severity: [32m&apos;medium&apos;[39m,
  userAgent: [32m&apos;Mozilla/5.0 (win32) AppleWebKit/537.36 (KHTML, like Gecko) jsdom/27.3.0&apos;[39m,
  ip: [32m&apos;client_ip_unavailable&apos;[39m,
  sessionId: [32m&apos;session_1770159298816_h3he74ka5&apos;[39m
}

[AUDIT: HIGH] rate_limit_exceeded {
  id: [32m&apos;audit_1770159298849_jad9il0td&apos;[39m,
  timestamp: [32m&apos;2026-02-03T22:54:58.849Z&apos;[39m,
  action: [32m&apos;rate_limit_exceeded&apos;[39m,
  details: { email: [32m&apos;test@example.com&apos;[39m, remainingTime: [33m900[39m },
  userId: [32m&apos;anonymous&apos;[39m,
  severity: [32m&apos;high&apos;[39m,
  userAgent: [32m&apos;Mozilla/5.0 (win32) AppleWebKit/537.36 (KHTML, like Gecko) jsdom/27.3.0&apos;[39m,
  ip: [32m&apos;client_ip_unavailable&apos;[39m,
  sessionId: [32m&apos;session_1770159298816_h3he74ka5&apos;[39m
}

            </system-out>
            <system-err>
[AuthService] Unexpected login error: [90mundefined[39m

[AuthService] Unexpected login error: [90mundefined[39m

[AuthService] Unexpected login error: [90mundefined[39m

[AuthService] Unexpected login error: [90mundefined[39m

[AuthService] Unexpected login error: [90mundefined[39m

[AuthService] Unexpected login error: [90mundefined[39m

[AuthService] Unexpected login error: [90mundefined[39m

[AuthService] Unexpected login error: [90mundefined[39m

[AuthService] Unexpected login error: [90mundefined[39m

[AuthService] Unexpected login error: [90mundefined[39m

[AuthService] Unexpected login error: [90mundefined[39m

[AuthService] Unexpected login error: [90mundefined[39m

[AuthService] Unexpected login error: [90mundefined[39m

            </system-err>
        </testcase>
        <testcase classname="tests/security/auth-penetration.test.js" name="Authentication Penetration Testing &gt; Brute Force Protection &gt; should enforce rate limiting after multiple failed attempts" time="0.0049666">
            <system-out>
[AUDIT: MEDIUM] login_failure {
  id: [32m&apos;audit_1770159298850_zav5imw4n&apos;[39m,
  timestamp: [32m&apos;2026-02-03T22:54:58.851Z&apos;[39m,
  action: [32m&apos;login_failure&apos;[39m,
  details: {
    email: [32m&apos;test@example.com&apos;[39m,
    method: [32m&apos;email_password&apos;[39m,
    errorCode: [90mundefined[39m,
    errorMessage: [32m&apos;authInstance._getRecaptchaConfig is not a function&apos;[39m
  },
  userId: [32m&apos;anonymous&apos;[39m,
  severity: [32m&apos;medium&apos;[39m,
  userAgent: [32m&apos;Mozilla/5.0 (win32) AppleWebKit/537.36 (KHTML, like Gecko) jsdom/27.3.0&apos;[39m,
  ip: [32m&apos;client_ip_unavailable&apos;[39m,
  sessionId: [32m&apos;session_1770159298816_h3he74ka5&apos;[39m
}

[AUDIT: MEDIUM] login_failure {
  id: [32m&apos;audit_1770159298851_tnfg7tmj7&apos;[39m,
  timestamp: [32m&apos;2026-02-03T22:54:58.851Z&apos;[39m,
  action: [32m&apos;login_failure&apos;[39m,
  details: {
    email: [32m&apos;test@example.com&apos;[39m,
    method: [32m&apos;email_password&apos;[39m,
    errorCode: [90mundefined[39m,
    errorMessage: [32m&apos;authInstance._getRecaptchaConfig is not a function&apos;[39m
  },
  userId: [32m&apos;anonymous&apos;[39m,
  severity: [32m&apos;medium&apos;[39m,
  userAgent: [32m&apos;Mozilla/5.0 (win32) AppleWebKit/537.36 (KHTML, like Gecko) jsdom/27.3.0&apos;[39m,
  ip: [32m&apos;client_ip_unavailable&apos;[39m,
  sessionId: [32m&apos;session_1770159298816_h3he74ka5&apos;[39m
}

[AUDIT: MEDIUM] login_failure {
  id: [32m&apos;audit_1770159298852_garsddm1z&apos;[39m,
  timestamp: [32m&apos;2026-02-03T22:54:58.852Z&apos;[39m,
  action: [32m&apos;login_failure&apos;[39m,
  details: {
    email: [32m&apos;test@example.com&apos;[39m,
    method: [32m&apos;email_password&apos;[39m,
    errorCode: [90mundefined[39m,
    errorMessage: [32m&apos;authInstance._getRecaptchaConfig is not a function&apos;[39m
  },
  userId: [32m&apos;anonymous&apos;[39m,
  severity: [32m&apos;medium&apos;[39m,
  userAgent: [32m&apos;Mozilla/5.0 (win32) AppleWebKit/537.36 (KHTML, like Gecko) jsdom/27.3.0&apos;[39m,
  ip: [32m&apos;client_ip_unavailable&apos;[39m,
  sessionId: [32m&apos;session_1770159298816_h3he74ka5&apos;[39m
}

[AUDIT: MEDIUM] login_failure {
  id: [32m&apos;audit_1770159298853_x8umqbsea&apos;[39m,
  timestamp: [32m&apos;2026-02-03T22:54:58.853Z&apos;[39m,
  action: [32m&apos;login_failure&apos;[39m,
  details: {
    email: [32m&apos;test@example.com&apos;[39m,
    method: [32m&apos;email_password&apos;[39m,
    errorCode: [90mundefined[39m,
    errorMessage: [32m&apos;authInstance._getRecaptchaConfig is not a function&apos;[39m
  },
  userId: [32m&apos;anonymous&apos;[39m,
  severity: [32m&apos;medium&apos;[39m,
  userAgent: [32m&apos;Mozilla/5.0 (win32) AppleWebKit/537.36 (KHTML, like Gecko) jsdom/27.3.0&apos;[39m,
  ip: [32m&apos;client_ip_unavailable&apos;[39m,
  sessionId: [32m&apos;session_1770159298816_h3he74ka5&apos;[39m
}

[AUDIT: MEDIUM] login_failure {
  id: [32m&apos;audit_1770159298854_yhcv0dnjr&apos;[39m,
  timestamp: [32m&apos;2026-02-03T22:54:58.854Z&apos;[39m,
  action: [32m&apos;login_failure&apos;[39m,
  details: {
    email: [32m&apos;test@example.com&apos;[39m,
    method: [32m&apos;email_password&apos;[39m,
    errorCode: [90mundefined[39m,
    errorMessage: [32m&apos;authInstance._getRecaptchaConfig is not a function&apos;[39m
  },
  userId: [32m&apos;anonymous&apos;[39m,
  severity: [32m&apos;medium&apos;[39m,
  userAgent: [32m&apos;Mozilla/5.0 (win32) AppleWebKit/537.36 (KHTML, like Gecko) jsdom/27.3.0&apos;[39m,
  ip: [32m&apos;client_ip_unavailable&apos;[39m,
  sessionId: [32m&apos;session_1770159298816_h3he74ka5&apos;[39m
}

[AUDIT: HIGH] rate_limit_exceeded {
  id: [32m&apos;audit_1770159298854_y6q2rn0vl&apos;[39m,
  timestamp: [32m&apos;2026-02-03T22:54:58.854Z&apos;[39m,
  action: [32m&apos;rate_limit_exceeded&apos;[39m,
  details: { email: [32m&apos;test@example.com&apos;[39m, remainingTime: [33m900[39m },
  userId: [32m&apos;anonymous&apos;[39m,
  severity: [32m&apos;high&apos;[39m,
  userAgent: [32m&apos;Mozilla/5.0 (win32) AppleWebKit/537.36 (KHTML, like Gecko) jsdom/27.3.0&apos;[39m,
  ip: [32m&apos;client_ip_unavailable&apos;[39m,
  sessionId: [32m&apos;session_1770159298816_h3he74ka5&apos;[39m
}

            </system-out>
            <system-err>
[AuthService] Unexpected login error: [90mundefined[39m

[AuthService] Unexpected login error: [90mundefined[39m

[AuthService] Unexpected login error: [90mundefined[39m

[AuthService] Unexpected login error: [90mundefined[39m

[AuthService] Unexpected login error: [90mundefined[39m

            </system-err>
        </testcase>
        <testcase classname="tests/security/auth-penetration.test.js" name="Authentication Penetration Testing &gt; Brute Force Protection &gt; should handle distributed brute force attempts" time="0.0117836">
            <system-out>
[AUDIT: MEDIUM] login_failure {
  id: [32m&apos;audit_1770159298855_2fvbns2yf&apos;[39m,
  timestamp: [32m&apos;2026-02-03T22:54:58.855Z&apos;[39m,
  action: [32m&apos;login_failure&apos;[39m,
  details: {
    email: [32m&apos;user1@example.com&apos;[39m,
    method: [32m&apos;email_password&apos;[39m,
    errorCode: [90mundefined[39m,
    errorMessage: [32m&apos;authInstance._getRecaptchaConfig is not a function&apos;[39m
  },
  userId: [32m&apos;anonymous&apos;[39m,
  severity: [32m&apos;medium&apos;[39m,
  userAgent: [32m&apos;Mozilla/5.0 (win32) AppleWebKit/537.36 (KHTML, like Gecko) jsdom/27.3.0&apos;[39m,
  ip: [32m&apos;client_ip_unavailable&apos;[39m,
  sessionId: [32m&apos;session_1770159298816_h3he74ka5&apos;[39m
}

[AUDIT: MEDIUM] login_failure {
  id: [32m&apos;audit_1770159298856_aqjydfy5f&apos;[39m,
  timestamp: [32m&apos;2026-02-03T22:54:58.856Z&apos;[39m,
  action: [32m&apos;login_failure&apos;[39m,
  details: {
    email: [32m&apos;user1@example.com&apos;[39m,
    method: [32m&apos;email_password&apos;[39m,
    errorCode: [90mundefined[39m,
    errorMessage: [32m&apos;authInstance._getRecaptchaConfig is not a function&apos;[39m
  },
  userId: [32m&apos;anonymous&apos;[39m,
  severity: [32m&apos;medium&apos;[39m,
  userAgent: [32m&apos;Mozilla/5.0 (win32) AppleWebKit/537.36 (KHTML, like Gecko) jsdom/27.3.0&apos;[39m,
  ip: [32m&apos;client_ip_unavailable&apos;[39m,
  sessionId: [32m&apos;session_1770159298816_h3he74ka5&apos;[39m
}

[AUDIT: MEDIUM] login_failure {
  id: [32m&apos;audit_1770159298857_isikuo7vk&apos;[39m,
  timestamp: [32m&apos;2026-02-03T22:54:58.857Z&apos;[39m,
  action: [32m&apos;login_failure&apos;[39m,
  details: {
    email: [32m&apos;user1@example.com&apos;[39m,
    method: [32m&apos;email_password&apos;[39m,
    errorCode: [90mundefined[39m,
    errorMessage: [32m&apos;authInstance._getRecaptchaConfig is not a function&apos;[39m
  },
  userId: [32m&apos;anonymous&apos;[39m,
  severity: [32m&apos;medium&apos;[39m,
  userAgent: [32m&apos;Mozilla/5.0 (win32) AppleWebKit/537.36 (KHTML, like Gecko) jsdom/27.3.0&apos;[39m,
  ip: [32m&apos;client_ip_unavailable&apos;[39m,
  sessionId: [32m&apos;session_1770159298816_h3he74ka5&apos;[39m
}

[AUDIT: MEDIUM] login_failure {
  id: [32m&apos;audit_1770159298858_x0rovv6m6&apos;[39m,
  timestamp: [32m&apos;2026-02-03T22:54:58.858Z&apos;[39m,
  action: [32m&apos;login_failure&apos;[39m,
  details: {
    email: [32m&apos;user1@example.com&apos;[39m,
    method: [32m&apos;email_password&apos;[39m,
    errorCode: [90mundefined[39m,
    errorMessage: [32m&apos;authInstance._getRecaptchaConfig is not a function&apos;[39m
  },
  userId: [32m&apos;anonymous&apos;[39m,
  severity: [32m&apos;medium&apos;[39m,
  userAgent: [32m&apos;Mozilla/5.0 (win32) AppleWebKit/537.36 (KHTML, like Gecko) jsdom/27.3.0&apos;[39m,
  ip: [32m&apos;client_ip_unavailable&apos;[39m,
  sessionId: [32m&apos;session_1770159298816_h3he74ka5&apos;[39m
}

[AUDIT: MEDIUM] login_failure {
  id: [32m&apos;audit_1770159298859_y9ezfwwhy&apos;[39m,
  timestamp: [32m&apos;2026-02-03T22:54:58.859Z&apos;[39m,
  action: [32m&apos;login_failure&apos;[39m,
  details: {
    email: [32m&apos;user1@example.com&apos;[39m,
    method: [32m&apos;email_password&apos;[39m,
    errorCode: [90mundefined[39m,
    errorMessage: [32m&apos;authInstance._getRecaptchaConfig is not a function&apos;[39m
  },
  userId: [32m&apos;anonymous&apos;[39m,
  severity: [32m&apos;medium&apos;[39m,
  userAgent: [32m&apos;Mozilla/5.0 (win32) AppleWebKit/537.36 (KHTML, like Gecko) jsdom/27.3.0&apos;[39m,
  ip: [32m&apos;client_ip_unavailable&apos;[39m,
  sessionId: [32m&apos;session_1770159298816_h3he74ka5&apos;[39m
}

[AUDIT: HIGH] rate_limit_exceeded {
  id: [32m&apos;audit_1770159298859_e64tdib9c&apos;[39m,
  timestamp: [32m&apos;2026-02-03T22:54:58.859Z&apos;[39m,
  action: [32m&apos;rate_limit_exceeded&apos;[39m,
  details: { email: [32m&apos;user1@example.com&apos;[39m, remainingTime: [33m900[39m },
  userId: [32m&apos;anonymous&apos;[39m,
  severity: [32m&apos;high&apos;[39m,
  userAgent: [32m&apos;Mozilla/5.0 (win32) AppleWebKit/537.36 (KHTML, like Gecko) jsdom/27.3.0&apos;[39m,
  ip: [32m&apos;client_ip_unavailable&apos;[39m,
  sessionId: [32m&apos;session_1770159298816_h3he74ka5&apos;[39m
}

[AUDIT: MEDIUM] login_failure {
  id: [32m&apos;audit_1770159298860_rhrqfwlyy&apos;[39m,
  timestamp: [32m&apos;2026-02-03T22:54:58.860Z&apos;[39m,
  action: [32m&apos;login_failure&apos;[39m,
  details: {
    email: [32m&apos;user2@example.com&apos;[39m,
    method: [32m&apos;email_password&apos;[39m,
    errorCode: [90mundefined[39m,
    errorMessage: [32m&apos;authInstance._getRecaptchaConfig is not a function&apos;[39m
  },
  userId: [32m&apos;anonymous&apos;[39m,
  severity: [32m&apos;medium&apos;[39m,
  userAgent: [32m&apos;Mozilla/5.0 (win32) AppleWebKit/537.36 (KHTML, like Gecko) jsdom/27.3.0&apos;[39m,
  ip: [32m&apos;client_ip_unavailable&apos;[39m,
  sessionId: [32m&apos;session_1770159298816_h3he74ka5&apos;[39m
}

[AUDIT: MEDIUM] login_failure {
  id: [32m&apos;audit_1770159298860_b5z35q88d&apos;[39m,
  timestamp: [32m&apos;2026-02-03T22:54:58.860Z&apos;[39m,
  action: [32m&apos;login_failure&apos;[39m,
  details: {
    email: [32m&apos;user2@example.com&apos;[39m,
    method: [32m&apos;email_password&apos;[39m,
    errorCode: [90mundefined[39m,
    errorMessage: [32m&apos;authInstance._getRecaptchaConfig is not a function&apos;[39m
  },
  userId: [32m&apos;anonymous&apos;[39m,
  severity: [32m&apos;medium&apos;[39m,
  userAgent: [32m&apos;Mozilla/5.0 (win32) AppleWebKit/537.36 (KHTML, like Gecko) jsdom/27.3.0&apos;[39m,
  ip: [32m&apos;client_ip_unavailable&apos;[39m,
  sessionId: [32m&apos;session_1770159298816_h3he74ka5&apos;[39m
}

[AUDIT: MEDIUM] login_failure {
  id: [32m&apos;audit_1770159298861_9c8rnoy37&apos;[39m,
  timestamp: [32m&apos;2026-02-03T22:54:58.861Z&apos;[39m,
  action: [32m&apos;login_failure&apos;[39m,
  details: {
    email: [32m&apos;user2@example.com&apos;[39m,
    method: [32m&apos;email_password&apos;[39m,
    errorCode: [90mundefined[39m,
    errorMessage: [32m&apos;authInstance._getRecaptchaConfig is not a function&apos;[39m
  },
  userId: [32m&apos;anonymous&apos;[39m,
  severity: [32m&apos;medium&apos;[39m,
  userAgent: [32m&apos;Mozilla/5.0 (win32) AppleWebKit/537.36 (KHTML, like Gecko) jsdom/27.3.0&apos;[39m,
  ip: [32m&apos;client_ip_unavailable&apos;[39m,
  sessionId: [32m&apos;session_1770159298816_h3he74ka5&apos;[39m
}

[AUDIT: MEDIUM] login_failure {
  id: [32m&apos;audit_1770159298861_acdg5uof5&apos;[39m,
  timestamp: [32m&apos;2026-02-03T22:54:58.861Z&apos;[39m,
  action: [32m&apos;login_failure&apos;[39m,
  details: {
    email: [32m&apos;user2@example.com&apos;[39m,
    method: [32m&apos;email_password&apos;[39m,
    errorCode: [90mundefined[39m,
    errorMessage: [32m&apos;authInstance._getRecaptchaConfig is not a function&apos;[39m
  },
  userId: [32m&apos;anonymous&apos;[39m,
  severity: [32m&apos;medium&apos;[39m,
  userAgent: [32m&apos;Mozilla/5.0 (win32) AppleWebKit/537.36 (KHTML, like Gecko) jsdom/27.3.0&apos;[39m,
  ip: [32m&apos;client_ip_unavailable&apos;[39m,
  sessionId: [32m&apos;session_1770159298816_h3he74ka5&apos;[39m
}

[AUDIT: MEDIUM] login_failure {
  id: [32m&apos;audit_1770159298862_xfy1mdemo&apos;[39m,
  timestamp: [32m&apos;2026-02-03T22:54:58.862Z&apos;[39m,
  action: [32m&apos;login_failure&apos;[39m,
  details: {
    email: [32m&apos;user2@example.com&apos;[39m,
    method: [32m&apos;email_password&apos;[39m,
    errorCode: [90mundefined[39m,
    errorMessage: [32m&apos;authInstance._getRecaptchaConfig is not a function&apos;[39m
  },
  userId: [32m&apos;anonymous&apos;[39m,
  severity: [32m&apos;medium&apos;[39m,
  userAgent: [32m&apos;Mozilla/5.0 (win32) AppleWebKit/537.36 (KHTML, like Gecko) jsdom/27.3.0&apos;[39m,
  ip: [32m&apos;client_ip_unavailable&apos;[39m,
  sessionId: [32m&apos;session_1770159298816_h3he74ka5&apos;[39m
}

[AUDIT: HIGH] rate_limit_exceeded {
  id: [32m&apos;audit_1770159298862_kf45s47ze&apos;[39m,
  timestamp: [32m&apos;2026-02-03T22:54:58.862Z&apos;[39m,
  action: [32m&apos;rate_limit_exceeded&apos;[39m,
  details: { email: [32m&apos;user2@example.com&apos;[39m, remainingTime: [33m900[39m },
  userId: [32m&apos;anonymous&apos;[39m,
  severity: [32m&apos;high&apos;[39m,
  userAgent: [32m&apos;Mozilla/5.0 (win32) AppleWebKit/537.36 (KHTML, like Gecko) jsdom/27.3.0&apos;[39m,
  ip: [32m&apos;client_ip_unavailable&apos;[39m,
  sessionId: [32m&apos;session_1770159298816_h3he74ka5&apos;[39m
}

[AUDIT: MEDIUM] login_failure {
  id: [32m&apos;audit_1770159298863_lnpfhz69c&apos;[39m,
  timestamp: [32m&apos;2026-02-03T22:54:58.863Z&apos;[39m,
  action: [32m&apos;login_failure&apos;[39m,
  details: {
    email: [32m&apos;user3@example.com&apos;[39m,
    method: [32m&apos;email_password&apos;[39m,
    errorCode: [90mundefined[39m,
    errorMessage: [32m&apos;authInstance._getRecaptchaConfig is not a function&apos;[39m
  },
  userId: [32m&apos;anonymous&apos;[39m,
  severity: [32m&apos;medium&apos;[39m,
  userAgent: [32m&apos;Mozilla/5.0 (win32) AppleWebKit/537.36 (KHTML, like Gecko) jsdom/27.3.0&apos;[39m,
  ip: [32m&apos;client_ip_unavailable&apos;[39m,
  sessionId: [32m&apos;session_1770159298816_h3he74ka5&apos;[39m
}

[AUDIT: MEDIUM] login_failure {
  id: [32m&apos;audit_1770159298863_hxc3lhnqp&apos;[39m,
  timestamp: [32m&apos;2026-02-03T22:54:58.863Z&apos;[39m,
  action: [32m&apos;login_failure&apos;[39m,
  details: {
    email: [32m&apos;user3@example.com&apos;[39m,
    method: [32m&apos;email_password&apos;[39m,
    errorCode: [90mundefined[39m,
    errorMessage: [32m&apos;authInstance._getRecaptchaConfig is not a function&apos;[39m
  },
  userId: [32m&apos;anonymous&apos;[39m,
  severity: [32m&apos;medium&apos;[39m,
  userAgent: [32m&apos;Mozilla/5.0 (win32) AppleWebKit/537.36 (KHTML, like Gecko) jsdom/27.3.0&apos;[39m,
  ip: [32m&apos;client_ip_unavailable&apos;[39m,
  sessionId: [32m&apos;session_1770159298816_h3he74ka5&apos;[39m
}

[AUDIT: MEDIUM] login_failure {
  id: [32m&apos;audit_1770159298864_f7jdnqv02&apos;[39m,
  timestamp: [32m&apos;2026-02-03T22:54:58.864Z&apos;[39m,
  action: [32m&apos;login_failure&apos;[39m,
  details: {
    email: [32m&apos;user3@example.com&apos;[39m,
    method: [32m&apos;email_password&apos;[39m,
    errorCode: [90mundefined[39m,
    errorMessage: [32m&apos;authInstance._getRecaptchaConfig is not a function&apos;[39m
  },
  userId: [32m&apos;anonymous&apos;[39m,
  severity: [32m&apos;medium&apos;[39m,
  userAgent: [32m&apos;Mozilla/5.0 (win32) AppleWebKit/537.36 (KHTML, like Gecko) jsdom/27.3.0&apos;[39m,
  ip: [32m&apos;client_ip_unavailable&apos;[39m,
  sessionId: [32m&apos;session_1770159298816_h3he74ka5&apos;[39m
}

[AUDIT: MEDIUM] login_failure {
  id: [32m&apos;audit_1770159298865_3qvv68k37&apos;[39m,
  timestamp: [32m&apos;2026-02-03T22:54:58.865Z&apos;[39m,
  action: [32m&apos;login_failure&apos;[39m,
  details: {
    email: [32m&apos;user3@example.com&apos;[39m,
    method: [32m&apos;email_password&apos;[39m,
    errorCode: [90mundefined[39m,
    errorMessage: [32m&apos;authInstance._getRecaptchaConfig is not a function&apos;[39m
  },
  userId: [32m&apos;anonymous&apos;[39m,
  severity: [32m&apos;medium&apos;[39m,
  userAgent: [32m&apos;Mozilla/5.0 (win32) AppleWebKit/537.36 (KHTML, like Gecko) jsdom/27.3.0&apos;[39m,
  ip: [32m&apos;client_ip_unavailable&apos;[39m,
  sessionId: [32m&apos;session_1770159298816_h3he74ka5&apos;[39m
}

[AUDIT: MEDIUM] login_failure {
  id: [32m&apos;audit_1770159298866_8yj641aaz&apos;[39m,
  timestamp: [32m&apos;2026-02-03T22:54:58.866Z&apos;[39m,
  action: [32m&apos;login_failure&apos;[39m,
  details: {
    email: [32m&apos;user3@example.com&apos;[39m,
    method: [32m&apos;email_password&apos;[39m,
    errorCode: [90mundefined[39m,
    errorMessage: [32m&apos;authInstance._getRecaptchaConfig is not a function&apos;[39m
  },
  userId: [32m&apos;anonymous&apos;[39m,
  severity: [32m&apos;medium&apos;[39m,
  userAgent: [32m&apos;Mozilla/5.0 (win32) AppleWebKit/537.36 (KHTML, like Gecko) jsdom/27.3.0&apos;[39m,
  ip: [32m&apos;client_ip_unavailable&apos;[39m,
  sessionId: [32m&apos;session_1770159298816_h3he74ka5&apos;[39m
}

[AUDIT: HIGH] rate_limit_exceeded {
  id: [32m&apos;audit_1770159298866_2zrskkbbn&apos;[39m,
  timestamp: [32m&apos;2026-02-03T22:54:58.866Z&apos;[39m,
  action: [32m&apos;rate_limit_exceeded&apos;[39m,
  details: { email: [32m&apos;user3@example.com&apos;[39m, remainingTime: [33m900[39m },
  userId: [32m&apos;anonymous&apos;[39m,
  severity: [32m&apos;high&apos;[39m,
  userAgent: [32m&apos;Mozilla/5.0 (win32) AppleWebKit/537.36 (KHTML, like Gecko) jsdom/27.3.0&apos;[39m,
  ip: [32m&apos;client_ip_unavailable&apos;[39m,
  sessionId: [32m&apos;session_1770159298816_h3he74ka5&apos;[39m
}

            </system-out>
            <system-err>
[AuthService] Unexpected login error: [90mundefined[39m

[AuthService] Unexpected login error: [90mundefined[39m

[AuthService] Unexpected login error: [90mundefined[39m

[AuthService] Unexpected login error: [90mundefined[39m

[AuthService] Unexpected login error: [90mundefined[39m

[AuthService] Unexpected login error: [90mundefined[39m

[AuthService] Unexpected login error: [90mundefined[39m

[AuthService] Unexpected login error: [90mundefined[39m

[AuthService] Unexpected login error: [90mundefined[39m

[AuthService] Unexpected login error: [90mundefined[39m

[AuthService] Unexpected login error: [90mundefined[39m

[AuthService] Unexpected login error: [90mundefined[39m

[AuthService] Unexpected login error: [90mundefined[39m

[AuthService] Unexpected login error: [90mundefined[39m

[AuthService] Unexpected login error: [90mundefined[39m

            </system-err>
        </testcase>
        <testcase classname="tests/security/auth-penetration.test.js" name="Authentication Penetration Testing &gt; Session Management Security &gt; should handle session hijacking attempts" time="0.0010882">
            <system-out>
[AUDIT: MEDIUM] login_failure {
  id: [32m&apos;audit_1770159298867_dqxkbctgb&apos;[39m,
  timestamp: [32m&apos;2026-02-03T22:54:58.867Z&apos;[39m,
  action: [32m&apos;login_failure&apos;[39m,
  details: {
    email: [32m&apos;test@example.com&apos;[39m,
    method: [32m&apos;email_password&apos;[39m,
    errorCode: [90mundefined[39m,
    errorMessage: [32m&apos;authInstance._getRecaptchaConfig is not a function&apos;[39m
  },
  userId: [32m&apos;anonymous&apos;[39m,
  severity: [32m&apos;medium&apos;[39m,
  userAgent: [32m&apos;Mozilla/5.0 (win32) AppleWebKit/537.36 (KHTML, like Gecko) jsdom/27.3.0&apos;[39m,
  ip: [32m&apos;client_ip_unavailable&apos;[39m,
  sessionId: [32m&apos;session_1770159298816_h3he74ka5&apos;[39m
}

            </system-out>
            <system-err>
[AuthService] Unexpected login error: [90mundefined[39m

            </system-err>
        </testcase>
        <testcase classname="tests/security/auth-penetration.test.js" name="Authentication Penetration Testing &gt; Session Management Security &gt; should handle session fixation attempts" time="0.0011264">
            <system-out>
[AUDIT: MEDIUM] login_failure {
  id: [32m&apos;audit_1770159298868_wjoilf58a&apos;[39m,
  timestamp: [32m&apos;2026-02-03T22:54:58.868Z&apos;[39m,
  action: [32m&apos;login_failure&apos;[39m,
  details: {
    email: [32m&apos;test@example.com&apos;[39m,
    method: [32m&apos;email_password&apos;[39m,
    errorCode: [90mundefined[39m,
    errorMessage: [32m&apos;authInstance._getRecaptchaConfig is not a function&apos;[39m
  },
  userId: [32m&apos;anonymous&apos;[39m,
  severity: [32m&apos;medium&apos;[39m,
  userAgent: [32m&apos;Mozilla/5.0 (win32) AppleWebKit/537.36 (KHTML, like Gecko) jsdom/27.3.0&apos;[39m,
  ip: [32m&apos;client_ip_unavailable&apos;[39m,
  sessionId: [32m&apos;session_1770159298816_h3he74ka5&apos;[39m
}

            </system-out>
            <system-err>
[AuthService] Unexpected login error: [90mundefined[39m

            </system-err>
        </testcase>
        <testcase classname="tests/security/auth-penetration.test.js" name="Authentication Penetration Testing &gt; Password Reset Security &gt; should handle password reset abuse" time="0.0057295">
            <system-out>
[AUDIT: MEDIUM] password_reset_request {
  id: [32m&apos;audit_1770159298870_prc6cslj4&apos;[39m,
  timestamp: [32m&apos;2026-02-03T22:54:58.870Z&apos;[39m,
  action: [32m&apos;password_reset_request&apos;[39m,
  details: {
    email: [32m&apos;test@example.com&apos;[39m,
    errorCode: [90mundefined[39m,
    errorMessage: [32m&apos;authInstance._getRecaptchaConfig is not a function&apos;[39m,
    failed: [33mtrue[39m
  },
  userId: [32m&apos;anonymous&apos;[39m,
  severity: [32m&apos;medium&apos;[39m,
  userAgent: [32m&apos;Mozilla/5.0 (win32) AppleWebKit/537.36 (KHTML, like Gecko) jsdom/27.3.0&apos;[39m,
  ip: [32m&apos;client_ip_unavailable&apos;[39m,
  sessionId: [32m&apos;session_1770159298816_h3he74ka5&apos;[39m
}

[AUDIT: MEDIUM] password_reset_request {
  id: [32m&apos;audit_1770159298872_a44i9qsbe&apos;[39m,
  timestamp: [32m&apos;2026-02-03T22:54:58.872Z&apos;[39m,
  action: [32m&apos;password_reset_request&apos;[39m,
  details: {
    email: [32m&apos;test@example.com&apos;[39m,
    errorCode: [90mundefined[39m,
    errorMessage: [32m&apos;authInstance._getRecaptchaConfig is not a function&apos;[39m,
    failed: [33mtrue[39m
  },
  userId: [32m&apos;anonymous&apos;[39m,
  severity: [32m&apos;medium&apos;[39m,
  userAgent: [32m&apos;Mozilla/5.0 (win32) AppleWebKit/537.36 (KHTML, like Gecko) jsdom/27.3.0&apos;[39m,
  ip: [32m&apos;client_ip_unavailable&apos;[39m,
  sessionId: [32m&apos;session_1770159298816_h3he74ka5&apos;[39m
}

[AUDIT: MEDIUM] password_reset_request {
  id: [32m&apos;audit_1770159298873_h8l41btv5&apos;[39m,
  timestamp: [32m&apos;2026-02-03T22:54:58.873Z&apos;[39m,
  action: [32m&apos;password_reset_request&apos;[39m,
  details: {
    email: [32m&apos;test@example.com&apos;[39m,
    errorCode: [90mundefined[39m,
    errorMessage: [32m&apos;authInstance._getRecaptchaConfig is not a function&apos;[39m,
    failed: [33mtrue[39m
  },
  userId: [32m&apos;anonymous&apos;[39m,
  severity: [32m&apos;medium&apos;[39m,
  userAgent: [32m&apos;Mozilla/5.0 (win32) AppleWebKit/537.36 (KHTML, like Gecko) jsdom/27.3.0&apos;[39m,
  ip: [32m&apos;client_ip_unavailable&apos;[39m,
  sessionId: [32m&apos;session_1770159298816_h3he74ka5&apos;[39m
}

[AUDIT: MEDIUM] password_reset_request {
  id: [32m&apos;audit_1770159298874_vl7gntc72&apos;[39m,
  timestamp: [32m&apos;2026-02-03T22:54:58.874Z&apos;[39m,
  action: [32m&apos;password_reset_request&apos;[39m,
  details: {
    email: [32m&apos;test@example.com&apos;[39m,
    errorCode: [90mundefined[39m,
    errorMessage: [32m&apos;authInstance._getRecaptchaConfig is not a function&apos;[39m,
    failed: [33mtrue[39m
  },
  userId: [32m&apos;anonymous&apos;[39m,
  severity: [32m&apos;medium&apos;[39m,
  userAgent: [32m&apos;Mozilla/5.0 (win32) AppleWebKit/537.36 (KHTML, like Gecko) jsdom/27.3.0&apos;[39m,
  ip: [32m&apos;client_ip_unavailable&apos;[39m,
  sessionId: [32m&apos;session_1770159298816_h3he74ka5&apos;[39m
}

[AUDIT: MEDIUM] password_reset_request {
  id: [32m&apos;audit_1770159298874_p9eg0lddt&apos;[39m,
  timestamp: [32m&apos;2026-02-03T22:54:58.874Z&apos;[39m,
  action: [32m&apos;password_reset_request&apos;[39m,
  details: {
    email: [32m&apos;test@example.com&apos;[39m,
    errorCode: [90mundefined[39m,
    errorMessage: [32m&apos;authInstance._getRecaptchaConfig is not a function&apos;[39m,
    failed: [33mtrue[39m
  },
  userId: [32m&apos;anonymous&apos;[39m,
  severity: [32m&apos;medium&apos;[39m,
  userAgent: [32m&apos;Mozilla/5.0 (win32) AppleWebKit/537.36 (KHTML, like Gecko) jsdom/27.3.0&apos;[39m,
  ip: [32m&apos;client_ip_unavailable&apos;[39m,
  sessionId: [32m&apos;session_1770159298816_h3he74ka5&apos;[39m
}

            </system-out>
            <system-err>
[AuthService] Unexpected password reset error: [90mundefined[39m

[AuthService] Unexpected password reset error: [90mundefined[39m

[AuthService] Unexpected password reset error: [90mundefined[39m

[AuthService] Unexpected password reset error: [90mundefined[39m

[AuthService] Unexpected password reset error: [90mundefined[39m

            </system-err>
        </testcase>
        <testcase classname="tests/security/auth-penetration.test.js" name="Authentication Penetration Testing &gt; Password Reset Security &gt; should handle malicious password reset emails" time="0.0027036">
            <system-out>
[AUDIT: MEDIUM] password_reset_request {
  id: [32m&apos;audit_1770159298875_pdhokeypq&apos;[39m,
  timestamp: [32m&apos;2026-02-03T22:54:58.875Z&apos;[39m,
  action: [32m&apos;password_reset_request&apos;[39m,
  details: {
    email: [32m&apos;javascript:alert(&quot;XSS&quot;)&apos;[39m,
    errorCode: [90mundefined[39m,
    errorMessage: [32m&apos;authInstance._getRecaptchaConfig is not a function&apos;[39m,
    failed: [33mtrue[39m
  },
  userId: [32m&apos;anonymous&apos;[39m,
  severity: [32m&apos;medium&apos;[39m,
  userAgent: [32m&apos;Mozilla/5.0 (win32) AppleWebKit/537.36 (KHTML, like Gecko) jsdom/27.3.0&apos;[39m,
  ip: [32m&apos;client_ip_unavailable&apos;[39m,
  sessionId: [32m&apos;session_1770159298816_h3he74ka5&apos;[39m
}

[AUDIT: MEDIUM] password_reset_request {
  id: [32m&apos;audit_1770159298876_jkh3gljvg&apos;[39m,
  timestamp: [32m&apos;2026-02-03T22:54:58.876Z&apos;[39m,
  action: [32m&apos;password_reset_request&apos;[39m,
  details: {
    email: [32m&apos;&lt;script&gt;alert(&quot;XSS&quot;)&lt;/script&gt;&apos;[39m,
    errorCode: [90mundefined[39m,
    errorMessage: [32m&apos;authInstance._getRecaptchaConfig is not a function&apos;[39m,
    failed: [33mtrue[39m
  },
  userId: [32m&apos;anonymous&apos;[39m,
  severity: [32m&apos;medium&apos;[39m,
  userAgent: [32m&apos;Mozilla/5.0 (win32) AppleWebKit/537.36 (KHTML, like Gecko) jsdom/27.3.0&apos;[39m,
  ip: [32m&apos;client_ip_unavailable&apos;[39m,
  sessionId: [32m&apos;session_1770159298816_h3he74ka5&apos;[39m
}

[AUDIT: MEDIUM] password_reset_request {
  id: [32m&apos;audit_1770159298877_2jfia5z42&apos;[39m,
  timestamp: [32m&apos;2026-02-03T22:54:58.877Z&apos;[39m,
  action: [32m&apos;password_reset_request&apos;[39m,
  details: {
    email: [32m&apos;../../../etc/passwd&apos;[39m,
    errorCode: [90mundefined[39m,
    errorMessage: [32m&apos;authInstance._getRecaptchaConfig is not a function&apos;[39m,
    failed: [33mtrue[39m
  },
  userId: [32m&apos;anonymous&apos;[39m,
  severity: [32m&apos;medium&apos;[39m,
  userAgent: [32m&apos;Mozilla/5.0 (win32) AppleWebKit/537.36 (KHTML, like Gecko) jsdom/27.3.0&apos;[39m,
  ip: [32m&apos;client_ip_unavailable&apos;[39m,
  sessionId: [32m&apos;session_1770159298816_h3he74ka5&apos;[39m
}

[AUDIT: MEDIUM] password_reset_request {
  id: [32m&apos;audit_1770159298877_y72odnf6n&apos;[39m,
  timestamp: [32m&apos;2026-02-03T22:54:58.877Z&apos;[39m,
  action: [32m&apos;password_reset_request&apos;[39m,
  details: {
    email: [32m&apos;&quot;; DROP TABLE users; --&apos;[39m,
    errorCode: [90mundefined[39m,
    errorMessage: [32m&apos;authInstance._getRecaptchaConfig is not a function&apos;[39m,
    failed: [33mtrue[39m
  },
  userId: [32m&apos;anonymous&apos;[39m,
  severity: [32m&apos;medium&apos;[39m,
  userAgent: [32m&apos;Mozilla/5.0 (win32) AppleWebKit/537.36 (KHTML, like Gecko) jsdom/27.3.0&apos;[39m,
  ip: [32m&apos;client_ip_unavailable&apos;[39m,
  sessionId: [32m&apos;session_1770159298816_h3he74ka5&apos;[39m
}

            </system-out>
            <system-err>
[AuthService] Unexpected password reset error: [90mundefined[39m

[AuthService] Unexpected password reset error: [90mundefined[39m

[AuthService] Unexpected password reset error: [90mundefined[39m

[AuthService] Unexpected password reset error: [90mundefined[39m

            </system-err>
        </testcase>
        <testcase classname="tests/security/auth-penetration.test.js" name="Authentication Penetration Testing &gt; Information Disclosure &gt; should not reveal if email exists in system" time="0.0416964">
            <system-out>
[AUDIT: MEDIUM] login_failure {
  id: [32m&apos;audit_1770159298878_m07op5sqb&apos;[39m,
  timestamp: [32m&apos;2026-02-03T22:54:58.878Z&apos;[39m,
  action: [32m&apos;login_failure&apos;[39m,
  details: {
    email: [32m&apos;existing@example.com&apos;[39m,
    method: [32m&apos;email_password&apos;[39m,
    errorCode: [90mundefined[39m,
    errorMessage: [32m&apos;authInstance._getRecaptchaConfig is not a function&apos;[39m
  },
  userId: [32m&apos;anonymous&apos;[39m,
  severity: [32m&apos;medium&apos;[39m,
  userAgent: [32m&apos;Mozilla/5.0 (win32) AppleWebKit/537.36 (KHTML, like Gecko) jsdom/27.3.0&apos;[39m,
  ip: [32m&apos;client_ip_unavailable&apos;[39m,
  sessionId: [32m&apos;session_1770159298816_h3he74ka5&apos;[39m
}

[AUDIT: MEDIUM] login_failure {
  id: [32m&apos;audit_1770159298918_awq22z7wg&apos;[39m,
  timestamp: [32m&apos;2026-02-03T22:54:58.918Z&apos;[39m,
  action: [32m&apos;login_failure&apos;[39m,
  details: {
    email: [32m&apos;nonexistent@example.com&apos;[39m,
    method: [32m&apos;email_password&apos;[39m,
    errorCode: [90mundefined[39m,
    errorMessage: [32m&apos;authInstance._getRecaptchaConfig is not a function&apos;[39m
  },
  userId: [32m&apos;anonymous&apos;[39m,
  severity: [32m&apos;medium&apos;[39m,
  userAgent: [32m&apos;Mozilla/5.0 (win32) AppleWebKit/537.36 (KHTML, like Gecko) jsdom/27.3.0&apos;[39m,
  ip: [32m&apos;client_ip_unavailable&apos;[39m,
  sessionId: [32m&apos;session_1770159298816_h3he74ka5&apos;[39m
}

            </system-out>
            <system-err>
[AuthService] Unexpected login error: [90mundefined[39m

[AuthService] Unexpected login error: [90mundefined[39m

            </system-err>
        </testcase>
        <testcase classname="tests/security/auth-penetration.test.js" name="Authentication Penetration Testing &gt; Information Disclosure &gt; should not leak sensitive information in error messages" time="0.0054763">
            <system-out>
[AUDIT: MEDIUM] login_failure {
  id: [32m&apos;audit_1770159298921_wovp8rkrg&apos;[39m,
  timestamp: [32m&apos;2026-02-03T22:54:58.921Z&apos;[39m,
  action: [32m&apos;login_failure&apos;[39m,
  details: {
    email: [32m&apos;test@example.com&apos;[39m,
    method: [32m&apos;email_password&apos;[39m,
    errorCode: [90mundefined[39m,
    errorMessage: [32m&apos;authInstance._getRecaptchaConfig is not a function&apos;[39m
  },
  userId: [32m&apos;anonymous&apos;[39m,
  severity: [32m&apos;medium&apos;[39m,
  userAgent: [32m&apos;Mozilla/5.0 (win32) AppleWebKit/537.36 (KHTML, like Gecko) jsdom/27.3.0&apos;[39m,
  ip: [32m&apos;client_ip_unavailable&apos;[39m,
  sessionId: [32m&apos;session_1770159298816_h3he74ka5&apos;[39m
}

[AUDIT: MEDIUM] login_failure {
  id: [32m&apos;audit_1770159298922_o0akd8bcd&apos;[39m,
  timestamp: [32m&apos;2026-02-03T22:54:58.922Z&apos;[39m,
  action: [32m&apos;login_failure&apos;[39m,
  details: {
    email: [32m&apos;test@example.com&apos;[39m,
    method: [32m&apos;email_password&apos;[39m,
    errorCode: [90mundefined[39m,
    errorMessage: [32m&apos;authInstance._getRecaptchaConfig is not a function&apos;[39m
  },
  userId: [32m&apos;anonymous&apos;[39m,
  severity: [32m&apos;medium&apos;[39m,
  userAgent: [32m&apos;Mozilla/5.0 (win32) AppleWebKit/537.36 (KHTML, like Gecko) jsdom/27.3.0&apos;[39m,
  ip: [32m&apos;client_ip_unavailable&apos;[39m,
  sessionId: [32m&apos;session_1770159298816_h3he74ka5&apos;[39m
}

[AUDIT: MEDIUM] login_failure {
  id: [32m&apos;audit_1770159298923_ztlfl2p2a&apos;[39m,
  timestamp: [32m&apos;2026-02-03T22:54:58.923Z&apos;[39m,
  action: [32m&apos;login_failure&apos;[39m,
  details: {
    email: [32m&apos;test@example.com&apos;[39m,
    method: [32m&apos;email_password&apos;[39m,
    errorCode: [90mundefined[39m,
    errorMessage: [32m&apos;authInstance._getRecaptchaConfig is not a function&apos;[39m
  },
  userId: [32m&apos;anonymous&apos;[39m,
  severity: [32m&apos;medium&apos;[39m,
  userAgent: [32m&apos;Mozilla/5.0 (win32) AppleWebKit/537.36 (KHTML, like Gecko) jsdom/27.3.0&apos;[39m,
  ip: [32m&apos;client_ip_unavailable&apos;[39m,
  sessionId: [32m&apos;session_1770159298816_h3he74ka5&apos;[39m
}

[AUDIT: MEDIUM] login_failure {
  id: [32m&apos;audit_1770159298924_c5zeexekm&apos;[39m,
  timestamp: [32m&apos;2026-02-03T22:54:58.924Z&apos;[39m,
  action: [32m&apos;login_failure&apos;[39m,
  details: {
    email: [32m&apos;test@example.com&apos;[39m,
    method: [32m&apos;email_password&apos;[39m,
    errorCode: [90mundefined[39m,
    errorMessage: [32m&apos;authInstance._getRecaptchaConfig is not a function&apos;[39m
  },
  userId: [32m&apos;anonymous&apos;[39m,
  severity: [32m&apos;medium&apos;[39m,
  userAgent: [32m&apos;Mozilla/5.0 (win32) AppleWebKit/537.36 (KHTML, like Gecko) jsdom/27.3.0&apos;[39m,
  ip: [32m&apos;client_ip_unavailable&apos;[39m,
  sessionId: [32m&apos;session_1770159298816_h3he74ka5&apos;[39m
}

            </system-out>
            <system-err>
[AuthService] Unexpected login error: [90mundefined[39m

[AuthService] Unexpected login error: [90mundefined[39m

[AuthService] Unexpected login error: [90mundefined[39m

[AuthService] Unexpected login error: [90mundefined[39m

            </system-err>
        </testcase>
        <testcase classname="tests/security/auth-penetration.test.js" name="Authentication Penetration Testing &gt; Cross-Site Request Forgery (CSRF) &gt; should handle suspicious request patterns" time="0.0039715">
            <system-out>
[AUDIT: MEDIUM] login_failure {
  id: [32m&apos;audit_1770159298926_wr7yr2dpa&apos;[39m,
  timestamp: [32m&apos;2026-02-03T22:54:58.926Z&apos;[39m,
  action: [32m&apos;login_failure&apos;[39m,
  details: {
    email: [32m&apos;test@example.com&apos;[39m,
    method: [32m&apos;email_password&apos;[39m,
    errorCode: [90mundefined[39m,
    errorMessage: [32m&apos;authInstance._getRecaptchaConfig is not a function&apos;[39m
  },
  userId: [32m&apos;anonymous&apos;[39m,
  severity: [32m&apos;medium&apos;[39m,
  userAgent: [32m&apos;Mozilla/5.0 (win32) AppleWebKit/537.36 (KHTML, like Gecko) jsdom/27.3.0&apos;[39m,
  ip: [32m&apos;client_ip_unavailable&apos;[39m,
  sessionId: [32m&apos;session_1770159298816_h3he74ka5&apos;[39m
}

[AUDIT: MEDIUM] login_failure {
  id: [32m&apos;audit_1770159298928_svg4a3av1&apos;[39m,
  timestamp: [32m&apos;2026-02-03T22:54:58.928Z&apos;[39m,
  action: [32m&apos;login_failure&apos;[39m,
  details: {
    email: [32m&apos;test@example.com&apos;[39m,
    method: [32m&apos;email_password&apos;[39m,
    errorCode: [90mundefined[39m,
    errorMessage: [32m&apos;authInstance._getRecaptchaConfig is not a function&apos;[39m
  },
  userId: [32m&apos;anonymous&apos;[39m,
  severity: [32m&apos;medium&apos;[39m,
  userAgent: [32m&apos;Mozilla/5.0 (win32) AppleWebKit/537.36 (KHTML, like Gecko) jsdom/27.3.0&apos;[39m,
  ip: [32m&apos;client_ip_unavailable&apos;[39m,
  sessionId: [32m&apos;session_1770159298816_h3he74ka5&apos;[39m
}

[AUDIT: MEDIUM] login_failure {
  id: [32m&apos;audit_1770159298928_g2kse3sxo&apos;[39m,
  timestamp: [32m&apos;2026-02-03T22:54:58.928Z&apos;[39m,
  action: [32m&apos;login_failure&apos;[39m,
  details: {
    email: [32m&apos;test@example.com&apos;[39m,
    method: [32m&apos;email_password&apos;[39m,
    errorCode: [90mundefined[39m,
    errorMessage: [32m&apos;authInstance._getRecaptchaConfig is not a function&apos;[39m
  },
  userId: [32m&apos;anonymous&apos;[39m,
  severity: [32m&apos;medium&apos;[39m,
  userAgent: [32m&apos;Mozilla/5.0 (win32) AppleWebKit/537.36 (KHTML, like Gecko) jsdom/27.3.0&apos;[39m,
  ip: [32m&apos;client_ip_unavailable&apos;[39m,
  sessionId: [32m&apos;session_1770159298816_h3he74ka5&apos;[39m
}

            </system-out>
            <system-err>
[AuthService] Unexpected login error: [90mundefined[39m

[AuthService] Unexpected login error: [90mundefined[39m

[AuthService] Unexpected login error: [90mundefined[39m

            </system-err>
        </testcase>
        <testcase classname="tests/security/auth-penetration.test.js" name="Authentication Penetration Testing &gt; Memory and Resource Exhaustion &gt; should handle large payloads without memory leaks" time="0.009063">
            <system-out>
[AUDIT: MEDIUM] login_failure {
  id: [32m&apos;audit_1770159298934_rq0lq3i35&apos;[39m,
  timestamp: [32m&apos;2026-02-03T22:54:58.934Z&apos;[39m,
  action: [32m&apos;login_failure&apos;[39m,
  details: {
    email: [32m&apos;aaaaaaaaaaaaaaaaaaaaaaaaaaaaaaaaaaaaaaaaaaaaaaaaaaaaaaaaaaaaaaaaaaaaaaaaaaaaaaaaaaaaaaaaaaaaaaaaaaaaaaaaaaaaaaaaaaaaaaaaaaaaaaaaaaaaaaaaaaaaaaaaaaaaaaaaaaaaaaaaaaaaaaaaaaaaaaaaaaaaaaaaaaaaaaaaaaaaaaaaaaaaaaaaaaaaaaaaaaaaaaaaaaaaaaaaaaaaaaaaaaaaaaaaaaaaaaaaaaaaaaaaaaaaaaaaaaaaaaaaaaaaaaaaaaaaaaaaaaaaaaaaaaaaaaaaaaaaaaaaaaaaaaaaaaaaaaaaaaaaaaaaaaaaaaaaaaaaaaaaaaaaaaaaaaaaaaaaaaaaaaaaaaaaaaaaaaaaaaaaaaaaaaaaaaaaaaaaaaaaaaaaaaaaaaaaaaaaaaaaaaaaaaaaaaaaaaaaaaaaaaaaaaaaaaaaaaaaaaaaaaaaaaaaaaaaaaaaaaaaaaaaaaaaaaaaaaaaaaaaaaaaaaaaaaaaaaaaaaaaaaaaaaaaaaaaaaaaaaaaaaaaaaaaaaaaaaaaaaaaaaaaaaaaaaaaaaaaaaaaaaaaaaaaaaaaaaaaaaaaaaaaaaaaaaaaaaaaaaaaaaaaaaaaaaaaaaaaaaaaaaaaaaaaaaaaaaaaaaaaaaaaaaaaaaaaaaaaaaaaaaaaaaaaaaaaaaaaaaaaaaaaaaaaaaaaaaaaaaaaaaaaaaaaaaaaaaaaaaaaaaaaaaaaaaaaaaaaaaaaaaaaaaaaaaaaaaaaaaaaaaaaaaaaaaaaaaaaaaaaaaaaaaaaaaaaaaaaaaaaaaaaaaaaaaaaaaaaaaaaaaaaaaaaaaaaaaaaaaaaaaaaaaaaaaaaaaaaaaaaaaaaaaaaaaaaaaaaaaaaaaaaaaaaaaaaaaaaaaaaaaaaaaaaaaaaaaaaaaaaaaaaaaaaaaaaaaaaaaaaaaaaaaaaaaaaaaaaaaaaaaaaaaaaaaaaaaaaaaaaaaaaaaaaaaaaaaaaaaaaaaaaaaaaaaaaaaaaaaaaaaaaaaaaaaaaaaaaaaaaaaaaaaaaaaaaaaaaaaaaaaaaaaaaaaaaaaaaaaaaaaaaaaaaaaaaaaaaaaaaaaaaaaaaaaaaaaaaaaaaaaaaaaaaaaaaaaaaaaaaaaaaaaaaaaaaaaaaaaaaaaaaaaaaaaaaaaaaaaaaaaaaaaaaaaaaaaaaaaaaaaaaaaaaaaaaaaaaaaaaaaaaaaaaaaaaaaaaaaaaaaaaaaaaaaaaaaaaaaaaaaaaaaaaaaaaaaaaaaaaaaaaaaaaaaaaaaaaaaaaaaaaaaaaaaaaaaaaaaaaaaaaaaaaaaaaaaaaaaaaaaaaaaaaaaaaaaaaaaaaaaaaaaaaaaaaaaaaaaaaaaaaaaaaaaaaaaaaaaaaaaaaaaaaaaaaaaaaaaaaaaaaaaaaaaaaaaaaaaaaaaaaaaaaaaaaaaaaaaaaaaaaaaaaaaaaaaaaaaaaaaaaaaaaaaaaaaaaaaaaaaaaaaaaaaaaaaaaaaaaaaaaaaaaaaaaaaaaaaaaaaaaaaaaaaaaaaaaaaaaaaaaaaaaaaaaaaaaaaaaaaaaaaaaaaaaaaaaaaaaaaaaaaaaaaaaaaaaaaaaaaaaaaaaaaaaaaaaaaaaaaaaaaaaaaaaaaaaaaaaaaaaaaaaaaaaaaaaaaaaaaaaaaaaaaaaaaaaaaaaaaaaaaaaaaaaaaaaaaaaaaaaaaaaaaaaaaaaaaaaaaaaaaaaaaaaaaaaaaaaaaaaaaaaaaaaaaaaaaaaaaaaaaaaaaaaaaaaaaaaaaaaaaaaaaaaaaaaaaaaaaaaaaaaaaaaaaaaaaaaaaaaaaaaaaaaaaaaaaaaaaaaaaaaaaaaaaaaaaaaaaaaaaaaaaaaaaaaaaaaaaaaaaaaaaaaaaaaaaaaaaaaaaaaaaaaaaaaaaaaaaaaaaaaaaaaaaaaaaaaaaaaaaaaaaaaaaaaaaaaaaaaaaaaaaaaaaaaaaaaaaaaaaaaaaaaaaaaaaaaaaaaaaaaaaaaaaaaaaaaaaaaaaaaaaaaaaaaaaaaaaaaaaaaaaaaaaaaaaaaaaaaaaaaaaaaaaaaaaaaaaaaaaaaaaaaaaaaaaaaaaaaaaaaaaaaaaaaaaaaaaaaaaaaaaaaaaaaaaaaaaaaaaaaaaaaaaaaaaaaaaaaaaaaaaaaaaaaaaaaaaaaaaaaaaaaaaaaaaaaaaaaaaaaaaaaaaaaaaaaaaaaaaaaaaaaaaaaaaaaaaaaaaaaaaaaaaaaaaaaaaaaaaaaaaaaaaaaaaaaaaaaaaaaaaaaaaaaaaaaaaaaaaaaaaaaaaaaaaaaaaaaaaaaaaaaaaaaaaaaaaaaaaaaaaaaaaaaaaaaaaaaaaaaaaaaaaaaaaaaaaaaaaaaaaaaaaaaaaaaaaaaaaaaaaaaaaaaaaaaaaaaaaaaaaaaaaaaaaaaaaaaaaaaaaaaaaaaaaaaaaaaaaaaaaaaaaaaaaaaaaaaaaaaaaaaaaaaaaaaaaaaaaaaaaaaaaaaaaaaaaaaaaaaaaaaaaaaaaaaaaaaaaaaaaaaaaaaaaaaaaaaaaaaaaaaaaaaaaaaaaaaaaaaaaaaaaaaaaaaaaaaaaaaaaaaaaaaaaaaaaaaaaaaaaaaaaaaaaaaaaaaaaaaaaaaaaaaaaaaaaaaaaaaaaaaaaaaaaaaaaaaaaaaaaaaaaaaaaaaaaaaaaaaaaaaaaaaaaaaaaaaaaaaaaaaaaaaaaaaaaaaaaaaaaaaaaaaaaaaaaaaaaaaaaaaaaaaaaaaaaaaaaaaaaaaaaaaaaaaaaaaaaaaaaaaaaaaaaaaaaaaaaaaaaaaaaaaaaaaaaaaaaaaaaaaaaaaaaaaaaaaaaaaaaaaaaaaaaaaaaaaaaaaaaaaaaaaaaaaaaaaaaaaaaaaaaaaaaaaaaaaaaaaaaaaaaaaaaaaaaaaaaaaaaaaaaaaaaaaaaaaaaaaaaaaaaaaaaaaaaaaaaaaaaaaaaaaaaaaaaaaaaaaaaaaaaaaaaaaaaaaaaaaaaaaaaaaaaaaaaaaaaaaaaaaaaaaaaaaaaaaaaaaaaaaaaaaaaaaaaaaaaaaaaaaaaaaaaaaaaaaaaaaaaaaaaaaaaaaaaaaaaaaaaaaaaaaaaaaaaaaaaaaaaaaaaaaaaaaaaaaaaaaaaaaaaaaaaaaaaaaaaaaaaaaaaaaaaaaaaaaaaaaaaaaaaaaaaaaaaaaaaaaaaaaaaaaaaaaaaaaaaaaaaaaaaaaaaaaaaaaaaaaaaaaaaaaaaaaaaaaaaaaaaaaaaaaaaaaaaaaaaaaaaaaaaaaaaaaaaaaaaaaaaaaaaaaaaaaaaaaaaaaaaaaaaaaaaaaaaaaaaaaaaaaaaaaaaaaaaaaaaaaaaaaaaaaaaaaaaaaaaaaaaaaaaaaaaaaaaaaaaaaaaaaaaaaaaaaaaaaaaaaaaaaaaaaaaaaaaaaaaaaaaaaaaaaaaaaaaaaaaaaaaaaaaaaaaaaaaaaaaaaaaaaaaaaaaaaaaaaaaaaaaaaaaaaaaaaaaaaaaaaaaaaaaaaaaaaaaaaaaaaaaaaaaaaaaaaaaaaaaaaaaaaaaaaaaaaaaaaaaaaaaaaaaaaaaaaaaaaaaaaaaaaaaaaaaaaaaaaaaaaaaaaaaaaaaaaaaaaaaaaaaaaaaaaaaaaaaaaaaaaaaaaaaaaaaaaaaaaaaaaaaaaaaaaaaaaaaaaaaaaaaaaaaaaaaaaaaaaaaaaaaaaaaaaaaaaaaaaaaaaaaaaaaaaaaaaaaaaaaaaaaaaaaaaaaaaaaaaaaaaaaaaaaaaaaaaaaaaaaaaaaaaaaaaaaaaaaaaaaaaaaaaaaaaaaaaaaaaaaaaaaaaaaaaaaaaaaaaaaaaaaaaaaaaaaaaaaaaaaaaaaaaaaaaaaaaaaaaaaaaaaaaaaaaaaaaaaaaaaaaaaaaaaaaaaaaaaaaaaaaaaaaaaaaaaaaaaaaaaaaaaaaaaaaaaaaaaaaaaaaaaaaaaaaaaaaaaaaaaaaaaaaaaaaaaaaaaaaaaaaaaaaaaaaaaaaaaaaaaaaaaaaaaaaaaaaaaaaaaaaaaaaaaaaaaaaaaaaaaaaaaaaaaaaaaaaaaaaaaaaaaaaaaaaaaaaaaaaaaaaaaaaaaaaaaaaaaaaaaaaaaaaaaaaaaaaaaaaaaaaaaaaaaaaaaaaaaaaaaaaaaaaaaaaaaaaaaaaaaaaaaaaaaaaaaaaaaaaaaaaaaaaaaaaaaaaaaaaaaaaaaaaaaaaaaaaaaaaaaaaaaaaaaaaaaaaaaaaaaaaaaaaaaaaaaaaaaaaaaaaaaaaaaaaaaaaaaaaaaaaaaaaaaaaaaaaaaaaaaaaaaaaaaaaaaaaaaaaaaaaaaaaaaaaaaaaaaaaaaaaaaaaaaaaaaaaaaaaaaaaaaaaaaaaaaaaaaaaaaaaaaaaaaaaaaaaaaaaaaaaaaaaaaaaaaaaaaaaaaaaaaaaaaaaaaaaaaaaaaaaaaaaaaaaaaaaaaaaaaaaaaaaaaaaaaaaaaaaaaaaaaaaaaaaaaaaaaaaaaaaaaaaaaaaaaaaaaaaaaaaaaaaaaaaaaaaaaaaaaaaaaaaaaaaaaaaaaaaaaaaaaaaaaaaaaaaaaaaaaaaaaaaaaaaaaaaaaaaaaaaaaaaaaaaaaaaaaaaaaaaaaaaaaaaaaaaaaaaaaaaaaaaaaaaaaaaaaaaaaaaaaaaaaaaaaaaaaaaaaaaaaaaaaaaaaaaaaaaaaaaaaaaaaaaaaaaaaaaaaaaaaaaaaaaaaaaaaaaaaaaaaaaaaaaaaaaaaaaaaaaaaaaaaaaaaaaaaaaaaaaaaaaaaaaaaaaaaaaaaaaaaaaaaaaaaaaaaaaaaaaaaaaaaaaaaaaaaaaaaaaaaaaaaaaaaaaaaaaaaaaaaaaaaaaaaaaaaaaaaaaaaaaaaaaaaaaaaaaaaaaaaaaaaaaaaaaaaaaaaaaaaaaaaaaaaaaaaaaaaaaaaaaaaaaaaaaaaaaaaaaaaaaaaaaaaaaaaaaaaaaaaaaaaaaaaaaaaaaaaaaaaaaaaaaaaaaaaaaaaaaaaaaaaaaaaaaaaaaaaaaaaaaaaaaaaaaaaaaaaaaaaaaaaaaaaaaaaaaaaaaaaaaaaaaaaaaaaaaaaaaaaaaaaaaaaaaaaaaaaaaaaaaaaaaaaaaaaaaaaaaaaaaaaaaaaaaaaaaaaaaaaaaaaaaaaaaaaaaaaaaaaaaaaaaaaaaaaaaaaaaaaaaaaaaaaaaaaaaaaaaaaaaaaaaaaaaaaaaaaaaaaaaaaaaaaaaaaaaaaaaaaaaaaaaaaaaaaaaaaaaaaaaaaaaaaaaaaaaaaaaaaaaaaaaaaaaaaaaaaaaaaaaaaaaaaaaaaaaaaaaaaaaaaaaaaaaaaaaaaaaaaaaaaaaaaaaaaaaaaaaaaaaaaaaaaaaaaaaaaaaaaaaaaaaaaaaaaaaaaaaaaaaaaaaaaaaaaaaaaaaaaaaaaaaaaaaaaaaaaaaaaaaaaaaaaaaaaaaaaaaaaaaaaaaaaaaaaaaaaaaaaaaaaaaaaaaaaaaaaaaaaaaaaaaaaaaaaaaaaaaaaaaaaaaaaaaaaaaaaaaaaaaaaaaaaaaaaaaaaaaaaaaaaaaaaaaaaaaaaaaaaaaaaaaaaaaaaaaaaaaaaaaaaaaaaaaaaaaaaaaaaaaaaaaaaaaaaaaaaaaaaaaaaaaaaaaaaaaaaaaaaaaaaaaaaaaaaaaaaaaaaaaaaaaaaaaaaaaaaaaaaaaaaaaaaaaaaaaaaaaaaaaaaaaaaaaaaaaaaaaaaaaaaaaaaaaaaaaaaaaaaaaaaaaaaaaaaaaaaaaaaaaaaaaaaaaaaaaaaaaaaaaaaaaaaaaaaaaaaaaaaaaaaaaaaaaaaaaaaaaaaaaaaaaaaaaaaaaaaaaaaaaaaaaaaaaaaaaaaaaaaaaaaaaaaaaaaaaaaaaaaaaaaaaaaaaaaaaaaaaaaaaaaaaaaaaaaaaaaaaaaaaaaaaaaaaaaaaaaaaaaaaaaaaaaaaaaaaaaaaaaaaaaaaaaaaaaaaaaaaaaaaaaaaaaaaaaaaaaaaaaaaaaaaaaaaaaaaaaaaaaaaaaaaaaaaaaaaaaaaaaaaaaaaaaaaaaaaaaaaaaaaaaaaaaaaaaaaaaaaaaaaaaaaaaaaaaaaaaaaaaaaaaaaaaaaaaaaaaaaaaaaaaaaaaaaaaaaaaaaaaaaaaaaaaaaaaaaaaaaaaaaaaaaaaaaaaaaaaaaaaaaaaaaaaaaaaaaaaaaaaaaaaaaaaaaaaaaaaaaaaaaaaaaaaaaaaaaaaaaaaaaaaaaaaaaaaaaaaaaaaaaaaaaaaaaaaaaaaaaaaaaaaaaaaaaaaaaaaaaaaaaaaaaaaaaaaaaaaaaaaaaaaaaaaaaaaaaaaaaaaaaaaaaaaaaaaaaaaaaaaaaaaaaaaaaaaaaaaaaaaaaaaaaaaaaaaaaaaaaaaaaaaaaaaaaaaaaaaaaaaaaaaaaaaaaaaaaaaaaaaaaaaaaaaaaaaaaaaaaaaaaaaaaaaaaaaaaaaaaaaaaaaaaaaaaaaaaaaaaaaaaaaaaaaaaaaaaaaaaaaaaaaaaaaaaaaaaaaaaaaaaaaaaaaaaaaaaaaaaaaaaaaaaaaaaaaaaaaaaaaaaaaaaaaaaaaaaaaaaaaaaaaaaaaaaaaaaaaaaaaaaaaaaaaaaaaaaaaaaaaaaaaaaaaaaaaaaaaaaaaaaaaaaaaaaaaaaaaaaaaaaaaaaaaaaaaaaaaaaaaaaaaaaaaaaaaaaaaaaaaaaaaaaaaaaaaaaaaaaaaaaaaaaaaaaaaaaaaaaaaaaaaaaaaaaaaaaaaaaaaaaaaaaaaaaaaaaaaaaaaaaaaaaaaaaaaaaaaaaaaaaaaaaaaaaaaaaaaaaaaaaaaaaaaaaaaaaaaaaaaaaaaaaaaaaaaaaaaaaaaaaaaaaaaaaaaaaaaaaaaaaaaaaaaaaaaaaaaaaaaaaaaaaaaaaaaaaaaaaaaaaaaaaaaaaaaaaaaaaaaaaaaaaaaaaaaaaaaaaaaaaaaaaaaaaaaaaaaaaaaaaaaaaaaaaaaaaaaaaaaaaaaaaaaaaaaaaaaaaaaaaaaaaaaaaaaaaaaaaaaaaaaaaaaaaaaaaaaaaaaaaaaaaaaaaaaaaaaaaaaaaaaaaaaaaaaaaaaaaaaaaaaaaaaaaaaaaaaaaaaaaaaaaaaaaaaaaaaaaaaaaaaaaaaaaaaaaaaaaaaaaaaaaaaaaaaaaaaaaaaaaaaaaaaaaaaaaaaaaaaaaaaaaaaaaaaaaaaaaaaaaaaaaaaaaaaaaaaaaaaaaaaaaaaaaaaaaaaaaaaaaaaaaaaaaaaaaaaaaaaaaaaaaaaaaaaaaaaaaaaaaaaaaaaaaaaaaaaaaaaaaaaaaaaaaaaaaaaaaaaaaaaaaaaaaaaaaaaaaaaaaaaaaaaaaaaaaaaaaaaaaaaaaaaaaaaaaaaaaaaaaaaaaaaaaaaaaaaaaaaaaaaaaaaaaaaaaaaaaaaaaaaaaaaaaaaaaaaaaaaaaaaaaaaaaaaaaaaaaaaaaaaaaaaaaaaaaaaaaaaaaaaaaaaaaaaaaaaaaaaaaaaaaaaaaaaaaaaaaaaaaaaaaaaaaaaaaaaaaaaaaaaaaaaaaaaaaaaaaaaaaaaaaaaaaaaaaaaaaaaaaaaaaaaaaaaaaaaaaaaaaaaaaaaaaaaaaaaaaaaaaaaaaaaaaaaaaaaaaaaaaaaaaaaaaaaaaaaaaaaaaaaaaaaaaaaaaaaaaaaaaaaaaaaaaaaaaaaaaaaaaaaaaaaaaaaaaaaaaaaaaaaaaaaaaaaaaaaaaaaaaaaaaaaaaaaaaaaaaaaaaaaaaaaaaaaaaaaaaaaaaaaaaaaaaaaaaaaaaaaaaaaaaaaaaaaaaaaaaaaaaaaaaaaaaaaaaaaaaaaaaaaaaaaaaaaaaaaaaaaaaaaaaaaaaaaaaaaaaaaaaaaaaaaaaaaaaaaaaaaaaaaaaaaaaaaaaaaaaaaaaaaaaaaaaaaaaaaaaaaaaaaaaaaaaaaaaaaaaaaaaaaaaaaaaaaaaaaaaaaaaaaaaaaaaaaaaaaaaaaaaaaaaaaaaaaaaaaaaaaaaaaaaaaaaaaaaaaaaaaaaaaaaaaaaaaaaaaaaaaaaaaaaaaaaaaaaaaaaaaaaaaaaaaaaaaaaaaaaaaaaaaaaaaaaaaaaaaaaaaaaaaaaaaaaaaaaaaaaaaaaaaaaaaaaaaaaaaaaaaaaaaaaaaaaaaaaaaaaaaaaaaaaaaaaaaaaaaaaaaaaaaaaaaaaaaaaaaaaaaaaaaaaaaaaaaaaaaaaaaaaaaaaaaaaaaaaaaaaaaaaaaaaaaaaaaaaaaaaaaaaaaaaaaaaaaaaaaaaaaaaaaaaaaaaaaaaaaaaaaaaaaaaaaaaaaaaaaaaaaaaaaaaaaaaaaaaaaaaaaaaaaaaaaaaaaaaaaaaaaaaaaaaaaaaaaaaaaaaaaaaaaaaaaaaaaaaaaaaaaaaaaaaaaaaaaaaaaaaaaaaaaaaaaaaaaaaaaaaaaaaaaaaaaaaaaaaaaaaaaaaaaaaaaaaaaaaaaaaaaaaaaaaaaaaaaaaaaaaaaaaaaaaaaaaaaaaaaaaaaaaaaaaaaaaaaaaaaaaaaaaaaaaaaaaaaaaaaaaaaaaaaaaaaaaaaaaaaaaaaaaaaaaaaaaaaaaaaaaaaaaaaaaaaaaaaaaaaaaaaaaaaaaaaaaaaaaaaaaaaaaaaaaaaaaaaaaaaaaaaaaaaaaaaaaaaaaaaaaaaaaaaaaaaaaaaaaaaaaaaaaaaaaaaaaaaaaaaaaaaaaaaaaaaaaaaaaaaaaaaaaaaaaaaaaaaaaaaaaaaaaaaaaaaaaaaaaaaaaaaaaaaaaaaaaaaaaaaaaaaaaaaaaaaaaaaaaaaaaaaaaaaaaaaaaaaaaaaaaaaaaaaaaaaaaaaaaaaaaaaaaaaaaaaaaaaaaaaaaaaaaaaaaaaaaaaaaaaaaaaaaaaaaaaaaaaaaaaaaaaaaaaaaaaaaaaaaaaaaaaaaaaaaaaaaaaaaaaaaaaaaaaaaaaaaaaaaaaaaaaaaaaaaaaaaaaaaaaaaaaaaaaaaaaaaaaaaaaaaaaaaaaaaaaaaaaaaaaaaaaaaaaaaaaaaaaaaaaaaaaaaaaaaaaaaaaaaaaaaaaaaaaaaaaaaaaaaaaaaaaaaaaaaaaaaaaaaaaaaaaaaaaaaaaaaaaaaaaaaaaaaaaaaaaaaaaaaaaaaaaaaaaaaaaaaaaaaaaaaaaaaaaaaaaaaaaaaaaaaaaaaaaaaaaaaaaaaaaaaaaaaaaaaaaaaaaaaaaaaaaaaaaaaaaaaaaaaaaaaaaaaaaaaaaaaaaaaaaaaaaaaaaaaaaaaaaaaaaaaaaaaaaaaaaaaaaaaaaaaaaaaaaaaaaaaaaaaaaaaaaaaaaaaaaaaaaaaaaaaaaaaaaaaaaaaaaaaaaaaaaaaaaaaaaaaaaaaaaaaaaaaaaaaaaaaaaaaaaaaaaaaaaaaaaaaaaaaaaaaaaaaaaaaaaaaaaaaaaaaaaaaaaaaaaaaaaaaaaaaaaaaaaaaaaaaaaaaaaaaaaaaaaaaaaaaaaaaaaaaaaaaaaaaaaaaaaaaaaaaaaaaaaaaaaaaaaaaaaaaaaaaaaaaaaaaaaaaaaaaaaaaaaaaaaaaaaaaaaaaaaaaaaaaaaaaaaaaaaaaaaaaaaaaaaaaaaaaaaaaaaaaaaaaaaaaaaaaaaaaaaaaaaaaaaaaaaaaaaaaaaaaaaaaaaaaaaaaaaaaaaaaaaaaaaaaaaaaaaaaaaaaaaaaaaaaaaaaaaaaaaaaaaaaaaaaaaaaaaaaaaaaaaaaaaaa&apos;[39m... 990012 more characters,
    method: [32m&apos;email_password&apos;[39m,
    errorCode: [90mundefined[39m,
    errorMessage: [32m&apos;authInstance._getRecaptchaConfig is not a function&apos;[39m
  },
  userId: [32m&apos;anonymous&apos;[39m,
  severity: [32m&apos;medium&apos;[39m,
  userAgent: [32m&apos;Mozilla/5.0 (win32) AppleWebKit/537.36 (KHTML, like Gecko) jsdom/27.3.0&apos;[39m,
  ip: [32m&apos;client_ip_unavailable&apos;[39m,
  sessionId: [32m&apos;session_1770159298816_h3he74ka5&apos;[39m
}

            </system-out>
            <system-err>
[AuthService] Unexpected login error: [90mundefined[39m

            </system-err>
        </testcase>
        <testcase classname="tests/security/auth-penetration.test.js" name="Authentication Penetration Testing &gt; Memory and Resource Exhaustion &gt; should handle concurrent authentication attempts" time="0.3474845">
            <system-out>
[AUDIT: MEDIUM] login_failure {
  id: [32m&apos;audit_1770159298946_vsmdsjkj4&apos;[39m,
  timestamp: [32m&apos;2026-02-03T22:54:58.946Z&apos;[39m,
  action: [32m&apos;login_failure&apos;[39m,
  details: {
    email: [32m&apos;user0@example.com&apos;[39m,
    method: [32m&apos;email_password&apos;[39m,
    errorCode: [90mundefined[39m,
    errorMessage: [32m&apos;authInstance._getRecaptchaConfig is not a function&apos;[39m
  },
  userId: [32m&apos;anonymous&apos;[39m,
  severity: [32m&apos;medium&apos;[39m,
  userAgent: [32m&apos;Mozilla/5.0 (win32) AppleWebKit/537.36 (KHTML, like Gecko) jsdom/27.3.0&apos;[39m,
  ip: [32m&apos;client_ip_unavailable&apos;[39m,
  sessionId: [32m&apos;session_1770159298816_h3he74ka5&apos;[39m
}
[AUDIT: MEDIUM] login_failure {
  id: [32m&apos;audit_1770159298948_gv5nd0p5o&apos;[39m,
  timestamp: [32m&apos;2026-02-03T22:54:58.948Z&apos;[39m,
  action: [32m&apos;login_failure&apos;[39m,
  details: {
    email: [32m&apos;user1@example.com&apos;[39m,
    method: [32m&apos;email_password&apos;[39m,
    errorCode: [90mundefined[39m,
    errorMessage: [32m&apos;authInstance._getRecaptchaConfig is not a function&apos;[39m
  },
  userId: [32m&apos;anonymous&apos;[39m,
  severity: [32m&apos;medium&apos;[39m,
  userAgent: [32m&apos;Mozilla/5.0 (win32) AppleWebKit/537.36 (KHTML, like Gecko) jsdom/27.3.0&apos;[39m,
  ip: [32m&apos;client_ip_unavailable&apos;[39m,
  sessionId: [32m&apos;session_1770159298816_h3he74ka5&apos;[39m
}
[AUDIT: MEDIUM] login_failure {
  id: [32m&apos;audit_1770159298950_7rjsr4aqi&apos;[39m,
  timestamp: [32m&apos;2026-02-03T22:54:58.950Z&apos;[39m,
  action: [32m&apos;login_failure&apos;[39m,
  details: {
    email: [32m&apos;user2@example.com&apos;[39m,
    method: [32m&apos;email_password&apos;[39m,
    errorCode: [90mundefined[39m,
    errorMessage: [32m&apos;authInstance._getRecaptchaConfig is not a function&apos;[39m
  },
  userId: [32m&apos;anonymous&apos;[39m,
  severity: [32m&apos;medium&apos;[39m,
  userAgent: [32m&apos;Mozilla/5.0 (win32) AppleWebKit/537.36 (KHTML, like Gecko) jsdom/27.3.0&apos;[39m,
  ip: [32m&apos;client_ip_unavailable&apos;[39m,
  sessionId: [32m&apos;session_1770159298816_h3he74ka5&apos;[39m
}
[AUDIT: MEDIUM] login_failure {
  id: [32m&apos;audit_1770159298952_qxn85nzth&apos;[39m,
  timestamp: [32m&apos;2026-02-03T22:54:58.952Z&apos;[39m,
  action: [32m&apos;login_failure&apos;[39m,
  details: {
    email: [32m&apos;user3@example.com&apos;[39m,
    method: [32m&apos;email_password&apos;[39m,
    errorCode: [90mundefined[39m,
    errorMessage: [32m&apos;authInstance._getRecaptchaConfig is not a function&apos;[39m
  },
  userId: [32m&apos;anonymous&apos;[39m,
  severity: [32m&apos;medium&apos;[39m,
  userAgent: [32m&apos;Mozilla/5.0 (win32) AppleWebKit/537.36 (KHTML, like Gecko) jsdom/27.3.0&apos;[39m,
  ip: [32m&apos;client_ip_unavailable&apos;[39m,
  sessionId: [32m&apos;session_1770159298816_h3he74ka5&apos;[39m
}
[AUDIT: MEDIUM] login_failure {
  id: [32m&apos;audit_1770159298954_6ff300t3o&apos;[39m,
  timestamp: [32m&apos;2026-02-03T22:54:58.954Z&apos;[39m,
  action: [32m&apos;login_failure&apos;[39m,
  details: {
    email: [32m&apos;user4@example.com&apos;[39m,
    method: [32m&apos;email_password&apos;[39m,
    errorCode: [90mundefined[39m,
    errorMessage: [32m&apos;authInstance._getRecaptchaConfig is not a function&apos;[39m
  },
  userId: [32m&apos;anonymous&apos;[39m,
  severity: [32m&apos;medium&apos;[39m,
  userAgent: [32m&apos;Mozilla/5.0 (win32) AppleWebKit/537.36 (KHTML, like Gecko) jsdom/27.3.0&apos;[39m,
  ip: [32m&apos;client_ip_unavailable&apos;[39m,
  sessionId: [32m&apos;session_1770159298816_h3he74ka5&apos;[39m
}
[AUDIT: MEDIUM] login_failure {
  id: [32m&apos;audit_1770159298956_dh0lbmvsw&apos;[39m,
  timestamp: [32m&apos;2026-02-03T22:54:58.956Z&apos;[39m,
  action: [32m&apos;login_failure&apos;[39m,
  details: {
    email: [32m&apos;user5@example.com&apos;[39m,
    method: [32m&apos;email_password&apos;[39m,
    errorCode: [90mundefined[39m,
    errorMessage: [32m&apos;authInstance._getRecaptchaConfig is not a function&apos;[39m
  },
  userId: [32m&apos;anonymous&apos;[39m,
  severity: [32m&apos;medium&apos;[39m,
  userAgent: [32m&apos;Mozilla/5.0 (win32) AppleWebKit/537.36 (KHTML, like Gecko) jsdom/27.3.0&apos;[39m,
  ip: [32m&apos;client_ip_unavailable&apos;[39m,
  sessionId: [32m&apos;session_1770159298816_h3he74ka5&apos;[39m
}
[AUDIT: MEDIUM] login_failure {
  id: [32m&apos;audit_1770159298958_5ugsx0hoo&apos;[39m,
  timestamp: [32m&apos;2026-02-03T22:54:58.958Z&apos;[39m,
  action: [32m&apos;login_failure&apos;[39m,
  details: {
    email: [32m&apos;user6@example.com&apos;[39m,
    method: [32m&apos;email_password&apos;[39m,
    errorCode: [90mundefined[39m,
    errorMessage: [32m&apos;authInstance._getRecaptchaConfig is not a function&apos;[39m
  },
  userId: [32m&apos;anonymous&apos;[39m,
  severity: [32m&apos;medium&apos;[39m,
  userAgent: [32m&apos;Mozilla/5.0 (win32) AppleWebKit/537.36 (KHTML, like Gecko) jsdom/27.3.0&apos;[39m,
  ip: [32m&apos;client_ip_unavailable&apos;[39m,
  sessionId: [32m&apos;session_1770159298816_h3he74ka5&apos;[39m
}
[AUDIT: MEDIUM] login_failure {
  id: [32m&apos;audit_1770159298960_0ayx4jhsg&apos;[39m,
  timestamp: [32m&apos;2026-02-03T22:54:58.960Z&apos;[39m,
  action: [32m&apos;login_failure&apos;[39m,
  details: {
    email: [32m&apos;user7@example.com&apos;[39m,
    method: [32m&apos;email_password&apos;[39m,
    errorCode: [90mundefined[39m,
    errorMessage: [32m&apos;authInstance._getRecaptchaConfig is not a function&apos;[39m
  },
  userId: [32m&apos;anonymous&apos;[39m,
  severity: [32m&apos;medium&apos;[39m,
  userAgent: [32m&apos;Mozilla/5.0 (win32) AppleWebKit/537.36 (KHTML, like Gecko) jsdom/27.3.0&apos;[39m,
  ip: [32m&apos;client_ip_unavailable&apos;[39m,
  sessionId: [32m&apos;session_1770159298816_h3he74ka5&apos;[39m
}
[AUDIT: MEDIUM] login_failure {
  id: [32m&apos;audit_1770159298962_vydx3xwt0&apos;[39m,
  timestamp: [32m&apos;2026-02-03T22:54:58.962Z&apos;[39m,
  action: [32m&apos;login_failure&apos;[39m,
  details: {
    email: [32m&apos;user8@example.com&apos;[39m,
    method: [32m&apos;email_password&apos;[39m,
    errorCode: [90mundefined[39m,
    errorMessage: [32m&apos;authInstance._getRecaptchaConfig is not a function&apos;[39m
  },
  userId: [32m&apos;anonymous&apos;[39m,
  severity: [32m&apos;medium&apos;[39m,
  userAgent: [32m&apos;Mozilla/5.0 (win32) AppleWebKit/537.36 (KHTML, like Gecko) jsdom/27.3.0&apos;[39m,
  ip: [32m&apos;client_ip_unavailable&apos;[39m,
  sessionId: [32m&apos;session_1770159298816_h3he74ka5&apos;[39m
}
[AUDIT: MEDIUM] login_failure {
  id: [32m&apos;audit_1770159298964_14aco445p&apos;[39m,
  timestamp: [32m&apos;2026-02-03T22:54:58.964Z&apos;[39m,
  action: [32m&apos;login_failure&apos;[39m,
  details: {
    email: [32m&apos;user9@example.com&apos;[39m,
    method: [32m&apos;email_password&apos;[39m,
    errorCode: [90mundefined[39m,
    errorMessage: [32m&apos;authInstance._getRecaptchaConfig is not a function&apos;[39m
  },
  userId: [32m&apos;anonymous&apos;[39m,
  severity: [32m&apos;medium&apos;[39m,
  userAgent: [32m&apos;Mozilla/5.0 (win32) AppleWebKit/537.36 (KHTML, like Gecko) jsdom/27.3.0&apos;[39m,
  ip: [32m&apos;client_ip_unavailable&apos;[39m,
  sessionId: [32m&apos;session_1770159298816_h3he74ka5&apos;[39m
}
[AUDIT: MEDIUM] login_failure {
  id: [32m&apos;audit_1770159298966_tefgktp1l&apos;[39m,
  timestamp: [32m&apos;2026-02-03T22:54:58.966Z&apos;[39m,
  action: [32m&apos;login_failure&apos;[39m,
  details: {
    email: [32m&apos;user10@example.com&apos;[39m,
    method: [32m&apos;email_password&apos;[39m,
    errorCode: [90mundefined[39m,
    errorMessage: [32m&apos;authInstance._getRecaptchaConfig is not a function&apos;[39m
  },
  userId: [32m&apos;anonymous&apos;[39m,
  severity: [32m&apos;medium&apos;[39m,
  userAgent: [32m&apos;Mozilla/5.0 (win32) AppleWebKit/537.36 (KHTML, like Gecko) jsdom/27.3.0&apos;[39m,
  ip: [32m&apos;client_ip_unavailable&apos;[39m,
  sessionId: [32m&apos;session_1770159298816_h3he74ka5&apos;[39m
}
[AUDIT: MEDIUM] login_failure {
  id: [32m&apos;audit_1770159298968_c6wduohxd&apos;[39m,
  timestamp: [32m&apos;2026-02-03T22:54:58.968Z&apos;[39m,
  action: [32m&apos;login_failure&apos;[39m,
  details: {
    email: [32m&apos;user11@example.com&apos;[39m,
    method: [32m&apos;email_password&apos;[39m,
    errorCode: [90mundefined[39m,
    errorMessage: [32m&apos;authInstance._getRecaptchaConfig is not a function&apos;[39m
  },
  userId: [32m&apos;anonymous&apos;[39m,
  severity: [32m&apos;medium&apos;[39m,
  userAgent: [32m&apos;Mozilla/5.0 (win32) AppleWebKit/537.36 (KHTML, like Gecko) jsdom/27.3.0&apos;[39m,
  ip: [32m&apos;client_ip_unavailable&apos;[39m,
  sessionId: [32m&apos;session_1770159298816_h3he74ka5&apos;[39m
}
[AUDIT: MEDIUM] login_failure {
  id: [32m&apos;audit_1770159298971_dieul0tee&apos;[39m,
  timestamp: [32m&apos;2026-02-03T22:54:58.971Z&apos;[39m,
  action: [32m&apos;login_failure&apos;[39m,
  details: {
    email: [32m&apos;user12@example.com&apos;[39m,
    method: [32m&apos;email_password&apos;[39m,
    errorCode: [90mundefined[39m,
    errorMessage: [32m&apos;authInstance._getRecaptchaConfig is not a function&apos;[39m
  },
  userId: [32m&apos;anonymous&apos;[39m,
  severity: [32m&apos;medium&apos;[39m,
  userAgent: [32m&apos;Mozilla/5.0 (win32) AppleWebKit/537.36 (KHTML, like Gecko) jsdom/27.3.0&apos;[39m,
  ip: [32m&apos;client_ip_unavailable&apos;[39m,
  sessionId: [32m&apos;session_1770159298816_h3he74ka5&apos;[39m
}
[AUDIT: MEDIUM] login_failure {
  id: [32m&apos;audit_1770159298972_md3l63tbt&apos;[39m,
  timestamp: [32m&apos;2026-02-03T22:54:58.972Z&apos;[39m,
  action: [32m&apos;login_failure&apos;[39m,
  details: {
    email: [32m&apos;user13@example.com&apos;[39m,
    method: [32m&apos;email_password&apos;[39m,
    errorCode: [90mundefined[39m,
    errorMessage: [32m&apos;authInstance._getRecaptchaConfig is not a function&apos;[39m
  },
  userId: [32m&apos;anonymous&apos;[39m,
  severity: [32m&apos;medium&apos;[39m,
  userAgent: [32m&apos;Mozilla/5.0 (win32) AppleWebKit/537.36 (KHTML, like Gecko) jsdom/27.3.0&apos;[39m,
  ip: [32m&apos;client_ip_unavailable&apos;[39m,
  sessionId: [32m&apos;session_1770159298816_h3he74ka5&apos;[39m
}
[AUDIT: MEDIUM] login_failure {
  id: [32m&apos;audit_1770159298974_8hmfov4g9&apos;[39m,
  timestamp: [32m&apos;2026-02-03T22:54:58.974Z&apos;[39m,
  action: [32m&apos;login_failure&apos;[39m,
  details: {
    email: [32m&apos;user14@example.com&apos;[39m,
    method: [32m&apos;email_password&apos;[39m,
    errorCode: [90mundefined[39m,
    errorMessage: [32m&apos;authInstance._getRecaptchaConfig is not a function&apos;[39m
  },
  userId: [32m&apos;anonymous&apos;[39m,
  severity: [32m&apos;medium&apos;[39m,
  userAgent: [32m&apos;Mozilla/5.0 (win32) AppleWebKit/537.36 (KHTML, like Gecko) jsdom/27.3.0&apos;[39m,
  ip: [32m&apos;client_ip_unavailable&apos;[39m,
  sessionId: [32m&apos;session_1770159298816_h3he74ka5&apos;[39m
}
[AUDIT: MEDIUM] login_failure {
  id: [32m&apos;audit_1770159298976_iua3ai734&apos;[39m,
  timestamp: [32m&apos;2026-02-03T22:54:58.976Z&apos;[39m,
  action: [32m&apos;login_failure&apos;[39m,
  details: {
    email: [32m&apos;user15@example.com&apos;[39m,
    method: [32m&apos;email_password&apos;[39m,
    errorCode: [90mundefined[39m,
    errorMessage: [32m&apos;authInstance._getRecaptchaConfig is not a function&apos;[39m
  },
  userId: [32m&apos;anonymous&apos;[39m,
  severity: [32m&apos;medium&apos;[39m,
  userAgent: [32m&apos;Mozilla/5.0 (win32) AppleWebKit/537.36 (KHTML, like Gecko) jsdom/27.3.0&apos;[39m,
  ip: [32m&apos;client_ip_unavailable&apos;[39m,
  sessionId: [32m&apos;session_1770159298816_h3he74ka5&apos;[39m
}
[AUDIT: MEDIUM] login_failure {
  id: [32m&apos;audit_1770159298978_k7ebasqx3&apos;[39m,
  timestamp: [32m&apos;2026-02-03T22:54:58.978Z&apos;[39m,
  action: [32m&apos;login_failure&apos;[39m,
  details: {
    email: [32m&apos;user16@example.com&apos;[39m,
    method: [32m&apos;email_password&apos;[39m,
    errorCode: [90mundefined[39m,
    errorMessage: [32m&apos;authInstance._getRecaptchaConfig is not a function&apos;[39m
  },
  userId: [32m&apos;anonymous&apos;[39m,
  severity: [32m&apos;medium&apos;[39m,
  userAgent: [32m&apos;Mozilla/5.0 (win32) AppleWebKit/537.36 (KHTML, like Gecko) jsdom/27.3.0&apos;[39m,
  ip: [32m&apos;client_ip_unavailable&apos;[39m,
  sessionId: [32m&apos;session_1770159298816_h3he74ka5&apos;[39m
}
[AUDIT: MEDIUM] login_failure {
  id: [32m&apos;audit_1770159298980_555jhbqzr&apos;[39m,
  timestamp: [32m&apos;2026-02-03T22:54:58.980Z&apos;[39m,
  action: [32m&apos;login_failure&apos;[39m,
  details: {
    email: [32m&apos;user17@example.com&apos;[39m,
    method: [32m&apos;email_password&apos;[39m,
    errorCode: [90mundefined[39m,
    errorMessage: [32m&apos;authInstance._getRecaptchaConfig is not a function&apos;[39m
  },
  userId: [32m&apos;anonymous&apos;[39m,
  severity: [32m&apos;medium&apos;[39m,
  userAgent: [32m&apos;Mozilla/5.0 (win32) AppleWebKit/537.36 (KHTML, like Gecko) jsdom/27.3.0&apos;[39m,
  ip: [32m&apos;client_ip_unavailable&apos;[39m,
  sessionId: [32m&apos;session_1770159298816_h3he74ka5&apos;[39m
}
[AUDIT: MEDIUM] login_failure {
  id: [32m&apos;audit_1770159298981_8o88b769h&apos;[39m,
  timestamp: [32m&apos;2026-02-03T22:54:58.981Z&apos;[39m,
  action: [32m&apos;login_failure&apos;[39m,
  details: {
    email: [32m&apos;user18@example.com&apos;[39m,
    method: [32m&apos;email_password&apos;[39m,
    errorCode: [90mundefined[39m,
    errorMessage: [32m&apos;authInstance._getRecaptchaConfig is not a function&apos;[39m
  },
  userId: [32m&apos;anonymous&apos;[39m,
  severity: [32m&apos;medium&apos;[39m,
  userAgent: [32m&apos;Mozilla/5.0 (win32) AppleWebKit/537.36 (KHTML, like Gecko) jsdom/27.3.0&apos;[39m,
  ip: [32m&apos;client_ip_unavailable&apos;[39m,
  sessionId: [32m&apos;session_1770159298816_h3he74ka5&apos;[39m
}
[AUDIT: MEDIUM] login_failure {
  id: [32m&apos;audit_1770159298983_z8effo7rl&apos;[39m,
  timestamp: [32m&apos;2026-02-03T22:54:58.983Z&apos;[39m,
  action: [32m&apos;login_failure&apos;[39m,
  details: {
    email: [32m&apos;user19@example.com&apos;[39m,
    method: [32m&apos;email_password&apos;[39m,
    errorCode: [90mundefined[39m,
    errorMessage: [32m&apos;authInstance._getRecaptchaConfig is not a function&apos;[39m
  },
  userId: [32m&apos;anonymous&apos;[39m,
  severity: [32m&apos;medium&apos;[39m,
  userAgent: [32m&apos;Mozilla/5.0 (win32) AppleWebKit/537.36 (KHTML, like Gecko) jsdom/27.3.0&apos;[39m,
  ip: [32m&apos;client_ip_unavailable&apos;[39m,
  sessionId: [32m&apos;session_1770159298816_h3he74ka5&apos;[39m
}
[AUDIT: MEDIUM] login_failure {
  id: [32m&apos;audit_1770159298985_hewhwq7ld&apos;[39m,
  timestamp: [32m&apos;2026-02-03T22:54:58.985Z&apos;[39m,
  action: [32m&apos;login_failure&apos;[39m,
  details: {
    email: [32m&apos;user20@example.com&apos;[39m,
    method: [32m&apos;email_password&apos;[39m,
    errorCode: [90mundefined[39m,
    errorMessage: [32m&apos;authInstance._getRecaptchaConfig is not a function&apos;[39m
  },
  userId: [32m&apos;anonymous&apos;[39m,
  severity: [32m&apos;medium&apos;[39m,
  userAgent: [32m&apos;Mozilla/5.0 (win32) AppleWebKit/537.36 (KHTML, like Gecko) jsdom/27.3.0&apos;[39m,
  ip: [32m&apos;client_ip_unavailable&apos;[39m,
  sessionId: [32m&apos;session_1770159298816_h3he74ka5&apos;[39m
}
[AUDIT: MEDIUM] login_failure {
  id: [32m&apos;audit_1770159298987_do4jxi1wo&apos;[39m,
  timestamp: [32m&apos;2026-02-03T22:54:58.987Z&apos;[39m,
  action: [32m&apos;login_failure&apos;[39m,
  details: {
    email: [32m&apos;user21@example.com&apos;[39m,
    method: [32m&apos;email_password&apos;[39m,
    errorCode: [90mundefined[39m,
    errorMessage: [32m&apos;authInstance._getRecaptchaConfig is not a function&apos;[39m
  },
  userId: [32m&apos;anonymous&apos;[39m,
  severity: [32m&apos;medium&apos;[39m,
  userAgent: [32m&apos;Mozilla/5.0 (win32) AppleWebKit/537.36 (KHTML, like Gecko) jsdom/27.3.0&apos;[39m,
  ip: [32m&apos;client_ip_unavailable&apos;[39m,
  sessionId: [32m&apos;session_1770159298816_h3he74ka5&apos;[39m
}
[AUDIT: MEDIUM] login_failure {
  id: [32m&apos;audit_1770159298989_ys4s9i2zf&apos;[39m,
  timestamp: [32m&apos;2026-02-03T22:54:58.989Z&apos;[39m,
  action: [32m&apos;login_failure&apos;[39m,
  details: {
    email: [32m&apos;user22@example.com&apos;[39m,
    method: [32m&apos;email_password&apos;[39m,
    errorCode: [90mundefined[39m,
    errorMessage: [32m&apos;authInstance._getRecaptchaConfig is not a function&apos;[39m
  },
  userId: [32m&apos;anonymous&apos;[39m,
  severity: [32m&apos;medium&apos;[39m,
  userAgent: [32m&apos;Mozilla/5.0 (win32) AppleWebKit/537.36 (KHTML, like Gecko) jsdom/27.3.0&apos;[39m,
  ip: [32m&apos;client_ip_unavailable&apos;[39m,
  sessionId: [32m&apos;session_1770159298816_h3he74ka5&apos;[39m
}
[AUDIT: MEDIUM] login_failure {
  id: [32m&apos;audit_1770159298991_jsvj92gbl&apos;[39m,
  timestamp: [32m&apos;2026-02-03T22:54:58.991Z&apos;[39m,
  action: [32m&apos;login_failure&apos;[39m,
  details: {
    email: [32m&apos;user23@example.com&apos;[39m,
    method: [32m&apos;email_password&apos;[39m,
    errorCode: [90mundefined[39m,
    errorMessage: [32m&apos;authInstance._getRecaptchaConfig is not a function&apos;[39m
  },
  userId: [32m&apos;anonymous&apos;[39m,
  severity: [32m&apos;medium&apos;[39m,
  userAgent: [32m&apos;Mozilla/5.0 (win32) AppleWebKit/537.36 (KHTML, like Gecko) jsdom/27.3.0&apos;[39m,
  ip: [32m&apos;client_ip_unavailable&apos;[39m,
  sessionId: [32m&apos;session_1770159298816_h3he74ka5&apos;[39m
}
[AUDIT: MEDIUM] login_failure {
  id: [32m&apos;audit_1770159298993_da2u1tyk3&apos;[39m,
  timestamp: [32m&apos;2026-02-03T22:54:58.993Z&apos;[39m,
  action: [32m&apos;login_failure&apos;[39m,
  details: {
    email: [32m&apos;user24@example.com&apos;[39m,
    method: [32m&apos;email_password&apos;[39m,
    errorCode: [90mundefined[39m,
    errorMessage: [32m&apos;authInstance._getRecaptchaConfig is not a function&apos;[39m
  },
  userId: [32m&apos;anonymous&apos;[39m,
  severity: [32m&apos;medium&apos;[39m,
  userAgent: [32m&apos;Mozilla/5.0 (win32) AppleWebKit/537.36 (KHTML, like Gecko) jsdom/27.3.0&apos;[39m,
  ip: [32m&apos;client_ip_unavailable&apos;[39m,
  sessionId: [32m&apos;session_1770159298816_h3he74ka5&apos;[39m
}
[AUDIT: MEDIUM] login_failure {
  id: [32m&apos;audit_1770159298996_4m511ghuf&apos;[39m,
  timestamp: [32m&apos;2026-02-03T22:54:58.996Z&apos;[39m,
  action: [32m&apos;login_failure&apos;[39m,
  details: {
    email: [32m&apos;user25@example.com&apos;[39m,
    method: [32m&apos;email_password&apos;[39m,
    errorCode: [90mundefined[39m,
    errorMessage: [32m&apos;authInstance._getRecaptchaConfig is not a function&apos;[39m
  },
  userId: [32m&apos;anonymous&apos;[39m,
  severity: [32m&apos;medium&apos;[39m,
  userAgent: [32m&apos;Mozilla/5.0 (win32) AppleWebKit/537.36 (KHTML, like Gecko) jsdom/27.3.0&apos;[39m,
  ip: [32m&apos;client_ip_unavailable&apos;[39m,
  sessionId: [32m&apos;session_1770159298816_h3he74ka5&apos;[39m
}
[AUDIT: MEDIUM] login_failure {
  id: [32m&apos;audit_1770159298998_2i3g6krws&apos;[39m,
  timestamp: [32m&apos;2026-02-03T22:54:58.998Z&apos;[39m,
  action: [32m&apos;login_failure&apos;[39m,
  details: {
    email: [32m&apos;user26@example.com&apos;[39m,
    method: [32m&apos;email_password&apos;[39m,
    errorCode: [90mundefined[39m,
    errorMessage: [32m&apos;authInstance._getRecaptchaConfig is not a function&apos;[39m
  },
  userId: [32m&apos;anonymous&apos;[39m,
  severity: [32m&apos;medium&apos;[39m,
  userAgent: [32m&apos;Mozilla/5.0 (win32) AppleWebKit/537.36 (KHTML, like Gecko) jsdom/27.3.0&apos;[39m,
  ip: [32m&apos;client_ip_unavailable&apos;[39m,
  sessionId: [32m&apos;session_1770159298816_h3he74ka5&apos;[39m
}
[AUDIT: MEDIUM] login_failure {
  id: [32m&apos;audit_1770159299005_qfvkp20mh&apos;[39m,
  timestamp: [32m&apos;2026-02-03T22:54:59.005Z&apos;[39m,
  action: [32m&apos;login_failure&apos;[39m,
  details: {
    email: [32m&apos;user27@example.com&apos;[39m,
    method: [32m&apos;email_password&apos;[39m,
    errorCode: [90mundefined[39m,
    errorMessage: [32m&apos;authInstance._getRecaptchaConfig is not a function&apos;[39m
  },
  userId: [32m&apos;anonymous&apos;[39m,
  severity: [32m&apos;medium&apos;[39m,
  userAgent: [32m&apos;Mozilla/5.0 (win32) AppleWebKit/537.36 (KHTML, like Gecko) jsdom/27.3.0&apos;[39m,
  ip: [32m&apos;client_ip_unavailable&apos;[39m,
  sessionId: [32m&apos;session_1770159298816_h3he74ka5&apos;[39m
}
[AUDIT: MEDIUM] login_failure {
  id: [32m&apos;audit_1770159299008_my4zp26ib&apos;[39m,
  timestamp: [32m&apos;2026-02-03T22:54:59.008Z&apos;[39m,
  action: [32m&apos;login_failure&apos;[39m,
  details: {
    email: [32m&apos;user28@example.com&apos;[39m,
    method: [32m&apos;email_password&apos;[39m,
    errorCode: [90mundefined[39m,
    errorMessage: [32m&apos;authInstance._getRecaptchaConfig is not a function&apos;[39m
  },
  userId: [32m&apos;anonymous&apos;[39m,
  severity: [32m&apos;medium&apos;[39m,
  userAgent: [32m&apos;Mozilla/5.0 (win32) AppleWebKit/537.36 (KHTML, like Gecko) jsdom/27.3.0&apos;[39m,
  ip: [32m&apos;client_ip_unavailable&apos;[39m,
  sessionId: [32m&apos;session_1770159298816_h3he74ka5&apos;[39m
}
[AUDIT: MEDIUM] login_failure {
  id: [32m&apos;audit_1770159299010_7xgk2wsis&apos;[39m,
  timestamp: [32m&apos;2026-02-03T22:54:59.010Z&apos;[39m,
  action: [32m&apos;login_failure&apos;[39m,
  details: {
    email: [32m&apos;user29@example.com&apos;[39m,
    method: [32m&apos;email_password&apos;[39m,
    errorCode: [90mundefined[39m,
    errorMessage: [32m&apos;authInstance._getRecaptchaConfig is not a function&apos;[39m
  },
  userId: [32m&apos;anonymous&apos;[39m,
  severity: [32m&apos;medium&apos;[39m,
  userAgent: [32m&apos;Mozilla/5.0 (win32) AppleWebKit/537.36 (KHTML, like Gecko) jsdom/27.3.0&apos;[39m,
  ip: [32m&apos;client_ip_unavailable&apos;[39m,
  sessionId: [32m&apos;session_1770159298816_h3he74ka5&apos;[39m
}
[AUDIT: MEDIUM] login_failure {
  id: [32m&apos;audit_1770159299013_gzmm0ff96&apos;[39m,
  timestamp: [32m&apos;2026-02-03T22:54:59.013Z&apos;[39m,
  action: [32m&apos;login_failure&apos;[39m,
  details: {
    email: [32m&apos;user30@example.com&apos;[39m,
    method: [32m&apos;email_password&apos;[39m,
    errorCode: [90mundefined[39m,
    errorMessage: [32m&apos;authInstance._getRecaptchaConfig is not a function&apos;[39m
  },
  userId: [32m&apos;anonymous&apos;[39m,
  severity: [32m&apos;medium&apos;[39m,
  userAgent: [32m&apos;Mozilla/5.0 (win32) AppleWebKit/537.36 (KHTML, like Gecko) jsdom/27.3.0&apos;[39m,
  ip: [32m&apos;client_ip_unavailable&apos;[39m,
  sessionId: [32m&apos;session_1770159298816_h3he74ka5&apos;[39m
}
[AUDIT: MEDIUM] login_failure {
  id: [32m&apos;audit_1770159299015_w0lvbr7wf&apos;[39m,
  timestamp: [32m&apos;2026-02-03T22:54:59.015Z&apos;[39m,
  action: [32m&apos;login_failure&apos;[39m,
  details: {
    email: [32m&apos;user31@example.com&apos;[39m,
    method: [32m&apos;email_password&apos;[39m,
    errorCode: [90mundefined[39m,
    errorMessage: [32m&apos;authInstance._getRecaptchaConfig is not a function&apos;[39m
  },
  userId: [32m&apos;anonymous&apos;[39m,
  severity: [32m&apos;medium&apos;[39m,
  userAgent: [32m&apos;Mozilla/5.0 (win32) AppleWebKit/537.36 (KHTML, like Gecko) jsdom/27.3.0&apos;[39m,
  ip: [32m&apos;client_ip_unavailable&apos;[39m,
  sessionId: [32m&apos;session_1770159298816_h3he74ka5&apos;[39m
}
[AUDIT: MEDIUM] login_failure {
  id: [32m&apos;audit_1770159299018_4w906anff&apos;[39m,
  timestamp: [32m&apos;2026-02-03T22:54:59.018Z&apos;[39m,
  action: [32m&apos;login_failure&apos;[39m,
  details: {
    email: [32m&apos;user32@example.com&apos;[39m,
    method: [32m&apos;email_password&apos;[39m,
    errorCode: [90mundefined[39m,
    errorMessage: [32m&apos;authInstance._getRecaptchaConfig is not a function&apos;[39m
  },
  userId: [32m&apos;anonymous&apos;[39m,
  severity: [32m&apos;medium&apos;[39m,
  userAgent: [32m&apos;Mozilla/5.0 (win32) AppleWebKit/537.36 (KHTML, like Gecko) jsdom/27.3.0&apos;[39m,
  ip: [32m&apos;client_ip_unavailable&apos;[39m,
  sessionId: [32m&apos;session_1770159298816_h3he74ka5&apos;[39m
}
[AUDIT: MEDIUM] login_failure {
  id: [32m&apos;audit_1770159299021_4iikbvj6w&apos;[39m,
  timestamp: [32m&apos;2026-02-03T22:54:59.021Z&apos;[39m,
  action: [32m&apos;login_failure&apos;[39m,
  details: {
    email: [32m&apos;user33@example.com&apos;[39m,
    method: [32m&apos;email_password&apos;[39m,
    errorCode: [90mundefined[39m,
    errorMessage: [32m&apos;authInstance._getRecaptchaConfig is not a function&apos;[39m
  },
  userId: [32m&apos;anonymous&apos;[39m,
  severity: [32m&apos;medium&apos;[39m,
  userAgent: [32m&apos;Mozilla/5.0 (win32) AppleWebKit/537.36 (KHTML, like Gecko) jsdom/27.3.0&apos;[39m,
  ip: [32m&apos;client_ip_unavailable&apos;[39m,
  sessionId: [32m&apos;session_1770159298816_h3he74ka5&apos;[39m
}
[AUDIT: MEDIUM] login_failure {
  id: [32m&apos;audit_1770159299023_tbpj4h74n&apos;[39m,
  timestamp: [32m&apos;2026-02-03T22:54:59.023Z&apos;[39m,
  action: [32m&apos;login_failure&apos;[39m,
  details: {
    email: [32m&apos;user34@example.com&apos;[39m,
    method: [32m&apos;email_password&apos;[39m,
    errorCode: [90mundefined[39m,
    errorMessage: [32m&apos;authInstance._getRecaptchaConfig is not a function&apos;[39m
  },
  userId: [32m&apos;anonymous&apos;[39m,
  severity: [32m&apos;medium&apos;[39m,
  userAgent: [32m&apos;Mozilla/5.0 (win32) AppleWebKit/537.36 (KHTML, like Gecko) jsdom/27.3.0&apos;[39m,
  ip: [32m&apos;client_ip_unavailable&apos;[39m,
  sessionId: [32m&apos;session_1770159298816_h3he74ka5&apos;[39m
}
[AUDIT: MEDIUM] login_failure {
  id: [32m&apos;audit_1770159299026_zzr71yom7&apos;[39m,
  timestamp: [32m&apos;2026-02-03T22:54:59.026Z&apos;[39m,
  action: [32m&apos;login_failure&apos;[39m,
  details: {
    email: [32m&apos;user35@example.com&apos;[39m,
    method: [32m&apos;email_password&apos;[39m,
    errorCode: [90mundefined[39m,
    errorMessage: [32m&apos;authInstance._getRecaptchaConfig is not a function&apos;[39m
  },
  userId: [32m&apos;anonymous&apos;[39m,
  severity: [32m&apos;medium&apos;[39m,
  userAgent: [32m&apos;Mozilla/5.0 (win32) AppleWebKit/537.36 (KHTML, like Gecko) jsdom/27.3.0&apos;[39m,
  ip: [32m&apos;client_ip_unavailable&apos;[39m,
  sessionId: [32m&apos;session_1770159298816_h3he74ka5&apos;[39m
}
[AUDIT: MEDIUM] login_failure {
  id: [32m&apos;audit_1770159299028_6peanoc25&apos;[39m,
  timestamp: [32m&apos;2026-02-03T22:54:59.028Z&apos;[39m,
  action: [32m&apos;login_failure&apos;[39m,
  details: {
    email: [32m&apos;user36@example.com&apos;[39m,
    method: [32m&apos;email_password&apos;[39m,
    errorCode: [90mundefined[39m,
    errorMessage: [32m&apos;authInstance._getRecaptchaConfig is not a function&apos;[39m
  },
  userId: [32m&apos;anonymous&apos;[39m,
  severity: [32m&apos;medium&apos;[39m,
  userAgent: [32m&apos;Mozilla/5.0 (win32) AppleWebKit/537.36 (KHTML, like Gecko) jsdom/27.3.0&apos;[39m,
  ip: [32m&apos;client_ip_unavailable&apos;[39m,
  sessionId: [32m&apos;session_1770159298816_h3he74ka5&apos;[39m
}
[AUDIT: MEDIUM] login_failure {
  id: [32m&apos;audit_1770159299031_ouk92zudd&apos;[39m,
  timestamp: [32m&apos;2026-02-03T22:54:59.031Z&apos;[39m,
  action: [32m&apos;login_failure&apos;[39m,
  details: {
    email: [32m&apos;user37@example.com&apos;[39m,
    method: [32m&apos;email_password&apos;[39m,
    errorCode: [90mundefined[39m,
    errorMessage: [32m&apos;authInstance._getRecaptchaConfig is not a function&apos;[39m
  },
  userId: [32m&apos;anonymous&apos;[39m,
  severity: [32m&apos;medium&apos;[39m,
  userAgent: [32m&apos;Mozilla/5.0 (win32) AppleWebKit/537.36 (KHTML, like Gecko) jsdom/27.3.0&apos;[39m,
  ip: [32m&apos;client_ip_unavailable&apos;[39m,
  sessionId: [32m&apos;session_1770159298816_h3he74ka5&apos;[39m
}
[AUDIT: MEDIUM] login_failure {
  id: [32m&apos;audit_1770159299034_07s8avpqu&apos;[39m,
  timestamp: [32m&apos;2026-02-03T22:54:59.034Z&apos;[39m,
  action: [32m&apos;login_failure&apos;[39m,
  details: {
    email: [32m&apos;user38@example.com&apos;[39m,
    method: [32m&apos;email_password&apos;[39m,
    errorCode: [90mundefined[39m,
    errorMessage: [32m&apos;authInstance._getRecaptchaConfig is not a function&apos;[39m
  },
  userId: [32m&apos;anonymous&apos;[39m,
  severity: [32m&apos;medium&apos;[39m,
  userAgent: [32m&apos;Mozilla/5.0 (win32) AppleWebKit/537.36 (KHTML, like Gecko) jsdom/27.3.0&apos;[39m,
  ip: [32m&apos;client_ip_unavailable&apos;[39m,
  sessionId: [32m&apos;session_1770159298816_h3he74ka5&apos;[39m
}
[AUDIT: MEDIUM] login_failure {
  id: [32m&apos;audit_1770159299036_24ffnzydv&apos;[39m,
  timestamp: [32m&apos;2026-02-03T22:54:59.036Z&apos;[39m,
  action: [32m&apos;login_failure&apos;[39m,
  details: {
    email: [32m&apos;user39@example.com&apos;[39m,
    method: [32m&apos;email_password&apos;[39m,
    errorCode: [90mundefined[39m,
    errorMessage: [32m&apos;authInstance._getRecaptchaConfig is not a function&apos;[39m
  },
  userId: [32m&apos;anonymous&apos;[39m,
  severity: [32m&apos;medium&apos;[39m,
  userAgent: [32m&apos;Mozilla/5.0 (win32) AppleWebKit/537.36 (KHTML, like Gecko) jsdom/27.3.0&apos;[39m,
  ip: [32m&apos;client_ip_unavailable&apos;[39m,
  sessionId: [32m&apos;session_1770159298816_h3he74ka5&apos;[39m
}
[AUDIT: MEDIUM] login_failure {
  id: [32m&apos;audit_1770159299039_mcxtpsyin&apos;[39m,
  timestamp: [32m&apos;2026-02-03T22:54:59.039Z&apos;[39m,
  action: [32m&apos;login_failure&apos;[39m,
  details: {
    email: [32m&apos;user40@example.com&apos;[39m,
    method: [32m&apos;email_password&apos;[39m,
    errorCode: [90mundefined[39m,
    errorMessage: [32m&apos;authInstance._getRecaptchaConfig is not a function&apos;[39m
  },
  userId: [32m&apos;anonymous&apos;[39m,
  severity: [32m&apos;medium&apos;[39m,
  userAgent: [32m&apos;Mozilla/5.0 (win32) AppleWebKit/537.36 (KHTML, like Gecko) jsdom/27.3.0&apos;[39m,
  ip: [32m&apos;client_ip_unavailable&apos;[39m,
  sessionId: [32m&apos;session_1770159298816_h3he74ka5&apos;[39m
}
[AUDIT: MEDIUM] login_failure {
  id: [32m&apos;audit_1770159299042_mafhqvnno&apos;[39m,
  timestamp: [32m&apos;2026-02-03T22:54:59.042Z&apos;[39m,
  action: [32m&apos;login_failure&apos;[39m,
  details: {
    email: [32m&apos;user41@example.com&apos;[39m,
    method: [32m&apos;email_password&apos;[39m,
    errorCode: [90mundefined[39m,
    errorMessage: [32m&apos;authInstance._getRecaptchaConfig is not a function&apos;[39m
  },
  userId: [32m&apos;anonymous&apos;[39m,
  severity: [32m&apos;medium&apos;[39m,
  userAgent: [32m&apos;Mozilla/5.0 (win32) AppleWebKit/537.36 (KHTML, like Gecko) jsdom/27.3.0&apos;[39m,
  ip: [32m&apos;client_ip_unavailable&apos;[39m,
  sessionId: [32m&apos;session_1770159298816_h3he74ka5&apos;[39m
}
[AUDIT: MEDIUM] login_failure {
  id: [32m&apos;audit_1770159299046_eq4drxy9y&apos;[39m,
  timestamp: [32m&apos;2026-02-03T22:54:59.046Z&apos;[39m,
  action: [32m&apos;login_failure&apos;[39m,
  details: {
    email: [32m&apos;user42@example.com&apos;[39m,
    method: [32m&apos;email_password&apos;[39m,
    errorCode: [90mundefined[39m,
    errorMessage: [32m&apos;authInstance._getRecaptchaConfig is not a function&apos;[39m
  },
  userId: [32m&apos;anonymous&apos;[39m,
  severity: [32m&apos;medium&apos;[39m,
  userAgent: [32m&apos;Mozilla/5.0 (win32) AppleWebKit/537.36 (KHTML, like Gecko) jsdom/27.3.0&apos;[39m,
  ip: [32m&apos;client_ip_unavailable&apos;[39m,
  sessionId: [32m&apos;session_1770159298816_h3he74ka5&apos;[39m
}
[AUDIT: MEDIUM] login_failure {
  id: [32m&apos;audit_1770159299048_58xhbv414&apos;[39m,
  timestamp: [32m&apos;2026-02-03T22:54:59.048Z&apos;[39m,
  action: [32m&apos;login_failure&apos;[39m,
  details: {
    email: [32m&apos;user43@example.com&apos;[39m,
    method: [32m&apos;email_password&apos;[39m,
    errorCode: [90mundefined[39m,
    errorMessage: [32m&apos;authInstance._getRecaptchaConfig is not a function&apos;[39m
  },
  userId: [32m&apos;anonymous&apos;[39m,
  severity: [32m&apos;medium&apos;[39m,
  userAgent: [32m&apos;Mozilla/5.0 (win32) AppleWebKit/537.36 (KHTML, like Gecko) jsdom/27.3.0&apos;[39m,
  ip: [32m&apos;client_ip_unavailable&apos;[39m,
  sessionId: [32m&apos;session_1770159298816_h3he74ka5&apos;[39m
}
[AUDIT: MEDIUM] login_failure {
  id: [32m&apos;audit_1770159299051_bq26k8c9n&apos;[39m,
  timestamp: [32m&apos;2026-02-03T22:54:59.051Z&apos;[39m,
  action: [32m&apos;login_failure&apos;[39m,
  details: {
    email: [32m&apos;user44@example.com&apos;[39m,
    method: [32m&apos;email_password&apos;[39m,
    errorCode: [90mundefined[39m,
    errorMessage: [32m&apos;authInstance._getRecaptchaConfig is not a function&apos;[39m
  },
  userId: [32m&apos;anonymous&apos;[39m,
  severity: [32m&apos;medium&apos;[39m,
  userAgent: [32m&apos;Mozilla/5.0 (win32) AppleWebKit/537.36 (KHTML, like Gecko) jsdom/27.3.0&apos;[39m,
  ip: [32m&apos;client_ip_unavailable&apos;[39m,
  sessionId: [32m&apos;session_1770159298816_h3he74ka5&apos;[39m
}
[AUDIT: MEDIUM] login_failure {
  id: [32m&apos;audit_1770159299054_9rwf81k7k&apos;[39m,
  timestamp: [32m&apos;2026-02-03T22:54:59.054Z&apos;[39m,
  action: [32m&apos;login_failure&apos;[39m,
  details: {
    email: [32m&apos;user45@example.com&apos;[39m,
    method: [32m&apos;email_password&apos;[39m,
    errorCode: [90mundefined[39m,
    errorMessage: [32m&apos;authInstance._getRecaptchaConfig is not a function&apos;[39m
  },
  userId: [32m&apos;anonymous&apos;[39m,
  severity: [32m&apos;medium&apos;[39m,
  userAgent: [32m&apos;Mozilla/5.0 (win32) AppleWebKit/537.36 (KHTML, like Gecko) jsdom/27.3.0&apos;[39m,
  ip: [32m&apos;client_ip_unavailable&apos;[39m,
  sessionId: [32m&apos;session_1770159298816_h3he74ka5&apos;[39m
}
[AUDIT: MEDIUM] login_failure {
  id: [32m&apos;audit_1770159299057_j6tqiv285&apos;[39m,
  timestamp: [32m&apos;2026-02-03T22:54:59.057Z&apos;[39m,
  action: [32m&apos;login_failure&apos;[39m,
  details: {
    email: [32m&apos;user46@example.com&apos;[39m,
    method: [32m&apos;email_password&apos;[39m,
    errorCode: [90mundefined[39m,
    errorMessage: [32m&apos;authInstance._getRecaptchaConfig is not a function&apos;[39m
  },
  userId: [32m&apos;anonymous&apos;[39m,
  severity: [32m&apos;medium&apos;[39m,
  userAgent: [32m&apos;Mozilla/5.0 (win32) AppleWebKit/537.36 (KHTML, like Gecko) jsdom/27.3.0&apos;[39m,
  ip: [32m&apos;client_ip_unavailable&apos;[39m,
  sessionId: [32m&apos;session_1770159298816_h3he74ka5&apos;[39m
}
[AUDIT: MEDIUM] login_failure {
  id: [32m&apos;audit_1770159299061_zvw88mkhl&apos;[39m,
  timestamp: [32m&apos;2026-02-03T22:54:59.061Z&apos;[39m,
  action: [32m&apos;login_failure&apos;[39m,
  details: {
    email: [32m&apos;user47@example.com&apos;[39m,
    method: [32m&apos;email_password&apos;[39m,
    errorCode: [90mundefined[39m,
    errorMessage: [32m&apos;authInstance._getRecaptchaConfig is not a function&apos;[39m
  },
  userId: [32m&apos;anonymous&apos;[39m,
  severity: [32m&apos;medium&apos;[39m,
  userAgent: [32m&apos;Mozilla/5.0 (win32) AppleWebKit/537.36 (KHTML, like Gecko) jsdom/27.3.0&apos;[39m,
  ip: [32m&apos;client_ip_unavailable&apos;[39m,
  sessionId: [32m&apos;session_1770159298816_h3he74ka5&apos;[39m
}
[AUDIT: MEDIUM] login_failure {
  id: [32m&apos;audit_1770159299064_p3g6r2ofk&apos;[39m,
  timestamp: [32m&apos;2026-02-03T22:54:59.064Z&apos;[39m,
  action: [32m&apos;login_failure&apos;[39m,
  details: {
    email: [32m&apos;user48@example.com&apos;[39m,
    method: [32m&apos;email_password&apos;[39m,
    errorCode: [90mundefined[39m,
    errorMessage: [32m&apos;authInstance._getRecaptchaConfig is not a function&apos;[39m
  },
  userId: [32m&apos;anonymous&apos;[39m,
  severity: [32m&apos;medium&apos;[39m,
  userAgent: [32m&apos;Mozilla/5.0 (win32) AppleWebKit/537.36 (KHTML, like Gecko) jsdom/27.3.0&apos;[39m,
  ip: [32m&apos;client_ip_unavailable&apos;[39m,
  sessionId: [32m&apos;session_1770159298816_h3he74ka5&apos;[39m
}
[AUDIT: MEDIUM] login_failure {
  id: [32m&apos;audit_1770159299067_9k6riqv99&apos;[39m,
  timestamp: [32m&apos;2026-02-03T22:54:59.067Z&apos;[39m,
  action: [32m&apos;login_failure&apos;[39m,
  details: {
    email: [32m&apos;user49@example.com&apos;[39m,
    method: [32m&apos;email_password&apos;[39m,
    errorCode: [90mundefined[39m,
    errorMessage: [32m&apos;authInstance._getRecaptchaConfig is not a function&apos;[39m
  },
  userId: [32m&apos;anonymous&apos;[39m,
  severity: [32m&apos;medium&apos;[39m,
  userAgent: [32m&apos;Mozilla/5.0 (win32) AppleWebKit/537.36 (KHTML, like Gecko) jsdom/27.3.0&apos;[39m,
  ip: [32m&apos;client_ip_unavailable&apos;[39m,
  sessionId: [32m&apos;session_1770159298816_h3he74ka5&apos;[39m
}
[AUDIT: MEDIUM] login_failure {
  id: [32m&apos;audit_1770159299069_wjwdezkff&apos;[39m,
  timestamp: [32m&apos;2026-02-03T22:54:59.069Z&apos;[39m,
  action: [32m&apos;login_failure&apos;[39m,
  details: {
    email: [32m&apos;user50@example.com&apos;[39m,
    method: [32m&apos;email_password&apos;[39m,
    errorCode: [90mundefined[39m,
    errorMessage: [32m&apos;authInstance._getRecaptchaConfig is not a function&apos;[39m
  },
  userId: [32m&apos;anonymous&apos;[39m,
  severity: [32m&apos;medium&apos;[39m,
  userAgent: [32m&apos;Mozilla/5.0 (win32) AppleWebKit/537.36 (KHTML, like Gecko) jsdom/27.3.0&apos;[39m,
  ip: [32m&apos;client_ip_unavailable&apos;[39m,
  sessionId: [32m&apos;session_1770159298816_h3he74ka5&apos;[39m
}
[AUDIT: MEDIUM] login_failure {
  id: [32m&apos;audit_1770159299072_f7nb9odaw&apos;[39m,
  timestamp: [32m&apos;2026-02-03T22:54:59.072Z&apos;[39m,
  action: [32m&apos;login_failure&apos;[39m,
  details: {
    email: [32m&apos;user51@example.com&apos;[39m,
    method: [32m&apos;email_password&apos;[39m,
    errorCode: [90mundefined[39m,
    errorMessage: [32m&apos;authInstance._getRecaptchaConfig is not a function&apos;[39m
  },
  userId: [32m&apos;anonymous&apos;[39m,
  severity: [32m&apos;medium&apos;[39m,
  userAgent: [32m&apos;Mozilla/5.0 (win32) AppleWebKit/537.36 (KHTML, like Gecko) jsdom/27.3.0&apos;[39m,
  ip: [32m&apos;client_ip_unavailable&apos;[39m,
  sessionId: [32m&apos;session_1770159298816_h3he74ka5&apos;[39m
}
[AUDIT: MEDIUM] login_failure {
  id: [32m&apos;audit_1770159299075_1qb76qyog&apos;[39m,
  timestamp: [32m&apos;2026-02-03T22:54:59.075Z&apos;[39m,
  action: [32m&apos;login_failure&apos;[39m,
  details: {
    email: [32m&apos;user52@example.com&apos;[39m,
    method: [32m&apos;email_password&apos;[39m,
    errorCode: [90mundefined[39m,
    errorMessage: [32m&apos;authInstance._getRecaptchaConfig is not a function&apos;[39m
  },
  userId: [32m&apos;anonymous&apos;[39m,
  severity: [32m&apos;medium&apos;[39m,
  userAgent: [32m&apos;Mozilla/5.0 (win32) AppleWebKit/537.36 (KHTML, like Gecko) jsdom/27.3.0&apos;[39m,
  ip: [32m&apos;client_ip_unavailable&apos;[39m,
  sessionId: [32m&apos;session_1770159298816_h3he74ka5&apos;[39m
}
[AUDIT: MEDIUM] login_failure {
  id: [32m&apos;audit_1770159299077_zqmuu1etd&apos;[39m,
  timestamp: [32m&apos;2026-02-03T22:54:59.077Z&apos;[39m,
  action: [32m&apos;login_failure&apos;[39m,
  details: {
    email: [32m&apos;user53@example.com&apos;[39m,
    method: [32m&apos;email_password&apos;[39m,
    errorCode: [90mundefined[39m,
    errorMessage: [32m&apos;authInstance._getRecaptchaConfig is not a function&apos;[39m
  },
  userId: [32m&apos;anonymous&apos;[39m,
  severity: [32m&apos;medium&apos;[39m,
  userAgent: [32m&apos;Mozilla/5.0 (win32) AppleWebKit/537.36 (KHTML, like Gecko) jsdom/27.3.0&apos;[39m,
  ip: [32m&apos;client_ip_unavailable&apos;[39m,
  sessionId: [32m&apos;session_1770159298816_h3he74ka5&apos;[39m
}
[AUDIT: MEDIUM] login_failure {
  id: [32m&apos;audit_1770159299080_v2qrj9zlw&apos;[39m,
  timestamp: [32m&apos;2026-02-03T22:54:59.080Z&apos;[39m,
  action: [32m&apos;login_failure&apos;[39m,
  details: {
    email: [32m&apos;user54@example.com&apos;[39m,
    method: [32m&apos;email_password&apos;[39m,
    errorCode: [90mundefined[39m,
    errorMessage: [32m&apos;authInstance._getRecaptchaConfig is not a function&apos;[39m
  },
  userId: [32m&apos;anonymous&apos;[39m,
  severity: [32m&apos;medium&apos;[39m,
  userAgent: [32m&apos;Mozilla/5.0 (win32) AppleWebKit/537.36 (KHTML, like Gecko) jsdom/27.3.0&apos;[39m,
  ip: [32m&apos;client_ip_unavailable&apos;[39m,
  sessionId: [32m&apos;session_1770159298816_h3he74ka5&apos;[39m
}
[AUDIT: MEDIUM] login_failure {
  id: [32m&apos;audit_1770159299082_3yq32nkt4&apos;[39m,
  timestamp: [32m&apos;2026-02-03T22:54:59.082Z&apos;[39m,
  action: [32m&apos;login_failure&apos;[39m,
  details: {
    email: [32m&apos;user55@example.com&apos;[39m,
    method: [32m&apos;email_password&apos;[39m,
    errorCode: [90mundefined[39m,
    errorMessage: [32m&apos;authInstance._getRecaptchaConfig is not a function&apos;[39m
  },
  userId: [32m&apos;anonymous&apos;[39m,
  severity: [32m&apos;medium&apos;[39m,
  userAgent: [32m&apos;Mozilla/5.0 (win32) AppleWebKit/537.36 (KHTML, like Gecko) jsdom/27.3.0&apos;[39m,
  ip: [32m&apos;client_ip_unavailable&apos;[39m,
  sessionId: [32m&apos;session_1770159298816_h3he74ka5&apos;[39m
}
[AUDIT: MEDIUM] login_failure {
  id: [32m&apos;audit_1770159299085_tlc8nhhm0&apos;[39m,
  timestamp: [32m&apos;2026-02-03T22:54:59.085Z&apos;[39m,
  action: [32m&apos;login_failure&apos;[39m,
  details: {
    email: [32m&apos;user56@example.com&apos;[39m,
    method: [32m&apos;email_password&apos;[39m,
    errorCode: [90mundefined[39m,
    errorMessage: [32m&apos;authInstance._getRecaptchaConfig is not a function&apos;[39m
  },
  userId: [32m&apos;anonymous&apos;[39m,
  severity: [32m&apos;medium&apos;[39m,
  userAgent: [32m&apos;Mozilla/5.0 (win32) AppleWebKit/537.36 (KHTML, like Gecko) jsdom/27.3.0&apos;[39m,
  ip: [32m&apos;client_ip_unavailable&apos;[39m,
  sessionId: [32m&apos;session_1770159298816_h3he74ka5&apos;[39m
}
[AUDIT: MEDIUM] login_failure {
  id: [32m&apos;audit_1770159299088_t75chtoqh&apos;[39m,
  timestamp: [32m&apos;2026-02-03T22:54:59.088Z&apos;[39m,
  action: [32m&apos;login_failure&apos;[39m,
  details: {
    email: [32m&apos;user57@example.com&apos;[39m,
    method: [32m&apos;email_password&apos;[39m,
    errorCode: [90mundefined[39m,
    errorMessage: [32m&apos;authInstance._getRecaptchaConfig is not a function&apos;[39m
  },
  userId: [32m&apos;anonymous&apos;[39m,
  severity: [32m&apos;medium&apos;[39m,
  userAgent: [32m&apos;Mozilla/5.0 (win32) AppleWebKit/537.36 (KHTML, like Gecko) jsdom/27.3.0&apos;[39m,
  ip: [32m&apos;client_ip_unavailable&apos;[39m,
  sessionId: [32m&apos;session_1770159298816_h3he74ka5&apos;[39m
}
[AUDIT: MEDIUM] login_failure {
  id: [32m&apos;audit_1770159299090_h6ctr07s2&apos;[39m,
  timestamp: [32m&apos;2026-02-03T22:54:59.090Z&apos;[39m,
  action: [32m&apos;login_failure&apos;[39m,
  details: {
    email: [32m&apos;user58@example.com&apos;[39m,
    method: [32m&apos;email_password&apos;[39m,
    errorCode: [90mundefined[39m,
    errorMessage: [32m&apos;authInstance._getRecaptchaConfig is not a function&apos;[39m
  },
  userId: [32m&apos;anonymous&apos;[39m,
  severity: [32m&apos;medium&apos;[39m,
  userAgent: [32m&apos;Mozilla/5.0 (win32) AppleWebKit/537.36 (KHTML, like Gecko) jsdom/27.3.0&apos;[39m,
  ip: [32m&apos;client_ip_unavailable&apos;[39m,
  sessionId: [32m&apos;session_1770159298816_h3he74ka5&apos;[39m
}
[AUDIT: MEDIUM] login_failure {
  id: [32m&apos;audit_1770159299092_lc76xcbtd&apos;[39m,
  timestamp: [32m&apos;2026-02-03T22:54:59.092Z&apos;[39m,
  action: [32m&apos;login_failure&apos;[39m,
  details: {
    email: [32m&apos;user59@example.com&apos;[39m,
    method: [32m&apos;email_password&apos;[39m,
    errorCode: [90mundefined[39m,
    errorMessage: [32m&apos;authInstance._getRecaptchaConfig is not a function&apos;[39m
  },
  userId: [32m&apos;anonymous&apos;[39m,
  severity: [32m&apos;medium&apos;[39m,
  userAgent: [32m&apos;Mozilla/5.0 (win32) AppleWebKit/537.36 (KHTML, like Gecko) jsdom/27.3.0&apos;[39m,
  ip: [32m&apos;client_ip_unavailable&apos;[39m,
  sessionId: [32m&apos;session_1770159298816_h3he74ka5&apos;[39m
}
[AUDIT: MEDIUM] login_failure {
  id: [32m&apos;audit_1770159299095_jeh0gehej&apos;[39m,
  timestamp: [32m&apos;2026-02-03T22:54:59.095Z&apos;[39m,
  action: [32m&apos;login_failure&apos;[39m,
  details: {
    email: [32m&apos;user60@example.com&apos;[39m,
    method: [32m&apos;email_password&apos;[39m,
    errorCode: [90mundefined[39m,
    errorMessage: [32m&apos;authInstance._getRecaptchaConfig is not a function&apos;[39m
  },
  userId: [32m&apos;anonymous&apos;[39m,
  severity: [32m&apos;medium&apos;[39m,
  userAgent: [32m&apos;Mozilla/5.0 (win32) AppleWebKit/537.36 (KHTML, like Gecko) jsdom/27.3.0&apos;[39m,
  ip: [32m&apos;client_ip_unavailable&apos;[39m,
  sessionId: [32m&apos;session_1770159298816_h3he74ka5&apos;[39m
}
[AUDIT: MEDIUM] login_failure {
  id: [32m&apos;audit_1770159299098_p17tgw8u1&apos;[39m,
  timestamp: [32m&apos;2026-02-03T22:54:59.098Z&apos;[39m,
  action: [32m&apos;login_failure&apos;[39m,
  details: {
    email: [32m&apos;user61@example.com&apos;[39m,
    method: [32m&apos;email_password&apos;[39m,
    errorCode: [90mundefined[39m,
    errorMessage: [32m&apos;authInstance._getRecaptchaConfig is not a function&apos;[39m
  },
  userId: [32m&apos;anonymous&apos;[39m,
  severity: [32m&apos;medium&apos;[39m,
  userAgent: [32m&apos;Mozilla/5.0 (win32) AppleWebKit/537.36 (KHTML, like Gecko) jsdom/27.3.0&apos;[39m,
  ip: [32m&apos;client_ip_unavailable&apos;[39m,
  sessionId: [32m&apos;session_1770159298816_h3he74ka5&apos;[39m
}
[AUDIT: MEDIUM] login_failure {
  id: [32m&apos;audit_1770159299100_wkw7fbfuj&apos;[39m,
  timestamp: [32m&apos;2026-02-03T22:54:59.100Z&apos;[39m,
  action: [32m&apos;login_failure&apos;[39m,
  details: {
    email: [32m&apos;user62@example.com&apos;[39m,
    method: [32m&apos;email_password&apos;[39m,
    errorCode: [90mundefined[39m,
    errorMessage: [32m&apos;authInstance._getRecaptchaConfig is not a function&apos;[39m
  },
  userId: [32m&apos;anonymous&apos;[39m,
  severity: [32m&apos;medium&apos;[39m,
  userAgent: [32m&apos;Mozilla/5.0 (win32) AppleWebKit/537.36 (KHTML, like Gecko) jsdom/27.3.0&apos;[39m,
  ip: [32m&apos;client_ip_unavailable&apos;[39m,
  sessionId: [32m&apos;session_1770159298816_h3he74ka5&apos;[39m
}
[AUDIT: MEDIUM] login_failure {
  id: [32m&apos;audit_1770159299103_9hysogpew&apos;[39m,
  timestamp: [32m&apos;2026-02-03T22:54:59.103Z&apos;[39m,
  action: [32m&apos;login_failure&apos;[39m,
  details: {
    email: [32m&apos;user63@example.com&apos;[39m,
    method: [32m&apos;email_password&apos;[39m,
    errorCode: [90mundefined[39m,
    errorMessage: [32m&apos;authInstance._getRecaptchaConfig is not a function&apos;[39m
  },
  userId: [32m&apos;anonymous&apos;[39m,
  severity: [32m&apos;medium&apos;[39m,
  userAgent: [32m&apos;Mozilla/5.0 (win32) AppleWebKit/537.36 (KHTML, like Gecko) jsdom/27.3.0&apos;[39m,
  ip: [32m&apos;client_ip_unavailable&apos;[39m,
  sessionId: [32m&apos;session_1770159298816_h3he74ka5&apos;[39m
}
[AUDIT: MEDIUM] login_failure {
  id: [32m&apos;audit_1770159299106_mmbxqh6w2&apos;[39m,
  timestamp: [32m&apos;2026-02-03T22:54:59.106Z&apos;[39m,
  action: [32m&apos;login_failure&apos;[39m,
  details: {
    email: [32m&apos;user64@example.com&apos;[39m,
    method: [32m&apos;email_password&apos;[39m,
    errorCode: [90mundefined[39m,
    errorMessage: [32m&apos;authInstance._getRecaptchaConfig is not a function&apos;[39m
  },
  userId: [32m&apos;anonymous&apos;[39m,
  severity: [32m&apos;medium&apos;[39m,
  userAgent: [32m&apos;Mozilla/5.0 (win32) AppleWebKit/537.36 (KHTML, like Gecko) jsdom/27.3.0&apos;[39m,
  ip: [32m&apos;client_ip_unavailable&apos;[39m,
  sessionId: [32m&apos;session_1770159298816_h3he74ka5&apos;[39m
}
[AUDIT: MEDIUM] login_failure {
  id: [32m&apos;audit_1770159299108_i42kffyb0&apos;[39m,
  timestamp: [32m&apos;2026-02-03T22:54:59.108Z&apos;[39m,
  action: [32m&apos;login_failure&apos;[39m,
  details: {
    email: [32m&apos;user65@example.com&apos;[39m,
    method: [32m&apos;email_password&apos;[39m,
    errorCode: [90mundefined[39m,
    errorMessage: [32m&apos;authInstance._getRecaptchaConfig is not a function&apos;[39m
  },
  userId: [32m&apos;anonymous&apos;[39m,
  severity: [32m&apos;medium&apos;[39m,
  userAgent: [32m&apos;Mozilla/5.0 (win32) AppleWebKit/537.36 (KHTML, like Gecko) jsdom/27.3.0&apos;[39m,
  ip: [32m&apos;client_ip_unavailable&apos;[39m,
  sessionId: [32m&apos;session_1770159298816_h3he74ka5&apos;[39m
}
[AUDIT: MEDIUM] login_failure {
  id: [32m&apos;audit_1770159299111_kgg5trpzj&apos;[39m,
  timestamp: [32m&apos;2026-02-03T22:54:59.111Z&apos;[39m,
  action: [32m&apos;login_failure&apos;[39m,
  details: {
    email: [32m&apos;user66@example.com&apos;[39m,
    method: [32m&apos;email_password&apos;[39m,
    errorCode: [90mundefined[39m,
    errorMessage: [32m&apos;authInstance._getRecaptchaConfig is not a function&apos;[39m
  },
  userId: [32m&apos;anonymous&apos;[39m,
  severity: [32m&apos;medium&apos;[39m,
  userAgent: [32m&apos;Mozilla/5.0 (win32) AppleWebKit/537.36 (KHTML, like Gecko) jsdom/27.3.0&apos;[39m,
  ip: [32m&apos;client_ip_unavailable&apos;[39m,
  sessionId: [32m&apos;session_1770159298816_h3he74ka5&apos;[39m
}
[AUDIT: MEDIUM] login_failure {
  id: [32m&apos;audit_1770159299113_hdra65ko7&apos;[39m,
  timestamp: [32m&apos;2026-02-03T22:54:59.113Z&apos;[39m,
  action: [32m&apos;login_failure&apos;[39m,
  details: {
    email: [32m&apos;user67@example.com&apos;[39m,
    method: [32m&apos;email_password&apos;[39m,
    errorCode: [90mundefined[39m,
    errorMessage: [32m&apos;authInstance._getRecaptchaConfig is not a function&apos;[39m
  },
  userId: [32m&apos;anonymous&apos;[39m,
  severity: [32m&apos;medium&apos;[39m,
  userAgent: [32m&apos;Mozilla/5.0 (win32) AppleWebKit/537.36 (KHTML, like Gecko) jsdom/27.3.0&apos;[39m,
  ip: [32m&apos;client_ip_unavailable&apos;[39m,
  sessionId: [32m&apos;session_1770159298816_h3he74ka5&apos;[39m
}
[AUDIT: MEDIUM] login_failure {
  id: [32m&apos;audit_1770159299116_lo7wyhc0k&apos;[39m,
  timestamp: [32m&apos;2026-02-03T22:54:59.116Z&apos;[39m,
  action: [32m&apos;login_failure&apos;[39m,
  details: {
    email: [32m&apos;user68@example.com&apos;[39m,
    method: [32m&apos;email_password&apos;[39m,
    errorCode: [90mundefined[39m,
    errorMessage: [32m&apos;authInstance._getRecaptchaConfig is not a function&apos;[39m
  },
  userId: [32m&apos;anonymous&apos;[39m,
  severity: [32m&apos;medium&apos;[39m,
  userAgent: [32m&apos;Mozilla/5.0 (win32) AppleWebKit/537.36 (KHTML, like Gecko) jsdom/27.3.0&apos;[39m,
  ip: [32m&apos;client_ip_unavailable&apos;[39m,
  sessionId: [32m&apos;session_1770159298816_h3he74ka5&apos;[39m
}
[AUDIT: MEDIUM] login_failure {
  id: [32m&apos;audit_1770159299118_60482afbs&apos;[39m,
  timestamp: [32m&apos;2026-02-03T22:54:59.118Z&apos;[39m,
  action: [32m&apos;login_failure&apos;[39m,
  details: {
    email: [32m&apos;user69@example.com&apos;[39m,
    method: [32m&apos;email_password&apos;[39m,
    errorCode: [90mundefined[39m,
    errorMessage: [32m&apos;authInstance._getRecaptchaConfig is not a function&apos;[39m
  },
  userId: [32m&apos;anonymous&apos;[39m,
  severity: [32m&apos;medium&apos;[39m,
  userAgent: [32m&apos;Mozilla/5.0 (win32) AppleWebKit/537.36 (KHTML, like Gecko) jsdom/27.3.0&apos;[39m,
  ip: [32m&apos;client_ip_unavailable&apos;[39m,
  sessionId: [32m&apos;session_1770159298816_h3he74ka5&apos;[39m
}
[AUDIT: MEDIUM] login_failure {
  id: [32m&apos;audit_1770159299121_aekpq034i&apos;[39m,
  timestamp: [32m&apos;2026-02-03T22:54:59.121Z&apos;[39m,
  action: [32m&apos;login_failure&apos;[39m,
  details: {
    email: [32m&apos;user70@example.com&apos;[39m,
    method: [32m&apos;email_password&apos;[39m,
    errorCode: [90mundefined[39m,
    errorMessage: [32m&apos;authInstance._getRecaptchaConfig is not a function&apos;[39m
  },
  userId: [32m&apos;anonymous&apos;[39m,
  severity: [32m&apos;medium&apos;[39m,
  userAgent: [32m&apos;Mozilla/5.0 (win32) AppleWebKit/537.36 (KHTML, like Gecko) jsdom/27.3.0&apos;[39m,
  ip: [32m&apos;client_ip_unavailable&apos;[39m,
  sessionId: [32m&apos;session_1770159298816_h3he74ka5&apos;[39m
}
[AUDIT: MEDIUM] login_failure {
  id: [32m&apos;audit_1770159299124_kdom8iwtx&apos;[39m,
  timestamp: [32m&apos;2026-02-03T22:54:59.124Z&apos;[39m,
  action: [32m&apos;login_failure&apos;[39m,
  details: {
    email: [32m&apos;user71@example.com&apos;[39m,
    method: [32m&apos;email_password&apos;[39m,
    errorCode: [90mundefined[39m,
    errorMessage: [32m&apos;authInstance._getRecaptchaConfig is not a function&apos;[39m
  },
  userId: [32m&apos;anonymous&apos;[39m,
  severity: [32m&apos;medium&apos;[39m,
  userAgent: [32m&apos;Mozilla/5.0 (win32) AppleWebKit/537.36 (KHTML, like Gecko) jsdom/27.3.0&apos;[39m,
  ip: [32m&apos;client_ip_unavailable&apos;[39m,
  sessionId: [32m&apos;session_1770159298816_h3he74ka5&apos;[39m
}
[AUDIT: MEDIUM] login_failure {
  id: [32m&apos;audit_1770159299126_al558pcib&apos;[39m,
  timestamp: [32m&apos;2026-02-03T22:54:59.126Z&apos;[39m,
  action: [32m&apos;login_failure&apos;[39m,
  details: {
    email: [32m&apos;user72@example.com&apos;[39m,
    method: [32m&apos;email_password&apos;[39m,
    errorCode: [90mundefined[39m,
    errorMessage: [32m&apos;authInstance._getRecaptchaConfig is not a function&apos;[39m
  },
  userId: [32m&apos;anonymous&apos;[39m,
  severity: [32m&apos;medium&apos;[39m,
  userAgent: [32m&apos;Mozilla/5.0 (win32) AppleWebKit/537.36 (KHTML, like Gecko) jsdom/27.3.0&apos;[39m,
  ip: [32m&apos;client_ip_unavailable&apos;[39m,
  sessionId: [32m&apos;session_1770159298816_h3he74ka5&apos;[39m
}
[AUDIT: MEDIUM] login_failure {
  id: [32m&apos;audit_1770159299128_f5absrcew&apos;[39m,
  timestamp: [32m&apos;2026-02-03T22:54:59.128Z&apos;[39m,
  action: [32m&apos;login_failure&apos;[39m,
  details: {
    email: [32m&apos;user73@example.com&apos;[39m,
    method: [32m&apos;email_password&apos;[39m,
    errorCode: [90mundefined[39m,
    errorMessage: [32m&apos;authInstance._getRecaptchaConfig is not a function&apos;[39m
  },
  userId: [32m&apos;anonymous&apos;[39m,
  severity: [32m&apos;medium&apos;[39m,
  userAgent: [32m&apos;Mozilla/5.0 (win32) AppleWebKit/537.36 (KHTML, like Gecko) jsdom/27.3.0&apos;[39m,
  ip: [32m&apos;client_ip_unavailable&apos;[39m,
  sessionId: [32m&apos;session_1770159298816_h3he74ka5&apos;[39m
}
[AUDIT: MEDIUM] login_failure {
  id: [32m&apos;audit_1770159299131_t3cqqe1bi&apos;[39m,
  timestamp: [32m&apos;2026-02-03T22:54:59.131Z&apos;[39m,
  action: [32m&apos;login_failure&apos;[39m,
  details: {
    email: [32m&apos;user74@example.com&apos;[39m,
    method: [32m&apos;email_password&apos;[39m,
    errorCode: [90mundefined[39m,
    errorMessage: [32m&apos;authInstance._getRecaptchaConfig is not a function&apos;[39m
  },
  userId: [32m&apos;anonymous&apos;[39m,
  severity: [32m&apos;medium&apos;[39m,
  userAgent: [32m&apos;Mozilla/5.0 (win32) AppleWebKit/537.36 (KHTML, like Gecko) jsdom/27.3.0&apos;[39m,
  ip: [32m&apos;client_ip_unavailable&apos;[39m,
  sessionId: [32m&apos;session_1770159298816_h3he74ka5&apos;[39m
}
[AUDIT: MEDIUM] login_failure {
  id: [32m&apos;audit_1770159299133_2ovt5rgj1&apos;[39m,
  timestamp: [32m&apos;2026-02-03T22:54:59.133Z&apos;[39m,
  action: [32m&apos;login_failure&apos;[39m,
  details: {
    email: [32m&apos;user75@example.com&apos;[39m,
    method: [32m&apos;email_password&apos;[39m,
    errorCode: [90mundefined[39m,
    errorMessage: [32m&apos;authInstance._getRecaptchaConfig is not a function&apos;[39m
  },
  userId: [32m&apos;anonymous&apos;[39m,
  severity: [32m&apos;medium&apos;[39m,
  userAgent: [32m&apos;Mozilla/5.0 (win32) AppleWebKit/537.36 (KHTML, like Gecko) jsdom/27.3.0&apos;[39m,
  ip: [32m&apos;client_ip_unavailable&apos;[39m,
  sessionId: [32m&apos;session_1770159298816_h3he74ka5&apos;[39m
}
[AUDIT: MEDIUM] login_failure {
  id: [32m&apos;audit_1770159299137_1h8gkzyx4&apos;[39m,
  timestamp: [32m&apos;2026-02-03T22:54:59.137Z&apos;[39m,
  action: [32m&apos;login_failure&apos;[39m,
  details: {
    email: [32m&apos;user76@example.com&apos;[39m,
    method: [32m&apos;email_password&apos;[39m,
    errorCode: [90mundefined[39m,
    errorMessage: [32m&apos;authInstance._getRecaptchaConfig is not a function&apos;[39m
  },
  userId: [32m&apos;anonymous&apos;[39m,
  severity: [32m&apos;medium&apos;[39m,
  userAgent: [32m&apos;Mozilla/5.0 (win32) AppleWebKit/537.36 (KHTML, like Gecko) jsdom/27.3.0&apos;[39m,
  ip: [32m&apos;client_ip_unavailable&apos;[39m,
  sessionId: [32m&apos;session_1770159298816_h3he74ka5&apos;[39m
}
[AUDIT: MEDIUM] login_failure {
  id: [32m&apos;audit_1770159299139_wkgu87jmi&apos;[39m,
  timestamp: [32m&apos;2026-02-03T22:54:59.139Z&apos;[39m,
  action: [32m&apos;login_failure&apos;[39m,
  details: {
    email: [32m&apos;user77@example.com&apos;[39m,
    method: [32m&apos;email_password&apos;[39m,
    errorCode: [90mundefined[39m,
    errorMessage: [32m&apos;authInstance._getRecaptchaConfig is not a function&apos;[39m
  },
  userId: [32m&apos;anonymous&apos;[39m,
  severity: [32m&apos;medium&apos;[39m,
  userAgent: [32m&apos;Mozilla/5.0 (win32) AppleWebKit/537.36 (KHTML, like Gecko) jsdom/27.3.0&apos;[39m,
  ip: [32m&apos;client_ip_unavailable&apos;[39m,
  sessionId: [32m&apos;session_1770159298816_h3he74ka5&apos;[39m
}
[AUDIT: MEDIUM] login_failure {
  id: [32m&apos;audit_1770159299142_w28oeciue&apos;[39m,
  timestamp: [32m&apos;2026-02-03T22:54:59.142Z&apos;[39m,
  action: [32m&apos;login_failure&apos;[39m,
  details: {
    email: [32m&apos;user78@example.com&apos;[39m,
    method: [32m&apos;email_password&apos;[39m,
    errorCode: [90mundefined[39m,
    errorMessage: [32m&apos;authInstance._getRecaptchaConfig is not a function&apos;[39m
  },
  userId: [32m&apos;anonymous&apos;[39m,
  severity: [32m&apos;medium&apos;[39m,
  userAgent: [32m&apos;Mozilla/5.0 (win32) AppleWebKit/537.36 (KHTML, like Gecko) jsdom/27.3.0&apos;[39m,
  ip: [32m&apos;client_ip_unavailable&apos;[39m,
  sessionId: [32m&apos;session_1770159298816_h3he74ka5&apos;[39m
}
[AUDIT: MEDIUM] login_failure {
  id: [32m&apos;audit_1770159299144_yy8eskace&apos;[39m,
  timestamp: [32m&apos;2026-02-03T22:54:59.144Z&apos;[39m,
  action: [32m&apos;login_failure&apos;[39m,
  details: {
    email: [32m&apos;user79@example.com&apos;[39m,
    method: [32m&apos;email_password&apos;[39m,
    errorCode: [90mundefined[39m,
    errorMessage: [32m&apos;authInstance._getRecaptchaConfig is not a function&apos;[39m
  },
  userId: [32m&apos;anonymous&apos;[39m,
  severity: [32m&apos;medium&apos;[39m,
  userAgent: [32m&apos;Mozilla/5.0 (win32) AppleWebKit/537.36 (KHTML, like Gecko) jsdom/27.3.0&apos;[39m,
  ip: [32m&apos;client_ip_unavailable&apos;[39m,
  sessionId: [32m&apos;session_1770159298816_h3he74ka5&apos;[39m
}
[AUDIT: MEDIUM] login_failure {
  id: [32m&apos;audit_1770159299147_zlkvwh2xo&apos;[39m,
  timestamp: [32m&apos;2026-02-03T22:54:59.147Z&apos;[39m,
  action: [32m&apos;login_failure&apos;[39m,
  details: {
    email: [32m&apos;user80@example.com&apos;[39m,
    method: [32m&apos;email_password&apos;[39m,
    errorCode: [90mundefined[39m,
    errorMessage: [32m&apos;authInstance._getRecaptchaConfig is not a function&apos;[39m
  },
  userId: [32m&apos;anonymous&apos;[39m,
  severity: [32m&apos;medium&apos;[39m,
  userAgent: [32m&apos;Mozilla/5.0 (win32) AppleWebKit/537.36 (KHTML, like Gecko) jsdom/27.3.0&apos;[39m,
  ip: [32m&apos;client_ip_unavailable&apos;[39m,
  sessionId: [32m&apos;session_1770159298816_h3he74ka5&apos;[39m
}
[AUDIT: MEDIUM] login_failure {
  id: [32m&apos;audit_1770159299151_4ludnbprt&apos;[39m,
  timestamp: [32m&apos;2026-02-03T22:54:59.151Z&apos;[39m,
  action: [32m&apos;login_failure&apos;[39m,
  details: {
    email: [32m&apos;user81@example.com&apos;[39m,
    method: [32m&apos;email_password&apos;[39m,
    errorCode: [90mundefined[39m,
    errorMessage: [32m&apos;authInstance._getRecaptchaConfig is not a function&apos;[39m
  },
  userId: [32m&apos;anonymous&apos;[39m,
  severity: [32m&apos;medium&apos;[39m,
  userAgent: [32m&apos;Mozilla/5.0 (win32) AppleWebKit/537.36 (KHTML, like Gecko) jsdom/27.3.0&apos;[39m,
  ip: [32m&apos;client_ip_unavailable&apos;[39m,
  sessionId: [32m&apos;session_1770159298816_h3he74ka5&apos;[39m
}
[AUDIT: MEDIUM] login_failure {
  id: [32m&apos;audit_1770159299154_htbbr6yd4&apos;[39m,
  timestamp: [32m&apos;2026-02-03T22:54:59.154Z&apos;[39m,
  action: [32m&apos;login_failure&apos;[39m,
  details: {
    email: [32m&apos;user82@example.com&apos;[39m,
    method: [32m&apos;email_password&apos;[39m,
    errorCode: [90mundefined[39m,
    errorMessage: [32m&apos;authInstance._getRecaptchaConfig is not a function&apos;[39m
  },
  userId: [32m&apos;anonymous&apos;[39m,
  severity: [32m&apos;medium&apos;[39m,
  userAgent: [32m&apos;Mozilla/5.0 (win32) AppleWebKit/537.36 (KHTML, like Gecko) jsdom/27.3.0&apos;[39m,
  ip: [32m&apos;client_ip_unavailable&apos;[39m,
  sessionId: [32m&apos;session_1770159298816_h3he74ka5&apos;[39m
}
[AUDIT: MEDIUM] login_failure {
  id: [32m&apos;audit_1770159299157_ep999txnb&apos;[39m,
  timestamp: [32m&apos;2026-02-03T22:54:59.157Z&apos;[39m,
  action: [32m&apos;login_failure&apos;[39m,
  details: {
    email: [32m&apos;user83@example.com&apos;[39m,
    method: [32m&apos;email_password&apos;[39m,
    errorCode: [90mundefined[39m,
    errorMessage: [32m&apos;authInstance._getRecaptchaConfig is not a function&apos;[39m
  },
  userId: [32m&apos;anonymous&apos;[39m,
  severity: [32m&apos;medium&apos;[39m,
  userAgent: [32m&apos;Mozilla/5.0 (win32) AppleWebKit/537.36 (KHTML, like Gecko) jsdom/27.3.0&apos;[39m,
  ip: [32m&apos;client_ip_unavailable&apos;[39m,
  sessionId: [32m&apos;session_1770159298816_h3he74ka5&apos;[39m
}
[AUDIT: MEDIUM] login_failure {
  id: [32m&apos;audit_1770159299159_qziff37u9&apos;[39m,
  timestamp: [32m&apos;2026-02-03T22:54:59.159Z&apos;[39m,
  action: [32m&apos;login_failure&apos;[39m,
  details: {
    email: [32m&apos;user84@example.com&apos;[39m,
    method: [32m&apos;email_password&apos;[39m,
    errorCode: [90mundefined[39m,
    errorMessage: [32m&apos;authInstance._getRecaptchaConfig is not a function&apos;[39m
  },
  userId: [32m&apos;anonymous&apos;[39m,
  severity: [32m&apos;medium&apos;[39m,
  userAgent: [32m&apos;Mozilla/5.0 (win32) AppleWebKit/537.36 (KHTML, like Gecko) jsdom/27.3.0&apos;[39m,
  ip: [32m&apos;client_ip_unavailable&apos;[39m,
  sessionId: [32m&apos;session_1770159298816_h3he74ka5&apos;[39m
}
[AUDIT: MEDIUM] login_failure {
  id: [32m&apos;audit_1770159299162_zt9y7d2jy&apos;[39m,
  timestamp: [32m&apos;2026-02-03T22:54:59.162Z&apos;[39m,
  action: [32m&apos;login_failure&apos;[39m,
  details: {
    email: [32m&apos;user85@example.com&apos;[39m,
    method: [32m&apos;email_password&apos;[39m,
    errorCode: [90mundefined[39m,
    errorMessage: [32m&apos;authInstance._getRecaptchaConfig is not a function&apos;[39m
  },
  userId: [32m&apos;anonymous&apos;[39m,
  severity: [32m&apos;medium&apos;[39m,
  userAgent: [32m&apos;Mozilla/5.0 (win32) AppleWebKit/537.36 (KHTML, like Gecko) jsdom/27.3.0&apos;[39m,
  ip: [32m&apos;client_ip_unavailable&apos;[39m,
  sessionId: [32m&apos;session_1770159298816_h3he74ka5&apos;[39m
}
[AUDIT: MEDIUM] login_failure {
  id: [32m&apos;audit_1770159299165_1d31el091&apos;[39m,
  timestamp: [32m&apos;2026-02-03T22:54:59.165Z&apos;[39m,
  action: [32m&apos;login_failure&apos;[39m,
  details: {
    email: [32m&apos;user86@example.com&apos;[39m,
    method: [32m&apos;email_password&apos;[39m,
    errorCode: [90mundefined[39m,
    errorMessage: [32m&apos;authInstance._getRecaptchaConfig is not a function&apos;[39m
  },
  userId: [32m&apos;anonymous&apos;[39m,
  severity: [32m&apos;medium&apos;[39m,
  userAgent: [32m&apos;Mozilla/5.0 (win32) AppleWebKit/537.36 (KHTML, like Gecko) jsdom/27.3.0&apos;[39m,
  ip: [32m&apos;client_ip_unavailable&apos;[39m,
  sessionId: [32m&apos;session_1770159298816_h3he74ka5&apos;[39m
}
[AUDIT: MEDIUM] login_failure {
  id: [32m&apos;audit_1770159299167_rhpwqqaji&apos;[39m,
  timestamp: [32m&apos;2026-02-03T22:54:59.167Z&apos;[39m,
  action: [32m&apos;login_failure&apos;[39m,
  details: {
    email: [32m&apos;user87@example.com&apos;[39m,
    method: [32m&apos;email_password&apos;[39m,
    errorCode: [90mundefined[39m,
    errorMessage: [32m&apos;authInstance._getRecaptchaConfig is not a function&apos;[39m
  },
  userId: [32m&apos;anonymous&apos;[39m,
  severity: [32m&apos;medium&apos;[39m,
  userAgent: [32m&apos;Mozilla/5.0 (win32) AppleWebKit/537.36 (KHTML, like Gecko) jsdom/27.3.0&apos;[39m,
  ip: [32m&apos;client_ip_unavailable&apos;[39m,
  sessionId: [32m&apos;session_1770159298816_h3he74ka5&apos;[39m
}
[AUDIT: MEDIUM] login_failure {
  id: [32m&apos;audit_1770159299169_t9ai8w9ch&apos;[39m,
  timestamp: [32m&apos;2026-02-03T22:54:59.169Z&apos;[39m,
  action: [32m&apos;login_failure&apos;[39m,
  details: {
    email: [32m&apos;user88@example.com&apos;[39m,
    method: [32m&apos;email_password&apos;[39m,
    errorCode: [90mundefined[39m,
    errorMessage: [32m&apos;authInstance._getRecaptchaConfig is not a function&apos;[39m
  },
  userId: [32m&apos;anonymous&apos;[39m,
  severity: [32m&apos;medium&apos;[39m,
  userAgent: [32m&apos;Mozilla/5.0 (win32) AppleWebKit/537.36 (KHTML, like Gecko) jsdom/27.3.0&apos;[39m,
  ip: [32m&apos;client_ip_unavailable&apos;[39m,
  sessionId: [32m&apos;session_1770159298816_h3he74ka5&apos;[39m
}
[AUDIT: MEDIUM] login_failure {
  id: [32m&apos;audit_1770159299172_9eiu3bx2n&apos;[39m,
  timestamp: [32m&apos;2026-02-03T22:54:59.172Z&apos;[39m,
  action: [32m&apos;login_failure&apos;[39m,
  details: {
    email: [32m&apos;user89@example.com&apos;[39m,
    method: [32m&apos;email_password&apos;[39m,
    errorCode: [90mundefined[39m,
    errorMessage: [32m&apos;authInstance._getRecaptchaConfig is not a function&apos;[39m
  },
  userId: [32m&apos;anonymous&apos;[39m,
  severity: [32m&apos;medium&apos;[39m,
  userAgent: [32m&apos;Mozilla/5.0 (win32) AppleWebKit/537.36 (KHTML, like Gecko) jsdom/27.3.0&apos;[39m,
  ip: [32m&apos;client_ip_unavailable&apos;[39m,
  sessionId: [32m&apos;session_1770159298816_h3he74ka5&apos;[39m
}
[AUDIT: MEDIUM] login_failure {
  id: [32m&apos;audit_1770159299176_chid7wr2r&apos;[39m,
  timestamp: [32m&apos;2026-02-03T22:54:59.176Z&apos;[39m,
  action: [32m&apos;login_failure&apos;[39m,
  details: {
    email: [32m&apos;user90@example.com&apos;[39m,
    method: [32m&apos;email_password&apos;[39m,
    errorCode: [90mundefined[39m,
    errorMessage: [32m&apos;authInstance._getRecaptchaConfig is not a function&apos;[39m
  },
  userId: [32m&apos;anonymous&apos;[39m,
  severity: [32m&apos;medium&apos;[39m,
  userAgent: [32m&apos;Mozilla/5.0 (win32) AppleWebKit/537.36 (KHTML, like Gecko) jsdom/27.3.0&apos;[39m,
  ip: [32m&apos;client_ip_unavailable&apos;[39m,
  sessionId: [32m&apos;session_1770159298816_h3he74ka5&apos;[39m
}
[AUDIT: MEDIUM] login_failure {
  id: [32m&apos;audit_1770159299179_g7q9jb6li&apos;[39m,
  timestamp: [32m&apos;2026-02-03T22:54:59.179Z&apos;[39m,
  action: [32m&apos;login_failure&apos;[39m,
  details: {
    email: [32m&apos;user91@example.com&apos;[39m,
    method: [32m&apos;email_password&apos;[39m,
    errorCode: [90mundefined[39m,
    errorMessage: [32m&apos;authInstance._getRecaptchaConfig is not a function&apos;[39m
  },
  userId: [32m&apos;anonymous&apos;[39m,
  severity: [32m&apos;medium&apos;[39m,
  userAgent: [32m&apos;Mozilla/5.0 (win32) AppleWebKit/537.36 (KHTML, like Gecko) jsdom/27.3.0&apos;[39m,
  ip: [32m&apos;client_ip_unavailable&apos;[39m,
  sessionId: [32m&apos;session_1770159298816_h3he74ka5&apos;[39m
}
[AUDIT: MEDIUM] login_failure {
  id: [32m&apos;audit_1770159299182_cajw6dne3&apos;[39m,
  timestamp: [32m&apos;2026-02-03T22:54:59.182Z&apos;[39m,
  action: [32m&apos;login_failure&apos;[39m,
  details: {
    email: [32m&apos;user92@example.com&apos;[39m,
    method: [32m&apos;email_password&apos;[39m,
    errorCode: [90mundefined[39m,
    errorMessage: [32m&apos;authInstance._getRecaptchaConfig is not a function&apos;[39m
  },
  userId: [32m&apos;anonymous&apos;[39m,
  severity: [32m&apos;medium&apos;[39m,
  userAgent: [32m&apos;Mozilla/5.0 (win32) AppleWebKit/537.36 (KHTML, like Gecko) jsdom/27.3.0&apos;[39m,
  ip: [32m&apos;client_ip_unavailable&apos;[39m,
  sessionId: [32m&apos;session_1770159298816_h3he74ka5&apos;[39m
}
[AUDIT: MEDIUM] login_failure {
  id: [32m&apos;audit_1770159299256_45mxjne5n&apos;[39m,
  timestamp: [32m&apos;2026-02-03T22:54:59.256Z&apos;[39m,
  action: [32m&apos;login_failure&apos;[39m,
  details: {
    email: [32m&apos;user93@example.com&apos;[39m,
    method: [32m&apos;email_password&apos;[39m,
    errorCode: [90mundefined[39m,
    errorMessage: [32m&apos;authInstance._getRecaptchaConfig is not a function&apos;[39m
  },
  userId: [32m&apos;anonymous&apos;[39m,
  severity: [32m&apos;medium&apos;[39m,
  userAgent: [32m&apos;Mozilla/5.0 (win32) AppleWebKit/537.36 (KHTML, like Gecko) jsdom/27.3.0&apos;[39m,
  ip: [32m&apos;client_ip_unavailable&apos;[39m,
  sessionId: [32m&apos;session_1770159298816_h3he74ka5&apos;[39m
}
[AUDIT: MEDIUM] login_failure {
  id: [32m&apos;audit_1770159299259_9fo0pivoh&apos;[39m,
  timestamp: [32m&apos;2026-02-03T22:54:59.259Z&apos;[39m,
  action: [32m&apos;login_failure&apos;[39m,
  details: {
    email: [32m&apos;user94@example.com&apos;[39m,
    method: [32m&apos;email_password&apos;[39m,
    errorCode: [90mundefined[39m,
    errorMessage: [32m&apos;authInstance._getRecaptchaConfig is not a function&apos;[39m
  },
  userId: [32m&apos;anonymous&apos;[39m,
  severity: [32m&apos;medium&apos;[39m,
  userAgent: [32m&apos;Mozilla/5.0 (win32) AppleWebKit/537.36 (KHTML, like Gecko) jsdom/27.3.0&apos;[39m,
  ip: [32m&apos;client_ip_unavailable&apos;[39m,
  sessionId: [32m&apos;session_1770159298816_h3he74ka5&apos;[39m
}
[AUDIT: MEDIUM] login_failure {
  id: [32m&apos;audit_1770159299264_7qyl1p6uk&apos;[39m,
  timestamp: [32m&apos;2026-02-03T22:54:59.264Z&apos;[39m,
  action: [32m&apos;login_failure&apos;[39m,
  details: {
    email: [32m&apos;user95@example.com&apos;[39m,
    method: [32m&apos;email_password&apos;[39m,
    errorCode: [90mundefined[39m,
    errorMessage: [32m&apos;authInstance._getRecaptchaConfig is not a function&apos;[39m
  },
  userId: [32m&apos;anonymous&apos;[39m,
  severity: [32m&apos;medium&apos;[39m,
  userAgent: [32m&apos;Mozilla/5.0 (win32) AppleWebKit/537.36 (KHTML, like Gecko) jsdom/27.3.0&apos;[39m,
  ip: [32m&apos;client_ip_unavailable&apos;[39m,
  sessionId: [32m&apos;session_1770159298816_h3he74ka5&apos;[39m
}
[AUDIT: MEDIUM] login_failure {
  id: [32m&apos;audit_1770159299266_s73lqxbgi&apos;[39m,
  timestamp: [32m&apos;2026-02-03T22:54:59.267Z&apos;[39m,
  action: [32m&apos;login_failure&apos;[39m,
  details: {
    email: [32m&apos;user96@example.com&apos;[39m,
    method: [32m&apos;email_password&apos;[39m,
    errorCode: [90mundefined[39m,
    errorMessage: [32m&apos;authInstance._getRecaptchaConfig is not a function&apos;[39m
  },
  userId: [32m&apos;anonymous&apos;[39m,
  severity: [32m&apos;medium&apos;[39m,
  userAgent: [32m&apos;Mozilla/5.0 (win32) AppleWebKit/537.36 (KHTML, like Gecko) jsdom/27.3.0&apos;[39m,
  ip: [32m&apos;client_ip_unavailable&apos;[39m,
  sessionId: [32m&apos;session_1770159298816_h3he74ka5&apos;[39m
}
[AUDIT: MEDIUM] login_failure {
  id: [32m&apos;audit_1770159299270_xvmwdzvhs&apos;[39m,
  timestamp: [32m&apos;2026-02-03T22:54:59.270Z&apos;[39m,
  action: [32m&apos;login_failure&apos;[39m,
  details: {
    email: [32m&apos;user97@example.com&apos;[39m,
    method: [32m&apos;email_password&apos;[39m,
    errorCode: [90mundefined[39m,
    errorMessage: [32m&apos;authInstance._getRecaptchaConfig is not a function&apos;[39m
  },
  userId: [32m&apos;anonymous&apos;[39m,
  severity: [32m&apos;medium&apos;[39m,
  userAgent: [32m&apos;Mozilla/5.0 (win32) AppleWebKit/537.36 (KHTML, like Gecko) jsdom/27.3.0&apos;[39m,
  ip: [32m&apos;client_ip_unavailable&apos;[39m,
  sessionId: [32m&apos;session_1770159298816_h3he74ka5&apos;[39m
}
[AUDIT: MEDIUM] login_failure {
  id: [32m&apos;audit_1770159299273_ltrip9jv1&apos;[39m,
  timestamp: [32m&apos;2026-02-03T22:54:59.273Z&apos;[39m,
  action: [32m&apos;login_failure&apos;[39m,
  details: {
    email: [32m&apos;user98@example.com&apos;[39m,
    method: [32m&apos;email_password&apos;[39m,
    errorCode: [90mundefined[39m,
    errorMessage: [32m&apos;authInstance._getRecaptchaConfig is not a function&apos;[39m
  },
  userId: [32m&apos;anonymous&apos;[39m,
  severity: [32m&apos;medium&apos;[39m,
  userAgent: [32m&apos;Mozilla/5.0 (win32) AppleWebKit/537.36 (KHTML, like Gecko) jsdom/27.3.0&apos;[39m,
  ip: [32m&apos;client_ip_unavailable&apos;[39m,
  sessionId: [32m&apos;session_1770159298816_h3he74ka5&apos;[39m
}
[AUDIT: MEDIUM] login_failure {
  id: [32m&apos;audit_1770159299276_cbd9qc5cr&apos;[39m,
  timestamp: [32m&apos;2026-02-03T22:54:59.276Z&apos;[39m,
  action: [32m&apos;login_failure&apos;[39m,
  details: {
    email: [32m&apos;user99@example.com&apos;[39m,
    method: [32m&apos;email_password&apos;[39m,
    errorCode: [90mundefined[39m,
    errorMessage: [32m&apos;authInstance._getRecaptchaConfig is not a function&apos;[39m
  },
  userId: [32m&apos;anonymous&apos;[39m,
  severity: [32m&apos;medium&apos;[39m,
  userAgent: [32m&apos;Mozilla/5.0 (win32) AppleWebKit/537.36 (KHTML, like Gecko) jsdom/27.3.0&apos;[39m,
  ip: [32m&apos;client_ip_unavailable&apos;[39m,
  sessionId: [32m&apos;session_1770159298816_h3he74ka5&apos;[39m
}

            </system-out>
            <system-err>
[AuthService] Unexpected login error: [90mundefined[39m
[AuthService] Unexpected login error: [90mundefined[39m
[AuthService] Unexpected login error: [90mundefined[39m
[AuthService] Unexpected login error: [90mundefined[39m
[AuthService] Unexpected login error: [90mundefined[39m
[AuthService] Unexpected login error: [90mundefined[39m
[AuthService] Unexpected login error: [90mundefined[39m
[AuthService] Unexpected login error: [90mundefined[39m
[AuthService] Unexpected login error: [90mundefined[39m
[AuthService] Unexpected login error: [90mundefined[39m
[AuthService] Unexpected login error: [90mundefined[39m
[AuthService] Unexpected login error: [90mundefined[39m
[AuthService] Unexpected login error: [90mundefined[39m
[AuthService] Unexpected login error: [90mundefined[39m
[AuthService] Unexpected login error: [90mundefined[39m
[AuthService] Unexpected login error: [90mundefined[39m
[AuthService] Unexpected login error: [90mundefined[39m
[AuthService] Unexpected login error: [90mundefined[39m
[AuthService] Unexpected login error: [90mundefined[39m
[AuthService] Unexpected login error: [90mundefined[39m
[AuthService] Unexpected login error: [90mundefined[39m
[AuthService] Unexpected login error: [90mundefined[39m
[AuthService] Unexpected login error: [90mundefined[39m
[AuthService] Unexpected login error: [90mundefined[39m
[AuthService] Unexpected login error: [90mundefined[39m
[AuthService] Unexpected login error: [90mundefined[39m
[AuthService] Unexpected login error: [90mundefined[39m
[AuthService] Unexpected login error: [90mundefined[39m
[AuthService] Unexpected login error: [90mundefined[39m
[AuthService] Unexpected login error: [90mundefined[39m
[AuthService] Unexpected login error: [90mundefined[39m
[AuthService] Unexpected login error: [90mundefined[39m
[AuthService] Unexpected login error: [90mundefined[39m
[AuthService] Unexpected login error: [90mundefined[39m
[AuthService] Unexpected login error: [90mundefined[39m
[AuthService] Unexpected login error: [90mundefined[39m
[AuthService] Unexpected login error: [90mundefined[39m
[AuthService] Unexpected login error: [90mundefined[39m
[AuthService] Unexpected login error: [90mundefined[39m
[AuthService] Unexpected login error: [90mundefined[39m
[AuthService] Unexpected login error: [90mundefined[39m
[AuthService] Unexpected login error: [90mundefined[39m
[AuthService] Unexpected login error: [90mundefined[39m
[AuthService] Unexpected login error: [90mundefined[39m
[AuthService] Unexpected login error: [90mundefined[39m
[AuthService] Unexpected login error: [90mundefined[39m
[AuthService] Unexpected login error: [90mundefined[39m
[AuthService] Unexpected login error: [90mundefined[39m
[AuthService] Unexpected login error: [90mundefined[39m
[AuthService] Unexpected login error: [90mundefined[39m
[AuthService] Unexpected login error: [90mundefined[39m
[AuthService] Unexpected login error: [90mundefined[39m
[AuthService] Unexpected login error: [90mundefined[39m
[AuthService] Unexpected login error: [90mundefined[39m
[AuthService] Unexpected login error: [90mundefined[39m
[AuthService] Unexpected login error: [90mundefined[39m
[AuthService] Unexpected login error: [90mundefined[39m
[AuthService] Unexpected login error: [90mundefined[39m
[AuthService] Unexpected login error: [90mundefined[39m
[AuthService] Unexpected login error: [90mundefined[39m
[AuthService] Unexpected login error: [90mundefined[39m
[AuthService] Unexpected login error: [90mundefined[39m
[AuthService] Unexpected login error: [90mundefined[39m
[AuthService] Unexpected login error: [90mundefined[39m
[AuthService] Unexpected login error: [90mundefined[39m
[AuthService] Unexpected login error: [90mundefined[39m
[AuthService] Unexpected login error: [90mundefined[39m
[AuthService] Unexpected login error: [90mundefined[39m
[AuthService] Unexpected login error: [90mundefined[39m
[AuthService] Unexpected login error: [90mundefined[39m
[AuthService] Unexpected login error: [90mundefined[39m
[AuthService] Unexpected login error: [90mundefined[39m
[AuthService] Unexpected login error: [90mundefined[39m
[AuthService] Unexpected login error: [90mundefined[39m
[AuthService] Unexpected login error: [90mundefined[39m
[AuthService] Unexpected login error: [90mundefined[39m
[AuthService] Unexpected login error: [90mundefined[39m
[AuthService] Unexpected login error: [90mundefined[39m
[AuthService] Unexpected login error: [90mundefined[39m
[AuthService] Unexpected login error: [90mundefined[39m
[AuthService] Unexpected login error: [90mundefined[39m
[AuthService] Unexpected login error: [90mundefined[39m
[AuthService] Unexpected login error: [90mundefined[39m
[AuthService] Unexpected login error: [90mundefined[39m
[AuthService] Unexpected login error: [90mundefined[39m
[AuthService] Unexpected login error: [90mundefined[39m
[AuthService] Unexpected login error: [90mundefined[39m
[AuthService] Unexpected login error: [90mundefined[39m
[AuthService] Unexpected login error: [90mundefined[39m
[AuthService] Unexpected login error: [90mundefined[39m
[AuthService] Unexpected login error: [90mundefined[39m
[AuthService] Unexpected login error: [90mundefined[39m
[AuthService] Unexpected login error: [90mundefined[39m
[AuthService] Unexpected login error: [90mundefined[39m
[AuthService] Unexpected login error: [90mundefined[39m
[AuthService] Unexpected login error: [90mundefined[39m
[AuthService] Unexpected login error: [90mundefined[39m
[AuthService] Unexpected login error: [90mundefined[39m
[AuthService] Unexpected login error: [90mundefined[39m
[AuthService] Unexpected login error: [90mundefined[39m

            </system-err>
        </testcase>
    </testsuite>
    <testsuite name="tests/security/comprehensive-security.test.js" timestamp="2026-02-03T22:55:11.835Z" hostname="Krasen-PC" tests="21" failures="6" errors="0" skipped="0" time="3.5045979">
        <testcase classname="tests/security/comprehensive-security.test.js" name="Comprehensive Security Tests - OWASP Top 10 &gt; A01: Broken Access Control &gt; IDOR Protection &gt; should prevent users from accessing other users transactions" time="0.0086933">
            <system-out>
[AUDIT: LOW] data_create {
  id: [32m&apos;audit_1770159299313_rwpyrgk2s&apos;[39m,
  timestamp: [32m&apos;2026-02-03T22:54:59.313Z&apos;[39m,
  action: [32m&apos;data_create&apos;[39m,
  details: {
    entityType: [32m&apos;transaction&apos;[39m,
    entityId: [32m&apos;9a6e5f04-dad6-43dd-b639-561943f11ff3&apos;[39m,
    amount: [33m100[39m,
    category: [32m&apos;Food&apos;[39m,
    accountId: [32m&apos;main&apos;[39m
  },
  userId: [32m&apos;user-1&apos;[39m,
  severity: [32m&apos;low&apos;[39m,
  userAgent: [32m&apos;Mozilla/5.0 (win32) AppleWebKit/537.36 (KHTML, like Gecko) jsdom/27.3.0&apos;[39m,
  ip: [32m&apos;client_ip_unavailable&apos;[39m,
  sessionId: [32m&apos;session_1770159299313_n25p8df22&apos;[39m
}
[AUDIT: LOW] data_create {
  id: [32m&apos;audit_1770159299316_awx9s2le4&apos;[39m,
  timestamp: [32m&apos;2026-02-03T22:54:59.316Z&apos;[39m,
  action: [32m&apos;data_create&apos;[39m,
  details: {
    entityType: [32m&apos;transaction&apos;[39m,
    entityId: [32m&apos;a9c9486a-2c0c-46d3-9806-3b7cfa3765fc&apos;[39m,
    amount: [33m50[39m,
    category: [32m&apos;Transport&apos;[39m,
    accountId: [32m&apos;main&apos;[39m
  },
  userId: [32m&apos;user-2&apos;[39m,
  severity: [32m&apos;low&apos;[39m,
  userAgent: [32m&apos;Mozilla/5.0 (win32) AppleWebKit/537.36 (KHTML, like Gecko) jsdom/27.3.0&apos;[39m,
  ip: [32m&apos;client_ip_unavailable&apos;[39m,
  sessionId: [32m&apos;session_1770159299313_n25p8df22&apos;[39m
}

            </system-out>
            <system-err>
[TransactionService] Ownership mismatch for transaction 9a6e5f04-dad6-43dd-b639-561943f11ff3

            </system-err>
        </testcase>
        <testcase classname="tests/security/comprehensive-security.test.js" name="Comprehensive Security Tests - OWASP Top 10 &gt; A01: Broken Access Control &gt; Authentication Bypass Attempts &gt; should reject authentication with malformed tokens" time="0.0132608">
            <failure message="expected true to be false // Object.is equality" type="AssertionError">
AssertionError: expected true to be false // Object.is equality

- Expected
+ Received

- false
+ true

 ❯ tests/security/comprehensive-security.test.js:98:49
            </failure>
        </testcase>
        <testcase classname="tests/security/comprehensive-security.test.js" name="Comprehensive Security Tests - OWASP Top 10 &gt; A02: Cryptographic Failures &gt; Sensitive Data Exposure &gt; should not expose sensitive data in localStorage" time="0.0015179">
            <system-out>
[AUDIT: LOW] data_create {
  id: [32m&apos;audit_1770159299332_bx9geszve&apos;[39m,
  timestamp: [32m&apos;2026-02-03T22:54:59.332Z&apos;[39m,
  action: [32m&apos;data_create&apos;[39m,
  details: {
    entityType: [32m&apos;transaction&apos;[39m,
    entityId: [32m&apos;a5c80c4e-bc5a-4a17-b179-a56603f1cf3b&apos;[39m,
    amount: [33m1000[39m,
    category: [32m&apos;Salary&apos;[39m,
    accountId: [32m&apos;main&apos;[39m
  },
  userId: [32m&apos;user-2&apos;[39m,
  severity: [32m&apos;low&apos;[39m,
  userAgent: [32m&apos;Mozilla/5.0 (win32) AppleWebKit/537.36 (KHTML, like Gecko) jsdom/27.3.0&apos;[39m,
  ip: [32m&apos;client_ip_unavailable&apos;[39m,
  sessionId: [32m&apos;session_1770159299313_n25p8df22&apos;[39m
}

            </system-out>
        </testcase>
        <testcase classname="tests/security/comprehensive-security.test.js" name="Comprehensive Security Tests - OWASP Top 10 &gt; A02: Cryptographic Failures &gt; Sensitive Data Exposure &gt; should sanitize error messages to prevent information disclosure" time="0.0035638">
        </testcase>
        <testcase classname="tests/security/comprehensive-security.test.js" name="Comprehensive Security Tests - OWASP Top 10 &gt; A04: Insecure Design &gt; Rate Limiting &gt; should implement rate limiting for authentication attempts" time="0.0006452">
        </testcase>
        <testcase classname="tests/security/comprehensive-security.test.js" name="Comprehensive Security Tests - OWASP Top 10 &gt; A04: Insecure Design &gt; Rate Limiting &gt; should prevent brute force attacks" time="0.0041038">
            <system-out>
[AUDIT: MEDIUM] login_failure {
  id: [32m&apos;audit_1770159299341_rxj9le0ye&apos;[39m,
  timestamp: [32m&apos;2026-02-03T22:54:59.341Z&apos;[39m,
  action: [32m&apos;login_failure&apos;[39m,
  details: {
    email: [32m&apos;test@example.com&apos;[39m,
    method: [32m&apos;email_password&apos;[39m,
    errorCode: [90mundefined[39m,
    errorMessage: [32m&apos;authInstance._getRecaptchaConfig is not a function&apos;[39m
  },
  userId: [32m&apos;anonymous&apos;[39m,
  severity: [32m&apos;medium&apos;[39m,
  userAgent: [32m&apos;Mozilla/5.0 (win32) AppleWebKit/537.36 (KHTML, like Gecko) jsdom/27.3.0&apos;[39m,
  ip: [32m&apos;client_ip_unavailable&apos;[39m,
  sessionId: [32m&apos;session_1770159299313_n25p8df22&apos;[39m
}
[AUDIT: MEDIUM] login_failure {
  id: [32m&apos;audit_1770159299342_dhd91bz85&apos;[39m,
  timestamp: [32m&apos;2026-02-03T22:54:59.342Z&apos;[39m,
  action: [32m&apos;login_failure&apos;[39m,
  details: {
    email: [32m&apos;test@example.com&apos;[39m,
    method: [32m&apos;email_password&apos;[39m,
    errorCode: [90mundefined[39m,
    errorMessage: [32m&apos;authInstance._getRecaptchaConfig is not a function&apos;[39m
  },
  userId: [32m&apos;anonymous&apos;[39m,
  severity: [32m&apos;medium&apos;[39m,
  userAgent: [32m&apos;Mozilla/5.0 (win32) AppleWebKit/537.36 (KHTML, like Gecko) jsdom/27.3.0&apos;[39m,
  ip: [32m&apos;client_ip_unavailable&apos;[39m,
  sessionId: [32m&apos;session_1770159299313_n25p8df22&apos;[39m
}
[AUDIT: MEDIUM] login_failure {
  id: [32m&apos;audit_1770159299342_sa4vwfb8w&apos;[39m,
  timestamp: [32m&apos;2026-02-03T22:54:59.342Z&apos;[39m,
  action: [32m&apos;login_failure&apos;[39m,
  details: {
    email: [32m&apos;test@example.com&apos;[39m,
    method: [32m&apos;email_password&apos;[39m,
    errorCode: [90mundefined[39m,
    errorMessage: [32m&apos;authInstance._getRecaptchaConfig is not a function&apos;[39m
  },
  userId: [32m&apos;anonymous&apos;[39m,
  severity: [32m&apos;medium&apos;[39m,
  userAgent: [32m&apos;Mozilla/5.0 (win32) AppleWebKit/537.36 (KHTML, like Gecko) jsdom/27.3.0&apos;[39m,
  ip: [32m&apos;client_ip_unavailable&apos;[39m,
  sessionId: [32m&apos;session_1770159299313_n25p8df22&apos;[39m
}
[AUDIT: MEDIUM] login_failure {
  id: [32m&apos;audit_1770159299343_mwdouznfp&apos;[39m,
  timestamp: [32m&apos;2026-02-03T22:54:59.343Z&apos;[39m,
  action: [32m&apos;login_failure&apos;[39m,
  details: {
    email: [32m&apos;test@example.com&apos;[39m,
    method: [32m&apos;email_password&apos;[39m,
    errorCode: [90mundefined[39m,
    errorMessage: [32m&apos;authInstance._getRecaptchaConfig is not a function&apos;[39m
  },
  userId: [32m&apos;anonymous&apos;[39m,
  severity: [32m&apos;medium&apos;[39m,
  userAgent: [32m&apos;Mozilla/5.0 (win32) AppleWebKit/537.36 (KHTML, like Gecko) jsdom/27.3.0&apos;[39m,
  ip: [32m&apos;client_ip_unavailable&apos;[39m,
  sessionId: [32m&apos;session_1770159299313_n25p8df22&apos;[39m
}
[AUDIT: MEDIUM] login_failure {
  id: [32m&apos;audit_1770159299343_oa07wyapp&apos;[39m,
  timestamp: [32m&apos;2026-02-03T22:54:59.343Z&apos;[39m,
  action: [32m&apos;login_failure&apos;[39m,
  details: {
    email: [32m&apos;test@example.com&apos;[39m,
    method: [32m&apos;email_password&apos;[39m,
    errorCode: [90mundefined[39m,
    errorMessage: [32m&apos;authInstance._getRecaptchaConfig is not a function&apos;[39m
  },
  userId: [32m&apos;anonymous&apos;[39m,
  severity: [32m&apos;medium&apos;[39m,
  userAgent: [32m&apos;Mozilla/5.0 (win32) AppleWebKit/537.36 (KHTML, like Gecko) jsdom/27.3.0&apos;[39m,
  ip: [32m&apos;client_ip_unavailable&apos;[39m,
  sessionId: [32m&apos;session_1770159299313_n25p8df22&apos;[39m
}

            </system-out>
            <system-err>
[AuthService] Unexpected login error: [90mundefined[39m
[AuthService] Unexpected login error: [90mundefined[39m
[AuthService] Unexpected login error: [90mundefined[39m
[AuthService] Unexpected login error: [90mundefined[39m
[AuthService] Unexpected login error: [90mundefined[39m

            </system-err>
        </testcase>
        <testcase classname="tests/security/comprehensive-security.test.js" name="Comprehensive Security Tests - OWASP Top 10 &gt; A05: Security Misconfiguration &gt; Input Validation &gt; should validate email formats properly" time="0.000888">
        </testcase>
        <testcase classname="tests/security/comprehensive-security.test.js" name="Comprehensive Security Tests - OWASP Top 10 &gt; A05: Security Misconfiguration &gt; Input Validation &gt; should enforce password strength requirements" time="0.0007317">
        </testcase>
        <testcase classname="tests/security/comprehensive-security.test.js" name="Comprehensive Security Tests - OWASP Top 10 &gt; A05: Security Misconfiguration &gt; Error Handling &gt; should not expose sensitive information in errors" time="0.0005112">
        </testcase>
        <testcase classname="tests/security/comprehensive-security.test.js" name="Comprehensive Security Tests - OWASP Top 10 &gt; A07: Identification and Authentication Failures &gt; Password Security &gt; should enforce minimum password requirements" time="0.0003725">
        </testcase>
        <testcase classname="tests/security/comprehensive-security.test.js" name="Comprehensive Security Tests - OWASP Top 10 &gt; A07: Identification and Authentication Failures &gt; Session Management &gt; should handle session expiration properly" time="0.0002079">
        </testcase>
        <testcase classname="tests/security/comprehensive-security.test.js" name="Comprehensive Security Tests - OWASP Top 10 &gt; A08: Software and Data Integrity Failures &gt; Data Integrity &gt; should maintain data consistency during operations" time="0.0009017">
            <system-out>
[AUDIT: LOW] data_create {
  id: [32m&apos;audit_1770159299348_sfe8h9hs7&apos;[39m,
  timestamp: [32m&apos;2026-02-03T22:54:59.348Z&apos;[39m,
  action: [32m&apos;data_create&apos;[39m,
  details: {
    entityType: [32m&apos;transaction&apos;[39m,
    entityId: [32m&apos;9c986f90-a94c-49f5-85d0-e2546735aeb1&apos;[39m,
    amount: [33m100[39m,
    category: [32m&apos;Food&apos;[39m,
    accountId: [32m&apos;main&apos;[39m
  },
  userId: [32m&apos;test-user&apos;[39m,
  severity: [32m&apos;low&apos;[39m,
  userAgent: [32m&apos;Mozilla/5.0 (win32) AppleWebKit/537.36 (KHTML, like Gecko) jsdom/27.3.0&apos;[39m,
  ip: [32m&apos;client_ip_unavailable&apos;[39m,
  sessionId: [32m&apos;session_1770159299313_n25p8df22&apos;[39m
}

            </system-out>
        </testcase>
        <testcase classname="tests/security/comprehensive-security.test.js" name="Comprehensive Security Tests - OWASP Top 10 &gt; Performance and DoS Protection &gt; should handle large inputs gracefully" time="0.0067851">
        </testcase>
        <testcase classname="tests/security/comprehensive-security.test.js" name="Comprehensive Security Tests - OWASP Top 10 &gt; Performance and DoS Protection &gt; should prevent resource exhaustion" time="3.430048">
        </testcase>
        <testcase classname="tests/security/comprehensive-security.test.js" name="Comprehensive Security Tests - OWASP Top 10 &gt; Privacy and Compliance &gt; should handle PII data securely" time="0.0224947">
        </testcase>
        <testcase classname="tests/security/comprehensive-security.test.js" name="Comprehensive Security Tests - OWASP Top 10 &gt; Privacy and Compliance &gt; should not log sensitive information" time="0.0044593">
        </testcase>
        <testcase classname="tests/security/comprehensive-security.test.js" name="A03: Injection" time="0.0013248">
            <failure message="No test found in suite A03: Injection" type="Error">
Error: No test found in suite A03: Injection
            </failure>
        </testcase>
        <testcase classname="tests/security/comprehensive-security.test.js" name="XSS Prevention" time="0.0006431">
            <failure message="No test found in suite XSS Prevention" type="Error">
Error: No test found in suite XSS Prevention
            </failure>
        </testcase>
        <testcase classname="tests/security/comprehensive-security.test.js" name="NoSQL Injection Prevention" time="0.0003305">
            <failure message="No test found in suite NoSQL Injection Prevention" type="Error">
Error: No test found in suite NoSQL Injection Prevention
            </failure>
        </testcase>
        <testcase classname="tests/security/comprehensive-security.test.js" name="Business Logic Flaws" time="0.0007623">
            <failure message="No test found in suite Business Logic Flaws" type="Error">
Error: No test found in suite Business Logic Flaws
            </failure>
        </testcase>
        <testcase classname="tests/security/comprehensive-security.test.js" name="JSON Parsing Safety" time="0.0002355">
            <failure message="No test found in suite JSON Parsing Safety" type="Error">
Error: No test found in suite JSON Parsing Safety
            </failure>
        </testcase>
    </testsuite>
    <testsuite name="tests/security/data-export-integrity.test.js" timestamp="2026-02-03T22:55:11.842Z" hostname="Krasen-PC" tests="19" failures="0" errors="0" skipped="0" time="3.5943552">
        <testcase classname="tests/security/data-export-integrity.test.js" name="Data Export Integrity Validation &gt; CSV Export Functionality &gt; should export transactions with correct structure" time="0.0099067">
            <system-out>
[AUDIT: HIGH] data_delete {
  id: [32m&apos;audit_1770159299405_0nwickvxh&apos;[39m,
  timestamp: [32m&apos;2026-02-03T22:54:59.405Z&apos;[39m,
  action: [32m&apos;data_delete&apos;[39m,
  details: { entityType: [32m&apos;transaction&apos;[39m, operation: [32m&apos;bulk_clear&apos;[39m, count: [33m0[39m },
  userId: [32m&apos;anonymous&apos;[39m,
  severity: [32m&apos;high&apos;[39m,
  userAgent: [32m&apos;Mozilla/5.0 (win32) AppleWebKit/537.36 (KHTML, like Gecko) jsdom/27.3.0&apos;[39m,
  ip: [32m&apos;client_ip_unavailable&apos;[39m,
  sessionId: [32m&apos;session_1770159299405_y5lcej202&apos;[39m
}

[AUDIT: LOW] data_create {
  id: [32m&apos;audit_1770159299409_ed81r4756&apos;[39m,
  timestamp: [32m&apos;2026-02-03T22:54:59.409Z&apos;[39m,
  action: [32m&apos;data_create&apos;[39m,
  details: {
    entityType: [32m&apos;transaction&apos;[39m,
    entityId: [32m&apos;tx1&apos;[39m,
    amount: [33m100.5[39m,
    category: [32m&apos;Food &amp; Dining&apos;[39m,
    accountId: [32m&apos;main&apos;[39m
  },
  userId: [32m&apos;test-user-123&apos;[39m,
  severity: [32m&apos;low&apos;[39m,
  userAgent: [32m&apos;Mozilla/5.0 (win32) AppleWebKit/537.36 (KHTML, like Gecko) jsdom/27.3.0&apos;[39m,
  ip: [32m&apos;client_ip_unavailable&apos;[39m,
  sessionId: [32m&apos;session_1770159299405_y5lcej202&apos;[39m
}
[AUDIT: LOW] data_create {
  id: [32m&apos;audit_1770159299410_4rahq1415&apos;[39m,
  timestamp: [32m&apos;2026-02-03T22:54:59.410Z&apos;[39m,
  action: [32m&apos;data_create&apos;[39m,
  details: {
    entityType: [32m&apos;transaction&apos;[39m,
    entityId: [32m&apos;tx2&apos;[39m,
    amount: [33m2000[39m,
    category: [32m&apos;Salary&apos;[39m,
    accountId: [32m&apos;main&apos;[39m
  },
  userId: [32m&apos;test-user-123&apos;[39m,
  severity: [32m&apos;low&apos;[39m,
  userAgent: [32m&apos;Mozilla/5.0 (win32) AppleWebKit/537.36 (KHTML, like Gecko) jsdom/27.3.0&apos;[39m,
  ip: [32m&apos;client_ip_unavailable&apos;[39m,
  sessionId: [32m&apos;session_1770159299405_y5lcej202&apos;[39m
}

            </system-out>
        </testcase>
        <testcase classname="tests/security/data-export-integrity.test.js" name="Data Export Integrity Validation &gt; CSV Export Functionality &gt; should handle empty export gracefully" time="0.0031738">
            <system-out>
[AUDIT: HIGH] data_delete {
  id: [32m&apos;audit_1770159299414_n4ls0pzzu&apos;[39m,
  timestamp: [32m&apos;2026-02-03T22:54:59.414Z&apos;[39m,
  action: [32m&apos;data_delete&apos;[39m,
  details: { entityType: [32m&apos;transaction&apos;[39m, operation: [32m&apos;bulk_clear&apos;[39m, count: [33m2[39m },
  userId: [32m&apos;test-user-123&apos;[39m,
  severity: [32m&apos;high&apos;[39m,
  userAgent: [32m&apos;Mozilla/5.0 (win32) AppleWebKit/537.36 (KHTML, like Gecko) jsdom/27.3.0&apos;[39m,
  ip: [32m&apos;client_ip_unavailable&apos;[39m,
  sessionId: [32m&apos;session_1770159299405_y5lcej202&apos;[39m
}

            </system-out>
        </testcase>
        <testcase classname="tests/security/data-export-integrity.test.js" name="Data Export Integrity Validation &gt; CSV Export Functionality &gt; should handle potentially malicious data" time="0.0021725">
            <system-out>
[AUDIT: HIGH] data_delete {
  id: [32m&apos;audit_1770159299416_5gzo9w75h&apos;[39m,
  timestamp: [32m&apos;2026-02-03T22:54:59.416Z&apos;[39m,
  action: [32m&apos;data_delete&apos;[39m,
  details: { entityType: [32m&apos;transaction&apos;[39m, operation: [32m&apos;bulk_clear&apos;[39m, count: [33m0[39m },
  userId: [32m&apos;test-user-123&apos;[39m,
  severity: [32m&apos;high&apos;[39m,
  userAgent: [32m&apos;Mozilla/5.0 (win32) AppleWebKit/537.36 (KHTML, like Gecko) jsdom/27.3.0&apos;[39m,
  ip: [32m&apos;client_ip_unavailable&apos;[39m,
  sessionId: [32m&apos;session_1770159299405_y5lcej202&apos;[39m
}

[AUDIT: LOW] data_create {
  id: [32m&apos;audit_1770159299417_it5ptt4a7&apos;[39m,
  timestamp: [32m&apos;2026-02-03T22:54:59.417Z&apos;[39m,
  action: [32m&apos;data_create&apos;[39m,
  details: {
    entityType: [32m&apos;transaction&apos;[39m,
    entityId: [32m&apos;f15c2d64-4491-439b-b1ea-48848b8b05da&apos;[39m,
    amount: [33m100[39m,
    category: [32m&apos;&lt;script&gt;alert(&quot;XSS&quot;)&lt;/script&gt;&apos;[39m,
    accountId: [32m&apos;main&apos;[39m
  },
  userId: [32m&apos;test-user-123&apos;[39m,
  severity: [32m&apos;low&apos;[39m,
  userAgent: [32m&apos;Mozilla/5.0 (win32) AppleWebKit/537.36 (KHTML, like Gecko) jsdom/27.3.0&apos;[39m,
  ip: [32m&apos;client_ip_unavailable&apos;[39m,
  sessionId: [32m&apos;session_1770159299405_y5lcej202&apos;[39m
}

            </system-out>
        </testcase>
        <testcase classname="tests/security/data-export-integrity.test.js" name="Data Export Integrity Validation &gt; Backup Service Integrity &gt; should verify backup exists for user" time="0.0012653">
            <system-out>
[AUDIT: HIGH] data_delete {
  id: [32m&apos;audit_1770159299419_4m50cq22x&apos;[39m,
  timestamp: [32m&apos;2026-02-03T22:54:59.419Z&apos;[39m,
  action: [32m&apos;data_delete&apos;[39m,
  details: { entityType: [32m&apos;transaction&apos;[39m, operation: [32m&apos;bulk_clear&apos;[39m, count: [33m1[39m },
  userId: [32m&apos;test-user-123&apos;[39m,
  severity: [32m&apos;high&apos;[39m,
  userAgent: [32m&apos;Mozilla/5.0 (win32) AppleWebKit/537.36 (KHTML, like Gecko) jsdom/27.3.0&apos;[39m,
  ip: [32m&apos;client_ip_unavailable&apos;[39m,
  sessionId: [32m&apos;session_1770159299405_y5lcej202&apos;[39m
}

            </system-out>
        </testcase>
        <testcase classname="tests/security/data-export-integrity.test.js" name="Data Export Integrity Validation &gt; Backup Service Integrity &gt; should verify backup integrity" time="0.0013099">
            <system-out>
[AUDIT: HIGH] data_delete {
  id: [32m&apos;audit_1770159299420_mafldw40o&apos;[39m,
  timestamp: [32m&apos;2026-02-03T22:54:59.420Z&apos;[39m,
  action: [32m&apos;data_delete&apos;[39m,
  details: { entityType: [32m&apos;transaction&apos;[39m, operation: [32m&apos;bulk_clear&apos;[39m, count: [33m0[39m },
  userId: [32m&apos;test-user-123&apos;[39m,
  severity: [32m&apos;high&apos;[39m,
  userAgent: [32m&apos;Mozilla/5.0 (win32) AppleWebKit/537.36 (KHTML, like Gecko) jsdom/27.3.0&apos;[39m,
  ip: [32m&apos;client_ip_unavailable&apos;[39m,
  sessionId: [32m&apos;session_1770159299405_y5lcej202&apos;[39m
}

            </system-out>
        </testcase>
        <testcase classname="tests/security/data-export-integrity.test.js" name="Data Export Integrity Validation &gt; Backup Service Integrity &gt; should detect corrupted backup data" time="0.0011193">
            <system-out>
[AUDIT: HIGH] data_delete {
  id: [32m&apos;audit_1770159299422_oi1w4ttid&apos;[39m,
  timestamp: [32m&apos;2026-02-03T22:54:59.422Z&apos;[39m,
  action: [32m&apos;data_delete&apos;[39m,
  details: { entityType: [32m&apos;transaction&apos;[39m, operation: [32m&apos;bulk_clear&apos;[39m, count: [33m0[39m },
  userId: [32m&apos;test-user-123&apos;[39m,
  severity: [32m&apos;high&apos;[39m,
  userAgent: [32m&apos;Mozilla/5.0 (win32) AppleWebKit/537.36 (KHTML, like Gecko) jsdom/27.3.0&apos;[39m,
  ip: [32m&apos;client_ip_unavailable&apos;[39m,
  sessionId: [32m&apos;session_1770159299405_y5lcej202&apos;[39m
}

            </system-out>
        </testcase>
        <testcase classname="tests/security/data-export-integrity.test.js" name="Data Export Integrity Validation &gt; Backup Service Integrity &gt; should verify data completeness" time="0.0013497">
            <system-out>
[AUDIT: HIGH] data_delete {
  id: [32m&apos;audit_1770159299423_2ey8q3wza&apos;[39m,
  timestamp: [32m&apos;2026-02-03T22:54:59.423Z&apos;[39m,
  action: [32m&apos;data_delete&apos;[39m,
  details: { entityType: [32m&apos;transaction&apos;[39m, operation: [32m&apos;bulk_clear&apos;[39m, count: [33m0[39m },
  userId: [32m&apos;test-user-123&apos;[39m,
  severity: [32m&apos;high&apos;[39m,
  userAgent: [32m&apos;Mozilla/5.0 (win32) AppleWebKit/537.36 (KHTML, like Gecko) jsdom/27.3.0&apos;[39m,
  ip: [32m&apos;client_ip_unavailable&apos;[39m,
  sessionId: [32m&apos;session_1770159299405_y5lcej202&apos;[39m
}

            </system-out>
        </testcase>
        <testcase classname="tests/security/data-export-integrity.test.js" name="Data Export Integrity Validation &gt; Backup Service Integrity &gt; should detect incomplete backup data" time="0.0009594">
            <system-out>
[AUDIT: HIGH] data_delete {
  id: [32m&apos;audit_1770159299424_ucenvulwm&apos;[39m,
  timestamp: [32m&apos;2026-02-03T22:54:59.424Z&apos;[39m,
  action: [32m&apos;data_delete&apos;[39m,
  details: { entityType: [32m&apos;transaction&apos;[39m, operation: [32m&apos;bulk_clear&apos;[39m, count: [33m0[39m },
  userId: [32m&apos;test-user-123&apos;[39m,
  severity: [32m&apos;high&apos;[39m,
  userAgent: [32m&apos;Mozilla/5.0 (win32) AppleWebKit/537.36 (KHTML, like Gecko) jsdom/27.3.0&apos;[39m,
  ip: [32m&apos;client_ip_unavailable&apos;[39m,
  sessionId: [32m&apos;session_1770159299405_y5lcej202&apos;[39m
}

            </system-out>
        </testcase>
        <testcase classname="tests/security/data-export-integrity.test.js" name="Data Export Integrity Validation &gt; Emergency Recovery Service &gt; should perform emergency recovery with integrity checks" time="0.0010697">
            <system-out>
[AUDIT: HIGH] data_delete {
  id: [32m&apos;audit_1770159299425_r1wtedhfc&apos;[39m,
  timestamp: [32m&apos;2026-02-03T22:54:59.425Z&apos;[39m,
  action: [32m&apos;data_delete&apos;[39m,
  details: { entityType: [32m&apos;transaction&apos;[39m, operation: [32m&apos;bulk_clear&apos;[39m, count: [33m0[39m },
  userId: [32m&apos;test-user-123&apos;[39m,
  severity: [32m&apos;high&apos;[39m,
  userAgent: [32m&apos;Mozilla/5.0 (win32) AppleWebKit/537.36 (KHTML, like Gecko) jsdom/27.3.0&apos;[39m,
  ip: [32m&apos;client_ip_unavailable&apos;[39m,
  sessionId: [32m&apos;session_1770159299405_y5lcej202&apos;[39m
}

            </system-out>
        </testcase>
        <testcase classname="tests/security/data-export-integrity.test.js" name="Data Export Integrity Validation &gt; Emergency Recovery Service &gt; should handle recovery failures gracefully" time="0.002265">
            <system-out>
[AUDIT: HIGH] data_delete {
  id: [32m&apos;audit_1770159299426_ayeody4yy&apos;[39m,
  timestamp: [32m&apos;2026-02-03T22:54:59.426Z&apos;[39m,
  action: [32m&apos;data_delete&apos;[39m,
  details: { entityType: [32m&apos;transaction&apos;[39m, operation: [32m&apos;bulk_clear&apos;[39m, count: [33m0[39m },
  userId: [32m&apos;test-user-123&apos;[39m,
  severity: [32m&apos;high&apos;[39m,
  userAgent: [32m&apos;Mozilla/5.0 (win32) AppleWebKit/537.36 (KHTML, like Gecko) jsdom/27.3.0&apos;[39m,
  ip: [32m&apos;client_ip_unavailable&apos;[39m,
  sessionId: [32m&apos;session_1770159299405_y5lcej202&apos;[39m
}

            </system-out>
        </testcase>
        <testcase classname="tests/security/data-export-integrity.test.js" name="Data Export Integrity Validation &gt; Emergency Recovery Service &gt; should limit recovery attempts" time="0.0012119">
            <system-out>
[AUDIT: HIGH] data_delete {
  id: [32m&apos;audit_1770159299429_olm3r680h&apos;[39m,
  timestamp: [32m&apos;2026-02-03T22:54:59.429Z&apos;[39m,
  action: [32m&apos;data_delete&apos;[39m,
  details: { entityType: [32m&apos;transaction&apos;[39m, operation: [32m&apos;bulk_clear&apos;[39m, count: [33m0[39m },
  userId: [32m&apos;test-user-123&apos;[39m,
  severity: [32m&apos;high&apos;[39m,
  userAgent: [32m&apos;Mozilla/5.0 (win32) AppleWebKit/537.36 (KHTML, like Gecko) jsdom/27.3.0&apos;[39m,
  ip: [32m&apos;client_ip_unavailable&apos;[39m,
  sessionId: [32m&apos;session_1770159299405_y5lcej202&apos;[39m
}

            </system-out>
        </testcase>
        <testcase classname="tests/security/data-export-integrity.test.js" name="Data Export Integrity Validation &gt; Data Consistency Validation &gt; should maintain referential integrity" time="0.0021178">
            <system-out>
[AUDIT: HIGH] data_delete {
  id: [32m&apos;audit_1770159299430_m9e4wzk2e&apos;[39m,
  timestamp: [32m&apos;2026-02-03T22:54:59.430Z&apos;[39m,
  action: [32m&apos;data_delete&apos;[39m,
  details: { entityType: [32m&apos;transaction&apos;[39m, operation: [32m&apos;bulk_clear&apos;[39m, count: [33m0[39m },
  userId: [32m&apos;test-user-123&apos;[39m,
  severity: [32m&apos;high&apos;[39m,
  userAgent: [32m&apos;Mozilla/5.0 (win32) AppleWebKit/537.36 (KHTML, like Gecko) jsdom/27.3.0&apos;[39m,
  ip: [32m&apos;client_ip_unavailable&apos;[39m,
  sessionId: [32m&apos;session_1770159299405_y5lcej202&apos;[39m
}

[AUDIT: LOW] data_create {
  id: [32m&apos;audit_1770159299431_7qqz27zz5&apos;[39m,
  timestamp: [32m&apos;2026-02-03T22:54:59.431Z&apos;[39m,
  action: [32m&apos;data_create&apos;[39m,
  details: {
    entityType: [32m&apos;transaction&apos;[39m,
    entityId: [32m&apos;104502fe-1a71-4d2b-a4a8-6dc706d44806&apos;[39m,
    amount: [33m100[39m,
    category: [32m&apos;Food&apos;[39m,
    accountId: [32m&apos;main&apos;[39m
  },
  userId: [32m&apos;test-user-123&apos;[39m,
  severity: [32m&apos;low&apos;[39m,
  userAgent: [32m&apos;Mozilla/5.0 (win32) AppleWebKit/537.36 (KHTML, like Gecko) jsdom/27.3.0&apos;[39m,
  ip: [32m&apos;client_ip_unavailable&apos;[39m,
  sessionId: [32m&apos;session_1770159299405_y5lcej202&apos;[39m
}

            </system-out>
        </testcase>
        <testcase classname="tests/security/data-export-integrity.test.js" name="Data Export Integrity Validation &gt; Data Consistency Validation &gt; should handle data corruption scenarios" time="0.0013819">
            <system-out>
[AUDIT: HIGH] data_delete {
  id: [32m&apos;audit_1770159299432_9o6mxpr2x&apos;[39m,
  timestamp: [32m&apos;2026-02-03T22:54:59.432Z&apos;[39m,
  action: [32m&apos;data_delete&apos;[39m,
  details: { entityType: [32m&apos;transaction&apos;[39m, operation: [32m&apos;bulk_clear&apos;[39m, count: [33m1[39m },
  userId: [32m&apos;test-user-123&apos;[39m,
  severity: [32m&apos;high&apos;[39m,
  userAgent: [32m&apos;Mozilla/5.0 (win32) AppleWebKit/537.36 (KHTML, like Gecko) jsdom/27.3.0&apos;[39m,
  ip: [32m&apos;client_ip_unavailable&apos;[39m,
  sessionId: [32m&apos;session_1770159299405_y5lcej202&apos;[39m
}

[AUDIT: LOW] data_create {
  id: [32m&apos;audit_1770159299433_r9cqt8jp7&apos;[39m,
  timestamp: [32m&apos;2026-02-03T22:54:59.433Z&apos;[39m,
  action: [32m&apos;data_create&apos;[39m,
  details: {
    entityType: [32m&apos;transaction&apos;[39m,
    entityId: [32m&apos;corrupted-tx&apos;[39m,
    amount: [1mnull[22m,
    category: [90mundefined[39m,
    accountId: [32m&apos;main&apos;[39m
  },
  userId: [32m&apos;test-user-123&apos;[39m,
  severity: [32m&apos;low&apos;[39m,
  userAgent: [32m&apos;Mozilla/5.0 (win32) AppleWebKit/537.36 (KHTML, like Gecko) jsdom/27.3.0&apos;[39m,
  ip: [32m&apos;client_ip_unavailable&apos;[39m,
  sessionId: [32m&apos;session_1770159299405_y5lcej202&apos;[39m
}

            </system-out>
        </testcase>
        <testcase classname="tests/security/data-export-integrity.test.js" name="Data Export Integrity Validation &gt; Data Consistency Validation &gt; should verify data type consistency" time="0.0028127">
            <system-out>
[AUDIT: HIGH] data_delete {
  id: [32m&apos;audit_1770159299433_r0tq9eibn&apos;[39m,
  timestamp: [32m&apos;2026-02-03T22:54:59.433Z&apos;[39m,
  action: [32m&apos;data_delete&apos;[39m,
  details: { entityType: [32m&apos;transaction&apos;[39m, operation: [32m&apos;bulk_clear&apos;[39m, count: [33m1[39m },
  userId: [32m&apos;test-user-123&apos;[39m,
  severity: [32m&apos;high&apos;[39m,
  userAgent: [32m&apos;Mozilla/5.0 (win32) AppleWebKit/537.36 (KHTML, like Gecko) jsdom/27.3.0&apos;[39m,
  ip: [32m&apos;client_ip_unavailable&apos;[39m,
  sessionId: [32m&apos;session_1770159299405_y5lcej202&apos;[39m
}

[AUDIT: LOW] data_create {
  id: [32m&apos;audit_1770159299434_livusgon6&apos;[39m,
  timestamp: [32m&apos;2026-02-03T22:54:59.434Z&apos;[39m,
  action: [32m&apos;data_create&apos;[39m,
  details: {
    entityType: [32m&apos;transaction&apos;[39m,
    entityId: [32m&apos;846c6da8-c77d-4a56-9223-3b0dd18447d4&apos;[39m,
    amount: [33m100.5[39m,
    category: [32m&apos;Food&apos;[39m,
    accountId: [32m&apos;main&apos;[39m
  },
  userId: [32m&apos;test-user-123&apos;[39m,
  severity: [32m&apos;low&apos;[39m,
  userAgent: [32m&apos;Mozilla/5.0 (win32) AppleWebKit/537.36 (KHTML, like Gecko) jsdom/27.3.0&apos;[39m,
  ip: [32m&apos;client_ip_unavailable&apos;[39m,
  sessionId: [32m&apos;session_1770159299405_y5lcej202&apos;[39m
}

            </system-out>
        </testcase>
        <testcase classname="tests/security/data-export-integrity.test.js" name="Data Export Integrity Validation &gt; Export Security &gt; should not expose sensitive user data in exports" time="0.0017552">
            <system-out>
[AUDIT: HIGH] data_delete {
  id: [32m&apos;audit_1770159299436_dy7aq97gl&apos;[39m,
  timestamp: [32m&apos;2026-02-03T22:54:59.436Z&apos;[39m,
  action: [32m&apos;data_delete&apos;[39m,
  details: { entityType: [32m&apos;transaction&apos;[39m, operation: [32m&apos;bulk_clear&apos;[39m, count: [33m1[39m },
  userId: [32m&apos;test-user-123&apos;[39m,
  severity: [32m&apos;high&apos;[39m,
  userAgent: [32m&apos;Mozilla/5.0 (win32) AppleWebKit/537.36 (KHTML, like Gecko) jsdom/27.3.0&apos;[39m,
  ip: [32m&apos;client_ip_unavailable&apos;[39m,
  sessionId: [32m&apos;session_1770159299405_y5lcej202&apos;[39m
}

[AUDIT: LOW] data_create {
  id: [32m&apos;audit_1770159299437_mdxzjt8a2&apos;[39m,
  timestamp: [32m&apos;2026-02-03T22:54:59.437Z&apos;[39m,
  action: [32m&apos;data_create&apos;[39m,
  details: {
    entityType: [32m&apos;transaction&apos;[39m,
    entityId: [32m&apos;1342f8d2-c3ac-4c31-a41d-b2f55cb3d1e3&apos;[39m,
    amount: [33m100[39m,
    category: [32m&apos;Food&apos;[39m,
    accountId: [32m&apos;main&apos;[39m
  },
  userId: [32m&apos;test-user-123&apos;[39m,
  severity: [32m&apos;low&apos;[39m,
  userAgent: [32m&apos;Mozilla/5.0 (win32) AppleWebKit/537.36 (KHTML, like Gecko) jsdom/27.3.0&apos;[39m,
  ip: [32m&apos;client_ip_unavailable&apos;[39m,
  sessionId: [32m&apos;session_1770159299405_y5lcej202&apos;[39m
}

            </system-out>
        </testcase>
        <testcase classname="tests/security/data-export-integrity.test.js" name="Data Export Integrity Validation &gt; Export Security &gt; should sanitize export filenames" time="0.0008775">
            <system-out>
[AUDIT: HIGH] data_delete {
  id: [32m&apos;audit_1770159299438_0w76gnaos&apos;[39m,
  timestamp: [32m&apos;2026-02-03T22:54:59.438Z&apos;[39m,
  action: [32m&apos;data_delete&apos;[39m,
  details: { entityType: [32m&apos;transaction&apos;[39m, operation: [32m&apos;bulk_clear&apos;[39m, count: [33m1[39m },
  userId: [32m&apos;test-user-123&apos;[39m,
  severity: [32m&apos;high&apos;[39m,
  userAgent: [32m&apos;Mozilla/5.0 (win32) AppleWebKit/537.36 (KHTML, like Gecko) jsdom/27.3.0&apos;[39m,
  ip: [32m&apos;client_ip_unavailable&apos;[39m,
  sessionId: [32m&apos;session_1770159299405_y5lcej202&apos;[39m
}

            </system-out>
        </testcase>
        <testcase classname="tests/security/data-export-integrity.test.js" name="Data Export Integrity Validation &gt; Export Security &gt; should handle large exports efficiently" time="3.5469832">
            <system-out>
[AUDIT: HIGH] data_delete {
  id: [32m&apos;audit_1770159299439_pzqkf5rqt&apos;[39m,
  timestamp: [32m&apos;2026-02-03T22:54:59.439Z&apos;[39m,
  action: [32m&apos;data_delete&apos;[39m,
  details: { entityType: [32m&apos;transaction&apos;[39m, operation: [32m&apos;bulk_clear&apos;[39m, count: [33m0[39m },
  userId: [32m&apos;test-user-123&apos;[39m,
  severity: [32m&apos;high&apos;[39m,
  userAgent: [32m&apos;Mozilla/5.0 (win32) AppleWebKit/537.36 (KHTML, like Gecko) jsdom/27.3.0&apos;[39m,
  ip: [32m&apos;client_ip_unavailable&apos;[39m,
  sessionId: [32m&apos;session_1770159299405_y5lcej202&apos;[39m
}

[AUDIT: LOW] data_create {
  id: [32m&apos;audit_1770159299440_cd6z7dcdf&apos;[39m,
  timestamp: [32m&apos;2026-02-03T22:54:59.440Z&apos;[39m,
  action: [32m&apos;data_create&apos;[39m,
  details: {
    entityType: [32m&apos;transaction&apos;[39m,
    entityId: [32m&apos;296ece23-0e36-470c-bc77-818068fa11ce&apos;[39m,
    amount: [33m990.0706130994503[39m,
    category: [32m&apos;Test&apos;[39m,
    accountId: [32m&apos;main&apos;[39m
  },
  userId: [32m&apos;test-user-123&apos;[39m,
  severity: [32m&apos;low&apos;[39m,
  userAgent: [32m&apos;Mozilla/5.0 (win32) AppleWebKit/537.36 (KHTML, like Gecko) jsdom/27.3.0&apos;[39m,
  ip: [32m&apos;client_ip_unavailable&apos;[39m,
  sessionId: [32m&apos;session_1770159299405_y5lcej202&apos;[39m
}
[AUDIT: LOW] data_create {
  id: [32m&apos;audit_1770159299440_5rzwr3h4s&apos;[39m,
  timestamp: [32m&apos;2026-02-03T22:54:59.440Z&apos;[39m,
  action: [32m&apos;data_create&apos;[39m,
  details: {
    entityType: [32m&apos;transaction&apos;[39m,
    entityId: [32m&apos;cc02a4ba-8217-45ed-bb62-dbc10d329ce2&apos;[39m,
    amount: [33m594.394429370507[39m,
    category: [32m&apos;Test&apos;[39m,
    accountId: [32m&apos;main&apos;[39m
  },
  userId: [32m&apos;test-user-123&apos;[39m,
  severity: [32m&apos;low&apos;[39m,
  userAgent: [32m&apos;Mozilla/5.0 (win32) AppleWebKit/537.36 (KHTML, like Gecko) jsdom/27.3.0&apos;[39m,
  ip: [32m&apos;client_ip_unavailable&apos;[39m,
  sessionId: [32m&apos;session_1770159299405_y5lcej202&apos;[39m
}
[AUDIT: LOW] data_create {
  id: [32m&apos;audit_1770159299441_undnyzi92&apos;[39m,
  timestamp: [32m&apos;2026-02-03T22:54:59.441Z&apos;[39m,
  action: [32m&apos;data_create&apos;[39m,
  details: {
    entityType: [32m&apos;transaction&apos;[39m,
    entityId: [32m&apos;5c66a04e-8489-45fe-ae40-72cfb1eafabb&apos;[39m,
    amount: [33m287.0464530509332[39m,
    category: [32m&apos;Test&apos;[39m,
    accountId: [32m&apos;main&apos;[39m
  },
  userId: [32m&apos;test-user-123&apos;[39m,
  severity: [32m&apos;low&apos;[39m,
  userAgent: [32m&apos;Mozilla/5.0 (win32) AppleWebKit/537.36 (KHTML, like Gecko) jsdom/27.3.0&apos;[39m,
  ip: [32m&apos;client_ip_unavailable&apos;[39m,
  sessionId: [32m&apos;session_1770159299405_y5lcej202&apos;[39m
}
[AUDIT: LOW] data_create {
  id: [32m&apos;audit_1770159299441_35wk2scca&apos;[39m,
  timestamp: [32m&apos;2026-02-03T22:54:59.441Z&apos;[39m,
  action: [32m&apos;data_create&apos;[39m,
  details: {
    entityType: [32m&apos;transaction&apos;[39m,
    entityId: [32m&apos;6e770be3-9080-4b5d-a3d2-d2075b7aff71&apos;[39m,
    amount: [33m490.4884904409812[39m,
    category: [32m&apos;Test&apos;[39m,
    accountId: [32m&apos;main&apos;[39m
  },
  userId: [32m&apos;test-user-123&apos;[39m,
  severity: [32m&apos;low&apos;[39m,
  userAgent: [32m&apos;Mozilla/5.0 (win32) AppleWebKit/537.36 (KHTML, like Gecko) jsdom/27.3.0&apos;[39m,
  ip: [32m&apos;client_ip_unavailable&apos;[39m,
  sessionId: [32m&apos;session_1770159299405_y5lcej202&apos;[39m
}
[AUDIT: LOW] data_create {
  id: [32m&apos;audit_1770159299442_7zyzbvbjm&apos;[39m,
  timestamp: [32m&apos;2026-02-03T22:54:59.442Z&apos;[39m,
  action: [32m&apos;data_create&apos;[39m,
  details: {
    entityType: [32m&apos;transaction&apos;[39m,
    entityId: [32m&apos;30229208-229d-4e35-86c2-b39d3fca1bdc&apos;[39m,
    amount: [33m384.3676254886629[39m,
    category: [32m&apos;Test&apos;[39m,
    accountId: [32m&apos;main&apos;[39m
  },
  userId: [32m&apos;test-user-123&apos;[39m,
  severity: [32m&apos;low&apos;[39m,
  userAgent: [32m&apos;Mozilla/5.0 (win32) AppleWebKit/537.36 (KHTML, like Gecko) jsdom/27.3.0&apos;[39m,
  ip: [32m&apos;client_ip_unavailable&apos;[39m,
  sessionId: [32m&apos;session_1770159299405_y5lcej202&apos;[39m
}
[AUDIT: LOW] data_create {
  id: [32m&apos;audit_1770159299442_n4cul6hcm&apos;[39m,
  timestamp: [32m&apos;2026-02-03T22:54:59.442Z&apos;[39m,
  action: [32m&apos;data_create&apos;[39m,
  details: {
    entityType: [32m&apos;transaction&apos;[39m,
    entityId: [32m&apos;8ca6635c-ff5f-470a-ae72-bb454348549a&apos;[39m,
    amount: [33m537.8509267572668[39m,
    category: [32m&apos;Test&apos;[39m,
    accountId: [32m&apos;main&apos;[39m
  },
  userId: [32m&apos;test-user-123&apos;[39m,
  severity: [32m&apos;low&apos;[39m,
  userAgent: [32m&apos;Mozilla/5.0 (win32) AppleWebKit/537.36 (KHTML, like Gecko) jsdom/27.3.0&apos;[39m,
  ip: [32m&apos;client_ip_unavailable&apos;[39m,
  sessionId: [32m&apos;session_1770159299405_y5lcej202&apos;[39m
}
[AUDIT: LOW] data_create {
  id: [32m&apos;audit_1770159299442_raq7yeryl&apos;[39m,
  timestamp: [32m&apos;2026-02-03T22:54:59.442Z&apos;[39m,
  action: [32m&apos;data_create&apos;[39m,
  details: {
    entityType: [32m&apos;transaction&apos;[39m,
    entityId: [32m&apos;a6491c7b-b62f-46fb-a3d4-286b0a769396&apos;[39m,
    amount: [33m734.4304138679223[39m,
    category: [32m&apos;Test&apos;[39m,
    accountId: [32m&apos;main&apos;[39m
  },
  userId: [32m&apos;test-user-123&apos;[39m,
  severity: [32m&apos;low&apos;[39m,
  userAgent: [32m&apos;Mozilla/5.0 (win32) AppleWebKit/537.36 (KHTML, like Gecko) jsdom/27.3.0&apos;[39m,
  ip: [32m&apos;client_ip_unavailable&apos;[39m,
  sessionId: [32m&apos;session_1770159299405_y5lcej202&apos;[39m
}
[AUDIT: LOW] data_create {
  id: [32m&apos;audit_1770159299443_h1zux477e&apos;[39m,
  timestamp: [32m&apos;2026-02-03T22:54:59.443Z&apos;[39m,
  action: [32m&apos;data_create&apos;[39m,
  details: {
    entityType: [32m&apos;transaction&apos;[39m,
    entityId: [32m&apos;731719eb-5e9d-431f-a093-2afde858ee2d&apos;[39m,
    amount: [33m371.4829853735706[39m,
    category: [32m&apos;Test&apos;[39m,
    accountId: [32m&apos;main&apos;[39m
  },
  userId: [32m&apos;test-user-123&apos;[39m,
  severity: [32m&apos;low&apos;[39m,
  userAgent: [32m&apos;Mozilla/5.0 (win32) AppleWebKit/537.36 (KHTML, like Gecko) jsdom/27.3.0&apos;[39m,
  ip: [32m&apos;client_ip_unavailable&apos;[39m,
  sessionId: [32m&apos;session_1770159299405_y5lcej202&apos;[39m
}
[AUDIT: LOW] data_create {
  id: [32m&apos;audit_1770159299443_bnqjxartv&apos;[39m,
  timestamp: [32m&apos;2026-02-03T22:54:59.443Z&apos;[39m,
  action: [32m&apos;data_create&apos;[39m,
  details: {
    entityType: [32m&apos;transaction&apos;[39m,
    entityId: [32m&apos;4f2076e1-ec58-470d-acb4-5e7337e677de&apos;[39m,
    amount: [33m609.8043318023699[39m,
    category: [32m&apos;Test&apos;[39m,
    accountId: [32m&apos;main&apos;[39m
  },
  userId: [32m&apos;test-user-123&apos;[39m,
  severity: [32m&apos;low&apos;[39m,
  userAgent: [32m&apos;Mozilla/5.0 (win32) AppleWebKit/537.36 (KHTML, like Gecko) jsdom/27.3.0&apos;[39m,
  ip: [32m&apos;client_ip_unavailable&apos;[39m,
  sessionId: [32m&apos;session_1770159299405_y5lcej202&apos;[39m
}
[AUDIT: LOW] data_create {
  id: [32m&apos;audit_1770159299444_uzqgw8jia&apos;[39m,
  timestamp: [32m&apos;2026-02-03T22:54:59.444Z&apos;[39m,
  action: [32m&apos;data_create&apos;[39m,
  details: {
    entityType: [32m&apos;transaction&apos;[39m,
    entityId: [32m&apos;cf04728f-ae35-4b38-9d3a-0ed41fc360a0&apos;[39m,
    amount: [33m756.3575518532209[39m,
    category: [32m&apos;Test&apos;[39m,
    accountId: [32m&apos;main&apos;[39m
  },
  userId: [32m&apos;test-user-123&apos;[39m,
  severity: [32m&apos;low&apos;[39m,
  userAgent: [32m&apos;Mozilla/5.0 (win32) AppleWebKit/537.36 (KHTML, like Gecko) jsdom/27.3.0&apos;[39m,
  ip: [32m&apos;client_ip_unavailable&apos;[39m,
  sessionId: [32m&apos;session_1770159299405_y5lcej202&apos;[39m
}
[AUDIT: LOW] data_create {
  id: [32m&apos;audit_1770159299444_62dm507ic&apos;[39m,
  timestamp: [32m&apos;2026-02-03T22:54:59.444Z&apos;[39m,
  action: [32m&apos;data_create&apos;[39m,
  details: {
    entityType: [32m&apos;transaction&apos;[39m,
    entityId: [32m&apos;e72bf580-9bdd-4ae8-b62e-628d0cf19e00&apos;[39m,
    amount: [33m365.0691512912522[39m,
    category: [32m&apos;Test&apos;[39m,
    accountId: [32m&apos;main&apos;[39m
  },
  userId: [32m&apos;test-user-123&apos;[39m,
  severity: [32m&apos;low&apos;[39m,
  userAgent: [32m&apos;Mozilla/5.0 (win32) AppleWebKit/537.36 (KHTML, like Gecko) jsdom/27.3.0&apos;[39m,
  ip: [32m&apos;client_ip_unavailable&apos;[39m,
  sessionId: [32m&apos;session_1770159299405_y5lcej202&apos;[39m
}
[AUDIT: LOW] data_create {
  id: [32m&apos;audit_1770159299444_ww4n3k27j&apos;[39m,
  timestamp: [32m&apos;2026-02-03T22:54:59.444Z&apos;[39m,
  action: [32m&apos;data_create&apos;[39m,
  details: {
    entityType: [32m&apos;transaction&apos;[39m,
    entityId: [32m&apos;845ca849-527d-4ab7-8fdd-b46c77481b08&apos;[39m,
    amount: [33m801.0920666885884[39m,
    category: [32m&apos;Test&apos;[39m,
    accountId: [32m&apos;main&apos;[39m
  },
  userId: [32m&apos;test-user-123&apos;[39m,
  severity: [32m&apos;low&apos;[39m,
  userAgent: [32m&apos;Mozilla/5.0 (win32) AppleWebKit/537.36 (KHTML, like Gecko) jsdom/27.3.0&apos;[39m,
  ip: [32m&apos;client_ip_unavailable&apos;[39m,
  sessionId: [32m&apos;session_1770159299405_y5lcej202&apos;[39m
}
[AUDIT: LOW] data_create {
  id: [32m&apos;audit_1770159299444_5kha0y9m1&apos;[39m,
  timestamp: [32m&apos;2026-02-03T22:54:59.444Z&apos;[39m,
  action: [32m&apos;data_create&apos;[39m,
  details: {
    entityType: [32m&apos;transaction&apos;[39m,
    entityId: [32m&apos;aa1134fe-4323-4ea2-b905-91a3df3d6711&apos;[39m,
    amount: [33m455.8719270084979[39m,
    category: [32m&apos;Test&apos;[39m,
    accountId: [32m&apos;main&apos;[39m
  },
  userId: [32m&apos;test-user-123&apos;[39m,
  severity: [32m&apos;low&apos;[39m,
  userAgent: [32m&apos;Mozilla/5.0 (win32) AppleWebKit/537.36 (KHTML, like Gecko) jsdom/27.3.0&apos;[39m,
  ip: [32m&apos;client_ip_unavailable&apos;[39m,
  sessionId: [32m&apos;session_1770159299405_y5lcej202&apos;[39m
}
[AUDIT: LOW] data_create {
  id: [32m&apos;audit_1770159299445_fjfovaagc&apos;[39m,
  timestamp: [32m&apos;2026-02-03T22:54:59.445Z&apos;[39m,
  action: [32m&apos;data_create&apos;[39m,
  details: {
    entityType: [32m&apos;transaction&apos;[39m,
    entityId: [32m&apos;5c556e1d-bc87-437a-9adc-ef983b3c4505&apos;[39m,
    amount: [33m58.73938960130531[39m,
    category: [32m&apos;Test&apos;[39m,
    accountId: [32m&apos;main&apos;[39m
  },
  userId: [32m&apos;test-user-123&apos;[39m,
  severity: [32m&apos;low&apos;[39m,
  userAgent: [32m&apos;Mozilla/5.0 (win32) AppleWebKit/537.36 (KHTML, like Gecko) jsdom/27.3.0&apos;[39m,
  ip: [32m&apos;client_ip_unavailable&apos;[39m,
  sessionId: [32m&apos;session_1770159299405_y5lcej202&apos;[39m
}
[AUDIT: LOW] data_create {
  id: [32m&apos;audit_1770159299445_32b1wt7t7&apos;[39m,
  timestamp: [32m&apos;2026-02-03T22:54:59.445Z&apos;[39m,
  action: [32m&apos;data_create&apos;[39m,
  details: {
    entityType: [32m&apos;transaction&apos;[39m,
    entityId: [32m&apos;136093f7-7a6f-4f05-9fa0-3388063800ae&apos;[39m,
    amount: [33m612.6356010356396[39m,
    category: [32m&apos;Test&apos;[39m,
    accountId: [32m&apos;main&apos;[39m
  },
  userId: [32m&apos;test-user-123&apos;[39m,
  severity: [32m&apos;low&apos;[39m,
  userAgent: [32m&apos;Mozilla/5.0 (win32) AppleWebKit/537.36 (KHTML, like Gecko) jsdom/27.3.0&apos;[39m,
  ip: [32m&apos;client_ip_unavailable&apos;[39m,
  sessionId: [32m&apos;session_1770159299405_y5lcej202&apos;[39m
}
[AUDIT: LOW] data_create {
  id: [32m&apos;audit_1770159299445_02x0k6r9x&apos;[39m,
  timestamp: [32m&apos;2026-02-03T22:54:59.445Z&apos;[39m,
  action: [32m&apos;data_create&apos;[39m,
  details: {
    entityType: [32m&apos;transaction&apos;[39m,
    entityId: [32m&apos;f97f40f3-62f7-46c0-ba4b-1f5998b32fff&apos;[39m,
    amount: [33m706.5097275221826[39m,
    category: [32m&apos;Test&apos;[39m,
    accountId: [32m&apos;main&apos;[39m
  },
  userId: [32m&apos;test-user-123&apos;[39m,
  severity: [32m&apos;low&apos;[39m,
  userAgent: [32m&apos;Mozilla/5.0 (win32) AppleWebKit/537.36 (KHTML, like Gecko) jsdom/27.3.0&apos;[39m,
  ip: [32m&apos;client_ip_unavailable&apos;[39m,
  sessionId: [32m&apos;session_1770159299405_y5lcej202&apos;[39m
}
[AUDIT: LOW] data_create {
  id: [32m&apos;audit_1770159299445_6moyy8fsk&apos;[39m,
  timestamp: [32m&apos;2026-02-03T22:54:59.445Z&apos;[39m,
  action: [32m&apos;data_create&apos;[39m,
  details: {
    entityType: [32m&apos;transaction&apos;[39m,
    entityId: [32m&apos;82b1cf7d-64d4-4bf6-bfab-bb61df338778&apos;[39m,
    amount: [33m170.96483884270464[39m,
    category: [32m&apos;Test&apos;[39m,
    accountId: [32m&apos;main&apos;[39m
  },
  userId: [32m&apos;test-user-123&apos;[39m,
  severity: [32m&apos;low&apos;[39m,
  userAgent: [32m&apos;Mozilla/5.0 (win32) AppleWebKit/537.36 (KHTML, like Gecko) jsdom/27.3.0&apos;[39m,
  ip: [32m&apos;client_ip_unavailable&apos;[39m,
  sessionId: [32m&apos;session_1770159299405_y5lcej202&apos;[39m
}
[AUDIT: LOW] data_create {
  id: [32m&apos;audit_1770159299446_39f12rbvd&apos;[39m,
  timestamp: [32m&apos;2026-02-03T22:54:59.446Z&apos;[39m,
  action: [32m&apos;data_create&apos;[39m,
  details: {
    entityType: [32m&apos;transaction&apos;[39m,
    entityId: [32m&apos;d501deaf-2d30-4d35-adeb-d879a58ea0a1&apos;[39m,
    amount: [33m425.723308649965[39m,
    category: [32m&apos;Test&apos;[39m,
    accountId: [32m&apos;main&apos;[39m
  },
  userId: [32m&apos;test-user-123&apos;[39m,
  severity: [32m&apos;low&apos;[39m,
  userAgent: [32m&apos;Mozilla/5.0 (win32) AppleWebKit/537.36 (KHTML, like Gecko) jsdom/27.3.0&apos;[39m,
  ip: [32m&apos;client_ip_unavailable&apos;[39m,
  sessionId: [32m&apos;session_1770159299405_y5lcej202&apos;[39m
}
[AUDIT: LOW] data_create {
  id: [32m&apos;audit_1770159299446_hoycpidpz&apos;[39m,
  timestamp: [32m&apos;2026-02-03T22:54:59.446Z&apos;[39m,
  action: [32m&apos;data_create&apos;[39m,
  details: {
    entityType: [32m&apos;transaction&apos;[39m,
    entityId: [32m&apos;ff0244ca-05e2-43ba-919e-1f5a6ed4279d&apos;[39m,
    amount: [33m378.22451066148346[39m,
    category: [32m&apos;Test&apos;[39m,
    accountId: [32m&apos;main&apos;[39m
  },
  userId: [32m&apos;test-user-123&apos;[39m,
  severity: [32m&apos;low&apos;[39m,
  userAgent: [32m&apos;Mozilla/5.0 (win32) AppleWebKit/537.36 (KHTML, like Gecko) jsdom/27.3.0&apos;[39m,
  ip: [32m&apos;client_ip_unavailable&apos;[39m,
  sessionId: [32m&apos;session_1770159299405_y5lcej202&apos;[39m
}
[AUDIT: LOW] data_create {
  id: [32m&apos;audit_1770159299446_sm87n151f&apos;[39m,
  timestamp: [32m&apos;2026-02-03T22:54:59.446Z&apos;[39m,
  action: [32m&apos;data_create&apos;[39m,
  details: {
    entityType: [32m&apos;transaction&apos;[39m,
    entityId: [32m&apos;2126d8df-01b1-4a39-a870-962d88ca71c6&apos;[39m,
    amount: [33m31.895162547127654[39m,
    category: [32m&apos;Test&apos;[39m,
    accountId: [32m&apos;main&apos;[39m
  },
  userId: [32m&apos;test-user-123&apos;[39m,
  severity: [32m&apos;low&apos;[39m,
  userAgent: [32m&apos;Mozilla/5.0 (win32) AppleWebKit/537.36 (KHTML, like Gecko) jsdom/27.3.0&apos;[39m,
  ip: [32m&apos;client_ip_unavailable&apos;[39m,
  sessionId: [32m&apos;session_1770159299405_y5lcej202&apos;[39m
}
[AUDIT: LOW] data_create {
  id: [32m&apos;audit_1770159299447_046rgpgwz&apos;[39m,
  timestamp: [32m&apos;2026-02-03T22:54:59.447Z&apos;[39m,
  action: [32m&apos;data_create&apos;[39m,
  details: {
    entityType: [32m&apos;transaction&apos;[39m,
    entityId: [32m&apos;9495b2da-8fb1-4ab5-a01a-426b3cd79484&apos;[39m,
    amount: [33m122.60239925661287[39m,
    category: [32m&apos;Test&apos;[39m,
    accountId: [32m&apos;main&apos;[39m
  },
  userId: [32m&apos;test-user-123&apos;[39m,
  severity: [32m&apos;low&apos;[39m,
  userAgent: [32m&apos;Mozilla/5.0 (win32) AppleWebKit/537.36 (KHTML, like Gecko) jsdom/27.3.0&apos;[39m,
  ip: [32m&apos;client_ip_unavailable&apos;[39m,
  sessionId: [32m&apos;session_1770159299405_y5lcej202&apos;[39m
}
[AUDIT: LOW] data_create {
  id: [32m&apos;audit_1770159299447_5uw4uf7p8&apos;[39m,
  timestamp: [32m&apos;2026-02-03T22:54:59.447Z&apos;[39m,
  action: [32m&apos;data_create&apos;[39m,
  details: {
    entityType: [32m&apos;transaction&apos;[39m,
    entityId: [32m&apos;6705fad1-8ef0-4897-a96d-83b52c5b89e0&apos;[39m,
    amount: [33m446.89993799071846[39m,
    category: [32m&apos;Test&apos;[39m,
    accountId: [32m&apos;main&apos;[39m
  },
  userId: [32m&apos;test-user-123&apos;[39m,
  severity: [32m&apos;low&apos;[39m,
  userAgent: [32m&apos;Mozilla/5.0 (win32) AppleWebKit/537.36 (KHTML, like Gecko) jsdom/27.3.0&apos;[39m,
  ip: [32m&apos;client_ip_unavailable&apos;[39m,
  sessionId: [32m&apos;session_1770159299405_y5lcej202&apos;[39m
}
[AUDIT: LOW] data_create {
  id: [32m&apos;audit_1770159299447_f7ux9wmw5&apos;[39m,
  timestamp: [32m&apos;2026-02-03T22:54:59.447Z&apos;[39m,
  action: [32m&apos;data_create&apos;[39m,
  details: {
    entityType: [32m&apos;transaction&apos;[39m,
    entityId: [32m&apos;79938ecd-6eda-4434-aaaf-fac96a247818&apos;[39m,
    amount: [33m500.9181412002263[39m,
    category: [32m&apos;Test&apos;[39m,
    accountId: [32m&apos;main&apos;[39m
  },
  userId: [32m&apos;test-user-123&apos;[39m,
  severity: [32m&apos;low&apos;[39m,
  userAgent: [32m&apos;Mozilla/5.0 (win32) AppleWebKit/537.36 (KHTML, like Gecko) jsdom/27.3.0&apos;[39m,
  ip: [32m&apos;client_ip_unavailable&apos;[39m,
  sessionId: [32m&apos;session_1770159299405_y5lcej202&apos;[39m
}
[AUDIT: LOW] data_create {
  id: [32m&apos;audit_1770159299447_4x2ybrbxb&apos;[39m,
  timestamp: [32m&apos;2026-02-03T22:54:59.447Z&apos;[39m,
  action: [32m&apos;data_create&apos;[39m,
  details: {
    entityType: [32m&apos;transaction&apos;[39m,
    entityId: [32m&apos;3655a398-78e0-4f8a-a8cf-2831f2766aff&apos;[39m,
    amount: [33m465.5651475679652[39m,
    category: [32m&apos;Test&apos;[39m,
    accountId: [32m&apos;main&apos;[39m
  },
  userId: [32m&apos;test-user-123&apos;[39m,
  severity: [32m&apos;low&apos;[39m,
  userAgent: [32m&apos;Mozilla/5.0 (win32) AppleWebKit/537.36 (KHTML, like Gecko) jsdom/27.3.0&apos;[39m,
  ip: [32m&apos;client_ip_unavailable&apos;[39m,
  sessionId: [32m&apos;session_1770159299405_y5lcej202&apos;[39m
}
[AUDIT: LOW] data_create {
  id: [32m&apos;audit_1770159299447_4yq6qijxx&apos;[39m,
  timestamp: [32m&apos;2026-02-03T22:54:59.447Z&apos;[39m,
  action: [32m&apos;data_create&apos;[39m,
  details: {
    entityType: [32m&apos;transaction&apos;[39m,
    entityId: [32m&apos;c5a7ca0f-8859-4f0c-a9ba-d6f0fdf0eab7&apos;[39m,
    amount: [33m522.1972999819374[39m,
    category: [32m&apos;Test&apos;[39m,
    accountId: [32m&apos;main&apos;[39m
  },
  userId: [32m&apos;test-user-123&apos;[39m,
  severity: [32m&apos;low&apos;[39m,
  userAgent: [32m&apos;Mozilla/5.0 (win32) AppleWebKit/537.36 (KHTML, like Gecko) jsdom/27.3.0&apos;[39m,
  ip: [32m&apos;client_ip_unavailable&apos;[39m,
  sessionId: [32m&apos;session_1770159299405_y5lcej202&apos;[39m
}
[AUDIT: LOW] data_create {
  id: [32m&apos;audit_1770159299448_19ngc4lpe&apos;[39m,
  timestamp: [32m&apos;2026-02-03T22:54:59.448Z&apos;[39m,
  action: [32m&apos;data_create&apos;[39m,
  details: {
    entityType: [32m&apos;transaction&apos;[39m,
    entityId: [32m&apos;94d541ae-4b47-4a51-8a0f-89aeb5ec21c1&apos;[39m,
    amount: [33m655.6587616665165[39m,
    category: [32m&apos;Test&apos;[39m,
    accountId: [32m&apos;main&apos;[39m
  },
  userId: [32m&apos;test-user-123&apos;[39m,
  severity: [32m&apos;low&apos;[39m,
  userAgent: [32m&apos;Mozilla/5.0 (win32) AppleWebKit/537.36 (KHTML, like Gecko) jsdom/27.3.0&apos;[39m,
  ip: [32m&apos;client_ip_unavailable&apos;[39m,
  sessionId: [32m&apos;session_1770159299405_y5lcej202&apos;[39m
}
[AUDIT: LOW] data_create {
  id: [32m&apos;audit_1770159299448_v8e2cepuk&apos;[39m,
  timestamp: [32m&apos;2026-02-03T22:54:59.448Z&apos;[39m,
  action: [32m&apos;data_create&apos;[39m,
  details: {
    entityType: [32m&apos;transaction&apos;[39m,
    entityId: [32m&apos;7cbe921b-e690-483d-b9a2-10f03520b059&apos;[39m,
    amount: [33m990.8332674837573[39m,
    category: [32m&apos;Test&apos;[39m,
    accountId: [32m&apos;main&apos;[39m
  },
  userId: [32m&apos;test-user-123&apos;[39m,
  severity: [32m&apos;low&apos;[39m,
  userAgent: [32m&apos;Mozilla/5.0 (win32) AppleWebKit/537.36 (KHTML, like Gecko) jsdom/27.3.0&apos;[39m,
  ip: [32m&apos;client_ip_unavailable&apos;[39m,
  sessionId: [32m&apos;session_1770159299405_y5lcej202&apos;[39m
}
[AUDIT: LOW] data_create {
  id: [32m&apos;audit_1770159299448_j25nmz9gy&apos;[39m,
  timestamp: [32m&apos;2026-02-03T22:54:59.448Z&apos;[39m,
  action: [32m&apos;data_create&apos;[39m,
  details: {
    entityType: [32m&apos;transaction&apos;[39m,
    entityId: [32m&apos;ee0c6537-e3cb-4293-a0ad-36443fb55a0d&apos;[39m,
    amount: [33m384.0084337574751[39m,
    category: [32m&apos;Test&apos;[39m,
    accountId: [32m&apos;main&apos;[39m
  },
  userId: [32m&apos;test-user-123&apos;[39m,
  severity: [32m&apos;low&apos;[39m,
  userAgent: [32m&apos;Mozilla/5.0 (win32) AppleWebKit/537.36 (KHTML, like Gecko) jsdom/27.3.0&apos;[39m,
  ip: [32m&apos;client_ip_unavailable&apos;[39m,
  sessionId: [32m&apos;session_1770159299405_y5lcej202&apos;[39m
}
[AUDIT: LOW] data_create {
  id: [32m&apos;audit_1770159299449_nkc2fmlrj&apos;[39m,
  timestamp: [32m&apos;2026-02-03T22:54:59.449Z&apos;[39m,
  action: [32m&apos;data_create&apos;[39m,
  details: {
    entityType: [32m&apos;transaction&apos;[39m,
    entityId: [32m&apos;d927d75f-7316-43a9-be4e-f5e903f777cc&apos;[39m,
    amount: [33m694.9262833506998[39m,
    category: [32m&apos;Test&apos;[39m,
    accountId: [32m&apos;main&apos;[39m
  },
  userId: [32m&apos;test-user-123&apos;[39m,
  severity: [32m&apos;low&apos;[39m,
  userAgent: [32m&apos;Mozilla/5.0 (win32) AppleWebKit/537.36 (KHTML, like Gecko) jsdom/27.3.0&apos;[39m,
  ip: [32m&apos;client_ip_unavailable&apos;[39m,
  sessionId: [32m&apos;session_1770159299405_y5lcej202&apos;[39m
}
[AUDIT: LOW] data_create {
  id: [32m&apos;audit_1770159299449_l1ybv406q&apos;[39m,
  timestamp: [32m&apos;2026-02-03T22:54:59.449Z&apos;[39m,
  action: [32m&apos;data_create&apos;[39m,
  details: {
    entityType: [32m&apos;transaction&apos;[39m,
    entityId: [32m&apos;f0b28c0d-9adf-445c-988d-bac094931ec4&apos;[39m,
    amount: [33m728.3139721738579[39m,
    category: [32m&apos;Test&apos;[39m,
    accountId: [32m&apos;main&apos;[39m
  },
  userId: [32m&apos;test-user-123&apos;[39m,
  severity: [32m&apos;low&apos;[39m,
  userAgent: [32m&apos;Mozilla/5.0 (win32) AppleWebKit/537.36 (KHTML, like Gecko) jsdom/27.3.0&apos;[39m,
  ip: [32m&apos;client_ip_unavailable&apos;[39m,
  sessionId: [32m&apos;session_1770159299405_y5lcej202&apos;[39m
}
[AUDIT: LOW] data_create {
  id: [32m&apos;audit_1770159299450_8hsvmbfxv&apos;[39m,
  timestamp: [32m&apos;2026-02-03T22:54:59.450Z&apos;[39m,
  action: [32m&apos;data_create&apos;[39m,
  details: {
    entityType: [32m&apos;transaction&apos;[39m,
    entityId: [32m&apos;ee000c87-81b0-4c22-ab73-511a37e8e104&apos;[39m,
    amount: [33m929.8505660241476[39m,
    category: [32m&apos;Test&apos;[39m,
    accountId: [32m&apos;main&apos;[39m
  },
  userId: [32m&apos;test-user-123&apos;[39m,
  severity: [32m&apos;low&apos;[39m,
  userAgent: [32m&apos;Mozilla/5.0 (win32) AppleWebKit/537.36 (KHTML, like Gecko) jsdom/27.3.0&apos;[39m,
  ip: [32m&apos;client_ip_unavailable&apos;[39m,
  sessionId: [32m&apos;session_1770159299405_y5lcej202&apos;[39m
}
[AUDIT: LOW] data_create {
  id: [32m&apos;audit_1770159299450_4nvtao6m5&apos;[39m,
  timestamp: [32m&apos;2026-02-03T22:54:59.450Z&apos;[39m,
  action: [32m&apos;data_create&apos;[39m,
  details: {
    entityType: [32m&apos;transaction&apos;[39m,
    entityId: [32m&apos;dab3cd7e-3141-4cc2-9288-46bb2038101c&apos;[39m,
    amount: [33m66.83710468577131[39m,
    category: [32m&apos;Test&apos;[39m,
    accountId: [32m&apos;main&apos;[39m
  },
  userId: [32m&apos;test-user-123&apos;[39m,
  severity: [32m&apos;low&apos;[39m,
  userAgent: [32m&apos;Mozilla/5.0 (win32) AppleWebKit/537.36 (KHTML, like Gecko) jsdom/27.3.0&apos;[39m,
  ip: [32m&apos;client_ip_unavailable&apos;[39m,
  sessionId: [32m&apos;session_1770159299405_y5lcej202&apos;[39m
}
[AUDIT: LOW] data_create {
  id: [32m&apos;audit_1770159299451_udre4vlau&apos;[39m,
  timestamp: [32m&apos;2026-02-03T22:54:59.451Z&apos;[39m,
  action: [32m&apos;data_create&apos;[39m,
  details: {
    entityType: [32m&apos;transaction&apos;[39m,
    entityId: [32m&apos;e99bbb9e-18eb-4f00-81c5-49813056b598&apos;[39m,
    amount: [33m73.08172324626894[39m,
    category: [32m&apos;Test&apos;[39m,
    accountId: [32m&apos;main&apos;[39m
  },
  userId: [32m&apos;test-user-123&apos;[39m,
  severity: [32m&apos;low&apos;[39m,
  userAgent: [32m&apos;Mozilla/5.0 (win32) AppleWebKit/537.36 (KHTML, like Gecko) jsdom/27.3.0&apos;[39m,
  ip: [32m&apos;client_ip_unavailable&apos;[39m,
  sessionId: [32m&apos;session_1770159299405_y5lcej202&apos;[39m
}
[AUDIT: LOW] data_create {
  id: [32m&apos;audit_1770159299451_m5m9zazw0&apos;[39m,
  timestamp: [32m&apos;2026-02-03T22:54:59.451Z&apos;[39m,
  action: [32m&apos;data_create&apos;[39m,
  details: {
    entityType: [32m&apos;transaction&apos;[39m,
    entityId: [32m&apos;412daa29-ab55-4367-a0af-1bc4dd200ae4&apos;[39m,
    amount: [33m557.9366150735268[39m,
    category: [32m&apos;Test&apos;[39m,
    accountId: [32m&apos;main&apos;[39m
  },
  userId: [32m&apos;test-user-123&apos;[39m,
  severity: [32m&apos;low&apos;[39m,
  userAgent: [32m&apos;Mozilla/5.0 (win32) AppleWebKit/537.36 (KHTML, like Gecko) jsdom/27.3.0&apos;[39m,
  ip: [32m&apos;client_ip_unavailable&apos;[39m,
  sessionId: [32m&apos;session_1770159299405_y5lcej202&apos;[39m
}
[AUDIT: LOW] data_create {
  id: [32m&apos;audit_1770159299452_zantpmtuf&apos;[39m,
  timestamp: [32m&apos;2026-02-03T22:54:59.452Z&apos;[39m,
  action: [32m&apos;data_create&apos;[39m,
  details: {
    entityType: [32m&apos;transaction&apos;[39m,
    entityId: [32m&apos;e451b711-28b4-4272-9f76-653333489b6a&apos;[39m,
    amount: [33m122.15119746650649[39m,
    category: [32m&apos;Test&apos;[39m,
    accountId: [32m&apos;main&apos;[39m
  },
  userId: [32m&apos;test-user-123&apos;[39m,
  severity: [32m&apos;low&apos;[39m,
  userAgent: [32m&apos;Mozilla/5.0 (win32) AppleWebKit/537.36 (KHTML, like Gecko) jsdom/27.3.0&apos;[39m,
  ip: [32m&apos;client_ip_unavailable&apos;[39m,
  sessionId: [32m&apos;session_1770159299405_y5lcej202&apos;[39m
}
[AUDIT: LOW] data_create {
  id: [32m&apos;audit_1770159299452_px2ho1w98&apos;[39m,
  timestamp: [32m&apos;2026-02-03T22:54:59.452Z&apos;[39m,
  action: [32m&apos;data_create&apos;[39m,
  details: {
    entityType: [32m&apos;transaction&apos;[39m,
    entityId: [32m&apos;5b46b525-756a-4b9c-b417-cae188fb801d&apos;[39m,
    amount: [33m488.72815656911706[39m,
    category: [32m&apos;Test&apos;[39m,
    accountId: [32m&apos;main&apos;[39m
  },
  userId: [32m&apos;test-user-123&apos;[39m,
  severity: [32m&apos;low&apos;[39m,
  userAgent: [32m&apos;Mozilla/5.0 (win32) AppleWebKit/537.36 (KHTML, like Gecko) jsdom/27.3.0&apos;[39m,
  ip: [32m&apos;client_ip_unavailable&apos;[39m,
  sessionId: [32m&apos;session_1770159299405_y5lcej202&apos;[39m
}
[AUDIT: LOW] data_create {
  id: [32m&apos;audit_1770159299453_edqrmnkzz&apos;[39m,
  timestamp: [32m&apos;2026-02-03T22:54:59.453Z&apos;[39m,
  action: [32m&apos;data_create&apos;[39m,
  details: {
    entityType: [32m&apos;transaction&apos;[39m,
    entityId: [32m&apos;88ef0c5d-5e6b-40a8-86be-03dd96bef3df&apos;[39m,
    amount: [33m903.9279842980285[39m,
    category: [32m&apos;Test&apos;[39m,
    accountId: [32m&apos;main&apos;[39m
  },
  userId: [32m&apos;test-user-123&apos;[39m,
  severity: [32m&apos;low&apos;[39m,
  userAgent: [32m&apos;Mozilla/5.0 (win32) AppleWebKit/537.36 (KHTML, like Gecko) jsdom/27.3.0&apos;[39m,
  ip: [32m&apos;client_ip_unavailable&apos;[39m,
  sessionId: [32m&apos;session_1770159299405_y5lcej202&apos;[39m
}
[AUDIT: LOW] data_create {
  id: [32m&apos;audit_1770159299453_pt1lajejm&apos;[39m,
  timestamp: [32m&apos;2026-02-03T22:54:59.453Z&apos;[39m,
  action: [32m&apos;data_create&apos;[39m,
  details: {
    entityType: [32m&apos;transaction&apos;[39m,
    entityId: [32m&apos;39ef3d09-c6ee-42a5-99e5-5daf81561c0f&apos;[39m,
    amount: [33m304.1285088430248[39m,
    category: [32m&apos;Test&apos;[39m,
    accountId: [32m&apos;main&apos;[39m
  },
  userId: [32m&apos;test-user-123&apos;[39m,
  severity: [32m&apos;low&apos;[39m,
  userAgent: [32m&apos;Mozilla/5.0 (win32) AppleWebKit/537.36 (KHTML, like Gecko) jsdom/27.3.0&apos;[39m,
  ip: [32m&apos;client_ip_unavailable&apos;[39m,
  sessionId: [32m&apos;session_1770159299405_y5lcej202&apos;[39m
}
[AUDIT: LOW] data_create {
  id: [32m&apos;audit_1770159299453_maogczxmd&apos;[39m,
  timestamp: [32m&apos;2026-02-03T22:54:59.453Z&apos;[39m,
  action: [32m&apos;data_create&apos;[39m,
  details: {
    entityType: [32m&apos;transaction&apos;[39m,
    entityId: [32m&apos;990ba2d2-921f-40ca-9dc2-a290d264100f&apos;[39m,
    amount: [33m811.8690724558996[39m,
    category: [32m&apos;Test&apos;[39m,
    accountId: [32m&apos;main&apos;[39m
  },
  userId: [32m&apos;test-user-123&apos;[39m,
  severity: [32m&apos;low&apos;[39m,
  userAgent: [32m&apos;Mozilla/5.0 (win32) AppleWebKit/537.36 (KHTML, like Gecko) jsdom/27.3.0&apos;[39m,
  ip: [32m&apos;client_ip_unavailable&apos;[39m,
  sessionId: [32m&apos;session_1770159299405_y5lcej202&apos;[39m
}
[AUDIT: LOW] data_create {
  id: [32m&apos;audit_1770159299454_f46p3qwbp&apos;[39m,
  timestamp: [32m&apos;2026-02-03T22:54:59.454Z&apos;[39m,
  action: [32m&apos;data_create&apos;[39m,
  details: {
    entityType: [32m&apos;transaction&apos;[39m,
    entityId: [32m&apos;67e623d5-061e-4697-8ce7-45994b596f8e&apos;[39m,
    amount: [33m484.875558958206[39m,
    category: [32m&apos;Test&apos;[39m,
    accountId: [32m&apos;main&apos;[39m
  },
  userId: [32m&apos;test-user-123&apos;[39m,
  severity: [32m&apos;low&apos;[39m,
  userAgent: [32m&apos;Mozilla/5.0 (win32) AppleWebKit/537.36 (KHTML, like Gecko) jsdom/27.3.0&apos;[39m,
  ip: [32m&apos;client_ip_unavailable&apos;[39m,
  sessionId: [32m&apos;session_1770159299405_y5lcej202&apos;[39m
}
[AUDIT: LOW] data_create {
  id: [32m&apos;audit_1770159299457_hcw5j9zuw&apos;[39m,
  timestamp: [32m&apos;2026-02-03T22:54:59.457Z&apos;[39m,
  action: [32m&apos;data_create&apos;[39m,
  details: {
    entityType: [32m&apos;transaction&apos;[39m,
    entityId: [32m&apos;4fc2b6ed-a2cf-4262-a29d-26afc4395f6c&apos;[39m,
    amount: [33m68.82603578679591[39m,
    category: [32m&apos;Test&apos;[39m,
    accountId: [32m&apos;main&apos;[39m
  },
  userId: [32m&apos;test-user-123&apos;[39m,
  severity: [32m&apos;low&apos;[39m,
  userAgent: [32m&apos;Mozilla/5.0 (win32) AppleWebKit/537.36 (KHTML, like Gecko) jsdom/27.3.0&apos;[39m,
  ip: [32m&apos;client_ip_unavailable&apos;[39m,
  sessionId: [32m&apos;session_1770159299405_y5lcej202&apos;[39m
}
[AUDIT: LOW] data_create {
  id: [32m&apos;audit_1770159299462_hl3x49k94&apos;[39m,
  timestamp: [32m&apos;2026-02-03T22:54:59.462Z&apos;[39m,
  action: [32m&apos;data_create&apos;[39m,
  details: {
    entityType: [32m&apos;transaction&apos;[39m,
    entityId: [32m&apos;181005ec-5c22-400a-bb54-90ac560e7ccc&apos;[39m,
    amount: [33m430.38487600979914[39m,
    category: [32m&apos;Test&apos;[39m,
    accountId: [32m&apos;main&apos;[39m
  },
  userId: [32m&apos;test-user-123&apos;[39m,
  severity: [32m&apos;low&apos;[39m,
  userAgent: [32m&apos;Mozilla/5.0 (win32) AppleWebKit/537.36 (KHTML, like Gecko) jsdom/27.3.0&apos;[39m,
  ip: [32m&apos;client_ip_unavailable&apos;[39m,
  sessionId: [32m&apos;session_1770159299405_y5lcej202&apos;[39m
}
[AUDIT: LOW] data_create {
  id: [32m&apos;audit_1770159299464_yyz6a4y9v&apos;[39m,
  timestamp: [32m&apos;2026-02-03T22:54:59.464Z&apos;[39m,
  action: [32m&apos;data_create&apos;[39m,
  details: {
    entityType: [32m&apos;transaction&apos;[39m,
    entityId: [32m&apos;961605e9-6ab4-4c71-913f-db8d37e96cb1&apos;[39m,
    amount: [33m719.6610903059411[39m,
    category: [32m&apos;Test&apos;[39m,
    accountId: [32m&apos;main&apos;[39m
  },
  userId: [32m&apos;test-user-123&apos;[39m,
  severity: [32m&apos;low&apos;[39m,
  userAgent: [32m&apos;Mozilla/5.0 (win32) AppleWebKit/537.36 (KHTML, like Gecko) jsdom/27.3.0&apos;[39m,
  ip: [32m&apos;client_ip_unavailable&apos;[39m,
  sessionId: [32m&apos;session_1770159299405_y5lcej202&apos;[39m
}
[AUDIT: LOW] data_create {
  id: [32m&apos;audit_1770159299465_cl0zkq11p&apos;[39m,
  timestamp: [32m&apos;2026-02-03T22:54:59.465Z&apos;[39m,
  action: [32m&apos;data_create&apos;[39m,
  details: {
    entityType: [32m&apos;transaction&apos;[39m,
    entityId: [32m&apos;71bd661a-3f71-41ee-8f82-945759679702&apos;[39m,
    amount: [33m799.8851662617639[39m,
    category: [32m&apos;Test&apos;[39m,
    accountId: [32m&apos;main&apos;[39m
  },
  userId: [32m&apos;test-user-123&apos;[39m,
  severity: [32m&apos;low&apos;[39m,
  userAgent: [32m&apos;Mozilla/5.0 (win32) AppleWebKit/537.36 (KHTML, like Gecko) jsdom/27.3.0&apos;[39m,
  ip: [32m&apos;client_ip_unavailable&apos;[39m,
  sessionId: [32m&apos;session_1770159299405_y5lcej202&apos;[39m
}
[AUDIT: LOW] data_create {
  id: [32m&apos;audit_1770159299466_en1jcmt9i&apos;[39m,
  timestamp: [32m&apos;2026-02-03T22:54:59.466Z&apos;[39m,
  action: [32m&apos;data_create&apos;[39m,
  details: {
    entityType: [32m&apos;transaction&apos;[39m,
    entityId: [32m&apos;db85c89c-1fde-45ab-8b19-364dc1fde542&apos;[39m,
    amount: [33m982.9880666726674[39m,
    category: [32m&apos;Test&apos;[39m,
    accountId: [32m&apos;main&apos;[39m
  },
  userId: [32m&apos;test-user-123&apos;[39m,
  severity: [32m&apos;low&apos;[39m,
  userAgent: [32m&apos;Mozilla/5.0 (win32) AppleWebKit/537.36 (KHTML, like Gecko) jsdom/27.3.0&apos;[39m,
  ip: [32m&apos;client_ip_unavailable&apos;[39m,
  sessionId: [32m&apos;session_1770159299405_y5lcej202&apos;[39m
}
[AUDIT: LOW] data_create {
  id: [32m&apos;audit_1770159299468_qj8qez7dn&apos;[39m,
  timestamp: [32m&apos;2026-02-03T22:54:59.468Z&apos;[39m,
  action: [32m&apos;data_create&apos;[39m,
  details: {
    entityType: [32m&apos;transaction&apos;[39m,
    entityId: [32m&apos;bf1c1127-5ebd-4e57-9801-b0c0dbb8c6ef&apos;[39m,
    amount: [33m341.38409794232695[39m,
    category: [32m&apos;Test&apos;[39m,
    accountId: [32m&apos;main&apos;[39m
  },
  userId: [32m&apos;test-user-123&apos;[39m,
  severity: [32m&apos;low&apos;[39m,
  userAgent: [32m&apos;Mozilla/5.0 (win32) AppleWebKit/537.36 (KHTML, like Gecko) jsdom/27.3.0&apos;[39m,
  ip: [32m&apos;client_ip_unavailable&apos;[39m,
  sessionId: [32m&apos;session_1770159299405_y5lcej202&apos;[39m
}
[AUDIT: LOW] data_create {
  id: [32m&apos;audit_1770159299472_hrp4ljdqg&apos;[39m,
  timestamp: [32m&apos;2026-02-03T22:54:59.472Z&apos;[39m,
  action: [32m&apos;data_create&apos;[39m,
  details: {
    entityType: [32m&apos;transaction&apos;[39m,
    entityId: [32m&apos;a0833939-b783-4543-afc2-64d4fbbb87ee&apos;[39m,
    amount: [33m393.9579465001246[39m,
    category: [32m&apos;Test&apos;[39m,
    accountId: [32m&apos;main&apos;[39m
  },
  userId: [32m&apos;test-user-123&apos;[39m,
  severity: [32m&apos;low&apos;[39m,
  userAgent: [32m&apos;Mozilla/5.0 (win32) AppleWebKit/537.36 (KHTML, like Gecko) jsdom/27.3.0&apos;[39m,
  ip: [32m&apos;client_ip_unavailable&apos;[39m,
  sessionId: [32m&apos;session_1770159299405_y5lcej202&apos;[39m
}
[AUDIT: LOW] data_create {
  id: [32m&apos;audit_1770159299474_apn57svmq&apos;[39m,
  timestamp: [32m&apos;2026-02-03T22:54:59.474Z&apos;[39m,
  action: [32m&apos;data_create&apos;[39m,
  details: {
    entityType: [32m&apos;transaction&apos;[39m,
    entityId: [32m&apos;48279408-c2f8-4381-a35c-b1d4f25bc967&apos;[39m,
    amount: [33m280.5982178175447[39m,
    category: [32m&apos;Test&apos;[39m,
    accountId: [32m&apos;main&apos;[39m
  },
  userId: [32m&apos;test-user-123&apos;[39m,
  severity: [32m&apos;low&apos;[39m,
  userAgent: [32m&apos;Mozilla/5.0 (win32) AppleWebKit/537.36 (KHTML, like Gecko) jsdom/27.3.0&apos;[39m,
  ip: [32m&apos;client_ip_unavailable&apos;[39m,
  sessionId: [32m&apos;session_1770159299405_y5lcej202&apos;[39m
}
[AUDIT: LOW] data_create {
  id: [32m&apos;audit_1770159299475_965wasn3i&apos;[39m,
  timestamp: [32m&apos;2026-02-03T22:54:59.475Z&apos;[39m,
  action: [32m&apos;data_create&apos;[39m,
  details: {
    entityType: [32m&apos;transaction&apos;[39m,
    entityId: [32m&apos;4b7b3b0d-493f-414b-8416-44d1d06a89ec&apos;[39m,
    amount: [33m162.84144419625312[39m,
    category: [32m&apos;Test&apos;[39m,
    accountId: [32m&apos;main&apos;[39m
  },
  userId: [32m&apos;test-user-123&apos;[39m,
  severity: [32m&apos;low&apos;[39m,
  userAgent: [32m&apos;Mozilla/5.0 (win32) AppleWebKit/537.36 (KHTML, like Gecko) jsdom/27.3.0&apos;[39m,
  ip: [32m&apos;client_ip_unavailable&apos;[39m,
  sessionId: [32m&apos;session_1770159299405_y5lcej202&apos;[39m
}
[AUDIT: LOW] data_create {
  id: [32m&apos;audit_1770159299507_ok5z4zgir&apos;[39m,
  timestamp: [32m&apos;2026-02-03T22:54:59.507Z&apos;[39m,
  action: [32m&apos;data_create&apos;[39m,
  details: {
    entityType: [32m&apos;transaction&apos;[39m,
    entityId: [32m&apos;3271cdca-4518-40c8-806f-551c6099bab2&apos;[39m,
    amount: [33m246.99834792736942[39m,
    category: [32m&apos;Test&apos;[39m,
    accountId: [32m&apos;main&apos;[39m
  },
  userId: [32m&apos;test-user-123&apos;[39m,
  severity: [32m&apos;low&apos;[39m,
  userAgent: [32m&apos;Mozilla/5.0 (win32) AppleWebKit/537.36 (KHTML, like Gecko) jsdom/27.3.0&apos;[39m,
  ip: [32m&apos;client_ip_unavailable&apos;[39m,
  sessionId: [32m&apos;session_1770159299405_y5lcej202&apos;[39m
}
[AUDIT: LOW] data_create {
  id: [32m&apos;audit_1770159299508_z4k69emtb&apos;[39m,
  timestamp: [32m&apos;2026-02-03T22:54:59.508Z&apos;[39m,
  action: [32m&apos;data_create&apos;[39m,
  details: {
    entityType: [32m&apos;transaction&apos;[39m,
    entityId: [32m&apos;8720745d-03c3-4140-b2e3-997c7f4fb1bf&apos;[39m,
    amount: [33m900.0272680943202[39m,
    category: [32m&apos;Test&apos;[39m,
    accountId: [32m&apos;main&apos;[39m
  },
  userId: [32m&apos;test-user-123&apos;[39m,
  severity: [32m&apos;low&apos;[39m,
  userAgent: [32m&apos;Mozilla/5.0 (win32) AppleWebKit/537.36 (KHTML, like Gecko) jsdom/27.3.0&apos;[39m,
  ip: [32m&apos;client_ip_unavailable&apos;[39m,
  sessionId: [32m&apos;session_1770159299405_y5lcej202&apos;[39m
}
[AUDIT: LOW] data_create {
  id: [32m&apos;audit_1770159299510_tnngx68xk&apos;[39m,
  timestamp: [32m&apos;2026-02-03T22:54:59.510Z&apos;[39m,
  action: [32m&apos;data_create&apos;[39m,
  details: {
    entityType: [32m&apos;transaction&apos;[39m,
    entityId: [32m&apos;f04a2ea4-2212-45f9-92ea-4468c385cd6d&apos;[39m,
    amount: [33m123.51045329235689[39m,
    category: [32m&apos;Test&apos;[39m,
    accountId: [32m&apos;main&apos;[39m
  },
  userId: [32m&apos;test-user-123&apos;[39m,
  severity: [32m&apos;low&apos;[39m,
  userAgent: [32m&apos;Mozilla/5.0 (win32) AppleWebKit/537.36 (KHTML, like Gecko) jsdom/27.3.0&apos;[39m,
  ip: [32m&apos;client_ip_unavailable&apos;[39m,
  sessionId: [32m&apos;session_1770159299405_y5lcej202&apos;[39m
}
[AUDIT: LOW] data_create {
  id: [32m&apos;audit_1770159299510_kv0ujii5i&apos;[39m,
  timestamp: [32m&apos;2026-02-03T22:54:59.510Z&apos;[39m,
  action: [32m&apos;data_create&apos;[39m,
  details: {
    entityType: [32m&apos;transaction&apos;[39m,
    entityId: [32m&apos;14fad339-a970-4f99-a929-3e81866af24d&apos;[39m,
    amount: [33m611.0748525703992[39m,
    category: [32m&apos;Test&apos;[39m,
    accountId: [32m&apos;main&apos;[39m
  },
  userId: [32m&apos;test-user-123&apos;[39m,
  severity: [32m&apos;low&apos;[39m,
  userAgent: [32m&apos;Mozilla/5.0 (win32) AppleWebKit/537.36 (KHTML, like Gecko) jsdom/27.3.0&apos;[39m,
  ip: [32m&apos;client_ip_unavailable&apos;[39m,
  sessionId: [32m&apos;session_1770159299405_y5lcej202&apos;[39m
}
[AUDIT: LOW] data_create {
  id: [32m&apos;audit_1770159299511_ycg0hhsuh&apos;[39m,
  timestamp: [32m&apos;2026-02-03T22:54:59.511Z&apos;[39m,
  action: [32m&apos;data_create&apos;[39m,
  details: {
    entityType: [32m&apos;transaction&apos;[39m,
    entityId: [32m&apos;c955f994-df29-42d9-99fc-8a0a12ee14fc&apos;[39m,
    amount: [33m513.6595967023012[39m,
    category: [32m&apos;Test&apos;[39m,
    accountId: [32m&apos;main&apos;[39m
  },
  userId: [32m&apos;test-user-123&apos;[39m,
  severity: [32m&apos;low&apos;[39m,
  userAgent: [32m&apos;Mozilla/5.0 (win32) AppleWebKit/537.36 (KHTML, like Gecko) jsdom/27.3.0&apos;[39m,
  ip: [32m&apos;client_ip_unavailable&apos;[39m,
  sessionId: [32m&apos;session_1770159299405_y5lcej202&apos;[39m
}
[AUDIT: LOW] data_create {
  id: [32m&apos;audit_1770159299519_ld08gzsf5&apos;[39m,
  timestamp: [32m&apos;2026-02-03T22:54:59.519Z&apos;[39m,
  action: [32m&apos;data_create&apos;[39m,
  details: {
    entityType: [32m&apos;transaction&apos;[39m,
    entityId: [32m&apos;beae9680-d868-4fc6-9ec0-30353c616211&apos;[39m,
    amount: [33m704.0065131907213[39m,
    category: [32m&apos;Test&apos;[39m,
    accountId: [32m&apos;main&apos;[39m
  },
  userId: [32m&apos;test-user-123&apos;[39m,
  severity: [32m&apos;low&apos;[39m,
  userAgent: [32m&apos;Mozilla/5.0 (win32) AppleWebKit/537.36 (KHTML, like Gecko) jsdom/27.3.0&apos;[39m,
  ip: [32m&apos;client_ip_unavailable&apos;[39m,
  sessionId: [32m&apos;session_1770159299405_y5lcej202&apos;[39m
}
[AUDIT: LOW] data_create {
  id: [32m&apos;audit_1770159299520_zuodcb5uc&apos;[39m,
  timestamp: [32m&apos;2026-02-03T22:54:59.520Z&apos;[39m,
  action: [32m&apos;data_create&apos;[39m,
  details: {
    entityType: [32m&apos;transaction&apos;[39m,
    entityId: [32m&apos;3dbcc929-4088-4d26-8de4-bf93c6171c68&apos;[39m,
    amount: [33m492.1956403530052[39m,
    category: [32m&apos;Test&apos;[39m,
    accountId: [32m&apos;main&apos;[39m
  },
  userId: [32m&apos;test-user-123&apos;[39m,
  severity: [32m&apos;low&apos;[39m,
  userAgent: [32m&apos;Mozilla/5.0 (win32) AppleWebKit/537.36 (KHTML, like Gecko) jsdom/27.3.0&apos;[39m,
  ip: [32m&apos;client_ip_unavailable&apos;[39m,
  sessionId: [32m&apos;session_1770159299405_y5lcej202&apos;[39m
}
[AUDIT: LOW] data_create {
  id: [32m&apos;audit_1770159299524_nq951duc9&apos;[39m,
  timestamp: [32m&apos;2026-02-03T22:54:59.524Z&apos;[39m,
  action: [32m&apos;data_create&apos;[39m,
  details: {
    entityType: [32m&apos;transaction&apos;[39m,
    entityId: [32m&apos;e8770795-1d7a-4f6c-9585-c65752080b72&apos;[39m,
    amount: [33m898.8143411144919[39m,
    category: [32m&apos;Test&apos;[39m,
    accountId: [32m&apos;main&apos;[39m
  },
  userId: [32m&apos;test-user-123&apos;[39m,
  severity: [32m&apos;low&apos;[39m,
  userAgent: [32m&apos;Mozilla/5.0 (win32) AppleWebKit/537.36 (KHTML, like Gecko) jsdom/27.3.0&apos;[39m,
  ip: [32m&apos;client_ip_unavailable&apos;[39m,
  sessionId: [32m&apos;session_1770159299405_y5lcej202&apos;[39m
}
[AUDIT: LOW] data_create {
  id: [32m&apos;audit_1770159299527_xkiuoeisu&apos;[39m,
  timestamp: [32m&apos;2026-02-03T22:54:59.527Z&apos;[39m,
  action: [32m&apos;data_create&apos;[39m,
  details: {
    entityType: [32m&apos;transaction&apos;[39m,
    entityId: [32m&apos;1399c783-905e-47db-8393-bea08b39b4b9&apos;[39m,
    amount: [33m275.04168378316683[39m,
    category: [32m&apos;Test&apos;[39m,
    accountId: [32m&apos;main&apos;[39m
  },
  userId: [32m&apos;test-user-123&apos;[39m,
  severity: [32m&apos;low&apos;[39m,
  userAgent: [32m&apos;Mozilla/5.0 (win32) AppleWebKit/537.36 (KHTML, like Gecko) jsdom/27.3.0&apos;[39m,
  ip: [32m&apos;client_ip_unavailable&apos;[39m,
  sessionId: [32m&apos;session_1770159299405_y5lcej202&apos;[39m
}
[AUDIT: LOW] data_create {
  id: [32m&apos;audit_1770159299528_bo6l7jz7h&apos;[39m,
  timestamp: [32m&apos;2026-02-03T22:54:59.528Z&apos;[39m,
  action: [32m&apos;data_create&apos;[39m,
  details: {
    entityType: [32m&apos;transaction&apos;[39m,
    entityId: [32m&apos;7134fcb1-1b6e-4738-849f-5850522f3ba5&apos;[39m,
    amount: [33m31.61771987261808[39m,
    category: [32m&apos;Test&apos;[39m,
    accountId: [32m&apos;main&apos;[39m
  },
  userId: [32m&apos;test-user-123&apos;[39m,
  severity: [32m&apos;low&apos;[39m,
  userAgent: [32m&apos;Mozilla/5.0 (win32) AppleWebKit/537.36 (KHTML, like Gecko) jsdom/27.3.0&apos;[39m,
  ip: [32m&apos;client_ip_unavailable&apos;[39m,
  sessionId: [32m&apos;session_1770159299405_y5lcej202&apos;[39m
}
[AUDIT: LOW] data_create {
  id: [32m&apos;audit_1770159299529_4hhrzkd4q&apos;[39m,
  timestamp: [32m&apos;2026-02-03T22:54:59.529Z&apos;[39m,
  action: [32m&apos;data_create&apos;[39m,
  details: {
    entityType: [32m&apos;transaction&apos;[39m,
    entityId: [32m&apos;db9a306d-093f-494d-855a-76782d5d6688&apos;[39m,
    amount: [33m32.99549502022603[39m,
    category: [32m&apos;Test&apos;[39m,
    accountId: [32m&apos;main&apos;[39m
  },
  userId: [32m&apos;test-user-123&apos;[39m,
  severity: [32m&apos;low&apos;[39m,
  userAgent: [32m&apos;Mozilla/5.0 (win32) AppleWebKit/537.36 (KHTML, like Gecko) jsdom/27.3.0&apos;[39m,
  ip: [32m&apos;client_ip_unavailable&apos;[39m,
  sessionId: [32m&apos;session_1770159299405_y5lcej202&apos;[39m
}
[AUDIT: LOW] data_create {
  id: [32m&apos;audit_1770159299529_md94mjh50&apos;[39m,
  timestamp: [32m&apos;2026-02-03T22:54:59.529Z&apos;[39m,
  action: [32m&apos;data_create&apos;[39m,
  details: {
    entityType: [32m&apos;transaction&apos;[39m,
    entityId: [32m&apos;77399833-cd33-4bf5-b3bb-8499211ff5de&apos;[39m,
    amount: [33m126.70387328733779[39m,
    category: [32m&apos;Test&apos;[39m,
    accountId: [32m&apos;main&apos;[39m
  },
  userId: [32m&apos;test-user-123&apos;[39m,
  severity: [32m&apos;low&apos;[39m,
  userAgent: [32m&apos;Mozilla/5.0 (win32) AppleWebKit/537.36 (KHTML, like Gecko) jsdom/27.3.0&apos;[39m,
  ip: [32m&apos;client_ip_unavailable&apos;[39m,
  sessionId: [32m&apos;session_1770159299405_y5lcej202&apos;[39m
}
[AUDIT: LOW] data_create {
  id: [32m&apos;audit_1770159299531_d8faksxeb&apos;[39m,
  timestamp: [32m&apos;2026-02-03T22:54:59.531Z&apos;[39m,
  action: [32m&apos;data_create&apos;[39m,
  details: {
    entityType: [32m&apos;transaction&apos;[39m,
    entityId: [32m&apos;c61f4d9d-acc7-4bce-b9dd-a411873c4b7a&apos;[39m,
    amount: [33m807.5438619833549[39m,
    category: [32m&apos;Test&apos;[39m,
    accountId: [32m&apos;main&apos;[39m
  },
  userId: [32m&apos;test-user-123&apos;[39m,
  severity: [32m&apos;low&apos;[39m,
  userAgent: [32m&apos;Mozilla/5.0 (win32) AppleWebKit/537.36 (KHTML, like Gecko) jsdom/27.3.0&apos;[39m,
  ip: [32m&apos;client_ip_unavailable&apos;[39m,
  sessionId: [32m&apos;session_1770159299405_y5lcej202&apos;[39m
}
[AUDIT: LOW] data_create {
  id: [32m&apos;audit_1770159299533_g2u6fzzlr&apos;[39m,
  timestamp: [32m&apos;2026-02-03T22:54:59.533Z&apos;[39m,
  action: [32m&apos;data_create&apos;[39m,
  details: {
    entityType: [32m&apos;transaction&apos;[39m,
    entityId: [32m&apos;43237c28-c8b3-4fc1-9882-5ce0b1090ec5&apos;[39m,
    amount: [33m365.9937025025761[39m,
    category: [32m&apos;Test&apos;[39m,
    accountId: [32m&apos;main&apos;[39m
  },
  userId: [32m&apos;test-user-123&apos;[39m,
  severity: [32m&apos;low&apos;[39m,
  userAgent: [32m&apos;Mozilla/5.0 (win32) AppleWebKit/537.36 (KHTML, like Gecko) jsdom/27.3.0&apos;[39m,
  ip: [32m&apos;client_ip_unavailable&apos;[39m,
  sessionId: [32m&apos;session_1770159299405_y5lcej202&apos;[39m
}
[AUDIT: LOW] data_create {
  id: [32m&apos;audit_1770159299534_7bw9ri48e&apos;[39m,
  timestamp: [32m&apos;2026-02-03T22:54:59.534Z&apos;[39m,
  action: [32m&apos;data_create&apos;[39m,
  details: {
    entityType: [32m&apos;transaction&apos;[39m,
    entityId: [32m&apos;e38f40d3-7067-426a-8bd6-d2d47fc77ce2&apos;[39m,
    amount: [33m333.9963883817255[39m,
    category: [32m&apos;Test&apos;[39m,
    accountId: [32m&apos;main&apos;[39m
  },
  userId: [32m&apos;test-user-123&apos;[39m,
  severity: [32m&apos;low&apos;[39m,
  userAgent: [32m&apos;Mozilla/5.0 (win32) AppleWebKit/537.36 (KHTML, like Gecko) jsdom/27.3.0&apos;[39m,
  ip: [32m&apos;client_ip_unavailable&apos;[39m,
  sessionId: [32m&apos;session_1770159299405_y5lcej202&apos;[39m
}
[AUDIT: LOW] data_create {
  id: [32m&apos;audit_1770159299535_w84zc1yeq&apos;[39m,
  timestamp: [32m&apos;2026-02-03T22:54:59.535Z&apos;[39m,
  action: [32m&apos;data_create&apos;[39m,
  details: {
    entityType: [32m&apos;transaction&apos;[39m,
    entityId: [32m&apos;55c2bec3-22dc-449d-abd7-19726d7a98a4&apos;[39m,
    amount: [33m655.1658732532652[39m,
    category: [32m&apos;Test&apos;[39m,
    accountId: [32m&apos;main&apos;[39m
  },
  userId: [32m&apos;test-user-123&apos;[39m,
  severity: [32m&apos;low&apos;[39m,
  userAgent: [32m&apos;Mozilla/5.0 (win32) AppleWebKit/537.36 (KHTML, like Gecko) jsdom/27.3.0&apos;[39m,
  ip: [32m&apos;client_ip_unavailable&apos;[39m,
  sessionId: [32m&apos;session_1770159299405_y5lcej202&apos;[39m
}
[AUDIT: LOW] data_create {
  id: [32m&apos;audit_1770159299541_k6fqxeqpx&apos;[39m,
  timestamp: [32m&apos;2026-02-03T22:54:59.541Z&apos;[39m,
  action: [32m&apos;data_create&apos;[39m,
  details: {
    entityType: [32m&apos;transaction&apos;[39m,
    entityId: [32m&apos;1a1f284e-3b3a-4a47-be1a-92c38fd558a9&apos;[39m,
    amount: [33m296.683040351415[39m,
    category: [32m&apos;Test&apos;[39m,
    accountId: [32m&apos;main&apos;[39m
  },
  userId: [32m&apos;test-user-123&apos;[39m,
  severity: [32m&apos;low&apos;[39m,
  userAgent: [32m&apos;Mozilla/5.0 (win32) AppleWebKit/537.36 (KHTML, like Gecko) jsdom/27.3.0&apos;[39m,
  ip: [32m&apos;client_ip_unavailable&apos;[39m,
  sessionId: [32m&apos;session_1770159299405_y5lcej202&apos;[39m
}
[AUDIT: LOW] data_create {
  id: [32m&apos;audit_1770159299543_ufy1wx5jc&apos;[39m,
  timestamp: [32m&apos;2026-02-03T22:54:59.543Z&apos;[39m,
  action: [32m&apos;data_create&apos;[39m,
  details: {
    entityType: [32m&apos;transaction&apos;[39m,
    entityId: [32m&apos;9b7b85d2-b188-41fc-ac40-fbb143ccd26d&apos;[39m,
    amount: [33m694.3407494322757[39m,
    category: [32m&apos;Test&apos;[39m,
    accountId: [32m&apos;main&apos;[39m
  },
  userId: [32m&apos;test-user-123&apos;[39m,
  severity: [32m&apos;low&apos;[39m,
  userAgent: [32m&apos;Mozilla/5.0 (win32) AppleWebKit/537.36 (KHTML, like Gecko) jsdom/27.3.0&apos;[39m,
  ip: [32m&apos;client_ip_unavailable&apos;[39m,
  sessionId: [32m&apos;session_1770159299405_y5lcej202&apos;[39m
}
[AUDIT: LOW] data_create {
  id: [32m&apos;audit_1770159299544_f7nr6cch4&apos;[39m,
  timestamp: [32m&apos;2026-02-03T22:54:59.544Z&apos;[39m,
  action: [32m&apos;data_create&apos;[39m,
  details: {
    entityType: [32m&apos;transaction&apos;[39m,
    entityId: [32m&apos;9d06ce97-0852-4b32-8cfc-1bc550c0212c&apos;[39m,
    amount: [33m246.09598759596062[39m,
    category: [32m&apos;Test&apos;[39m,
    accountId: [32m&apos;main&apos;[39m
  },
  userId: [32m&apos;test-user-123&apos;[39m,
  severity: [32m&apos;low&apos;[39m,
  userAgent: [32m&apos;Mozilla/5.0 (win32) AppleWebKit/537.36 (KHTML, like Gecko) jsdom/27.3.0&apos;[39m,
  ip: [32m&apos;client_ip_unavailable&apos;[39m,
  sessionId: [32m&apos;session_1770159299405_y5lcej202&apos;[39m
}
[AUDIT: LOW] data_create {
  id: [32m&apos;audit_1770159299545_qbosh45i5&apos;[39m,
  timestamp: [32m&apos;2026-02-03T22:54:59.545Z&apos;[39m,
  action: [32m&apos;data_create&apos;[39m,
  details: {
    entityType: [32m&apos;transaction&apos;[39m,
    entityId: [32m&apos;2dc27987-3951-4c69-a28f-4e61fb93e507&apos;[39m,
    amount: [33m781.120095968268[39m,
    category: [32m&apos;Test&apos;[39m,
    accountId: [32m&apos;main&apos;[39m
  },
  userId: [32m&apos;test-user-123&apos;[39m,
  severity: [32m&apos;low&apos;[39m,
  userAgent: [32m&apos;Mozilla/5.0 (win32) AppleWebKit/537.36 (KHTML, like Gecko) jsdom/27.3.0&apos;[39m,
  ip: [32m&apos;client_ip_unavailable&apos;[39m,
  sessionId: [32m&apos;session_1770159299405_y5lcej202&apos;[39m
}
[AUDIT: LOW] data_create {
  id: [32m&apos;audit_1770159299548_nj2waeyi9&apos;[39m,
  timestamp: [32m&apos;2026-02-03T22:54:59.548Z&apos;[39m,
  action: [32m&apos;data_create&apos;[39m,
  details: {
    entityType: [32m&apos;transaction&apos;[39m,
    entityId: [32m&apos;7ebb701f-ab83-41b6-916f-0102332297d4&apos;[39m,
    amount: [33m39.04270429045687[39m,
    category: [32m&apos;Test&apos;[39m,
    accountId: [32m&apos;main&apos;[39m
  },
  userId: [32m&apos;test-user-123&apos;[39m,
  severity: [32m&apos;low&apos;[39m,
  userAgent: [32m&apos;Mozilla/5.0 (win32) AppleWebKit/537.36 (KHTML, like Gecko) jsdom/27.3.0&apos;[39m,
  ip: [32m&apos;client_ip_unavailable&apos;[39m,
  sessionId: [32m&apos;session_1770159299405_y5lcej202&apos;[39m
}
[AUDIT: LOW] data_create {
  id: [32m&apos;audit_1770159299549_r0mjorbd2&apos;[39m,
  timestamp: [32m&apos;2026-02-03T22:54:59.549Z&apos;[39m,
  action: [32m&apos;data_create&apos;[39m,
  details: {
    entityType: [32m&apos;transaction&apos;[39m,
    entityId: [32m&apos;a34c5e7b-0c99-43f9-88b4-72cc65ce505f&apos;[39m,
    amount: [33m590.092478235224[39m,
    category: [32m&apos;Test&apos;[39m,
    accountId: [32m&apos;main&apos;[39m
  },
  userId: [32m&apos;test-user-123&apos;[39m,
  severity: [32m&apos;low&apos;[39m,
  userAgent: [32m&apos;Mozilla/5.0 (win32) AppleWebKit/537.36 (KHTML, like Gecko) jsdom/27.3.0&apos;[39m,
  ip: [32m&apos;client_ip_unavailable&apos;[39m,
  sessionId: [32m&apos;session_1770159299405_y5lcej202&apos;[39m
}
[AUDIT: LOW] data_create {
  id: [32m&apos;audit_1770159299550_9koi21x2c&apos;[39m,
  timestamp: [32m&apos;2026-02-03T22:54:59.550Z&apos;[39m,
  action: [32m&apos;data_create&apos;[39m,
  details: {
    entityType: [32m&apos;transaction&apos;[39m,
    entityId: [32m&apos;913c540e-6d48-4487-aebd-a05bbaf50dd4&apos;[39m,
    amount: [33m805.2387229580814[39m,
    category: [32m&apos;Test&apos;[39m,
    accountId: [32m&apos;main&apos;[39m
  },
  userId: [32m&apos;test-user-123&apos;[39m,
  severity: [32m&apos;low&apos;[39m,
  userAgent: [32m&apos;Mozilla/5.0 (win32) AppleWebKit/537.36 (KHTML, like Gecko) jsdom/27.3.0&apos;[39m,
  ip: [32m&apos;client_ip_unavailable&apos;[39m,
  sessionId: [32m&apos;session_1770159299405_y5lcej202&apos;[39m
}
[AUDIT: LOW] data_create {
  id: [32m&apos;audit_1770159299552_phyo1u9zv&apos;[39m,
  timestamp: [32m&apos;2026-02-03T22:54:59.552Z&apos;[39m,
  action: [32m&apos;data_create&apos;[39m,
  details: {
    entityType: [32m&apos;transaction&apos;[39m,
    entityId: [32m&apos;ac6c9897-a890-4524-9bf5-57037e2cebbb&apos;[39m,
    amount: [33m55.22565128782053[39m,
    category: [32m&apos;Test&apos;[39m,
    accountId: [32m&apos;main&apos;[39m
  },
  userId: [32m&apos;test-user-123&apos;[39m,
  severity: [32m&apos;low&apos;[39m,
  userAgent: [32m&apos;Mozilla/5.0 (win32) AppleWebKit/537.36 (KHTML, like Gecko) jsdom/27.3.0&apos;[39m,
  ip: [32m&apos;client_ip_unavailable&apos;[39m,
  sessionId: [32m&apos;session_1770159299405_y5lcej202&apos;[39m
}
[AUDIT: LOW] data_create {
  id: [32m&apos;audit_1770159299553_0m4wcjjc7&apos;[39m,
  timestamp: [32m&apos;2026-02-03T22:54:59.554Z&apos;[39m,
  action: [32m&apos;data_create&apos;[39m,
  details: {
    entityType: [32m&apos;transaction&apos;[39m,
    entityId: [32m&apos;0d3081fc-fb39-4063-a170-1cf618a58183&apos;[39m,
    amount: [33m904.6673959227512[39m,
    category: [32m&apos;Test&apos;[39m,
    accountId: [32m&apos;main&apos;[39m
  },
  userId: [32m&apos;test-user-123&apos;[39m,
  severity: [32m&apos;low&apos;[39m,
  userAgent: [32m&apos;Mozilla/5.0 (win32) AppleWebKit/537.36 (KHTML, like Gecko) jsdom/27.3.0&apos;[39m,
  ip: [32m&apos;client_ip_unavailable&apos;[39m,
  sessionId: [32m&apos;session_1770159299405_y5lcej202&apos;[39m
}
[AUDIT: LOW] data_create {
  id: [32m&apos;audit_1770159299554_cmtdlkw2l&apos;[39m,
  timestamp: [32m&apos;2026-02-03T22:54:59.554Z&apos;[39m,
  action: [32m&apos;data_create&apos;[39m,
  details: {
    entityType: [32m&apos;transaction&apos;[39m,
    entityId: [32m&apos;820cb39d-6801-4b75-a612-952fd09924e2&apos;[39m,
    amount: [33m805.2096551277848[39m,
    category: [32m&apos;Test&apos;[39m,
    accountId: [32m&apos;main&apos;[39m
  },
  userId: [32m&apos;test-user-123&apos;[39m,
  severity: [32m&apos;low&apos;[39m,
  userAgent: [32m&apos;Mozilla/5.0 (win32) AppleWebKit/537.36 (KHTML, like Gecko) jsdom/27.3.0&apos;[39m,
  ip: [32m&apos;client_ip_unavailable&apos;[39m,
  sessionId: [32m&apos;session_1770159299405_y5lcej202&apos;[39m
}
[AUDIT: LOW] data_create {
  id: [32m&apos;audit_1770159299555_mxlqt2ulg&apos;[39m,
  timestamp: [32m&apos;2026-02-03T22:54:59.555Z&apos;[39m,
  action: [32m&apos;data_create&apos;[39m,
  details: {
    entityType: [32m&apos;transaction&apos;[39m,
    entityId: [32m&apos;2b6440e3-28a2-4eaa-a5ea-7d92be425582&apos;[39m,
    amount: [33m653.1817384758365[39m,
    category: [32m&apos;Test&apos;[39m,
    accountId: [32m&apos;main&apos;[39m
  },
  userId: [32m&apos;test-user-123&apos;[39m,
  severity: [32m&apos;low&apos;[39m,
  userAgent: [32m&apos;Mozilla/5.0 (win32) AppleWebKit/537.36 (KHTML, like Gecko) jsdom/27.3.0&apos;[39m,
  ip: [32m&apos;client_ip_unavailable&apos;[39m,
  sessionId: [32m&apos;session_1770159299405_y5lcej202&apos;[39m
}
[AUDIT: LOW] data_create {
  id: [32m&apos;audit_1770159299557_znzx27zhr&apos;[39m,
  timestamp: [32m&apos;2026-02-03T22:54:59.557Z&apos;[39m,
  action: [32m&apos;data_create&apos;[39m,
  details: {
    entityType: [32m&apos;transaction&apos;[39m,
    entityId: [32m&apos;a8459fed-0626-447b-af4c-1da782296323&apos;[39m,
    amount: [33m806.1490837920838[39m,
    category: [32m&apos;Test&apos;[39m,
    accountId: [32m&apos;main&apos;[39m
  },
  userId: [32m&apos;test-user-123&apos;[39m,
  severity: [32m&apos;low&apos;[39m,
  userAgent: [32m&apos;Mozilla/5.0 (win32) AppleWebKit/537.36 (KHTML, like Gecko) jsdom/27.3.0&apos;[39m,
  ip: [32m&apos;client_ip_unavailable&apos;[39m,
  sessionId: [32m&apos;session_1770159299405_y5lcej202&apos;[39m
}
[AUDIT: LOW] data_create {
  id: [32m&apos;audit_1770159299558_ut7wvrrwb&apos;[39m,
  timestamp: [32m&apos;2026-02-03T22:54:59.558Z&apos;[39m,
  action: [32m&apos;data_create&apos;[39m,
  details: {
    entityType: [32m&apos;transaction&apos;[39m,
    entityId: [32m&apos;b793d43a-711b-49fd-b951-2426c6f69772&apos;[39m,
    amount: [33m640.2127493891871[39m,
    category: [32m&apos;Test&apos;[39m,
    accountId: [32m&apos;main&apos;[39m
  },
  userId: [32m&apos;test-user-123&apos;[39m,
  severity: [32m&apos;low&apos;[39m,
  userAgent: [32m&apos;Mozilla/5.0 (win32) AppleWebKit/537.36 (KHTML, like Gecko) jsdom/27.3.0&apos;[39m,
  ip: [32m&apos;client_ip_unavailable&apos;[39m,
  sessionId: [32m&apos;session_1770159299405_y5lcej202&apos;[39m
}
[AUDIT: LOW] data_create {
  id: [32m&apos;audit_1770159299560_26a49ars0&apos;[39m,
  timestamp: [32m&apos;2026-02-03T22:54:59.560Z&apos;[39m,
  action: [32m&apos;data_create&apos;[39m,
  details: {
    entityType: [32m&apos;transaction&apos;[39m,
    entityId: [32m&apos;152adafe-acee-423b-aff1-73fc5336cdfc&apos;[39m,
    amount: [33m882.8403426938904[39m,
    category: [32m&apos;Test&apos;[39m,
    accountId: [32m&apos;main&apos;[39m
  },
  userId: [32m&apos;test-user-123&apos;[39m,
  severity: [32m&apos;low&apos;[39m,
  userAgent: [32m&apos;Mozilla/5.0 (win32) AppleWebKit/537.36 (KHTML, like Gecko) jsdom/27.3.0&apos;[39m,
  ip: [32m&apos;client_ip_unavailable&apos;[39m,
  sessionId: [32m&apos;session_1770159299405_y5lcej202&apos;[39m
}
[AUDIT: LOW] data_create {
  id: [32m&apos;audit_1770159299561_7f7d5m9l6&apos;[39m,
  timestamp: [32m&apos;2026-02-03T22:54:59.561Z&apos;[39m,
  action: [32m&apos;data_create&apos;[39m,
  details: {
    entityType: [32m&apos;transaction&apos;[39m,
    entityId: [32m&apos;08b6d609-a10e-4d0b-b449-59082441771b&apos;[39m,
    amount: [33m396.1005380912186[39m,
    category: [32m&apos;Test&apos;[39m,
    accountId: [32m&apos;main&apos;[39m
  },
  userId: [32m&apos;test-user-123&apos;[39m,
  severity: [32m&apos;low&apos;[39m,
  userAgent: [32m&apos;Mozilla/5.0 (win32) AppleWebKit/537.36 (KHTML, like Gecko) jsdom/27.3.0&apos;[39m,
  ip: [32m&apos;client_ip_unavailable&apos;[39m,
  sessionId: [32m&apos;session_1770159299405_y5lcej202&apos;[39m
}
[AUDIT: LOW] data_create {
  id: [32m&apos;audit_1770159299562_58ndkthtg&apos;[39m,
  timestamp: [32m&apos;2026-02-03T22:54:59.562Z&apos;[39m,
  action: [32m&apos;data_create&apos;[39m,
  details: {
    entityType: [32m&apos;transaction&apos;[39m,
    entityId: [32m&apos;80e743b3-8cc9-4fb5-9d94-616522c33e09&apos;[39m,
    amount: [33m438.46773698194187[39m,
    category: [32m&apos;Test&apos;[39m,
    accountId: [32m&apos;main&apos;[39m
  },
  userId: [32m&apos;test-user-123&apos;[39m,
  severity: [32m&apos;low&apos;[39m,
  userAgent: [32m&apos;Mozilla/5.0 (win32) AppleWebKit/537.36 (KHTML, like Gecko) jsdom/27.3.0&apos;[39m,
  ip: [32m&apos;client_ip_unavailable&apos;[39m,
  sessionId: [32m&apos;session_1770159299405_y5lcej202&apos;[39m
}
[AUDIT: LOW] data_create {
  id: [32m&apos;audit_1770159299562_pwdwttgdb&apos;[39m,
  timestamp: [32m&apos;2026-02-03T22:54:59.562Z&apos;[39m,
  action: [32m&apos;data_create&apos;[39m,
  details: {
    entityType: [32m&apos;transaction&apos;[39m,
    entityId: [32m&apos;ce4d3bf8-99d6-40ce-ad89-8339ca58f45f&apos;[39m,
    amount: [33m254.8696195710515[39m,
    category: [32m&apos;Test&apos;[39m,
    accountId: [32m&apos;main&apos;[39m
  },
  userId: [32m&apos;test-user-123&apos;[39m,
  severity: [32m&apos;low&apos;[39m,
  userAgent: [32m&apos;Mozilla/5.0 (win32) AppleWebKit/537.36 (KHTML, like Gecko) jsdom/27.3.0&apos;[39m,
  ip: [32m&apos;client_ip_unavailable&apos;[39m,
  sessionId: [32m&apos;session_1770159299405_y5lcej202&apos;[39m
}
[AUDIT: LOW] data_create {
  id: [32m&apos;audit_1770159299563_qchgggisb&apos;[39m,
  timestamp: [32m&apos;2026-02-03T22:54:59.563Z&apos;[39m,
  action: [32m&apos;data_create&apos;[39m,
  details: {
    entityType: [32m&apos;transaction&apos;[39m,
    entityId: [32m&apos;38c51ebe-901e-4d67-8e45-60ced87496b2&apos;[39m,
    amount: [33m394.5460710686567[39m,
    category: [32m&apos;Test&apos;[39m,
    accountId: [32m&apos;main&apos;[39m
  },
  userId: [32m&apos;test-user-123&apos;[39m,
  severity: [32m&apos;low&apos;[39m,
  userAgent: [32m&apos;Mozilla/5.0 (win32) AppleWebKit/537.36 (KHTML, like Gecko) jsdom/27.3.0&apos;[39m,
  ip: [32m&apos;client_ip_unavailable&apos;[39m,
  sessionId: [32m&apos;session_1770159299405_y5lcej202&apos;[39m
}
[AUDIT: LOW] data_create {
  id: [32m&apos;audit_1770159299564_pa6yskql3&apos;[39m,
  timestamp: [32m&apos;2026-02-03T22:54:59.564Z&apos;[39m,
  action: [32m&apos;data_create&apos;[39m,
  details: {
    entityType: [32m&apos;transaction&apos;[39m,
    entityId: [32m&apos;ef85a599-9599-4167-aa27-d76e8678d54e&apos;[39m,
    amount: [33m1.3678243384184219[39m,
    category: [32m&apos;Test&apos;[39m,
    accountId: [32m&apos;main&apos;[39m
  },
  userId: [32m&apos;test-user-123&apos;[39m,
  severity: [32m&apos;low&apos;[39m,
  userAgent: [32m&apos;Mozilla/5.0 (win32) AppleWebKit/537.36 (KHTML, like Gecko) jsdom/27.3.0&apos;[39m,
  ip: [32m&apos;client_ip_unavailable&apos;[39m,
  sessionId: [32m&apos;session_1770159299405_y5lcej202&apos;[39m
}
[AUDIT: LOW] data_create {
  id: [32m&apos;audit_1770159299565_jan0obd8c&apos;[39m,
  timestamp: [32m&apos;2026-02-03T22:54:59.565Z&apos;[39m,
  action: [32m&apos;data_create&apos;[39m,
  details: {
    entityType: [32m&apos;transaction&apos;[39m,
    entityId: [32m&apos;e69c59e4-bcd7-44cb-955c-46acffd6ebf5&apos;[39m,
    amount: [33m70.87021669919568[39m,
    category: [32m&apos;Test&apos;[39m,
    accountId: [32m&apos;main&apos;[39m
  },
  userId: [32m&apos;test-user-123&apos;[39m,
  severity: [32m&apos;low&apos;[39m,
  userAgent: [32m&apos;Mozilla/5.0 (win32) AppleWebKit/537.36 (KHTML, like Gecko) jsdom/27.3.0&apos;[39m,
  ip: [32m&apos;client_ip_unavailable&apos;[39m,
  sessionId: [32m&apos;session_1770159299405_y5lcej202&apos;[39m
}
[AUDIT: LOW] data_create {
  id: [32m&apos;audit_1770159299566_wc203v9j1&apos;[39m,
  timestamp: [32m&apos;2026-02-03T22:54:59.566Z&apos;[39m,
  action: [32m&apos;data_create&apos;[39m,
  details: {
    entityType: [32m&apos;transaction&apos;[39m,
    entityId: [32m&apos;a5f908a4-7d27-4ac7-821e-6e49a2d424f4&apos;[39m,
    amount: [33m879.91487386029[39m,
    category: [32m&apos;Test&apos;[39m,
    accountId: [32m&apos;main&apos;[39m
  },
  userId: [32m&apos;test-user-123&apos;[39m,
  severity: [32m&apos;low&apos;[39m,
  userAgent: [32m&apos;Mozilla/5.0 (win32) AppleWebKit/537.36 (KHTML, like Gecko) jsdom/27.3.0&apos;[39m,
  ip: [32m&apos;client_ip_unavailable&apos;[39m,
  sessionId: [32m&apos;session_1770159299405_y5lcej202&apos;[39m
}
[AUDIT: LOW] data_create {
  id: [32m&apos;audit_1770159299567_znta3lj23&apos;[39m,
  timestamp: [32m&apos;2026-02-03T22:54:59.567Z&apos;[39m,
  action: [32m&apos;data_create&apos;[39m,
  details: {
    entityType: [32m&apos;transaction&apos;[39m,
    entityId: [32m&apos;079197d8-57b8-4189-976c-08c917b34ad9&apos;[39m,
    amount: [33m206.4984774842248[39m,
    category: [32m&apos;Test&apos;[39m,
    accountId: [32m&apos;main&apos;[39m
  },
  userId: [32m&apos;test-user-123&apos;[39m,
  severity: [32m&apos;low&apos;[39m,
  userAgent: [32m&apos;Mozilla/5.0 (win32) AppleWebKit/537.36 (KHTML, like Gecko) jsdom/27.3.0&apos;[39m,
  ip: [32m&apos;client_ip_unavailable&apos;[39m,
  sessionId: [32m&apos;session_1770159299405_y5lcej202&apos;[39m
}
[AUDIT: LOW] data_create {
  id: [32m&apos;audit_1770159299568_zomn5oxkb&apos;[39m,
  timestamp: [32m&apos;2026-02-03T22:54:59.568Z&apos;[39m,
  action: [32m&apos;data_create&apos;[39m,
  details: {
    entityType: [32m&apos;transaction&apos;[39m,
    entityId: [32m&apos;58b00f1c-993b-496a-849b-605c63a147b6&apos;[39m,
    amount: [33m71.75729039915623[39m,
    category: [32m&apos;Test&apos;[39m,
    accountId: [32m&apos;main&apos;[39m
  },
  userId: [32m&apos;test-user-123&apos;[39m,
  severity: [32m&apos;low&apos;[39m,
  userAgent: [32m&apos;Mozilla/5.0 (win32) AppleWebKit/537.36 (KHTML, like Gecko) jsdom/27.3.0&apos;[39m,
  ip: [32m&apos;client_ip_unavailable&apos;[39m,
  sessionId: [32m&apos;session_1770159299405_y5lcej202&apos;[39m
}
[AUDIT: LOW] data_create {
  id: [32m&apos;audit_1770159299569_ahm815wxd&apos;[39m,
  timestamp: [32m&apos;2026-02-03T22:54:59.569Z&apos;[39m,
  action: [32m&apos;data_create&apos;[39m,
  details: {
    entityType: [32m&apos;transaction&apos;[39m,
    entityId: [32m&apos;e18b790a-0981-4e92-8d88-800dc0009783&apos;[39m,
    amount: [33m867.6813806595526[39m,
    category: [32m&apos;Test&apos;[39m,
    accountId: [32m&apos;main&apos;[39m
  },
  userId: [32m&apos;test-user-123&apos;[39m,
  severity: [32m&apos;low&apos;[39m,
  userAgent: [32m&apos;Mozilla/5.0 (win32) AppleWebKit/537.36 (KHTML, like Gecko) jsdom/27.3.0&apos;[39m,
  ip: [32m&apos;client_ip_unavailable&apos;[39m,
  sessionId: [32m&apos;session_1770159299405_y5lcej202&apos;[39m
}
[AUDIT: LOW] data_create {
  id: [32m&apos;audit_1770159299570_ndlwm768s&apos;[39m,
  timestamp: [32m&apos;2026-02-03T22:54:59.570Z&apos;[39m,
  action: [32m&apos;data_create&apos;[39m,
  details: {
    entityType: [32m&apos;transaction&apos;[39m,
    entityId: [32m&apos;8cd3ac72-3c1f-45ac-a14a-a63b4d3b7fb3&apos;[39m,
    amount: [33m128.36455397140634[39m,
    category: [32m&apos;Test&apos;[39m,
    accountId: [32m&apos;main&apos;[39m
  },
  userId: [32m&apos;test-user-123&apos;[39m,
  severity: [32m&apos;low&apos;[39m,
  userAgent: [32m&apos;Mozilla/5.0 (win32) AppleWebKit/537.36 (KHTML, like Gecko) jsdom/27.3.0&apos;[39m,
  ip: [32m&apos;client_ip_unavailable&apos;[39m,
  sessionId: [32m&apos;session_1770159299405_y5lcej202&apos;[39m
}
[AUDIT: LOW] data_create {
  id: [32m&apos;audit_1770159299571_kmeba5mj4&apos;[39m,
  timestamp: [32m&apos;2026-02-03T22:54:59.571Z&apos;[39m,
  action: [32m&apos;data_create&apos;[39m,
  details: {
    entityType: [32m&apos;transaction&apos;[39m,
    entityId: [32m&apos;40543d83-5469-4f7e-af13-fe62d5940bdc&apos;[39m,
    amount: [33m885.9497440021712[39m,
    category: [32m&apos;Test&apos;[39m,
    accountId: [32m&apos;main&apos;[39m
  },
  userId: [32m&apos;test-user-123&apos;[39m,
  severity: [32m&apos;low&apos;[39m,
  userAgent: [32m&apos;Mozilla/5.0 (win32) AppleWebKit/537.36 (KHTML, like Gecko) jsdom/27.3.0&apos;[39m,
  ip: [32m&apos;client_ip_unavailable&apos;[39m,
  sessionId: [32m&apos;session_1770159299405_y5lcej202&apos;[39m
}
[AUDIT: LOW] data_create {
  id: [32m&apos;audit_1770159299571_57jwkcfmj&apos;[39m,
  timestamp: [32m&apos;2026-02-03T22:54:59.571Z&apos;[39m,
  action: [32m&apos;data_create&apos;[39m,
  details: {
    entityType: [32m&apos;transaction&apos;[39m,
    entityId: [32m&apos;b84710ad-ec1e-4a8a-a5cc-c72ff22a53f1&apos;[39m,
    amount: [33m278.4909630912284[39m,
    category: [32m&apos;Test&apos;[39m,
    accountId: [32m&apos;main&apos;[39m
  },
  userId: [32m&apos;test-user-123&apos;[39m,
  severity: [32m&apos;low&apos;[39m,
  userAgent: [32m&apos;Mozilla/5.0 (win32) AppleWebKit/537.36 (KHTML, like Gecko) jsdom/27.3.0&apos;[39m,
  ip: [32m&apos;client_ip_unavailable&apos;[39m,
  sessionId: [32m&apos;session_1770159299405_y5lcej202&apos;[39m
}
[AUDIT: LOW] data_create {
  id: [32m&apos;audit_1770159299572_qf62ykic2&apos;[39m,
  timestamp: [32m&apos;2026-02-03T22:54:59.572Z&apos;[39m,
  action: [32m&apos;data_create&apos;[39m,
  details: {
    entityType: [32m&apos;transaction&apos;[39m,
    entityId: [32m&apos;072ba534-d0df-416d-a0ac-d68504b8dafa&apos;[39m,
    amount: [33m957.627691623097[39m,
    category: [32m&apos;Test&apos;[39m,
    accountId: [32m&apos;main&apos;[39m
  },
  userId: [32m&apos;test-user-123&apos;[39m,
  severity: [32m&apos;low&apos;[39m,
  userAgent: [32m&apos;Mozilla/5.0 (win32) AppleWebKit/537.36 (KHTML, like Gecko) jsdom/27.3.0&apos;[39m,
  ip: [32m&apos;client_ip_unavailable&apos;[39m,
  sessionId: [32m&apos;session_1770159299405_y5lcej202&apos;[39m
}
[AUDIT: LOW] data_create {
  id: [32m&apos;audit_1770159299573_b1fjwf2bb&apos;[39m,
  timestamp: [32m&apos;2026-02-03T22:54:59.573Z&apos;[39m,
  action: [32m&apos;data_create&apos;[39m,
  details: {
    entityType: [32m&apos;transaction&apos;[39m,
    entityId: [32m&apos;76e5a1f2-c738-4585-8ec1-7d3b7f580425&apos;[39m,
    amount: [33m830.8248998884012[39m,
    category: [32m&apos;Test&apos;[39m,
    accountId: [32m&apos;main&apos;[39m
  },
  userId: [32m&apos;test-user-123&apos;[39m,
  severity: [32m&apos;low&apos;[39m,
  userAgent: [32m&apos;Mozilla/5.0 (win32) AppleWebKit/537.36 (KHTML, like Gecko) jsdom/27.3.0&apos;[39m,
  ip: [32m&apos;client_ip_unavailable&apos;[39m,
  sessionId: [32m&apos;session_1770159299405_y5lcej202&apos;[39m
}
[AUDIT: LOW] data_create {
  id: [32m&apos;audit_1770159299574_29ntowu3b&apos;[39m,
  timestamp: [32m&apos;2026-02-03T22:54:59.574Z&apos;[39m,
  action: [32m&apos;data_create&apos;[39m,
  details: {
    entityType: [32m&apos;transaction&apos;[39m,
    entityId: [32m&apos;a3b58efd-3149-42e8-812e-1abe11545725&apos;[39m,
    amount: [33m718.4665903816646[39m,
    category: [32m&apos;Test&apos;[39m,
    accountId: [32m&apos;main&apos;[39m
  },
  userId: [32m&apos;test-user-123&apos;[39m,
  severity: [32m&apos;low&apos;[39m,
  userAgent: [32m&apos;Mozilla/5.0 (win32) AppleWebKit/537.36 (KHTML, like Gecko) jsdom/27.3.0&apos;[39m,
  ip: [32m&apos;client_ip_unavailable&apos;[39m,
  sessionId: [32m&apos;session_1770159299405_y5lcej202&apos;[39m
}
[AUDIT: LOW] data_create {
  id: [32m&apos;audit_1770159299575_iqcs9gsrv&apos;[39m,
  timestamp: [32m&apos;2026-02-03T22:54:59.575Z&apos;[39m,
  action: [32m&apos;data_create&apos;[39m,
  details: {
    entityType: [32m&apos;transaction&apos;[39m,
    entityId: [32m&apos;77871a5b-c86c-48cb-8af5-82ce0618b108&apos;[39m,
    amount: [33m146.40155721143998[39m,
    category: [32m&apos;Test&apos;[39m,
    accountId: [32m&apos;main&apos;[39m
  },
  userId: [32m&apos;test-user-123&apos;[39m,
  severity: [32m&apos;low&apos;[39m,
  userAgent: [32m&apos;Mozilla/5.0 (win32) AppleWebKit/537.36 (KHTML, like Gecko) jsdom/27.3.0&apos;[39m,
  ip: [32m&apos;client_ip_unavailable&apos;[39m,
  sessionId: [32m&apos;session_1770159299405_y5lcej202&apos;[39m
}
[AUDIT: LOW] data_create {
  id: [32m&apos;audit_1770159299575_gos1jxgqi&apos;[39m,
  timestamp: [32m&apos;2026-02-03T22:54:59.575Z&apos;[39m,
  action: [32m&apos;data_create&apos;[39m,
  details: {
    entityType: [32m&apos;transaction&apos;[39m,
    entityId: [32m&apos;024d6be3-3809-4be3-b6e0-721cdae4ff0a&apos;[39m,
    amount: [33m144.10742672691546[39m,
    category: [32m&apos;Test&apos;[39m,
    accountId: [32m&apos;main&apos;[39m
  },
  userId: [32m&apos;test-user-123&apos;[39m,
  severity: [32m&apos;low&apos;[39m,
  userAgent: [32m&apos;Mozilla/5.0 (win32) AppleWebKit/537.36 (KHTML, like Gecko) jsdom/27.3.0&apos;[39m,
  ip: [32m&apos;client_ip_unavailable&apos;[39m,
  sessionId: [32m&apos;session_1770159299405_y5lcej202&apos;[39m
}
[AUDIT: LOW] data_create {
  id: [32m&apos;audit_1770159299576_qdfp2nr81&apos;[39m,
  timestamp: [32m&apos;2026-02-03T22:54:59.576Z&apos;[39m,
  action: [32m&apos;data_create&apos;[39m,
  details: {
    entityType: [32m&apos;transaction&apos;[39m,
    entityId: [32m&apos;73b533c2-7d63-41d5-8fca-d1b84a700cf1&apos;[39m,
    amount: [33m425.6375345435116[39m,
    category: [32m&apos;Test&apos;[39m,
    accountId: [32m&apos;main&apos;[39m
  },
  userId: [32m&apos;test-user-123&apos;[39m,
  severity: [32m&apos;low&apos;[39m,
  userAgent: [32m&apos;Mozilla/5.0 (win32) AppleWebKit/537.36 (KHTML, like Gecko) jsdom/27.3.0&apos;[39m,
  ip: [32m&apos;client_ip_unavailable&apos;[39m,
  sessionId: [32m&apos;session_1770159299405_y5lcej202&apos;[39m
}
[AUDIT: LOW] data_create {
  id: [32m&apos;audit_1770159299577_ryz4j8cwc&apos;[39m,
  timestamp: [32m&apos;2026-02-03T22:54:59.577Z&apos;[39m,
  action: [32m&apos;data_create&apos;[39m,
  details: {
    entityType: [32m&apos;transaction&apos;[39m,
    entityId: [32m&apos;95f289ec-5f56-4f1e-b069-21178fcfdd84&apos;[39m,
    amount: [33m403.2632332215085[39m,
    category: [32m&apos;Test&apos;[39m,
    accountId: [32m&apos;main&apos;[39m
  },
  userId: [32m&apos;test-user-123&apos;[39m,
  severity: [32m&apos;low&apos;[39m,
  userAgent: [32m&apos;Mozilla/5.0 (win32) AppleWebKit/537.36 (KHTML, like Gecko) jsdom/27.3.0&apos;[39m,
  ip: [32m&apos;client_ip_unavailable&apos;[39m,
  sessionId: [32m&apos;session_1770159299405_y5lcej202&apos;[39m
}
[AUDIT: LOW] data_create {
  id: [32m&apos;audit_1770159299578_yjxb6rffk&apos;[39m,
  timestamp: [32m&apos;2026-02-03T22:54:59.578Z&apos;[39m,
  action: [32m&apos;data_create&apos;[39m,
  details: {
    entityType: [32m&apos;transaction&apos;[39m,
    entityId: [32m&apos;3664b79a-8724-4914-95b4-b8b81ccd8707&apos;[39m,
    amount: [33m579.3638972607075[39m,
    category: [32m&apos;Test&apos;[39m,
    accountId: [32m&apos;main&apos;[39m
  },
  userId: [32m&apos;test-user-123&apos;[39m,
  severity: [32m&apos;low&apos;[39m,
  userAgent: [32m&apos;Mozilla/5.0 (win32) AppleWebKit/537.36 (KHTML, like Gecko) jsdom/27.3.0&apos;[39m,
  ip: [32m&apos;client_ip_unavailable&apos;[39m,
  sessionId: [32m&apos;session_1770159299405_y5lcej202&apos;[39m
}
[AUDIT: LOW] data_create {
  id: [32m&apos;audit_1770159299579_l5ninqfds&apos;[39m,
  timestamp: [32m&apos;2026-02-03T22:54:59.579Z&apos;[39m,
  action: [32m&apos;data_create&apos;[39m,
  details: {
    entityType: [32m&apos;transaction&apos;[39m,
    entityId: [32m&apos;88e916f4-dabe-414d-ba6f-791f0b517c14&apos;[39m,
    amount: [33m93.88314718253199[39m,
    category: [32m&apos;Test&apos;[39m,
    accountId: [32m&apos;main&apos;[39m
  },
  userId: [32m&apos;test-user-123&apos;[39m,
  severity: [32m&apos;low&apos;[39m,
  userAgent: [32m&apos;Mozilla/5.0 (win32) AppleWebKit/537.36 (KHTML, like Gecko) jsdom/27.3.0&apos;[39m,
  ip: [32m&apos;client_ip_unavailable&apos;[39m,
  sessionId: [32m&apos;session_1770159299405_y5lcej202&apos;[39m
}
[AUDIT: LOW] data_create {
  id: [32m&apos;audit_1770159299579_1nsd9wkiu&apos;[39m,
  timestamp: [32m&apos;2026-02-03T22:54:59.579Z&apos;[39m,
  action: [32m&apos;data_create&apos;[39m,
  details: {
    entityType: [32m&apos;transaction&apos;[39m,
    entityId: [32m&apos;297464c5-5034-4bd2-bc35-21993ba76e24&apos;[39m,
    amount: [33m633.094332318639[39m,
    category: [32m&apos;Test&apos;[39m,
    accountId: [32m&apos;main&apos;[39m
  },
  userId: [32m&apos;test-user-123&apos;[39m,
  severity: [32m&apos;low&apos;[39m,
  userAgent: [32m&apos;Mozilla/5.0 (win32) AppleWebKit/537.36 (KHTML, like Gecko) jsdom/27.3.0&apos;[39m,
  ip: [32m&apos;client_ip_unavailable&apos;[39m,
  sessionId: [32m&apos;session_1770159299405_y5lcej202&apos;[39m
}
[AUDIT: LOW] data_create {
  id: [32m&apos;audit_1770159299580_24lzwd6ws&apos;[39m,
  timestamp: [32m&apos;2026-02-03T22:54:59.580Z&apos;[39m,
  action: [32m&apos;data_create&apos;[39m,
  details: {
    entityType: [32m&apos;transaction&apos;[39m,
    entityId: [32m&apos;28db5b53-a4b0-49b7-a20e-37ec24924f6e&apos;[39m,
    amount: [33m277.8280959557927[39m,
    category: [32m&apos;Test&apos;[39m,
    accountId: [32m&apos;main&apos;[39m
  },
  userId: [32m&apos;test-user-123&apos;[39m,
  severity: [32m&apos;low&apos;[39m,
  userAgent: [32m&apos;Mozilla/5.0 (win32) AppleWebKit/537.36 (KHTML, like Gecko) jsdom/27.3.0&apos;[39m,
  ip: [32m&apos;client_ip_unavailable&apos;[39m,
  sessionId: [32m&apos;session_1770159299405_y5lcej202&apos;[39m
}
[AUDIT: LOW] data_create {
  id: [32m&apos;audit_1770159299581_nobal3law&apos;[39m,
  timestamp: [32m&apos;2026-02-03T22:54:59.581Z&apos;[39m,
  action: [32m&apos;data_create&apos;[39m,
  details: {
    entityType: [32m&apos;transaction&apos;[39m,
    entityId: [32m&apos;911f4851-4d74-432a-8eb5-49907c4f9eda&apos;[39m,
    amount: [33m466.05844155814736[39m,
    category: [32m&apos;Test&apos;[39m,
    accountId: [32m&apos;main&apos;[39m
  },
  userId: [32m&apos;test-user-123&apos;[39m,
  severity: [32m&apos;low&apos;[39m,
  userAgent: [32m&apos;Mozilla/5.0 (win32) AppleWebKit/537.36 (KHTML, like Gecko) jsdom/27.3.0&apos;[39m,
  ip: [32m&apos;client_ip_unavailable&apos;[39m,
  sessionId: [32m&apos;session_1770159299405_y5lcej202&apos;[39m
}
[AUDIT: LOW] data_create {
  id: [32m&apos;audit_1770159299582_6ahnz6cal&apos;[39m,
  timestamp: [32m&apos;2026-02-03T22:54:59.582Z&apos;[39m,
  action: [32m&apos;data_create&apos;[39m,
  details: {
    entityType: [32m&apos;transaction&apos;[39m,
    entityId: [32m&apos;7382cdfd-c04f-431b-a12e-442080a16363&apos;[39m,
    amount: [33m248.611099997596[39m,
    category: [32m&apos;Test&apos;[39m,
    accountId: [32m&apos;main&apos;[39m
  },
  userId: [32m&apos;test-user-123&apos;[39m,
  severity: [32m&apos;low&apos;[39m,
  userAgent: [32m&apos;Mozilla/5.0 (win32) AppleWebKit/537.36 (KHTML, like Gecko) jsdom/27.3.0&apos;[39m,
  ip: [32m&apos;client_ip_unavailable&apos;[39m,
  sessionId: [32m&apos;session_1770159299405_y5lcej202&apos;[39m
}
[AUDIT: LOW] data_create {
  id: [32m&apos;audit_1770159299583_s6el1lr61&apos;[39m,
  timestamp: [32m&apos;2026-02-03T22:54:59.583Z&apos;[39m,
  action: [32m&apos;data_create&apos;[39m,
  details: {
    entityType: [32m&apos;transaction&apos;[39m,
    entityId: [32m&apos;447e96da-5714-43a1-a83d-0c937b3c9be3&apos;[39m,
    amount: [33m115.60265228655386[39m,
    category: [32m&apos;Test&apos;[39m,
    accountId: [32m&apos;main&apos;[39m
  },
  userId: [32m&apos;test-user-123&apos;[39m,
  severity: [32m&apos;low&apos;[39m,
  userAgent: [32m&apos;Mozilla/5.0 (win32) AppleWebKit/537.36 (KHTML, like Gecko) jsdom/27.3.0&apos;[39m,
  ip: [32m&apos;client_ip_unavailable&apos;[39m,
  sessionId: [32m&apos;session_1770159299405_y5lcej202&apos;[39m
}
[AUDIT: LOW] data_create {
  id: [32m&apos;audit_1770159299584_208lz6mx1&apos;[39m,
  timestamp: [32m&apos;2026-02-03T22:54:59.584Z&apos;[39m,
  action: [32m&apos;data_create&apos;[39m,
  details: {
    entityType: [32m&apos;transaction&apos;[39m,
    entityId: [32m&apos;8cd3f551-1f80-4b77-963c-844309ab4b7e&apos;[39m,
    amount: [33m814.7357640233131[39m,
    category: [32m&apos;Test&apos;[39m,
    accountId: [32m&apos;main&apos;[39m
  },
  userId: [32m&apos;test-user-123&apos;[39m,
  severity: [32m&apos;low&apos;[39m,
  userAgent: [32m&apos;Mozilla/5.0 (win32) AppleWebKit/537.36 (KHTML, like Gecko) jsdom/27.3.0&apos;[39m,
  ip: [32m&apos;client_ip_unavailable&apos;[39m,
  sessionId: [32m&apos;session_1770159299405_y5lcej202&apos;[39m
}
[AUDIT: LOW] data_create {
  id: [32m&apos;audit_1770159299585_pzkzv8kr9&apos;[39m,
  timestamp: [32m&apos;2026-02-03T22:54:59.585Z&apos;[39m,
  action: [32m&apos;data_create&apos;[39m,
  details: {
    entityType: [32m&apos;transaction&apos;[39m,
    entityId: [32m&apos;34ff5780-8127-4a07-8bc0-58315d2b814a&apos;[39m,
    amount: [33m385.4029996491919[39m,
    category: [32m&apos;Test&apos;[39m,
    accountId: [32m&apos;main&apos;[39m
  },
  userId: [32m&apos;test-user-123&apos;[39m,
  severity: [32m&apos;low&apos;[39m,
  userAgent: [32m&apos;Mozilla/5.0 (win32) AppleWebKit/537.36 (KHTML, like Gecko) jsdom/27.3.0&apos;[39m,
  ip: [32m&apos;client_ip_unavailable&apos;[39m,
  sessionId: [32m&apos;session_1770159299405_y5lcej202&apos;[39m
}
[AUDIT: LOW] data_create {
  id: [32m&apos;audit_1770159299586_3y77si359&apos;[39m,
  timestamp: [32m&apos;2026-02-03T22:54:59.586Z&apos;[39m,
  action: [32m&apos;data_create&apos;[39m,
  details: {
    entityType: [32m&apos;transaction&apos;[39m,
    entityId: [32m&apos;587ebb6b-f23a-436f-a646-e11e4d967ff0&apos;[39m,
    amount: [33m670.4410433760554[39m,
    category: [32m&apos;Test&apos;[39m,
    accountId: [32m&apos;main&apos;[39m
  },
  userId: [32m&apos;test-user-123&apos;[39m,
  severity: [32m&apos;low&apos;[39m,
  userAgent: [32m&apos;Mozilla/5.0 (win32) AppleWebKit/537.36 (KHTML, like Gecko) jsdom/27.3.0&apos;[39m,
  ip: [32m&apos;client_ip_unavailable&apos;[39m,
  sessionId: [32m&apos;session_1770159299405_y5lcej202&apos;[39m
}
[AUDIT: LOW] data_create {
  id: [32m&apos;audit_1770159299587_li4w81qo0&apos;[39m,
  timestamp: [32m&apos;2026-02-03T22:54:59.587Z&apos;[39m,
  action: [32m&apos;data_create&apos;[39m,
  details: {
    entityType: [32m&apos;transaction&apos;[39m,
    entityId: [32m&apos;e629259e-833d-40be-9599-4e103ff81837&apos;[39m,
    amount: [33m705.7922471529652[39m,
    category: [32m&apos;Test&apos;[39m,
    accountId: [32m&apos;main&apos;[39m
  },
  userId: [32m&apos;test-user-123&apos;[39m,
  severity: [32m&apos;low&apos;[39m,
  userAgent: [32m&apos;Mozilla/5.0 (win32) AppleWebKit/537.36 (KHTML, like Gecko) jsdom/27.3.0&apos;[39m,
  ip: [32m&apos;client_ip_unavailable&apos;[39m,
  sessionId: [32m&apos;session_1770159299405_y5lcej202&apos;[39m
}
[AUDIT: LOW] data_create {
  id: [32m&apos;audit_1770159299588_6c2yxdyrl&apos;[39m,
  timestamp: [32m&apos;2026-02-03T22:54:59.589Z&apos;[39m,
  action: [32m&apos;data_create&apos;[39m,
  details: {
    entityType: [32m&apos;transaction&apos;[39m,
    entityId: [32m&apos;cf98f658-55bc-4b23-a800-2e168073836d&apos;[39m,
    amount: [33m363.6503527322211[39m,
    category: [32m&apos;Test&apos;[39m,
    accountId: [32m&apos;main&apos;[39m
  },
  userId: [32m&apos;test-user-123&apos;[39m,
  severity: [32m&apos;low&apos;[39m,
  userAgent: [32m&apos;Mozilla/5.0 (win32) AppleWebKit/537.36 (KHTML, like Gecko) jsdom/27.3.0&apos;[39m,
  ip: [32m&apos;client_ip_unavailable&apos;[39m,
  sessionId: [32m&apos;session_1770159299405_y5lcej202&apos;[39m
}
[AUDIT: LOW] data_create {
  id: [32m&apos;audit_1770159299589_iwrq539y0&apos;[39m,
  timestamp: [32m&apos;2026-02-03T22:54:59.589Z&apos;[39m,
  action: [32m&apos;data_create&apos;[39m,
  details: {
    entityType: [32m&apos;transaction&apos;[39m,
    entityId: [32m&apos;81c5d2d8-8a3e-4647-99ba-9ae00fe8dbc1&apos;[39m,
    amount: [33m734.0009595826876[39m,
    category: [32m&apos;Test&apos;[39m,
    accountId: [32m&apos;main&apos;[39m
  },
  userId: [32m&apos;test-user-123&apos;[39m,
  severity: [32m&apos;low&apos;[39m,
  userAgent: [32m&apos;Mozilla/5.0 (win32) AppleWebKit/537.36 (KHTML, like Gecko) jsdom/27.3.0&apos;[39m,
  ip: [32m&apos;client_ip_unavailable&apos;[39m,
  sessionId: [32m&apos;session_1770159299405_y5lcej202&apos;[39m
}
[AUDIT: LOW] data_create {
  id: [32m&apos;audit_1770159299590_7glur5ofu&apos;[39m,
  timestamp: [32m&apos;2026-02-03T22:54:59.590Z&apos;[39m,
  action: [32m&apos;data_create&apos;[39m,
  details: {
    entityType: [32m&apos;transaction&apos;[39m,
    entityId: [32m&apos;17892f1c-38c2-4bc1-9364-38cfac1b1199&apos;[39m,
    amount: [33m318.8904185625611[39m,
    category: [32m&apos;Test&apos;[39m,
    accountId: [32m&apos;main&apos;[39m
  },
  userId: [32m&apos;test-user-123&apos;[39m,
  severity: [32m&apos;low&apos;[39m,
  userAgent: [32m&apos;Mozilla/5.0 (win32) AppleWebKit/537.36 (KHTML, like Gecko) jsdom/27.3.0&apos;[39m,
  ip: [32m&apos;client_ip_unavailable&apos;[39m,
  sessionId: [32m&apos;session_1770159299405_y5lcej202&apos;[39m
}
[AUDIT: LOW] data_create {
  id: [32m&apos;audit_1770159299591_6jsv79ak6&apos;[39m,
  timestamp: [32m&apos;2026-02-03T22:54:59.591Z&apos;[39m,
  action: [32m&apos;data_create&apos;[39m,
  details: {
    entityType: [32m&apos;transaction&apos;[39m,
    entityId: [32m&apos;67a94f8a-badc-470e-a66a-c54a556385a6&apos;[39m,
    amount: [33m831.8732076738833[39m,
    category: [32m&apos;Test&apos;[39m,
    accountId: [32m&apos;main&apos;[39m
  },
  userId: [32m&apos;test-user-123&apos;[39m,
  severity: [32m&apos;low&apos;[39m,
  userAgent: [32m&apos;Mozilla/5.0 (win32) AppleWebKit/537.36 (KHTML, like Gecko) jsdom/27.3.0&apos;[39m,
  ip: [32m&apos;client_ip_unavailable&apos;[39m,
  sessionId: [32m&apos;session_1770159299405_y5lcej202&apos;[39m
}
[AUDIT: LOW] data_create {
  id: [32m&apos;audit_1770159299592_ymaxccfo7&apos;[39m,
  timestamp: [32m&apos;2026-02-03T22:54:59.592Z&apos;[39m,
  action: [32m&apos;data_create&apos;[39m,
  details: {
    entityType: [32m&apos;transaction&apos;[39m,
    entityId: [32m&apos;a4f99e3a-f9fe-4f7f-ab2c-f7d93677b58d&apos;[39m,
    amount: [33m894.949838657832[39m,
    category: [32m&apos;Test&apos;[39m,
    accountId: [32m&apos;main&apos;[39m
  },
  userId: [32m&apos;test-user-123&apos;[39m,
  severity: [32m&apos;low&apos;[39m,
  userAgent: [32m&apos;Mozilla/5.0 (win32) AppleWebKit/537.36 (KHTML, like Gecko) jsdom/27.3.0&apos;[39m,
  ip: [32m&apos;client_ip_unavailable&apos;[39m,
  sessionId: [32m&apos;session_1770159299405_y5lcej202&apos;[39m
}
[AUDIT: LOW] data_create {
  id: [32m&apos;audit_1770159299593_b079no4tt&apos;[39m,
  timestamp: [32m&apos;2026-02-03T22:54:59.593Z&apos;[39m,
  action: [32m&apos;data_create&apos;[39m,
  details: {
    entityType: [32m&apos;transaction&apos;[39m,
    entityId: [32m&apos;aeb235e1-1c09-4547-8be7-8eec7ab5d438&apos;[39m,
    amount: [33m472.4887949920804[39m,
    category: [32m&apos;Test&apos;[39m,
    accountId: [32m&apos;main&apos;[39m
  },
  userId: [32m&apos;test-user-123&apos;[39m,
  severity: [32m&apos;low&apos;[39m,
  userAgent: [32m&apos;Mozilla/5.0 (win32) AppleWebKit/537.36 (KHTML, like Gecko) jsdom/27.3.0&apos;[39m,
  ip: [32m&apos;client_ip_unavailable&apos;[39m,
  sessionId: [32m&apos;session_1770159299405_y5lcej202&apos;[39m
}
[AUDIT: LOW] data_create {
  id: [32m&apos;audit_1770159299595_vvy8v3iqi&apos;[39m,
  timestamp: [32m&apos;2026-02-03T22:54:59.595Z&apos;[39m,
  action: [32m&apos;data_create&apos;[39m,
  details: {
    entityType: [32m&apos;transaction&apos;[39m,
    entityId: [32m&apos;1d62c8ff-9c3c-45ee-8293-dfa3b5daf201&apos;[39m,
    amount: [33m59.321948679323164[39m,
    category: [32m&apos;Test&apos;[39m,
    accountId: [32m&apos;main&apos;[39m
  },
  userId: [32m&apos;test-user-123&apos;[39m,
  severity: [32m&apos;low&apos;[39m,
  userAgent: [32m&apos;Mozilla/5.0 (win32) AppleWebKit/537.36 (KHTML, like Gecko) jsdom/27.3.0&apos;[39m,
  ip: [32m&apos;client_ip_unavailable&apos;[39m,
  sessionId: [32m&apos;session_1770159299405_y5lcej202&apos;[39m
}
[AUDIT: LOW] data_create {
  id: [32m&apos;audit_1770159299598_bmrsbutcz&apos;[39m,
  timestamp: [32m&apos;2026-02-03T22:54:59.598Z&apos;[39m,
  action: [32m&apos;data_create&apos;[39m,
  details: {
    entityType: [32m&apos;transaction&apos;[39m,
    entityId: [32m&apos;29bf684e-e152-40e7-88f6-9c4ebeb6d770&apos;[39m,
    amount: [33m317.50001321263767[39m,
    category: [32m&apos;Test&apos;[39m,
    accountId: [32m&apos;main&apos;[39m
  },
  userId: [32m&apos;test-user-123&apos;[39m,
  severity: [32m&apos;low&apos;[39m,
  userAgent: [32m&apos;Mozilla/5.0 (win32) AppleWebKit/537.36 (KHTML, like Gecko) jsdom/27.3.0&apos;[39m,
  ip: [32m&apos;client_ip_unavailable&apos;[39m,
  sessionId: [32m&apos;session_1770159299405_y5lcej202&apos;[39m
}
[AUDIT: LOW] data_create {
  id: [32m&apos;audit_1770159299600_iwbtp48kt&apos;[39m,
  timestamp: [32m&apos;2026-02-03T22:54:59.600Z&apos;[39m,
  action: [32m&apos;data_create&apos;[39m,
  details: {
    entityType: [32m&apos;transaction&apos;[39m,
    entityId: [32m&apos;70da0791-cada-4aa3-b232-08f5e69084eb&apos;[39m,
    amount: [33m270.87272482426164[39m,
    category: [32m&apos;Test&apos;[39m,
    accountId: [32m&apos;main&apos;[39m
  },
  userId: [32m&apos;test-user-123&apos;[39m,
  severity: [32m&apos;low&apos;[39m,
  userAgent: [32m&apos;Mozilla/5.0 (win32) AppleWebKit/537.36 (KHTML, like Gecko) jsdom/27.3.0&apos;[39m,
  ip: [32m&apos;client_ip_unavailable&apos;[39m,
  sessionId: [32m&apos;session_1770159299405_y5lcej202&apos;[39m
}
[AUDIT: LOW] data_create {
  id: [32m&apos;audit_1770159299601_n0iik0v6o&apos;[39m,
  timestamp: [32m&apos;2026-02-03T22:54:59.601Z&apos;[39m,
  action: [32m&apos;data_create&apos;[39m,
  details: {
    entityType: [32m&apos;transaction&apos;[39m,
    entityId: [32m&apos;c681ef93-44cc-458b-b56d-83c962c0427b&apos;[39m,
    amount: [33m960.1642945146809[39m,
    category: [32m&apos;Test&apos;[39m,
    accountId: [32m&apos;main&apos;[39m
  },
  userId: [32m&apos;test-user-123&apos;[39m,
  severity: [32m&apos;low&apos;[39m,
  userAgent: [32m&apos;Mozilla/5.0 (win32) AppleWebKit/537.36 (KHTML, like Gecko) jsdom/27.3.0&apos;[39m,
  ip: [32m&apos;client_ip_unavailable&apos;[39m,
  sessionId: [32m&apos;session_1770159299405_y5lcej202&apos;[39m
}
[AUDIT: LOW] data_create {
  id: [32m&apos;audit_1770159299602_cot7u1gkf&apos;[39m,
  timestamp: [32m&apos;2026-02-03T22:54:59.602Z&apos;[39m,
  action: [32m&apos;data_create&apos;[39m,
  details: {
    entityType: [32m&apos;transaction&apos;[39m,
    entityId: [32m&apos;0708d0af-13b9-40cf-992f-ddee6fa66602&apos;[39m,
    amount: [33m97.66228944230326[39m,
    category: [32m&apos;Test&apos;[39m,
    accountId: [32m&apos;main&apos;[39m
  },
  userId: [32m&apos;test-user-123&apos;[39m,
  severity: [32m&apos;low&apos;[39m,
  userAgent: [32m&apos;Mozilla/5.0 (win32) AppleWebKit/537.36 (KHTML, like Gecko) jsdom/27.3.0&apos;[39m,
  ip: [32m&apos;client_ip_unavailable&apos;[39m,
  sessionId: [32m&apos;session_1770159299405_y5lcej202&apos;[39m
}
[AUDIT: LOW] data_create {
  id: [32m&apos;audit_1770159299603_w8vlb6210&apos;[39m,
  timestamp: [32m&apos;2026-02-03T22:54:59.603Z&apos;[39m,
  action: [32m&apos;data_create&apos;[39m,
  details: {
    entityType: [32m&apos;transaction&apos;[39m,
    entityId: [32m&apos;ca9fcb5f-7aa5-4800-828f-371e8215ad02&apos;[39m,
    amount: [33m467.23802169738184[39m,
    category: [32m&apos;Test&apos;[39m,
    accountId: [32m&apos;main&apos;[39m
  },
  userId: [32m&apos;test-user-123&apos;[39m,
  severity: [32m&apos;low&apos;[39m,
  userAgent: [32m&apos;Mozilla/5.0 (win32) AppleWebKit/537.36 (KHTML, like Gecko) jsdom/27.3.0&apos;[39m,
  ip: [32m&apos;client_ip_unavailable&apos;[39m,
  sessionId: [32m&apos;session_1770159299405_y5lcej202&apos;[39m
}
[AUDIT: LOW] data_create {
  id: [32m&apos;audit_1770159299604_o31jsp8cd&apos;[39m,
  timestamp: [32m&apos;2026-02-03T22:54:59.604Z&apos;[39m,
  action: [32m&apos;data_create&apos;[39m,
  details: {
    entityType: [32m&apos;transaction&apos;[39m,
    entityId: [32m&apos;973e257d-bf3c-45c1-897b-6aa881e38b25&apos;[39m,
    amount: [33m169.43398396823096[39m,
    category: [32m&apos;Test&apos;[39m,
    accountId: [32m&apos;main&apos;[39m
  },
  userId: [32m&apos;test-user-123&apos;[39m,
  severity: [32m&apos;low&apos;[39m,
  userAgent: [32m&apos;Mozilla/5.0 (win32) AppleWebKit/537.36 (KHTML, like Gecko) jsdom/27.3.0&apos;[39m,
  ip: [32m&apos;client_ip_unavailable&apos;[39m,
  sessionId: [32m&apos;session_1770159299405_y5lcej202&apos;[39m
}
[AUDIT: LOW] data_create {
  id: [32m&apos;audit_1770159299605_11w7ukyyr&apos;[39m,
  timestamp: [32m&apos;2026-02-03T22:54:59.605Z&apos;[39m,
  action: [32m&apos;data_create&apos;[39m,
  details: {
    entityType: [32m&apos;transaction&apos;[39m,
    entityId: [32m&apos;a098418a-82f3-4e7e-8b18-a6de7ce27920&apos;[39m,
    amount: [33m817.9840508885748[39m,
    category: [32m&apos;Test&apos;[39m,
    accountId: [32m&apos;main&apos;[39m
  },
  userId: [32m&apos;test-user-123&apos;[39m,
  severity: [32m&apos;low&apos;[39m,
  userAgent: [32m&apos;Mozilla/5.0 (win32) AppleWebKit/537.36 (KHTML, like Gecko) jsdom/27.3.0&apos;[39m,
  ip: [32m&apos;client_ip_unavailable&apos;[39m,
  sessionId: [32m&apos;session_1770159299405_y5lcej202&apos;[39m
}
[AUDIT: LOW] data_create {
  id: [32m&apos;audit_1770159299607_7ktr49gxf&apos;[39m,
  timestamp: [32m&apos;2026-02-03T22:54:59.607Z&apos;[39m,
  action: [32m&apos;data_create&apos;[39m,
  details: {
    entityType: [32m&apos;transaction&apos;[39m,
    entityId: [32m&apos;bcee58d7-8869-4b62-868f-9f405756ed4b&apos;[39m,
    amount: [33m549.0571812408567[39m,
    category: [32m&apos;Test&apos;[39m,
    accountId: [32m&apos;main&apos;[39m
  },
  userId: [32m&apos;test-user-123&apos;[39m,
  severity: [32m&apos;low&apos;[39m,
  userAgent: [32m&apos;Mozilla/5.0 (win32) AppleWebKit/537.36 (KHTML, like Gecko) jsdom/27.3.0&apos;[39m,
  ip: [32m&apos;client_ip_unavailable&apos;[39m,
  sessionId: [32m&apos;session_1770159299405_y5lcej202&apos;[39m
}
[AUDIT: LOW] data_create {
  id: [32m&apos;audit_1770159299609_ewlrn3m61&apos;[39m,
  timestamp: [32m&apos;2026-02-03T22:54:59.609Z&apos;[39m,
  action: [32m&apos;data_create&apos;[39m,
  details: {
    entityType: [32m&apos;transaction&apos;[39m,
    entityId: [32m&apos;ac703aa6-ec92-4bd6-8c27-4d1d83a263f1&apos;[39m,
    amount: [33m546.4455886023[39m,
    category: [32m&apos;Test&apos;[39m,
    accountId: [32m&apos;main&apos;[39m
  },
  userId: [32m&apos;test-user-123&apos;[39m,
  severity: [32m&apos;low&apos;[39m,
  userAgent: [32m&apos;Mozilla/5.0 (win32) AppleWebKit/537.36 (KHTML, like Gecko) jsdom/27.3.0&apos;[39m,
  ip: [32m&apos;client_ip_unavailable&apos;[39m,
  sessionId: [32m&apos;session_1770159299405_y5lcej202&apos;[39m
}
[AUDIT: LOW] data_create {
  id: [32m&apos;audit_1770159299610_ps458hzmk&apos;[39m,
  timestamp: [32m&apos;2026-02-03T22:54:59.610Z&apos;[39m,
  action: [32m&apos;data_create&apos;[39m,
  details: {
    entityType: [32m&apos;transaction&apos;[39m,
    entityId: [32m&apos;7a65bd6e-f90a-4e3e-88c1-9b8fb785eeab&apos;[39m,
    amount: [33m26.048303479461964[39m,
    category: [32m&apos;Test&apos;[39m,
    accountId: [32m&apos;main&apos;[39m
  },
  userId: [32m&apos;test-user-123&apos;[39m,
  severity: [32m&apos;low&apos;[39m,
  userAgent: [32m&apos;Mozilla/5.0 (win32) AppleWebKit/537.36 (KHTML, like Gecko) jsdom/27.3.0&apos;[39m,
  ip: [32m&apos;client_ip_unavailable&apos;[39m,
  sessionId: [32m&apos;session_1770159299405_y5lcej202&apos;[39m
}
[AUDIT: LOW] data_create {
  id: [32m&apos;audit_1770159299612_kjws0ad23&apos;[39m,
  timestamp: [32m&apos;2026-02-03T22:54:59.612Z&apos;[39m,
  action: [32m&apos;data_create&apos;[39m,
  details: {
    entityType: [32m&apos;transaction&apos;[39m,
    entityId: [32m&apos;688d4c61-19b9-4fc5-9bd2-f3ea51efab93&apos;[39m,
    amount: [33m796.4090437925614[39m,
    category: [32m&apos;Test&apos;[39m,
    accountId: [32m&apos;main&apos;[39m
  },
  userId: [32m&apos;test-user-123&apos;[39m,
  severity: [32m&apos;low&apos;[39m,
  userAgent: [32m&apos;Mozilla/5.0 (win32) AppleWebKit/537.36 (KHTML, like Gecko) jsdom/27.3.0&apos;[39m,
  ip: [32m&apos;client_ip_unavailable&apos;[39m,
  sessionId: [32m&apos;session_1770159299405_y5lcej202&apos;[39m
}
[AUDIT: LOW] data_create {
  id: [32m&apos;audit_1770159299613_fwsyr0t8l&apos;[39m,
  timestamp: [32m&apos;2026-02-03T22:54:59.613Z&apos;[39m,
  action: [32m&apos;data_create&apos;[39m,
  details: {
    entityType: [32m&apos;transaction&apos;[39m,
    entityId: [32m&apos;58830982-6e92-4922-bdff-47010b534680&apos;[39m,
    amount: [33m147.3133456826885[39m,
    category: [32m&apos;Test&apos;[39m,
    accountId: [32m&apos;main&apos;[39m
  },
  userId: [32m&apos;test-user-123&apos;[39m,
  severity: [32m&apos;low&apos;[39m,
  userAgent: [32m&apos;Mozilla/5.0 (win32) AppleWebKit/537.36 (KHTML, like Gecko) jsdom/27.3.0&apos;[39m,
  ip: [32m&apos;client_ip_unavailable&apos;[39m,
  sessionId: [32m&apos;session_1770159299405_y5lcej202&apos;[39m
}
[AUDIT: LOW] data_create {
  id: [32m&apos;audit_1770159299615_819rlu0eb&apos;[39m,
  timestamp: [32m&apos;2026-02-03T22:54:59.615Z&apos;[39m,
  action: [32m&apos;data_create&apos;[39m,
  details: {
    entityType: [32m&apos;transaction&apos;[39m,
    entityId: [32m&apos;c8e137e1-7581-47be-8e9f-0d8cc3f185b3&apos;[39m,
    amount: [33m25.355327952622076[39m,
    category: [32m&apos;Test&apos;[39m,
    accountId: [32m&apos;main&apos;[39m
  },
  userId: [32m&apos;test-user-123&apos;[39m,
  severity: [32m&apos;low&apos;[39m,
  userAgent: [32m&apos;Mozilla/5.0 (win32) AppleWebKit/537.36 (KHTML, like Gecko) jsdom/27.3.0&apos;[39m,
  ip: [32m&apos;client_ip_unavailable&apos;[39m,
  sessionId: [32m&apos;session_1770159299405_y5lcej202&apos;[39m
}
[AUDIT: LOW] data_create {
  id: [32m&apos;audit_1770159299617_82b71lixy&apos;[39m,
  timestamp: [32m&apos;2026-02-03T22:54:59.617Z&apos;[39m,
  action: [32m&apos;data_create&apos;[39m,
  details: {
    entityType: [32m&apos;transaction&apos;[39m,
    entityId: [32m&apos;2685b85b-5a83-4ae1-8971-f2dcc7228261&apos;[39m,
    amount: [33m655.3805489327895[39m,
    category: [32m&apos;Test&apos;[39m,
    accountId: [32m&apos;main&apos;[39m
  },
  userId: [32m&apos;test-user-123&apos;[39m,
  severity: [32m&apos;low&apos;[39m,
  userAgent: [32m&apos;Mozilla/5.0 (win32) AppleWebKit/537.36 (KHTML, like Gecko) jsdom/27.3.0&apos;[39m,
  ip: [32m&apos;client_ip_unavailable&apos;[39m,
  sessionId: [32m&apos;session_1770159299405_y5lcej202&apos;[39m
}
[AUDIT: LOW] data_create {
  id: [32m&apos;audit_1770159299618_a3aiw2geu&apos;[39m,
  timestamp: [32m&apos;2026-02-03T22:54:59.618Z&apos;[39m,
  action: [32m&apos;data_create&apos;[39m,
  details: {
    entityType: [32m&apos;transaction&apos;[39m,
    entityId: [32m&apos;c8fc2016-dbdc-40a8-a4d2-d43a2f525461&apos;[39m,
    amount: [33m869.9801559814575[39m,
    category: [32m&apos;Test&apos;[39m,
    accountId: [32m&apos;main&apos;[39m
  },
  userId: [32m&apos;test-user-123&apos;[39m,
  severity: [32m&apos;low&apos;[39m,
  userAgent: [32m&apos;Mozilla/5.0 (win32) AppleWebKit/537.36 (KHTML, like Gecko) jsdom/27.3.0&apos;[39m,
  ip: [32m&apos;client_ip_unavailable&apos;[39m,
  sessionId: [32m&apos;session_1770159299405_y5lcej202&apos;[39m
}
[AUDIT: LOW] data_create {
  id: [32m&apos;audit_1770159299620_6i0pxpyi9&apos;[39m,
  timestamp: [32m&apos;2026-02-03T22:54:59.620Z&apos;[39m,
  action: [32m&apos;data_create&apos;[39m,
  details: {
    entityType: [32m&apos;transaction&apos;[39m,
    entityId: [32m&apos;0da5ef41-4b9e-4574-b4c8-2594df309260&apos;[39m,
    amount: [33m640.1380126192805[39m,
    category: [32m&apos;Test&apos;[39m,
    accountId: [32m&apos;main&apos;[39m
  },
  userId: [32m&apos;test-user-123&apos;[39m,
  severity: [32m&apos;low&apos;[39m,
  userAgent: [32m&apos;Mozilla/5.0 (win32) AppleWebKit/537.36 (KHTML, like Gecko) jsdom/27.3.0&apos;[39m,
  ip: [32m&apos;client_ip_unavailable&apos;[39m,
  sessionId: [32m&apos;session_1770159299405_y5lcej202&apos;[39m
}
[AUDIT: LOW] data_create {
  id: [32m&apos;audit_1770159299621_c5ipzgron&apos;[39m,
  timestamp: [32m&apos;2026-02-03T22:54:59.621Z&apos;[39m,
  action: [32m&apos;data_create&apos;[39m,
  details: {
    entityType: [32m&apos;transaction&apos;[39m,
    entityId: [32m&apos;bc8d4d15-f43a-474d-91b0-578a61664875&apos;[39m,
    amount: [33m779.3508445986869[39m,
    category: [32m&apos;Test&apos;[39m,
    accountId: [32m&apos;main&apos;[39m
  },
  userId: [32m&apos;test-user-123&apos;[39m,
  severity: [32m&apos;low&apos;[39m,
  userAgent: [32m&apos;Mozilla/5.0 (win32) AppleWebKit/537.36 (KHTML, like Gecko) jsdom/27.3.0&apos;[39m,
  ip: [32m&apos;client_ip_unavailable&apos;[39m,
  sessionId: [32m&apos;session_1770159299405_y5lcej202&apos;[39m
}
[AUDIT: LOW] data_create {
  id: [32m&apos;audit_1770159299622_6vmmf7blr&apos;[39m,
  timestamp: [32m&apos;2026-02-03T22:54:59.622Z&apos;[39m,
  action: [32m&apos;data_create&apos;[39m,
  details: {
    entityType: [32m&apos;transaction&apos;[39m,
    entityId: [32m&apos;6664f077-e719-434a-9135-0dc956723635&apos;[39m,
    amount: [33m279.7924521025529[39m,
    category: [32m&apos;Test&apos;[39m,
    accountId: [32m&apos;main&apos;[39m
  },
  userId: [32m&apos;test-user-123&apos;[39m,
  severity: [32m&apos;low&apos;[39m,
  userAgent: [32m&apos;Mozilla/5.0 (win32) AppleWebKit/537.36 (KHTML, like Gecko) jsdom/27.3.0&apos;[39m,
  ip: [32m&apos;client_ip_unavailable&apos;[39m,
  sessionId: [32m&apos;session_1770159299405_y5lcej202&apos;[39m
}
[AUDIT: LOW] data_create {
  id: [32m&apos;audit_1770159299623_8nmvzxfkh&apos;[39m,
  timestamp: [32m&apos;2026-02-03T22:54:59.623Z&apos;[39m,
  action: [32m&apos;data_create&apos;[39m,
  details: {
    entityType: [32m&apos;transaction&apos;[39m,
    entityId: [32m&apos;8c8210e7-c6b8-4e17-9657-4e714b217e46&apos;[39m,
    amount: [33m267.9356519283592[39m,
    category: [32m&apos;Test&apos;[39m,
    accountId: [32m&apos;main&apos;[39m
  },
  userId: [32m&apos;test-user-123&apos;[39m,
  severity: [32m&apos;low&apos;[39m,
  userAgent: [32m&apos;Mozilla/5.0 (win32) AppleWebKit/537.36 (KHTML, like Gecko) jsdom/27.3.0&apos;[39m,
  ip: [32m&apos;client_ip_unavailable&apos;[39m,
  sessionId: [32m&apos;session_1770159299405_y5lcej202&apos;[39m
}
[AUDIT: LOW] data_create {
  id: [32m&apos;audit_1770159299624_ykv2n969i&apos;[39m,
  timestamp: [32m&apos;2026-02-03T22:54:59.624Z&apos;[39m,
  action: [32m&apos;data_create&apos;[39m,
  details: {
    entityType: [32m&apos;transaction&apos;[39m,
    entityId: [32m&apos;d966cf89-a8d7-455e-993f-3624bfe74070&apos;[39m,
    amount: [33m810.634112310497[39m,
    category: [32m&apos;Test&apos;[39m,
    accountId: [32m&apos;main&apos;[39m
  },
  userId: [32m&apos;test-user-123&apos;[39m,
  severity: [32m&apos;low&apos;[39m,
  userAgent: [32m&apos;Mozilla/5.0 (win32) AppleWebKit/537.36 (KHTML, like Gecko) jsdom/27.3.0&apos;[39m,
  ip: [32m&apos;client_ip_unavailable&apos;[39m,
  sessionId: [32m&apos;session_1770159299405_y5lcej202&apos;[39m
}
[AUDIT: LOW] data_create {
  id: [32m&apos;audit_1770159299625_a4pgsxb3h&apos;[39m,
  timestamp: [32m&apos;2026-02-03T22:54:59.625Z&apos;[39m,
  action: [32m&apos;data_create&apos;[39m,
  details: {
    entityType: [32m&apos;transaction&apos;[39m,
    entityId: [32m&apos;92ba842c-e325-4b82-a472-0fc0ed1071c9&apos;[39m,
    amount: [33m220.41984810484672[39m,
    category: [32m&apos;Test&apos;[39m,
    accountId: [32m&apos;main&apos;[39m
  },
  userId: [32m&apos;test-user-123&apos;[39m,
  severity: [32m&apos;low&apos;[39m,
  userAgent: [32m&apos;Mozilla/5.0 (win32) AppleWebKit/537.36 (KHTML, like Gecko) jsdom/27.3.0&apos;[39m,
  ip: [32m&apos;client_ip_unavailable&apos;[39m,
  sessionId: [32m&apos;session_1770159299405_y5lcej202&apos;[39m
}
[AUDIT: LOW] data_create {
  id: [32m&apos;audit_1770159299626_b16dcsamc&apos;[39m,
  timestamp: [32m&apos;2026-02-03T22:54:59.626Z&apos;[39m,
  action: [32m&apos;data_create&apos;[39m,
  details: {
    entityType: [32m&apos;transaction&apos;[39m,
    entityId: [32m&apos;bec23848-cbe6-49f0-9307-6628b2885053&apos;[39m,
    amount: [33m631.4486667074395[39m,
    category: [32m&apos;Test&apos;[39m,
    accountId: [32m&apos;main&apos;[39m
  },
  userId: [32m&apos;test-user-123&apos;[39m,
  severity: [32m&apos;low&apos;[39m,
  userAgent: [32m&apos;Mozilla/5.0 (win32) AppleWebKit/537.36 (KHTML, like Gecko) jsdom/27.3.0&apos;[39m,
  ip: [32m&apos;client_ip_unavailable&apos;[39m,
  sessionId: [32m&apos;session_1770159299405_y5lcej202&apos;[39m
}
[AUDIT: LOW] data_create {
  id: [32m&apos;audit_1770159299627_6msja5uuo&apos;[39m,
  timestamp: [32m&apos;2026-02-03T22:54:59.627Z&apos;[39m,
  action: [32m&apos;data_create&apos;[39m,
  details: {
    entityType: [32m&apos;transaction&apos;[39m,
    entityId: [32m&apos;31a51656-5424-4ef4-87a1-13a47f0335a8&apos;[39m,
    amount: [33m357.3094320947554[39m,
    category: [32m&apos;Test&apos;[39m,
    accountId: [32m&apos;main&apos;[39m
  },
  userId: [32m&apos;test-user-123&apos;[39m,
  severity: [32m&apos;low&apos;[39m,
  userAgent: [32m&apos;Mozilla/5.0 (win32) AppleWebKit/537.36 (KHTML, like Gecko) jsdom/27.3.0&apos;[39m,
  ip: [32m&apos;client_ip_unavailable&apos;[39m,
  sessionId: [32m&apos;session_1770159299405_y5lcej202&apos;[39m
}
[AUDIT: LOW] data_create {
  id: [32m&apos;audit_1770159299629_0rv8ew47g&apos;[39m,
  timestamp: [32m&apos;2026-02-03T22:54:59.629Z&apos;[39m,
  action: [32m&apos;data_create&apos;[39m,
  details: {
    entityType: [32m&apos;transaction&apos;[39m,
    entityId: [32m&apos;64288cb0-e90e-4a8a-ac95-aa45bf1b7a77&apos;[39m,
    amount: [33m374.4756751764349[39m,
    category: [32m&apos;Test&apos;[39m,
    accountId: [32m&apos;main&apos;[39m
  },
  userId: [32m&apos;test-user-123&apos;[39m,
  severity: [32m&apos;low&apos;[39m,
  userAgent: [32m&apos;Mozilla/5.0 (win32) AppleWebKit/537.36 (KHTML, like Gecko) jsdom/27.3.0&apos;[39m,
  ip: [32m&apos;client_ip_unavailable&apos;[39m,
  sessionId: [32m&apos;session_1770159299405_y5lcej202&apos;[39m
}
[AUDIT: LOW] data_create {
  id: [32m&apos;audit_1770159299638_b11rnn382&apos;[39m,
  timestamp: [32m&apos;2026-02-03T22:54:59.638Z&apos;[39m,
  action: [32m&apos;data_create&apos;[39m,
  details: {
    entityType: [32m&apos;transaction&apos;[39m,
    entityId: [32m&apos;e8908f5f-9728-4b76-be2f-22e0b84fc761&apos;[39m,
    amount: [33m982.6190467755073[39m,
    category: [32m&apos;Test&apos;[39m,
    accountId: [32m&apos;main&apos;[39m
  },
  userId: [32m&apos;test-user-123&apos;[39m,
  severity: [32m&apos;low&apos;[39m,
  userAgent: [32m&apos;Mozilla/5.0 (win32) AppleWebKit/537.36 (KHTML, like Gecko) jsdom/27.3.0&apos;[39m,
  ip: [32m&apos;client_ip_unavailable&apos;[39m,
  sessionId: [32m&apos;session_1770159299405_y5lcej202&apos;[39m
}
[AUDIT: LOW] data_create {
  id: [32m&apos;audit_1770159299640_dr7zigmzr&apos;[39m,
  timestamp: [32m&apos;2026-02-03T22:54:59.640Z&apos;[39m,
  action: [32m&apos;data_create&apos;[39m,
  details: {
    entityType: [32m&apos;transaction&apos;[39m,
    entityId: [32m&apos;85b0dc87-5f66-47ea-8a43-d6aab010bab4&apos;[39m,
    amount: [33m229.5707010566702[39m,
    category: [32m&apos;Test&apos;[39m,
    accountId: [32m&apos;main&apos;[39m
  },
  userId: [32m&apos;test-user-123&apos;[39m,
  severity: [32m&apos;low&apos;[39m,
  userAgent: [32m&apos;Mozilla/5.0 (win32) AppleWebKit/537.36 (KHTML, like Gecko) jsdom/27.3.0&apos;[39m,
  ip: [32m&apos;client_ip_unavailable&apos;[39m,
  sessionId: [32m&apos;session_1770159299405_y5lcej202&apos;[39m
}
[AUDIT: LOW] data_create {
  id: [32m&apos;audit_1770159299641_uba25buo7&apos;[39m,
  timestamp: [32m&apos;2026-02-03T22:54:59.641Z&apos;[39m,
  action: [32m&apos;data_create&apos;[39m,
  details: {
    entityType: [32m&apos;transaction&apos;[39m,
    entityId: [32m&apos;40c0be57-7257-4a44-95e8-82d0d781ad6e&apos;[39m,
    amount: [33m937.5727406248446[39m,
    category: [32m&apos;Test&apos;[39m,
    accountId: [32m&apos;main&apos;[39m
  },
  userId: [32m&apos;test-user-123&apos;[39m,
  severity: [32m&apos;low&apos;[39m,
  userAgent: [32m&apos;Mozilla/5.0 (win32) AppleWebKit/537.36 (KHTML, like Gecko) jsdom/27.3.0&apos;[39m,
  ip: [32m&apos;client_ip_unavailable&apos;[39m,
  sessionId: [32m&apos;session_1770159299405_y5lcej202&apos;[39m
}
[AUDIT: LOW] data_create {
  id: [32m&apos;audit_1770159299641_vffbiom0q&apos;[39m,
  timestamp: [32m&apos;2026-02-03T22:54:59.642Z&apos;[39m,
  action: [32m&apos;data_create&apos;[39m,
  details: {
    entityType: [32m&apos;transaction&apos;[39m,
    entityId: [32m&apos;3e0037aa-e1a8-4672-bec7-770d545ed3ab&apos;[39m,
    amount: [33m160.78244331684576[39m,
    category: [32m&apos;Test&apos;[39m,
    accountId: [32m&apos;main&apos;[39m
  },
  userId: [32m&apos;test-user-123&apos;[39m,
  severity: [32m&apos;low&apos;[39m,
  userAgent: [32m&apos;Mozilla/5.0 (win32) AppleWebKit/537.36 (KHTML, like Gecko) jsdom/27.3.0&apos;[39m,
  ip: [32m&apos;client_ip_unavailable&apos;[39m,
  sessionId: [32m&apos;session_1770159299405_y5lcej202&apos;[39m
}
[AUDIT: LOW] data_create {
  id: [32m&apos;audit_1770159299642_aekb5ttvx&apos;[39m,
  timestamp: [32m&apos;2026-02-03T22:54:59.642Z&apos;[39m,
  action: [32m&apos;data_create&apos;[39m,
  details: {
    entityType: [32m&apos;transaction&apos;[39m,
    entityId: [32m&apos;9f956c25-f162-4eb5-bf48-43bb2d8d963c&apos;[39m,
    amount: [33m15.776260356293648[39m,
    category: [32m&apos;Test&apos;[39m,
    accountId: [32m&apos;main&apos;[39m
  },
  userId: [32m&apos;test-user-123&apos;[39m,
  severity: [32m&apos;low&apos;[39m,
  userAgent: [32m&apos;Mozilla/5.0 (win32) AppleWebKit/537.36 (KHTML, like Gecko) jsdom/27.3.0&apos;[39m,
  ip: [32m&apos;client_ip_unavailable&apos;[39m,
  sessionId: [32m&apos;session_1770159299405_y5lcej202&apos;[39m
}
[AUDIT: LOW] data_create {
  id: [32m&apos;audit_1770159299646_aubsq36n6&apos;[39m,
  timestamp: [32m&apos;2026-02-03T22:54:59.646Z&apos;[39m,
  action: [32m&apos;data_create&apos;[39m,
  details: {
    entityType: [32m&apos;transaction&apos;[39m,
    entityId: [32m&apos;bd9ea775-999e-4894-ae08-09978a4b7968&apos;[39m,
    amount: [33m997.9318167761681[39m,
    category: [32m&apos;Test&apos;[39m,
    accountId: [32m&apos;main&apos;[39m
  },
  userId: [32m&apos;test-user-123&apos;[39m,
  severity: [32m&apos;low&apos;[39m,
  userAgent: [32m&apos;Mozilla/5.0 (win32) AppleWebKit/537.36 (KHTML, like Gecko) jsdom/27.3.0&apos;[39m,
  ip: [32m&apos;client_ip_unavailable&apos;[39m,
  sessionId: [32m&apos;session_1770159299405_y5lcej202&apos;[39m
}
[AUDIT: LOW] data_create {
  id: [32m&apos;audit_1770159299647_hbwponpju&apos;[39m,
  timestamp: [32m&apos;2026-02-03T22:54:59.647Z&apos;[39m,
  action: [32m&apos;data_create&apos;[39m,
  details: {
    entityType: [32m&apos;transaction&apos;[39m,
    entityId: [32m&apos;2abde1d5-fd2e-422b-a46b-c982f00bbd9d&apos;[39m,
    amount: [33m698.6924752934771[39m,
    category: [32m&apos;Test&apos;[39m,
    accountId: [32m&apos;main&apos;[39m
  },
  userId: [32m&apos;test-user-123&apos;[39m,
  severity: [32m&apos;low&apos;[39m,
  userAgent: [32m&apos;Mozilla/5.0 (win32) AppleWebKit/537.36 (KHTML, like Gecko) jsdom/27.3.0&apos;[39m,
  ip: [32m&apos;client_ip_unavailable&apos;[39m,
  sessionId: [32m&apos;session_1770159299405_y5lcej202&apos;[39m
}
[AUDIT: LOW] data_create {
  id: [32m&apos;audit_1770159299648_4iboahnao&apos;[39m,
  timestamp: [32m&apos;2026-02-03T22:54:59.648Z&apos;[39m,
  action: [32m&apos;data_create&apos;[39m,
  details: {
    entityType: [32m&apos;transaction&apos;[39m,
    entityId: [32m&apos;fc250f35-b554-4ed1-b73d-837680a4ed90&apos;[39m,
    amount: [33m593.4593501899775[39m,
    category: [32m&apos;Test&apos;[39m,
    accountId: [32m&apos;main&apos;[39m
  },
  userId: [32m&apos;test-user-123&apos;[39m,
  severity: [32m&apos;low&apos;[39m,
  userAgent: [32m&apos;Mozilla/5.0 (win32) AppleWebKit/537.36 (KHTML, like Gecko) jsdom/27.3.0&apos;[39m,
  ip: [32m&apos;client_ip_unavailable&apos;[39m,
  sessionId: [32m&apos;session_1770159299405_y5lcej202&apos;[39m
}
[AUDIT: LOW] data_create {
  id: [32m&apos;audit_1770159299649_v6p5sb0d9&apos;[39m,
  timestamp: [32m&apos;2026-02-03T22:54:59.649Z&apos;[39m,
  action: [32m&apos;data_create&apos;[39m,
  details: {
    entityType: [32m&apos;transaction&apos;[39m,
    entityId: [32m&apos;613359cd-bd86-4e14-b395-3314aa2e94ef&apos;[39m,
    amount: [33m222.22675281723258[39m,
    category: [32m&apos;Test&apos;[39m,
    accountId: [32m&apos;main&apos;[39m
  },
  userId: [32m&apos;test-user-123&apos;[39m,
  severity: [32m&apos;low&apos;[39m,
  userAgent: [32m&apos;Mozilla/5.0 (win32) AppleWebKit/537.36 (KHTML, like Gecko) jsdom/27.3.0&apos;[39m,
  ip: [32m&apos;client_ip_unavailable&apos;[39m,
  sessionId: [32m&apos;session_1770159299405_y5lcej202&apos;[39m
}
[AUDIT: LOW] data_create {
  id: [32m&apos;audit_1770159299650_yu5mfz98i&apos;[39m,
  timestamp: [32m&apos;2026-02-03T22:54:59.650Z&apos;[39m,
  action: [32m&apos;data_create&apos;[39m,
  details: {
    entityType: [32m&apos;transaction&apos;[39m,
    entityId: [32m&apos;dc8a5d94-7bd4-4ed3-82a8-e938937de4c6&apos;[39m,
    amount: [33m218.5916420910502[39m,
    category: [32m&apos;Test&apos;[39m,
    accountId: [32m&apos;main&apos;[39m
  },
  userId: [32m&apos;test-user-123&apos;[39m,
  severity: [32m&apos;low&apos;[39m,
  userAgent: [32m&apos;Mozilla/5.0 (win32) AppleWebKit/537.36 (KHTML, like Gecko) jsdom/27.3.0&apos;[39m,
  ip: [32m&apos;client_ip_unavailable&apos;[39m,
  sessionId: [32m&apos;session_1770159299405_y5lcej202&apos;[39m
}
[AUDIT: LOW] data_create {
  id: [32m&apos;audit_1770159299651_5izanyqvj&apos;[39m,
  timestamp: [32m&apos;2026-02-03T22:54:59.651Z&apos;[39m,
  action: [32m&apos;data_create&apos;[39m,
  details: {
    entityType: [32m&apos;transaction&apos;[39m,
    entityId: [32m&apos;78a41764-fc3a-4cb4-9901-653652134a75&apos;[39m,
    amount: [33m378.62079589655417[39m,
    category: [32m&apos;Test&apos;[39m,
    accountId: [32m&apos;main&apos;[39m
  },
  userId: [32m&apos;test-user-123&apos;[39m,
  severity: [32m&apos;low&apos;[39m,
  userAgent: [32m&apos;Mozilla/5.0 (win32) AppleWebKit/537.36 (KHTML, like Gecko) jsdom/27.3.0&apos;[39m,
  ip: [32m&apos;client_ip_unavailable&apos;[39m,
  sessionId: [32m&apos;session_1770159299405_y5lcej202&apos;[39m
}
[AUDIT: LOW] data_create {
  id: [32m&apos;audit_1770159299652_ovfz657ua&apos;[39m,
  timestamp: [32m&apos;2026-02-03T22:54:59.652Z&apos;[39m,
  action: [32m&apos;data_create&apos;[39m,
  details: {
    entityType: [32m&apos;transaction&apos;[39m,
    entityId: [32m&apos;89762ee3-fccd-4e43-a391-acbd457c46de&apos;[39m,
    amount: [33m238.9545935236489[39m,
    category: [32m&apos;Test&apos;[39m,
    accountId: [32m&apos;main&apos;[39m
  },
  userId: [32m&apos;test-user-123&apos;[39m,
  severity: [32m&apos;low&apos;[39m,
  userAgent: [32m&apos;Mozilla/5.0 (win32) AppleWebKit/537.36 (KHTML, like Gecko) jsdom/27.3.0&apos;[39m,
  ip: [32m&apos;client_ip_unavailable&apos;[39m,
  sessionId: [32m&apos;session_1770159299405_y5lcej202&apos;[39m
}
[AUDIT: LOW] data_create {
  id: [32m&apos;audit_1770159299653_2xg1fodkp&apos;[39m,
  timestamp: [32m&apos;2026-02-03T22:54:59.653Z&apos;[39m,
  action: [32m&apos;data_create&apos;[39m,
  details: {
    entityType: [32m&apos;transaction&apos;[39m,
    entityId: [32m&apos;044cd521-1f8c-4285-817e-9b9cb37639d9&apos;[39m,
    amount: [33m823.4281013963878[39m,
    category: [32m&apos;Test&apos;[39m,
    accountId: [32m&apos;main&apos;[39m
  },
  userId: [32m&apos;test-user-123&apos;[39m,
  severity: [32m&apos;low&apos;[39m,
  userAgent: [32m&apos;Mozilla/5.0 (win32) AppleWebKit/537.36 (KHTML, like Gecko) jsdom/27.3.0&apos;[39m,
  ip: [32m&apos;client_ip_unavailable&apos;[39m,
  sessionId: [32m&apos;session_1770159299405_y5lcej202&apos;[39m
}
[AUDIT: LOW] data_create {
  id: [32m&apos;audit_1770159299654_n30qq5jee&apos;[39m,
  timestamp: [32m&apos;2026-02-03T22:54:59.654Z&apos;[39m,
  action: [32m&apos;data_create&apos;[39m,
  details: {
    entityType: [32m&apos;transaction&apos;[39m,
    entityId: [32m&apos;a03763b2-5064-49f0-a96a-115b830f5548&apos;[39m,
    amount: [33m425.0800028429682[39m,
    category: [32m&apos;Test&apos;[39m,
    accountId: [32m&apos;main&apos;[39m
  },
  userId: [32m&apos;test-user-123&apos;[39m,
  severity: [32m&apos;low&apos;[39m,
  userAgent: [32m&apos;Mozilla/5.0 (win32) AppleWebKit/537.36 (KHTML, like Gecko) jsdom/27.3.0&apos;[39m,
  ip: [32m&apos;client_ip_unavailable&apos;[39m,
  sessionId: [32m&apos;session_1770159299405_y5lcej202&apos;[39m
}
[AUDIT: LOW] data_create {
  id: [32m&apos;audit_1770159299655_pqn5b1c8j&apos;[39m,
  timestamp: [32m&apos;2026-02-03T22:54:59.655Z&apos;[39m,
  action: [32m&apos;data_create&apos;[39m,
  details: {
    entityType: [32m&apos;transaction&apos;[39m,
    entityId: [32m&apos;3cf23596-3cac-47ff-93d1-153d4c35ee06&apos;[39m,
    amount: [33m499.50227223071795[39m,
    category: [32m&apos;Test&apos;[39m,
    accountId: [32m&apos;main&apos;[39m
  },
  userId: [32m&apos;test-user-123&apos;[39m,
  severity: [32m&apos;low&apos;[39m,
  userAgent: [32m&apos;Mozilla/5.0 (win32) AppleWebKit/537.36 (KHTML, like Gecko) jsdom/27.3.0&apos;[39m,
  ip: [32m&apos;client_ip_unavailable&apos;[39m,
  sessionId: [32m&apos;session_1770159299405_y5lcej202&apos;[39m
}
[AUDIT: LOW] data_create {
  id: [32m&apos;audit_1770159299656_9avurv4ly&apos;[39m,
  timestamp: [32m&apos;2026-02-03T22:54:59.656Z&apos;[39m,
  action: [32m&apos;data_create&apos;[39m,
  details: {
    entityType: [32m&apos;transaction&apos;[39m,
    entityId: [32m&apos;57a0c886-ad2a-4341-9cc4-02577e3acacd&apos;[39m,
    amount: [33m823.2937761604447[39m,
    category: [32m&apos;Test&apos;[39m,
    accountId: [32m&apos;main&apos;[39m
  },
  userId: [32m&apos;test-user-123&apos;[39m,
  severity: [32m&apos;low&apos;[39m,
  userAgent: [32m&apos;Mozilla/5.0 (win32) AppleWebKit/537.36 (KHTML, like Gecko) jsdom/27.3.0&apos;[39m,
  ip: [32m&apos;client_ip_unavailable&apos;[39m,
  sessionId: [32m&apos;session_1770159299405_y5lcej202&apos;[39m
}
[AUDIT: LOW] data_create {
  id: [32m&apos;audit_1770159299657_ekmgklhvv&apos;[39m,
  timestamp: [32m&apos;2026-02-03T22:54:59.657Z&apos;[39m,
  action: [32m&apos;data_create&apos;[39m,
  details: {
    entityType: [32m&apos;transaction&apos;[39m,
    entityId: [32m&apos;8a184f3a-5b12-42e2-bad9-e4e9c2d8fef6&apos;[39m,
    amount: [33m690.2625698882794[39m,
    category: [32m&apos;Test&apos;[39m,
    accountId: [32m&apos;main&apos;[39m
  },
  userId: [32m&apos;test-user-123&apos;[39m,
  severity: [32m&apos;low&apos;[39m,
  userAgent: [32m&apos;Mozilla/5.0 (win32) AppleWebKit/537.36 (KHTML, like Gecko) jsdom/27.3.0&apos;[39m,
  ip: [32m&apos;client_ip_unavailable&apos;[39m,
  sessionId: [32m&apos;session_1770159299405_y5lcej202&apos;[39m
}
[AUDIT: LOW] data_create {
  id: [32m&apos;audit_1770159299658_mu8uwxb9f&apos;[39m,
  timestamp: [32m&apos;2026-02-03T22:54:59.658Z&apos;[39m,
  action: [32m&apos;data_create&apos;[39m,
  details: {
    entityType: [32m&apos;transaction&apos;[39m,
    entityId: [32m&apos;103c2c36-88c1-447a-be3e-2208a3205cf2&apos;[39m,
    amount: [33m3.4913283644926185[39m,
    category: [32m&apos;Test&apos;[39m,
    accountId: [32m&apos;main&apos;[39m
  },
  userId: [32m&apos;test-user-123&apos;[39m,
  severity: [32m&apos;low&apos;[39m,
  userAgent: [32m&apos;Mozilla/5.0 (win32) AppleWebKit/537.36 (KHTML, like Gecko) jsdom/27.3.0&apos;[39m,
  ip: [32m&apos;client_ip_unavailable&apos;[39m,
  sessionId: [32m&apos;session_1770159299405_y5lcej202&apos;[39m
}
[AUDIT: LOW] data_create {
  id: [32m&apos;audit_1770159299659_kswldn5tx&apos;[39m,
  timestamp: [32m&apos;2026-02-03T22:54:59.659Z&apos;[39m,
  action: [32m&apos;data_create&apos;[39m,
  details: {
    entityType: [32m&apos;transaction&apos;[39m,
    entityId: [32m&apos;cc63ac97-c8b6-43d9-9bd7-53e856355efa&apos;[39m,
    amount: [33m572.8300972648736[39m,
    category: [32m&apos;Test&apos;[39m,
    accountId: [32m&apos;main&apos;[39m
  },
  userId: [32m&apos;test-user-123&apos;[39m,
  severity: [32m&apos;low&apos;[39m,
  userAgent: [32m&apos;Mozilla/5.0 (win32) AppleWebKit/537.36 (KHTML, like Gecko) jsdom/27.3.0&apos;[39m,
  ip: [32m&apos;client_ip_unavailable&apos;[39m,
  sessionId: [32m&apos;session_1770159299405_y5lcej202&apos;[39m
}
[AUDIT: LOW] data_create {
  id: [32m&apos;audit_1770159299660_90t62mthq&apos;[39m,
  timestamp: [32m&apos;2026-02-03T22:54:59.660Z&apos;[39m,
  action: [32m&apos;data_create&apos;[39m,
  details: {
    entityType: [32m&apos;transaction&apos;[39m,
    entityId: [32m&apos;9a287fe4-a616-41bb-957c-e084deb60372&apos;[39m,
    amount: [33m264.4225144491098[39m,
    category: [32m&apos;Test&apos;[39m,
    accountId: [32m&apos;main&apos;[39m
  },
  userId: [32m&apos;test-user-123&apos;[39m,
  severity: [32m&apos;low&apos;[39m,
  userAgent: [32m&apos;Mozilla/5.0 (win32) AppleWebKit/537.36 (KHTML, like Gecko) jsdom/27.3.0&apos;[39m,
  ip: [32m&apos;client_ip_unavailable&apos;[39m,
  sessionId: [32m&apos;session_1770159299405_y5lcej202&apos;[39m
}
[AUDIT: LOW] data_create {
  id: [32m&apos;audit_1770159299661_cl4buheuy&apos;[39m,
  timestamp: [32m&apos;2026-02-03T22:54:59.661Z&apos;[39m,
  action: [32m&apos;data_create&apos;[39m,
  details: {
    entityType: [32m&apos;transaction&apos;[39m,
    entityId: [32m&apos;3bd8f92c-5ca0-4ee5-8d25-d9facc3d6d45&apos;[39m,
    amount: [33m662.8105010465046[39m,
    category: [32m&apos;Test&apos;[39m,
    accountId: [32m&apos;main&apos;[39m
  },
  userId: [32m&apos;test-user-123&apos;[39m,
  severity: [32m&apos;low&apos;[39m,
  userAgent: [32m&apos;Mozilla/5.0 (win32) AppleWebKit/537.36 (KHTML, like Gecko) jsdom/27.3.0&apos;[39m,
  ip: [32m&apos;client_ip_unavailable&apos;[39m,
  sessionId: [32m&apos;session_1770159299405_y5lcej202&apos;[39m
}
[AUDIT: LOW] data_create {
  id: [32m&apos;audit_1770159299662_apeem7vs7&apos;[39m,
  timestamp: [32m&apos;2026-02-03T22:54:59.662Z&apos;[39m,
  action: [32m&apos;data_create&apos;[39m,
  details: {
    entityType: [32m&apos;transaction&apos;[39m,
    entityId: [32m&apos;7d482970-27f6-42ea-8222-56c442b50019&apos;[39m,
    amount: [33m997.7231125640056[39m,
    category: [32m&apos;Test&apos;[39m,
    accountId: [32m&apos;main&apos;[39m
  },
  userId: [32m&apos;test-user-123&apos;[39m,
  severity: [32m&apos;low&apos;[39m,
  userAgent: [32m&apos;Mozilla/5.0 (win32) AppleWebKit/537.36 (KHTML, like Gecko) jsdom/27.3.0&apos;[39m,
  ip: [32m&apos;client_ip_unavailable&apos;[39m,
  sessionId: [32m&apos;session_1770159299405_y5lcej202&apos;[39m
}
[AUDIT: LOW] data_create {
  id: [32m&apos;audit_1770159299663_jsy1ganmt&apos;[39m,
  timestamp: [32m&apos;2026-02-03T22:54:59.663Z&apos;[39m,
  action: [32m&apos;data_create&apos;[39m,
  details: {
    entityType: [32m&apos;transaction&apos;[39m,
    entityId: [32m&apos;33551b13-46e3-4499-a68a-932c9b2f3336&apos;[39m,
    amount: [33m26.59241111873556[39m,
    category: [32m&apos;Test&apos;[39m,
    accountId: [32m&apos;main&apos;[39m
  },
  userId: [32m&apos;test-user-123&apos;[39m,
  severity: [32m&apos;low&apos;[39m,
  userAgent: [32m&apos;Mozilla/5.0 (win32) AppleWebKit/537.36 (KHTML, like Gecko) jsdom/27.3.0&apos;[39m,
  ip: [32m&apos;client_ip_unavailable&apos;[39m,
  sessionId: [32m&apos;session_1770159299405_y5lcej202&apos;[39m
}
[AUDIT: LOW] data_create {
  id: [32m&apos;audit_1770159299665_a9ct0560k&apos;[39m,
  timestamp: [32m&apos;2026-02-03T22:54:59.665Z&apos;[39m,
  action: [32m&apos;data_create&apos;[39m,
  details: {
    entityType: [32m&apos;transaction&apos;[39m,
    entityId: [32m&apos;afe3a177-cf6f-450d-a0cd-e3e263b48d6d&apos;[39m,
    amount: [33m422.60486890816253[39m,
    category: [32m&apos;Test&apos;[39m,
    accountId: [32m&apos;main&apos;[39m
  },
  userId: [32m&apos;test-user-123&apos;[39m,
  severity: [32m&apos;low&apos;[39m,
  userAgent: [32m&apos;Mozilla/5.0 (win32) AppleWebKit/537.36 (KHTML, like Gecko) jsdom/27.3.0&apos;[39m,
  ip: [32m&apos;client_ip_unavailable&apos;[39m,
  sessionId: [32m&apos;session_1770159299405_y5lcej202&apos;[39m
}
[AUDIT: LOW] data_create {
  id: [32m&apos;audit_1770159299666_6a11koqv5&apos;[39m,
  timestamp: [32m&apos;2026-02-03T22:54:59.666Z&apos;[39m,
  action: [32m&apos;data_create&apos;[39m,
  details: {
    entityType: [32m&apos;transaction&apos;[39m,
    entityId: [32m&apos;f7a8594f-bb7a-4eb9-baed-2c394047a7e6&apos;[39m,
    amount: [33m441.6093956323467[39m,
    category: [32m&apos;Test&apos;[39m,
    accountId: [32m&apos;main&apos;[39m
  },
  userId: [32m&apos;test-user-123&apos;[39m,
  severity: [32m&apos;low&apos;[39m,
  userAgent: [32m&apos;Mozilla/5.0 (win32) AppleWebKit/537.36 (KHTML, like Gecko) jsdom/27.3.0&apos;[39m,
  ip: [32m&apos;client_ip_unavailable&apos;[39m,
  sessionId: [32m&apos;session_1770159299405_y5lcej202&apos;[39m
}
[AUDIT: LOW] data_create {
  id: [32m&apos;audit_1770159299668_8dmpz70yc&apos;[39m,
  timestamp: [32m&apos;2026-02-03T22:54:59.668Z&apos;[39m,
  action: [32m&apos;data_create&apos;[39m,
  details: {
    entityType: [32m&apos;transaction&apos;[39m,
    entityId: [32m&apos;e760fd26-9d41-46b9-aa3d-55b33467e6e4&apos;[39m,
    amount: [33m238.51515361070463[39m,
    category: [32m&apos;Test&apos;[39m,
    accountId: [32m&apos;main&apos;[39m
  },
  userId: [32m&apos;test-user-123&apos;[39m,
  severity: [32m&apos;low&apos;[39m,
  userAgent: [32m&apos;Mozilla/5.0 (win32) AppleWebKit/537.36 (KHTML, like Gecko) jsdom/27.3.0&apos;[39m,
  ip: [32m&apos;client_ip_unavailable&apos;[39m,
  sessionId: [32m&apos;session_1770159299405_y5lcej202&apos;[39m
}
[AUDIT: LOW] data_create {
  id: [32m&apos;audit_1770159299669_1mfrucpus&apos;[39m,
  timestamp: [32m&apos;2026-02-03T22:54:59.669Z&apos;[39m,
  action: [32m&apos;data_create&apos;[39m,
  details: {
    entityType: [32m&apos;transaction&apos;[39m,
    entityId: [32m&apos;02d448b0-481a-4015-b2d8-f06e34016952&apos;[39m,
    amount: [33m553.5161205063586[39m,
    category: [32m&apos;Test&apos;[39m,
    accountId: [32m&apos;main&apos;[39m
  },
  userId: [32m&apos;test-user-123&apos;[39m,
  severity: [32m&apos;low&apos;[39m,
  userAgent: [32m&apos;Mozilla/5.0 (win32) AppleWebKit/537.36 (KHTML, like Gecko) jsdom/27.3.0&apos;[39m,
  ip: [32m&apos;client_ip_unavailable&apos;[39m,
  sessionId: [32m&apos;session_1770159299405_y5lcej202&apos;[39m
}
[AUDIT: LOW] data_create {
  id: [32m&apos;audit_1770159299670_rv8yo44wb&apos;[39m,
  timestamp: [32m&apos;2026-02-03T22:54:59.670Z&apos;[39m,
  action: [32m&apos;data_create&apos;[39m,
  details: {
    entityType: [32m&apos;transaction&apos;[39m,
    entityId: [32m&apos;51ab8398-9a75-4d2d-a481-01f93c9f3d8e&apos;[39m,
    amount: [33m46.60758158262568[39m,
    category: [32m&apos;Test&apos;[39m,
    accountId: [32m&apos;main&apos;[39m
  },
  userId: [32m&apos;test-user-123&apos;[39m,
  severity: [32m&apos;low&apos;[39m,
  userAgent: [32m&apos;Mozilla/5.0 (win32) AppleWebKit/537.36 (KHTML, like Gecko) jsdom/27.3.0&apos;[39m,
  ip: [32m&apos;client_ip_unavailable&apos;[39m,
  sessionId: [32m&apos;session_1770159299405_y5lcej202&apos;[39m
}
[AUDIT: LOW] data_create {
  id: [32m&apos;audit_1770159299672_hg3xgp40o&apos;[39m,
  timestamp: [32m&apos;2026-02-03T22:54:59.672Z&apos;[39m,
  action: [32m&apos;data_create&apos;[39m,
  details: {
    entityType: [32m&apos;transaction&apos;[39m,
    entityId: [32m&apos;958d6c40-6fe1-4e0a-9da4-09b42246bfb3&apos;[39m,
    amount: [33m326.1556425785446[39m,
    category: [32m&apos;Test&apos;[39m,
    accountId: [32m&apos;main&apos;[39m
  },
  userId: [32m&apos;test-user-123&apos;[39m,
  severity: [32m&apos;low&apos;[39m,
  userAgent: [32m&apos;Mozilla/5.0 (win32) AppleWebKit/537.36 (KHTML, like Gecko) jsdom/27.3.0&apos;[39m,
  ip: [32m&apos;client_ip_unavailable&apos;[39m,
  sessionId: [32m&apos;session_1770159299405_y5lcej202&apos;[39m
}
[AUDIT: LOW] data_create {
  id: [32m&apos;audit_1770159299673_l8wsbruex&apos;[39m,
  timestamp: [32m&apos;2026-02-03T22:54:59.673Z&apos;[39m,
  action: [32m&apos;data_create&apos;[39m,
  details: {
    entityType: [32m&apos;transaction&apos;[39m,
    entityId: [32m&apos;bc57aea8-4870-4a8b-b4ab-dbe7adb9714a&apos;[39m,
    amount: [33m702.0783327386463[39m,
    category: [32m&apos;Test&apos;[39m,
    accountId: [32m&apos;main&apos;[39m
  },
  userId: [32m&apos;test-user-123&apos;[39m,
  severity: [32m&apos;low&apos;[39m,
  userAgent: [32m&apos;Mozilla/5.0 (win32) AppleWebKit/537.36 (KHTML, like Gecko) jsdom/27.3.0&apos;[39m,
  ip: [32m&apos;client_ip_unavailable&apos;[39m,
  sessionId: [32m&apos;session_1770159299405_y5lcej202&apos;[39m
}
[AUDIT: LOW] data_create {
  id: [32m&apos;audit_1770159299674_9rv6vatv5&apos;[39m,
  timestamp: [32m&apos;2026-02-03T22:54:59.674Z&apos;[39m,
  action: [32m&apos;data_create&apos;[39m,
  details: {
    entityType: [32m&apos;transaction&apos;[39m,
    entityId: [32m&apos;4cab76c8-ac5f-4565-a1f2-36d0cb5da30f&apos;[39m,
    amount: [33m336.2300055283879[39m,
    category: [32m&apos;Test&apos;[39m,
    accountId: [32m&apos;main&apos;[39m
  },
  userId: [32m&apos;test-user-123&apos;[39m,
  severity: [32m&apos;low&apos;[39m,
  userAgent: [32m&apos;Mozilla/5.0 (win32) AppleWebKit/537.36 (KHTML, like Gecko) jsdom/27.3.0&apos;[39m,
  ip: [32m&apos;client_ip_unavailable&apos;[39m,
  sessionId: [32m&apos;session_1770159299405_y5lcej202&apos;[39m
}
[AUDIT: LOW] data_create {
  id: [32m&apos;audit_1770159299675_27mgymf70&apos;[39m,
  timestamp: [32m&apos;2026-02-03T22:54:59.675Z&apos;[39m,
  action: [32m&apos;data_create&apos;[39m,
  details: {
    entityType: [32m&apos;transaction&apos;[39m,
    entityId: [32m&apos;ed430153-077b-4ba5-8e02-1d684910364e&apos;[39m,
    amount: [33m151.1809542352437[39m,
    category: [32m&apos;Test&apos;[39m,
    accountId: [32m&apos;main&apos;[39m
  },
  userId: [32m&apos;test-user-123&apos;[39m,
  severity: [32m&apos;low&apos;[39m,
  userAgent: [32m&apos;Mozilla/5.0 (win32) AppleWebKit/537.36 (KHTML, like Gecko) jsdom/27.3.0&apos;[39m,
  ip: [32m&apos;client_ip_unavailable&apos;[39m,
  sessionId: [32m&apos;session_1770159299405_y5lcej202&apos;[39m
}
[AUDIT: LOW] data_create {
  id: [32m&apos;audit_1770159299676_d8671sw95&apos;[39m,
  timestamp: [32m&apos;2026-02-03T22:54:59.676Z&apos;[39m,
  action: [32m&apos;data_create&apos;[39m,
  details: {
    entityType: [32m&apos;transaction&apos;[39m,
    entityId: [32m&apos;c47e719b-d21a-4b89-b556-9b5e4bc77122&apos;[39m,
    amount: [33m544.1691856512084[39m,
    category: [32m&apos;Test&apos;[39m,
    accountId: [32m&apos;main&apos;[39m
  },
  userId: [32m&apos;test-user-123&apos;[39m,
  severity: [32m&apos;low&apos;[39m,
  userAgent: [32m&apos;Mozilla/5.0 (win32) AppleWebKit/537.36 (KHTML, like Gecko) jsdom/27.3.0&apos;[39m,
  ip: [32m&apos;client_ip_unavailable&apos;[39m,
  sessionId: [32m&apos;session_1770159299405_y5lcej202&apos;[39m
}
[AUDIT: LOW] data_create {
  id: [32m&apos;audit_1770159299678_ec7o7cncw&apos;[39m,
  timestamp: [32m&apos;2026-02-03T22:54:59.678Z&apos;[39m,
  action: [32m&apos;data_create&apos;[39m,
  details: {
    entityType: [32m&apos;transaction&apos;[39m,
    entityId: [32m&apos;387939d4-f6e2-463c-80cc-2108dcb68807&apos;[39m,
    amount: [33m674.9123340600297[39m,
    category: [32m&apos;Test&apos;[39m,
    accountId: [32m&apos;main&apos;[39m
  },
  userId: [32m&apos;test-user-123&apos;[39m,
  severity: [32m&apos;low&apos;[39m,
  userAgent: [32m&apos;Mozilla/5.0 (win32) AppleWebKit/537.36 (KHTML, like Gecko) jsdom/27.3.0&apos;[39m,
  ip: [32m&apos;client_ip_unavailable&apos;[39m,
  sessionId: [32m&apos;session_1770159299405_y5lcej202&apos;[39m
}
[AUDIT: LOW] data_create {
  id: [32m&apos;audit_1770159299679_4tmc7f5id&apos;[39m,
  timestamp: [32m&apos;2026-02-03T22:54:59.679Z&apos;[39m,
  action: [32m&apos;data_create&apos;[39m,
  details: {
    entityType: [32m&apos;transaction&apos;[39m,
    entityId: [32m&apos;559e18f2-c5d5-44c5-96b0-fba256a1f078&apos;[39m,
    amount: [33m468.4464113773623[39m,
    category: [32m&apos;Test&apos;[39m,
    accountId: [32m&apos;main&apos;[39m
  },
  userId: [32m&apos;test-user-123&apos;[39m,
  severity: [32m&apos;low&apos;[39m,
  userAgent: [32m&apos;Mozilla/5.0 (win32) AppleWebKit/537.36 (KHTML, like Gecko) jsdom/27.3.0&apos;[39m,
  ip: [32m&apos;client_ip_unavailable&apos;[39m,
  sessionId: [32m&apos;session_1770159299405_y5lcej202&apos;[39m
}
[AUDIT: LOW] data_create {
  id: [32m&apos;audit_1770159299680_h4ce6cks4&apos;[39m,
  timestamp: [32m&apos;2026-02-03T22:54:59.680Z&apos;[39m,
  action: [32m&apos;data_create&apos;[39m,
  details: {
    entityType: [32m&apos;transaction&apos;[39m,
    entityId: [32m&apos;f314956e-14ff-48de-898c-505ec975fbd1&apos;[39m,
    amount: [33m694.8798200044023[39m,
    category: [32m&apos;Test&apos;[39m,
    accountId: [32m&apos;main&apos;[39m
  },
  userId: [32m&apos;test-user-123&apos;[39m,
  severity: [32m&apos;low&apos;[39m,
  userAgent: [32m&apos;Mozilla/5.0 (win32) AppleWebKit/537.36 (KHTML, like Gecko) jsdom/27.3.0&apos;[39m,
  ip: [32m&apos;client_ip_unavailable&apos;[39m,
  sessionId: [32m&apos;session_1770159299405_y5lcej202&apos;[39m
}
[AUDIT: LOW] data_create {
  id: [32m&apos;audit_1770159299681_2c2uykh5m&apos;[39m,
  timestamp: [32m&apos;2026-02-03T22:54:59.681Z&apos;[39m,
  action: [32m&apos;data_create&apos;[39m,
  details: {
    entityType: [32m&apos;transaction&apos;[39m,
    entityId: [32m&apos;31e9792a-6412-4ed6-b2c4-557a82fdfd32&apos;[39m,
    amount: [33m372.376394159477[39m,
    category: [32m&apos;Test&apos;[39m,
    accountId: [32m&apos;main&apos;[39m
  },
  userId: [32m&apos;test-user-123&apos;[39m,
  severity: [32m&apos;low&apos;[39m,
  userAgent: [32m&apos;Mozilla/5.0 (win32) AppleWebKit/537.36 (KHTML, like Gecko) jsdom/27.3.0&apos;[39m,
  ip: [32m&apos;client_ip_unavailable&apos;[39m,
  sessionId: [32m&apos;session_1770159299405_y5lcej202&apos;[39m
}
[AUDIT: LOW] data_create {
  id: [32m&apos;audit_1770159299682_6aa2m3p9w&apos;[39m,
  timestamp: [32m&apos;2026-02-03T22:54:59.682Z&apos;[39m,
  action: [32m&apos;data_create&apos;[39m,
  details: {
    entityType: [32m&apos;transaction&apos;[39m,
    entityId: [32m&apos;486b13fa-ba94-441d-9005-678dd8e2a16e&apos;[39m,
    amount: [33m883.5787831447184[39m,
    category: [32m&apos;Test&apos;[39m,
    accountId: [32m&apos;main&apos;[39m
  },
  userId: [32m&apos;test-user-123&apos;[39m,
  severity: [32m&apos;low&apos;[39m,
  userAgent: [32m&apos;Mozilla/5.0 (win32) AppleWebKit/537.36 (KHTML, like Gecko) jsdom/27.3.0&apos;[39m,
  ip: [32m&apos;client_ip_unavailable&apos;[39m,
  sessionId: [32m&apos;session_1770159299405_y5lcej202&apos;[39m
}
[AUDIT: LOW] data_create {
  id: [32m&apos;audit_1770159299684_gpu9dw3oq&apos;[39m,
  timestamp: [32m&apos;2026-02-03T22:54:59.684Z&apos;[39m,
  action: [32m&apos;data_create&apos;[39m,
  details: {
    entityType: [32m&apos;transaction&apos;[39m,
    entityId: [32m&apos;3253a795-6861-47fc-8087-d41e5ea46fd5&apos;[39m,
    amount: [33m512.763052309494[39m,
    category: [32m&apos;Test&apos;[39m,
    accountId: [32m&apos;main&apos;[39m
  },
  userId: [32m&apos;test-user-123&apos;[39m,
  severity: [32m&apos;low&apos;[39m,
  userAgent: [32m&apos;Mozilla/5.0 (win32) AppleWebKit/537.36 (KHTML, like Gecko) jsdom/27.3.0&apos;[39m,
  ip: [32m&apos;client_ip_unavailable&apos;[39m,
  sessionId: [32m&apos;session_1770159299405_y5lcej202&apos;[39m
}
[AUDIT: LOW] data_create {
  id: [32m&apos;audit_1770159299686_olnedcm11&apos;[39m,
  timestamp: [32m&apos;2026-02-03T22:54:59.686Z&apos;[39m,
  action: [32m&apos;data_create&apos;[39m,
  details: {
    entityType: [32m&apos;transaction&apos;[39m,
    entityId: [32m&apos;adb44f36-0088-45e0-bb8d-2dfb881f8af7&apos;[39m,
    amount: [33m478.93072475071665[39m,
    category: [32m&apos;Test&apos;[39m,
    accountId: [32m&apos;main&apos;[39m
  },
  userId: [32m&apos;test-user-123&apos;[39m,
  severity: [32m&apos;low&apos;[39m,
  userAgent: [32m&apos;Mozilla/5.0 (win32) AppleWebKit/537.36 (KHTML, like Gecko) jsdom/27.3.0&apos;[39m,
  ip: [32m&apos;client_ip_unavailable&apos;[39m,
  sessionId: [32m&apos;session_1770159299405_y5lcej202&apos;[39m
}
[AUDIT: LOW] data_create {
  id: [32m&apos;audit_1770159299688_vvnm7gjeb&apos;[39m,
  timestamp: [32m&apos;2026-02-03T22:54:59.688Z&apos;[39m,
  action: [32m&apos;data_create&apos;[39m,
  details: {
    entityType: [32m&apos;transaction&apos;[39m,
    entityId: [32m&apos;bb29b67d-c016-40fd-b779-68b9f099ff11&apos;[39m,
    amount: [33m226.25574479182276[39m,
    category: [32m&apos;Test&apos;[39m,
    accountId: [32m&apos;main&apos;[39m
  },
  userId: [32m&apos;test-user-123&apos;[39m,
  severity: [32m&apos;low&apos;[39m,
  userAgent: [32m&apos;Mozilla/5.0 (win32) AppleWebKit/537.36 (KHTML, like Gecko) jsdom/27.3.0&apos;[39m,
  ip: [32m&apos;client_ip_unavailable&apos;[39m,
  sessionId: [32m&apos;session_1770159299405_y5lcej202&apos;[39m
}
[AUDIT: LOW] data_create {
  id: [32m&apos;audit_1770159299715_7hb3r0vza&apos;[39m,
  timestamp: [32m&apos;2026-02-03T22:54:59.715Z&apos;[39m,
  action: [32m&apos;data_create&apos;[39m,
  details: {
    entityType: [32m&apos;transaction&apos;[39m,
    entityId: [32m&apos;78fbf57a-faa3-4d13-9186-51902399b99f&apos;[39m,
    amount: [33m829.3321836971271[39m,
    category: [32m&apos;Test&apos;[39m,
    accountId: [32m&apos;main&apos;[39m
  },
  userId: [32m&apos;test-user-123&apos;[39m,
  severity: [32m&apos;low&apos;[39m,
  userAgent: [32m&apos;Mozilla/5.0 (win32) AppleWebKit/537.36 (KHTML, like Gecko) jsdom/27.3.0&apos;[39m,
  ip: [32m&apos;client_ip_unavailable&apos;[39m,
  sessionId: [32m&apos;session_1770159299405_y5lcej202&apos;[39m
}
[AUDIT: LOW] data_create {
  id: [32m&apos;audit_1770159299716_ru6nxq7u6&apos;[39m,
  timestamp: [32m&apos;2026-02-03T22:54:59.716Z&apos;[39m,
  action: [32m&apos;data_create&apos;[39m,
  details: {
    entityType: [32m&apos;transaction&apos;[39m,
    entityId: [32m&apos;bdb1726c-3e9a-48bb-a5b6-5de97dbba77f&apos;[39m,
    amount: [33m223.44301109661924[39m,
    category: [32m&apos;Test&apos;[39m,
    accountId: [32m&apos;main&apos;[39m
  },
  userId: [32m&apos;test-user-123&apos;[39m,
  severity: [32m&apos;low&apos;[39m,
  userAgent: [32m&apos;Mozilla/5.0 (win32) AppleWebKit/537.36 (KHTML, like Gecko) jsdom/27.3.0&apos;[39m,
  ip: [32m&apos;client_ip_unavailable&apos;[39m,
  sessionId: [32m&apos;session_1770159299405_y5lcej202&apos;[39m
}
[AUDIT: LOW] data_create {
  id: [32m&apos;audit_1770159299724_go9r4yvu4&apos;[39m,
  timestamp: [32m&apos;2026-02-03T22:54:59.724Z&apos;[39m,
  action: [32m&apos;data_create&apos;[39m,
  details: {
    entityType: [32m&apos;transaction&apos;[39m,
    entityId: [32m&apos;56faed26-f6d1-4b7c-ac96-8187e82dae21&apos;[39m,
    amount: [33m525.1000426070567[39m,
    category: [32m&apos;Test&apos;[39m,
    accountId: [32m&apos;main&apos;[39m
  },
  userId: [32m&apos;test-user-123&apos;[39m,
  severity: [32m&apos;low&apos;[39m,
  userAgent: [32m&apos;Mozilla/5.0 (win32) AppleWebKit/537.36 (KHTML, like Gecko) jsdom/27.3.0&apos;[39m,
  ip: [32m&apos;client_ip_unavailable&apos;[39m,
  sessionId: [32m&apos;session_1770159299405_y5lcej202&apos;[39m
}
[AUDIT: LOW] data_create {
  id: [32m&apos;audit_1770159299725_f62arl7ox&apos;[39m,
  timestamp: [32m&apos;2026-02-03T22:54:59.725Z&apos;[39m,
  action: [32m&apos;data_create&apos;[39m,
  details: {
    entityType: [32m&apos;transaction&apos;[39m,
    entityId: [32m&apos;2e772ecb-e30c-484a-b1d7-7258be3fc89b&apos;[39m,
    amount: [33m167.04697423247583[39m,
    category: [32m&apos;Test&apos;[39m,
    accountId: [32m&apos;main&apos;[39m
  },
  userId: [32m&apos;test-user-123&apos;[39m,
  severity: [32m&apos;low&apos;[39m,
  userAgent: [32m&apos;Mozilla/5.0 (win32) AppleWebKit/537.36 (KHTML, like Gecko) jsdom/27.3.0&apos;[39m,
  ip: [32m&apos;client_ip_unavailable&apos;[39m,
  sessionId: [32m&apos;session_1770159299405_y5lcej202&apos;[39m
}
[AUDIT: LOW] data_create {
  id: [32m&apos;audit_1770159299727_k74nzb3yj&apos;[39m,
  timestamp: [32m&apos;2026-02-03T22:54:59.727Z&apos;[39m,
  action: [32m&apos;data_create&apos;[39m,
  details: {
    entityType: [32m&apos;transaction&apos;[39m,
    entityId: [32m&apos;9c18b6b8-6913-4e2b-815d-7908e495fc87&apos;[39m,
    amount: [33m585.2630406097447[39m,
    category: [32m&apos;Test&apos;[39m,
    accountId: [32m&apos;main&apos;[39m
  },
  userId: [32m&apos;test-user-123&apos;[39m,
  severity: [32m&apos;low&apos;[39m,
  userAgent: [32m&apos;Mozilla/5.0 (win32) AppleWebKit/537.36 (KHTML, like Gecko) jsdom/27.3.0&apos;[39m,
  ip: [32m&apos;client_ip_unavailable&apos;[39m,
  sessionId: [32m&apos;session_1770159299405_y5lcej202&apos;[39m
}
[AUDIT: LOW] data_create {
  id: [32m&apos;audit_1770159299728_7q21t3hfu&apos;[39m,
  timestamp: [32m&apos;2026-02-03T22:54:59.728Z&apos;[39m,
  action: [32m&apos;data_create&apos;[39m,
  details: {
    entityType: [32m&apos;transaction&apos;[39m,
    entityId: [32m&apos;951077b4-bd0e-4b0f-b64f-23f9260e3060&apos;[39m,
    amount: [33m565.8766253860581[39m,
    category: [32m&apos;Test&apos;[39m,
    accountId: [32m&apos;main&apos;[39m
  },
  userId: [32m&apos;test-user-123&apos;[39m,
  severity: [32m&apos;low&apos;[39m,
  userAgent: [32m&apos;Mozilla/5.0 (win32) AppleWebKit/537.36 (KHTML, like Gecko) jsdom/27.3.0&apos;[39m,
  ip: [32m&apos;client_ip_unavailable&apos;[39m,
  sessionId: [32m&apos;session_1770159299405_y5lcej202&apos;[39m
}
[AUDIT: LOW] data_create {
  id: [32m&apos;audit_1770159299729_rtv3r0lmn&apos;[39m,
  timestamp: [32m&apos;2026-02-03T22:54:59.729Z&apos;[39m,
  action: [32m&apos;data_create&apos;[39m,
  details: {
    entityType: [32m&apos;transaction&apos;[39m,
    entityId: [32m&apos;cb6dd9d9-dbac-4435-b4dd-bfdd7e66dce8&apos;[39m,
    amount: [33m600.5931630770483[39m,
    category: [32m&apos;Test&apos;[39m,
    accountId: [32m&apos;main&apos;[39m
  },
  userId: [32m&apos;test-user-123&apos;[39m,
  severity: [32m&apos;low&apos;[39m,
  userAgent: [32m&apos;Mozilla/5.0 (win32) AppleWebKit/537.36 (KHTML, like Gecko) jsdom/27.3.0&apos;[39m,
  ip: [32m&apos;client_ip_unavailable&apos;[39m,
  sessionId: [32m&apos;session_1770159299405_y5lcej202&apos;[39m
}
[AUDIT: LOW] data_create {
  id: [32m&apos;audit_1770159299731_zuzmoopxx&apos;[39m,
  timestamp: [32m&apos;2026-02-03T22:54:59.731Z&apos;[39m,
  action: [32m&apos;data_create&apos;[39m,
  details: {
    entityType: [32m&apos;transaction&apos;[39m,
    entityId: [32m&apos;55afe7b9-3f64-4ecd-aa0c-40158e3f3f20&apos;[39m,
    amount: [33m180.46523965278638[39m,
    category: [32m&apos;Test&apos;[39m,
    accountId: [32m&apos;main&apos;[39m
  },
  userId: [32m&apos;test-user-123&apos;[39m,
  severity: [32m&apos;low&apos;[39m,
  userAgent: [32m&apos;Mozilla/5.0 (win32) AppleWebKit/537.36 (KHTML, like Gecko) jsdom/27.3.0&apos;[39m,
  ip: [32m&apos;client_ip_unavailable&apos;[39m,
  sessionId: [32m&apos;session_1770159299405_y5lcej202&apos;[39m
}
[AUDIT: LOW] data_create {
  id: [32m&apos;audit_1770159299733_5anxivt27&apos;[39m,
  timestamp: [32m&apos;2026-02-03T22:54:59.733Z&apos;[39m,
  action: [32m&apos;data_create&apos;[39m,
  details: {
    entityType: [32m&apos;transaction&apos;[39m,
    entityId: [32m&apos;1d1f4b03-89eb-438b-891e-dc5b6479baa7&apos;[39m,
    amount: [33m806.2986701757811[39m,
    category: [32m&apos;Test&apos;[39m,
    accountId: [32m&apos;main&apos;[39m
  },
  userId: [32m&apos;test-user-123&apos;[39m,
  severity: [32m&apos;low&apos;[39m,
  userAgent: [32m&apos;Mozilla/5.0 (win32) AppleWebKit/537.36 (KHTML, like Gecko) jsdom/27.3.0&apos;[39m,
  ip: [32m&apos;client_ip_unavailable&apos;[39m,
  sessionId: [32m&apos;session_1770159299405_y5lcej202&apos;[39m
}
[AUDIT: LOW] data_create {
  id: [32m&apos;audit_1770159299735_v6cos2ve1&apos;[39m,
  timestamp: [32m&apos;2026-02-03T22:54:59.735Z&apos;[39m,
  action: [32m&apos;data_create&apos;[39m,
  details: {
    entityType: [32m&apos;transaction&apos;[39m,
    entityId: [32m&apos;18730c76-32ec-4cb5-8ac1-718c072ea06e&apos;[39m,
    amount: [33m289.10871331773046[39m,
    category: [32m&apos;Test&apos;[39m,
    accountId: [32m&apos;main&apos;[39m
  },
  userId: [32m&apos;test-user-123&apos;[39m,
  severity: [32m&apos;low&apos;[39m,
  userAgent: [32m&apos;Mozilla/5.0 (win32) AppleWebKit/537.36 (KHTML, like Gecko) jsdom/27.3.0&apos;[39m,
  ip: [32m&apos;client_ip_unavailable&apos;[39m,
  sessionId: [32m&apos;session_1770159299405_y5lcej202&apos;[39m
}
[AUDIT: LOW] data_create {
  id: [32m&apos;audit_1770159299737_z4wiqvhoh&apos;[39m,
  timestamp: [32m&apos;2026-02-03T22:54:59.737Z&apos;[39m,
  action: [32m&apos;data_create&apos;[39m,
  details: {
    entityType: [32m&apos;transaction&apos;[39m,
    entityId: [32m&apos;fe804053-6f1d-4670-b0de-e9825f2fdc2a&apos;[39m,
    amount: [33m984.6157396188278[39m,
    category: [32m&apos;Test&apos;[39m,
    accountId: [32m&apos;main&apos;[39m
  },
  userId: [32m&apos;test-user-123&apos;[39m,
  severity: [32m&apos;low&apos;[39m,
  userAgent: [32m&apos;Mozilla/5.0 (win32) AppleWebKit/537.36 (KHTML, like Gecko) jsdom/27.3.0&apos;[39m,
  ip: [32m&apos;client_ip_unavailable&apos;[39m,
  sessionId: [32m&apos;session_1770159299405_y5lcej202&apos;[39m
}
[AUDIT: LOW] data_create {
  id: [32m&apos;audit_1770159299738_a716l5bjx&apos;[39m,
  timestamp: [32m&apos;2026-02-03T22:54:59.738Z&apos;[39m,
  action: [32m&apos;data_create&apos;[39m,
  details: {
    entityType: [32m&apos;transaction&apos;[39m,
    entityId: [32m&apos;bec96e6c-ee69-41bc-8697-b13c90bbb357&apos;[39m,
    amount: [33m448.155017902217[39m,
    category: [32m&apos;Test&apos;[39m,
    accountId: [32m&apos;main&apos;[39m
  },
  userId: [32m&apos;test-user-123&apos;[39m,
  severity: [32m&apos;low&apos;[39m,
  userAgent: [32m&apos;Mozilla/5.0 (win32) AppleWebKit/537.36 (KHTML, like Gecko) jsdom/27.3.0&apos;[39m,
  ip: [32m&apos;client_ip_unavailable&apos;[39m,
  sessionId: [32m&apos;session_1770159299405_y5lcej202&apos;[39m
}
[AUDIT: LOW] data_create {
  id: [32m&apos;audit_1770159299739_397t9pb2p&apos;[39m,
  timestamp: [32m&apos;2026-02-03T22:54:59.739Z&apos;[39m,
  action: [32m&apos;data_create&apos;[39m,
  details: {
    entityType: [32m&apos;transaction&apos;[39m,
    entityId: [32m&apos;7fd0b416-9eee-42a2-9b9d-e7ff988bcb64&apos;[39m,
    amount: [33m773.617301481868[39m,
    category: [32m&apos;Test&apos;[39m,
    accountId: [32m&apos;main&apos;[39m
  },
  userId: [32m&apos;test-user-123&apos;[39m,
  severity: [32m&apos;low&apos;[39m,
  userAgent: [32m&apos;Mozilla/5.0 (win32) AppleWebKit/537.36 (KHTML, like Gecko) jsdom/27.3.0&apos;[39m,
  ip: [32m&apos;client_ip_unavailable&apos;[39m,
  sessionId: [32m&apos;session_1770159299405_y5lcej202&apos;[39m
}
[AUDIT: LOW] data_create {
  id: [32m&apos;audit_1770159299742_cfgio3ic0&apos;[39m,
  timestamp: [32m&apos;2026-02-03T22:54:59.742Z&apos;[39m,
  action: [32m&apos;data_create&apos;[39m,
  details: {
    entityType: [32m&apos;transaction&apos;[39m,
    entityId: [32m&apos;1167cda1-4581-4567-bdfc-2f15b9a176c7&apos;[39m,
    amount: [33m467.2993137814313[39m,
    category: [32m&apos;Test&apos;[39m,
    accountId: [32m&apos;main&apos;[39m
  },
  userId: [32m&apos;test-user-123&apos;[39m,
  severity: [32m&apos;low&apos;[39m,
  userAgent: [32m&apos;Mozilla/5.0 (win32) AppleWebKit/537.36 (KHTML, like Gecko) jsdom/27.3.0&apos;[39m,
  ip: [32m&apos;client_ip_unavailable&apos;[39m,
  sessionId: [32m&apos;session_1770159299405_y5lcej202&apos;[39m
}
[AUDIT: LOW] data_create {
  id: [32m&apos;audit_1770159299744_k7vpbb7ka&apos;[39m,
  timestamp: [32m&apos;2026-02-03T22:54:59.744Z&apos;[39m,
  action: [32m&apos;data_create&apos;[39m,
  details: {
    entityType: [32m&apos;transaction&apos;[39m,
    entityId: [32m&apos;72cfe1cb-6581-4970-81fa-340dee0f26f1&apos;[39m,
    amount: [33m295.85087024244785[39m,
    category: [32m&apos;Test&apos;[39m,
    accountId: [32m&apos;main&apos;[39m
  },
  userId: [32m&apos;test-user-123&apos;[39m,
  severity: [32m&apos;low&apos;[39m,
  userAgent: [32m&apos;Mozilla/5.0 (win32) AppleWebKit/537.36 (KHTML, like Gecko) jsdom/27.3.0&apos;[39m,
  ip: [32m&apos;client_ip_unavailable&apos;[39m,
  sessionId: [32m&apos;session_1770159299405_y5lcej202&apos;[39m
}
[AUDIT: LOW] data_create {
  id: [32m&apos;audit_1770159299747_rdkxo2ypz&apos;[39m,
  timestamp: [32m&apos;2026-02-03T22:54:59.747Z&apos;[39m,
  action: [32m&apos;data_create&apos;[39m,
  details: {
    entityType: [32m&apos;transaction&apos;[39m,
    entityId: [32m&apos;6b65bd85-ce0c-4876-bc09-6aa0462451e0&apos;[39m,
    amount: [33m654.262495870493[39m,
    category: [32m&apos;Test&apos;[39m,
    accountId: [32m&apos;main&apos;[39m
  },
  userId: [32m&apos;test-user-123&apos;[39m,
  severity: [32m&apos;low&apos;[39m,
  userAgent: [32m&apos;Mozilla/5.0 (win32) AppleWebKit/537.36 (KHTML, like Gecko) jsdom/27.3.0&apos;[39m,
  ip: [32m&apos;client_ip_unavailable&apos;[39m,
  sessionId: [32m&apos;session_1770159299405_y5lcej202&apos;[39m
}
[AUDIT: LOW] data_create {
  id: [32m&apos;audit_1770159299749_0wt7tj351&apos;[39m,
  timestamp: [32m&apos;2026-02-03T22:54:59.749Z&apos;[39m,
  action: [32m&apos;data_create&apos;[39m,
  details: {
    entityType: [32m&apos;transaction&apos;[39m,
    entityId: [32m&apos;a969eb54-a5c5-4b66-960d-8b2bb886f495&apos;[39m,
    amount: [33m973.6872155611508[39m,
    category: [32m&apos;Test&apos;[39m,
    accountId: [32m&apos;main&apos;[39m
  },
  userId: [32m&apos;test-user-123&apos;[39m,
  severity: [32m&apos;low&apos;[39m,
  userAgent: [32m&apos;Mozilla/5.0 (win32) AppleWebKit/537.36 (KHTML, like Gecko) jsdom/27.3.0&apos;[39m,
  ip: [32m&apos;client_ip_unavailable&apos;[39m,
  sessionId: [32m&apos;session_1770159299405_y5lcej202&apos;[39m
}
[AUDIT: LOW] data_create {
  id: [32m&apos;audit_1770159299750_uyuhmf826&apos;[39m,
  timestamp: [32m&apos;2026-02-03T22:54:59.750Z&apos;[39m,
  action: [32m&apos;data_create&apos;[39m,
  details: {
    entityType: [32m&apos;transaction&apos;[39m,
    entityId: [32m&apos;c1e12038-d55e-40c1-9ec1-2ccd5a9adf2f&apos;[39m,
    amount: [33m18.187371580158597[39m,
    category: [32m&apos;Test&apos;[39m,
    accountId: [32m&apos;main&apos;[39m
  },
  userId: [32m&apos;test-user-123&apos;[39m,
  severity: [32m&apos;low&apos;[39m,
  userAgent: [32m&apos;Mozilla/5.0 (win32) AppleWebKit/537.36 (KHTML, like Gecko) jsdom/27.3.0&apos;[39m,
  ip: [32m&apos;client_ip_unavailable&apos;[39m,
  sessionId: [32m&apos;session_1770159299405_y5lcej202&apos;[39m
}
[AUDIT: LOW] data_create {
  id: [32m&apos;audit_1770159299753_y2io2gisw&apos;[39m,
  timestamp: [32m&apos;2026-02-03T22:54:59.753Z&apos;[39m,
  action: [32m&apos;data_create&apos;[39m,
  details: {
    entityType: [32m&apos;transaction&apos;[39m,
    entityId: [32m&apos;2fdaba8a-9d94-472a-946d-888796263182&apos;[39m,
    amount: [33m660.119096329393[39m,
    category: [32m&apos;Test&apos;[39m,
    accountId: [32m&apos;main&apos;[39m
  },
  userId: [32m&apos;test-user-123&apos;[39m,
  severity: [32m&apos;low&apos;[39m,
  userAgent: [32m&apos;Mozilla/5.0 (win32) AppleWebKit/537.36 (KHTML, like Gecko) jsdom/27.3.0&apos;[39m,
  ip: [32m&apos;client_ip_unavailable&apos;[39m,
  sessionId: [32m&apos;session_1770159299405_y5lcej202&apos;[39m
}
[AUDIT: LOW] data_create {
  id: [32m&apos;audit_1770159299755_4matwbysa&apos;[39m,
  timestamp: [32m&apos;2026-02-03T22:54:59.755Z&apos;[39m,
  action: [32m&apos;data_create&apos;[39m,
  details: {
    entityType: [32m&apos;transaction&apos;[39m,
    entityId: [32m&apos;307e494b-595e-4b7e-8e25-6274f822dff0&apos;[39m,
    amount: [33m664.3860369497348[39m,
    category: [32m&apos;Test&apos;[39m,
    accountId: [32m&apos;main&apos;[39m
  },
  userId: [32m&apos;test-user-123&apos;[39m,
  severity: [32m&apos;low&apos;[39m,
  userAgent: [32m&apos;Mozilla/5.0 (win32) AppleWebKit/537.36 (KHTML, like Gecko) jsdom/27.3.0&apos;[39m,
  ip: [32m&apos;client_ip_unavailable&apos;[39m,
  sessionId: [32m&apos;session_1770159299405_y5lcej202&apos;[39m
}
[AUDIT: LOW] data_create {
  id: [32m&apos;audit_1770159299756_i7q4yhyqz&apos;[39m,
  timestamp: [32m&apos;2026-02-03T22:54:59.756Z&apos;[39m,
  action: [32m&apos;data_create&apos;[39m,
  details: {
    entityType: [32m&apos;transaction&apos;[39m,
    entityId: [32m&apos;1c13f114-52a1-4177-8e28-feb665e00830&apos;[39m,
    amount: [33m565.0702203871906[39m,
    category: [32m&apos;Test&apos;[39m,
    accountId: [32m&apos;main&apos;[39m
  },
  userId: [32m&apos;test-user-123&apos;[39m,
  severity: [32m&apos;low&apos;[39m,
  userAgent: [32m&apos;Mozilla/5.0 (win32) AppleWebKit/537.36 (KHTML, like Gecko) jsdom/27.3.0&apos;[39m,
  ip: [32m&apos;client_ip_unavailable&apos;[39m,
  sessionId: [32m&apos;session_1770159299405_y5lcej202&apos;[39m
}
[AUDIT: LOW] data_create {
  id: [32m&apos;audit_1770159299758_9f10jmblz&apos;[39m,
  timestamp: [32m&apos;2026-02-03T22:54:59.758Z&apos;[39m,
  action: [32m&apos;data_create&apos;[39m,
  details: {
    entityType: [32m&apos;transaction&apos;[39m,
    entityId: [32m&apos;aa6a6198-8f95-4931-904c-1b227bb0c8a5&apos;[39m,
    amount: [33m840.363136316807[39m,
    category: [32m&apos;Test&apos;[39m,
    accountId: [32m&apos;main&apos;[39m
  },
  userId: [32m&apos;test-user-123&apos;[39m,
  severity: [32m&apos;low&apos;[39m,
  userAgent: [32m&apos;Mozilla/5.0 (win32) AppleWebKit/537.36 (KHTML, like Gecko) jsdom/27.3.0&apos;[39m,
  ip: [32m&apos;client_ip_unavailable&apos;[39m,
  sessionId: [32m&apos;session_1770159299405_y5lcej202&apos;[39m
}
[AUDIT: LOW] data_create {
  id: [32m&apos;audit_1770159299769_qosyj87i0&apos;[39m,
  timestamp: [32m&apos;2026-02-03T22:54:59.769Z&apos;[39m,
  action: [32m&apos;data_create&apos;[39m,
  details: {
    entityType: [32m&apos;transaction&apos;[39m,
    entityId: [32m&apos;620a0354-b419-46e9-b0fb-5984398332ed&apos;[39m,
    amount: [33m111.25735749561527[39m,
    category: [32m&apos;Test&apos;[39m,
    accountId: [32m&apos;main&apos;[39m
  },
  userId: [32m&apos;test-user-123&apos;[39m,
  severity: [32m&apos;low&apos;[39m,
  userAgent: [32m&apos;Mozilla/5.0 (win32) AppleWebKit/537.36 (KHTML, like Gecko) jsdom/27.3.0&apos;[39m,
  ip: [32m&apos;client_ip_unavailable&apos;[39m,
  sessionId: [32m&apos;session_1770159299405_y5lcej202&apos;[39m
}
[AUDIT: LOW] data_create {
  id: [32m&apos;audit_1770159299770_ujzei94zw&apos;[39m,
  timestamp: [32m&apos;2026-02-03T22:54:59.770Z&apos;[39m,
  action: [32m&apos;data_create&apos;[39m,
  details: {
    entityType: [32m&apos;transaction&apos;[39m,
    entityId: [32m&apos;d077e44a-affc-466c-a332-a47304eec9fe&apos;[39m,
    amount: [33m563.5793633401564[39m,
    category: [32m&apos;Test&apos;[39m,
    accountId: [32m&apos;main&apos;[39m
  },
  userId: [32m&apos;test-user-123&apos;[39m,
  severity: [32m&apos;low&apos;[39m,
  userAgent: [32m&apos;Mozilla/5.0 (win32) AppleWebKit/537.36 (KHTML, like Gecko) jsdom/27.3.0&apos;[39m,
  ip: [32m&apos;client_ip_unavailable&apos;[39m,
  sessionId: [32m&apos;session_1770159299405_y5lcej202&apos;[39m
}
[AUDIT: LOW] data_create {
  id: [32m&apos;audit_1770159299771_r1lvh8ewh&apos;[39m,
  timestamp: [32m&apos;2026-02-03T22:54:59.771Z&apos;[39m,
  action: [32m&apos;data_create&apos;[39m,
  details: {
    entityType: [32m&apos;transaction&apos;[39m,
    entityId: [32m&apos;e5069fe5-712f-4375-97ff-7dc40a4fe1c0&apos;[39m,
    amount: [33m866.3895511819148[39m,
    category: [32m&apos;Test&apos;[39m,
    accountId: [32m&apos;main&apos;[39m
  },
  userId: [32m&apos;test-user-123&apos;[39m,
  severity: [32m&apos;low&apos;[39m,
  userAgent: [32m&apos;Mozilla/5.0 (win32) AppleWebKit/537.36 (KHTML, like Gecko) jsdom/27.3.0&apos;[39m,
  ip: [32m&apos;client_ip_unavailable&apos;[39m,
  sessionId: [32m&apos;session_1770159299405_y5lcej202&apos;[39m
}
[AUDIT: LOW] data_create {
  id: [32m&apos;audit_1770159299772_3behcf5qz&apos;[39m,
  timestamp: [32m&apos;2026-02-03T22:54:59.772Z&apos;[39m,
  action: [32m&apos;data_create&apos;[39m,
  details: {
    entityType: [32m&apos;transaction&apos;[39m,
    entityId: [32m&apos;90a09737-0f0a-497e-9b85-c02c35f45870&apos;[39m,
    amount: [33m530.1475274510597[39m,
    category: [32m&apos;Test&apos;[39m,
    accountId: [32m&apos;main&apos;[39m
  },
  userId: [32m&apos;test-user-123&apos;[39m,
  severity: [32m&apos;low&apos;[39m,
  userAgent: [32m&apos;Mozilla/5.0 (win32) AppleWebKit/537.36 (KHTML, like Gecko) jsdom/27.3.0&apos;[39m,
  ip: [32m&apos;client_ip_unavailable&apos;[39m,
  sessionId: [32m&apos;session_1770159299405_y5lcej202&apos;[39m
}
[AUDIT: LOW] data_create {
  id: [32m&apos;audit_1770159299773_8p7670u2q&apos;[39m,
  timestamp: [32m&apos;2026-02-03T22:54:59.773Z&apos;[39m,
  action: [32m&apos;data_create&apos;[39m,
  details: {
    entityType: [32m&apos;transaction&apos;[39m,
    entityId: [32m&apos;dffaec85-22f8-4a25-bab5-d3ecdf388847&apos;[39m,
    amount: [33m311.26547876054644[39m,
    category: [32m&apos;Test&apos;[39m,
    accountId: [32m&apos;main&apos;[39m
  },
  userId: [32m&apos;test-user-123&apos;[39m,
  severity: [32m&apos;low&apos;[39m,
  userAgent: [32m&apos;Mozilla/5.0 (win32) AppleWebKit/537.36 (KHTML, like Gecko) jsdom/27.3.0&apos;[39m,
  ip: [32m&apos;client_ip_unavailable&apos;[39m,
  sessionId: [32m&apos;session_1770159299405_y5lcej202&apos;[39m
}
[AUDIT: LOW] data_create {
  id: [32m&apos;audit_1770159299774_b3rd0p1bp&apos;[39m,
  timestamp: [32m&apos;2026-02-03T22:54:59.774Z&apos;[39m,
  action: [32m&apos;data_create&apos;[39m,
  details: {
    entityType: [32m&apos;transaction&apos;[39m,
    entityId: [32m&apos;3f6006b1-bf4a-4ec7-9bc0-622d53c7af53&apos;[39m,
    amount: [33m157.8087659998202[39m,
    category: [32m&apos;Test&apos;[39m,
    accountId: [32m&apos;main&apos;[39m
  },
  userId: [32m&apos;test-user-123&apos;[39m,
  severity: [32m&apos;low&apos;[39m,
  userAgent: [32m&apos;Mozilla/5.0 (win32) AppleWebKit/537.36 (KHTML, like Gecko) jsdom/27.3.0&apos;[39m,
  ip: [32m&apos;client_ip_unavailable&apos;[39m,
  sessionId: [32m&apos;session_1770159299405_y5lcej202&apos;[39m
}
[AUDIT: LOW] data_create {
  id: [32m&apos;audit_1770159299776_in5wgayxo&apos;[39m,
  timestamp: [32m&apos;2026-02-03T22:54:59.776Z&apos;[39m,
  action: [32m&apos;data_create&apos;[39m,
  details: {
    entityType: [32m&apos;transaction&apos;[39m,
    entityId: [32m&apos;f02c555a-5446-4afb-8633-f9043b7bce84&apos;[39m,
    amount: [33m562.7682171045756[39m,
    category: [32m&apos;Test&apos;[39m,
    accountId: [32m&apos;main&apos;[39m
  },
  userId: [32m&apos;test-user-123&apos;[39m,
  severity: [32m&apos;low&apos;[39m,
  userAgent: [32m&apos;Mozilla/5.0 (win32) AppleWebKit/537.36 (KHTML, like Gecko) jsdom/27.3.0&apos;[39m,
  ip: [32m&apos;client_ip_unavailable&apos;[39m,
  sessionId: [32m&apos;session_1770159299405_y5lcej202&apos;[39m
}
[AUDIT: LOW] data_create {
  id: [32m&apos;audit_1770159299777_a1tjsl1y5&apos;[39m,
  timestamp: [32m&apos;2026-02-03T22:54:59.777Z&apos;[39m,
  action: [32m&apos;data_create&apos;[39m,
  details: {
    entityType: [32m&apos;transaction&apos;[39m,
    entityId: [32m&apos;1438b075-8085-43d5-aa45-38d4a05ce5c5&apos;[39m,
    amount: [33m297.5338643241645[39m,
    category: [32m&apos;Test&apos;[39m,
    accountId: [32m&apos;main&apos;[39m
  },
  userId: [32m&apos;test-user-123&apos;[39m,
  severity: [32m&apos;low&apos;[39m,
  userAgent: [32m&apos;Mozilla/5.0 (win32) AppleWebKit/537.36 (KHTML, like Gecko) jsdom/27.3.0&apos;[39m,
  ip: [32m&apos;client_ip_unavailable&apos;[39m,
  sessionId: [32m&apos;session_1770159299405_y5lcej202&apos;[39m
}
[AUDIT: LOW] data_create {
  id: [32m&apos;audit_1770159299778_499m0a7wr&apos;[39m,
  timestamp: [32m&apos;2026-02-03T22:54:59.778Z&apos;[39m,
  action: [32m&apos;data_create&apos;[39m,
  details: {
    entityType: [32m&apos;transaction&apos;[39m,
    entityId: [32m&apos;3cb83e04-a3e5-43f7-a541-5a999b903a39&apos;[39m,
    amount: [33m197.06999430853378[39m,
    category: [32m&apos;Test&apos;[39m,
    accountId: [32m&apos;main&apos;[39m
  },
  userId: [32m&apos;test-user-123&apos;[39m,
  severity: [32m&apos;low&apos;[39m,
  userAgent: [32m&apos;Mozilla/5.0 (win32) AppleWebKit/537.36 (KHTML, like Gecko) jsdom/27.3.0&apos;[39m,
  ip: [32m&apos;client_ip_unavailable&apos;[39m,
  sessionId: [32m&apos;session_1770159299405_y5lcej202&apos;[39m
}
[AUDIT: LOW] data_create {
  id: [32m&apos;audit_1770159299779_jz0f61oij&apos;[39m,
  timestamp: [32m&apos;2026-02-03T22:54:59.779Z&apos;[39m,
  action: [32m&apos;data_create&apos;[39m,
  details: {
    entityType: [32m&apos;transaction&apos;[39m,
    entityId: [32m&apos;b5dc8afd-48c1-4964-af2e-0ae4eba18bd1&apos;[39m,
    amount: [33m727.0188053477725[39m,
    category: [32m&apos;Test&apos;[39m,
    accountId: [32m&apos;main&apos;[39m
  },
  userId: [32m&apos;test-user-123&apos;[39m,
  severity: [32m&apos;low&apos;[39m,
  userAgent: [32m&apos;Mozilla/5.0 (win32) AppleWebKit/537.36 (KHTML, like Gecko) jsdom/27.3.0&apos;[39m,
  ip: [32m&apos;client_ip_unavailable&apos;[39m,
  sessionId: [32m&apos;session_1770159299405_y5lcej202&apos;[39m
}
[AUDIT: LOW] data_create {
  id: [32m&apos;audit_1770159299780_9vyx3jvk6&apos;[39m,
  timestamp: [32m&apos;2026-02-03T22:54:59.780Z&apos;[39m,
  action: [32m&apos;data_create&apos;[39m,
  details: {
    entityType: [32m&apos;transaction&apos;[39m,
    entityId: [32m&apos;dd5e4772-9b26-4137-a901-349fdc9f59c6&apos;[39m,
    amount: [33m788.650781635701[39m,
    category: [32m&apos;Test&apos;[39m,
    accountId: [32m&apos;main&apos;[39m
  },
  userId: [32m&apos;test-user-123&apos;[39m,
  severity: [32m&apos;low&apos;[39m,
  userAgent: [32m&apos;Mozilla/5.0 (win32) AppleWebKit/537.36 (KHTML, like Gecko) jsdom/27.3.0&apos;[39m,
  ip: [32m&apos;client_ip_unavailable&apos;[39m,
  sessionId: [32m&apos;session_1770159299405_y5lcej202&apos;[39m
}
[AUDIT: LOW] data_create {
  id: [32m&apos;audit_1770159299781_mtngwxo23&apos;[39m,
  timestamp: [32m&apos;2026-02-03T22:54:59.781Z&apos;[39m,
  action: [32m&apos;data_create&apos;[39m,
  details: {
    entityType: [32m&apos;transaction&apos;[39m,
    entityId: [32m&apos;bf0472eb-768a-40cd-9786-2205a28d7782&apos;[39m,
    amount: [33m755.5518981880854[39m,
    category: [32m&apos;Test&apos;[39m,
    accountId: [32m&apos;main&apos;[39m
  },
  userId: [32m&apos;test-user-123&apos;[39m,
  severity: [32m&apos;low&apos;[39m,
  userAgent: [32m&apos;Mozilla/5.0 (win32) AppleWebKit/537.36 (KHTML, like Gecko) jsdom/27.3.0&apos;[39m,
  ip: [32m&apos;client_ip_unavailable&apos;[39m,
  sessionId: [32m&apos;session_1770159299405_y5lcej202&apos;[39m
}
[AUDIT: LOW] data_create {
  id: [32m&apos;audit_1770159299782_9jmp0x5pq&apos;[39m,
  timestamp: [32m&apos;2026-02-03T22:54:59.782Z&apos;[39m,
  action: [32m&apos;data_create&apos;[39m,
  details: {
    entityType: [32m&apos;transaction&apos;[39m,
    entityId: [32m&apos;121033d8-8fdc-4342-b3ce-e9bee9ccfc28&apos;[39m,
    amount: [33m756.016705659178[39m,
    category: [32m&apos;Test&apos;[39m,
    accountId: [32m&apos;main&apos;[39m
  },
  userId: [32m&apos;test-user-123&apos;[39m,
  severity: [32m&apos;low&apos;[39m,
  userAgent: [32m&apos;Mozilla/5.0 (win32) AppleWebKit/537.36 (KHTML, like Gecko) jsdom/27.3.0&apos;[39m,
  ip: [32m&apos;client_ip_unavailable&apos;[39m,
  sessionId: [32m&apos;session_1770159299405_y5lcej202&apos;[39m
}
[AUDIT: LOW] data_create {
  id: [32m&apos;audit_1770159299783_8m4kw74me&apos;[39m,
  timestamp: [32m&apos;2026-02-03T22:54:59.783Z&apos;[39m,
  action: [32m&apos;data_create&apos;[39m,
  details: {
    entityType: [32m&apos;transaction&apos;[39m,
    entityId: [32m&apos;c9389c86-ed97-4dd1-ab5b-94ea69eabc4e&apos;[39m,
    amount: [33m511.9385141587265[39m,
    category: [32m&apos;Test&apos;[39m,
    accountId: [32m&apos;main&apos;[39m
  },
  userId: [32m&apos;test-user-123&apos;[39m,
  severity: [32m&apos;low&apos;[39m,
  userAgent: [32m&apos;Mozilla/5.0 (win32) AppleWebKit/537.36 (KHTML, like Gecko) jsdom/27.3.0&apos;[39m,
  ip: [32m&apos;client_ip_unavailable&apos;[39m,
  sessionId: [32m&apos;session_1770159299405_y5lcej202&apos;[39m
}
[AUDIT: LOW] data_create {
  id: [32m&apos;audit_1770159299784_f51apll5u&apos;[39m,
  timestamp: [32m&apos;2026-02-03T22:54:59.784Z&apos;[39m,
  action: [32m&apos;data_create&apos;[39m,
  details: {
    entityType: [32m&apos;transaction&apos;[39m,
    entityId: [32m&apos;3e57dc74-059e-4344-b163-7305403f22ea&apos;[39m,
    amount: [33m948.9612208764596[39m,
    category: [32m&apos;Test&apos;[39m,
    accountId: [32m&apos;main&apos;[39m
  },
  userId: [32m&apos;test-user-123&apos;[39m,
  severity: [32m&apos;low&apos;[39m,
  userAgent: [32m&apos;Mozilla/5.0 (win32) AppleWebKit/537.36 (KHTML, like Gecko) jsdom/27.3.0&apos;[39m,
  ip: [32m&apos;client_ip_unavailable&apos;[39m,
  sessionId: [32m&apos;session_1770159299405_y5lcej202&apos;[39m
}
[AUDIT: LOW] data_create {
  id: [32m&apos;audit_1770159299785_au4t3a55s&apos;[39m,
  timestamp: [32m&apos;2026-02-03T22:54:59.785Z&apos;[39m,
  action: [32m&apos;data_create&apos;[39m,
  details: {
    entityType: [32m&apos;transaction&apos;[39m,
    entityId: [32m&apos;94ccecd0-def6-453b-901e-7215d446fd4a&apos;[39m,
    amount: [33m140.1662016299813[39m,
    category: [32m&apos;Test&apos;[39m,
    accountId: [32m&apos;main&apos;[39m
  },
  userId: [32m&apos;test-user-123&apos;[39m,
  severity: [32m&apos;low&apos;[39m,
  userAgent: [32m&apos;Mozilla/5.0 (win32) AppleWebKit/537.36 (KHTML, like Gecko) jsdom/27.3.0&apos;[39m,
  ip: [32m&apos;client_ip_unavailable&apos;[39m,
  sessionId: [32m&apos;session_1770159299405_y5lcej202&apos;[39m
}
[AUDIT: LOW] data_create {
  id: [32m&apos;audit_1770159299787_o47n01ixi&apos;[39m,
  timestamp: [32m&apos;2026-02-03T22:54:59.787Z&apos;[39m,
  action: [32m&apos;data_create&apos;[39m,
  details: {
    entityType: [32m&apos;transaction&apos;[39m,
    entityId: [32m&apos;14242659-9ade-4330-a573-9baf763f39d2&apos;[39m,
    amount: [33m745.6177994287684[39m,
    category: [32m&apos;Test&apos;[39m,
    accountId: [32m&apos;main&apos;[39m
  },
  userId: [32m&apos;test-user-123&apos;[39m,
  severity: [32m&apos;low&apos;[39m,
  userAgent: [32m&apos;Mozilla/5.0 (win32) AppleWebKit/537.36 (KHTML, like Gecko) jsdom/27.3.0&apos;[39m,
  ip: [32m&apos;client_ip_unavailable&apos;[39m,
  sessionId: [32m&apos;session_1770159299405_y5lcej202&apos;[39m
}
[AUDIT: LOW] data_create {
  id: [32m&apos;audit_1770159299788_56k61w1bh&apos;[39m,
  timestamp: [32m&apos;2026-02-03T22:54:59.788Z&apos;[39m,
  action: [32m&apos;data_create&apos;[39m,
  details: {
    entityType: [32m&apos;transaction&apos;[39m,
    entityId: [32m&apos;76722b0a-b503-467a-937c-9aaad8800b39&apos;[39m,
    amount: [33m301.12812672420444[39m,
    category: [32m&apos;Test&apos;[39m,
    accountId: [32m&apos;main&apos;[39m
  },
  userId: [32m&apos;test-user-123&apos;[39m,
  severity: [32m&apos;low&apos;[39m,
  userAgent: [32m&apos;Mozilla/5.0 (win32) AppleWebKit/537.36 (KHTML, like Gecko) jsdom/27.3.0&apos;[39m,
  ip: [32m&apos;client_ip_unavailable&apos;[39m,
  sessionId: [32m&apos;session_1770159299405_y5lcej202&apos;[39m
}
[AUDIT: LOW] data_create {
  id: [32m&apos;audit_1770159299791_90hjg37ru&apos;[39m,
  timestamp: [32m&apos;2026-02-03T22:54:59.791Z&apos;[39m,
  action: [32m&apos;data_create&apos;[39m,
  details: {
    entityType: [32m&apos;transaction&apos;[39m,
    entityId: [32m&apos;e2f01caa-a9b1-4ec4-b580-2d3558504641&apos;[39m,
    amount: [33m515.8956609224139[39m,
    category: [32m&apos;Test&apos;[39m,
    accountId: [32m&apos;main&apos;[39m
  },
  userId: [32m&apos;test-user-123&apos;[39m,
  severity: [32m&apos;low&apos;[39m,
  userAgent: [32m&apos;Mozilla/5.0 (win32) AppleWebKit/537.36 (KHTML, like Gecko) jsdom/27.3.0&apos;[39m,
  ip: [32m&apos;client_ip_unavailable&apos;[39m,
  sessionId: [32m&apos;session_1770159299405_y5lcej202&apos;[39m
}
[AUDIT: LOW] data_create {
  id: [32m&apos;audit_1770159299794_373z1izp8&apos;[39m,
  timestamp: [32m&apos;2026-02-03T22:54:59.794Z&apos;[39m,
  action: [32m&apos;data_create&apos;[39m,
  details: {
    entityType: [32m&apos;transaction&apos;[39m,
    entityId: [32m&apos;6960ee2d-42e4-4273-86f2-2598d700d322&apos;[39m,
    amount: [33m866.119990469839[39m,
    category: [32m&apos;Test&apos;[39m,
    accountId: [32m&apos;main&apos;[39m
  },
  userId: [32m&apos;test-user-123&apos;[39m,
  severity: [32m&apos;low&apos;[39m,
  userAgent: [32m&apos;Mozilla/5.0 (win32) AppleWebKit/537.36 (KHTML, like Gecko) jsdom/27.3.0&apos;[39m,
  ip: [32m&apos;client_ip_unavailable&apos;[39m,
  sessionId: [32m&apos;session_1770159299405_y5lcej202&apos;[39m
}
[AUDIT: LOW] data_create {
  id: [32m&apos;audit_1770159299796_vrlhrrsed&apos;[39m,
  timestamp: [32m&apos;2026-02-03T22:54:59.796Z&apos;[39m,
  action: [32m&apos;data_create&apos;[39m,
  details: {
    entityType: [32m&apos;transaction&apos;[39m,
    entityId: [32m&apos;32782781-6ba3-4e6a-beec-9d184b235de0&apos;[39m,
    amount: [33m710.3774456496835[39m,
    category: [32m&apos;Test&apos;[39m,
    accountId: [32m&apos;main&apos;[39m
  },
  userId: [32m&apos;test-user-123&apos;[39m,
  severity: [32m&apos;low&apos;[39m,
  userAgent: [32m&apos;Mozilla/5.0 (win32) AppleWebKit/537.36 (KHTML, like Gecko) jsdom/27.3.0&apos;[39m,
  ip: [32m&apos;client_ip_unavailable&apos;[39m,
  sessionId: [32m&apos;session_1770159299405_y5lcej202&apos;[39m
}
[AUDIT: LOW] data_create {
  id: [32m&apos;audit_1770159299797_pkz49njnp&apos;[39m,
  timestamp: [32m&apos;2026-02-03T22:54:59.797Z&apos;[39m,
  action: [32m&apos;data_create&apos;[39m,
  details: {
    entityType: [32m&apos;transaction&apos;[39m,
    entityId: [32m&apos;b879d7d0-bac4-4246-a3cd-18d2c6ff6d5e&apos;[39m,
    amount: [33m708.0440358898438[39m,
    category: [32m&apos;Test&apos;[39m,
    accountId: [32m&apos;main&apos;[39m
  },
  userId: [32m&apos;test-user-123&apos;[39m,
  severity: [32m&apos;low&apos;[39m,
  userAgent: [32m&apos;Mozilla/5.0 (win32) AppleWebKit/537.36 (KHTML, like Gecko) jsdom/27.3.0&apos;[39m,
  ip: [32m&apos;client_ip_unavailable&apos;[39m,
  sessionId: [32m&apos;session_1770159299405_y5lcej202&apos;[39m
}
[AUDIT: LOW] data_create {
  id: [32m&apos;audit_1770159299798_sit5fvnbh&apos;[39m,
  timestamp: [32m&apos;2026-02-03T22:54:59.798Z&apos;[39m,
  action: [32m&apos;data_create&apos;[39m,
  details: {
    entityType: [32m&apos;transaction&apos;[39m,
    entityId: [32m&apos;55323cee-c8ab-443b-b69a-1ab88ede9a3f&apos;[39m,
    amount: [33m251.41361391741057[39m,
    category: [32m&apos;Test&apos;[39m,
    accountId: [32m&apos;main&apos;[39m
  },
  userId: [32m&apos;test-user-123&apos;[39m,
  severity: [32m&apos;low&apos;[39m,
  userAgent: [32m&apos;Mozilla/5.0 (win32) AppleWebKit/537.36 (KHTML, like Gecko) jsdom/27.3.0&apos;[39m,
  ip: [32m&apos;client_ip_unavailable&apos;[39m,
  sessionId: [32m&apos;session_1770159299405_y5lcej202&apos;[39m
}
[AUDIT: LOW] data_create {
  id: [32m&apos;audit_1770159299800_rnb57vnkc&apos;[39m,
  timestamp: [32m&apos;2026-02-03T22:54:59.800Z&apos;[39m,
  action: [32m&apos;data_create&apos;[39m,
  details: {
    entityType: [32m&apos;transaction&apos;[39m,
    entityId: [32m&apos;6d0434e2-0da7-46d2-a426-d50bb892e80b&apos;[39m,
    amount: [33m587.4199138482323[39m,
    category: [32m&apos;Test&apos;[39m,
    accountId: [32m&apos;main&apos;[39m
  },
  userId: [32m&apos;test-user-123&apos;[39m,
  severity: [32m&apos;low&apos;[39m,
  userAgent: [32m&apos;Mozilla/5.0 (win32) AppleWebKit/537.36 (KHTML, like Gecko) jsdom/27.3.0&apos;[39m,
  ip: [32m&apos;client_ip_unavailable&apos;[39m,
  sessionId: [32m&apos;session_1770159299405_y5lcej202&apos;[39m
}
[AUDIT: LOW] data_create {
  id: [32m&apos;audit_1770159299802_y09jjjdkz&apos;[39m,
  timestamp: [32m&apos;2026-02-03T22:54:59.802Z&apos;[39m,
  action: [32m&apos;data_create&apos;[39m,
  details: {
    entityType: [32m&apos;transaction&apos;[39m,
    entityId: [32m&apos;d3f38e4d-e4bb-4bf0-9826-e3f3f4f23248&apos;[39m,
    amount: [33m465.0347983432271[39m,
    category: [32m&apos;Test&apos;[39m,
    accountId: [32m&apos;main&apos;[39m
  },
  userId: [32m&apos;test-user-123&apos;[39m,
  severity: [32m&apos;low&apos;[39m,
  userAgent: [32m&apos;Mozilla/5.0 (win32) AppleWebKit/537.36 (KHTML, like Gecko) jsdom/27.3.0&apos;[39m,
  ip: [32m&apos;client_ip_unavailable&apos;[39m,
  sessionId: [32m&apos;session_1770159299405_y5lcej202&apos;[39m
}
[AUDIT: LOW] data_create {
  id: [32m&apos;audit_1770159299803_i0kuzlc0l&apos;[39m,
  timestamp: [32m&apos;2026-02-03T22:54:59.803Z&apos;[39m,
  action: [32m&apos;data_create&apos;[39m,
  details: {
    entityType: [32m&apos;transaction&apos;[39m,
    entityId: [32m&apos;96a56eef-87be-43f5-92fc-8ce9a42634ab&apos;[39m,
    amount: [33m478.4471518765947[39m,
    category: [32m&apos;Test&apos;[39m,
    accountId: [32m&apos;main&apos;[39m
  },
  userId: [32m&apos;test-user-123&apos;[39m,
  severity: [32m&apos;low&apos;[39m,
  userAgent: [32m&apos;Mozilla/5.0 (win32) AppleWebKit/537.36 (KHTML, like Gecko) jsdom/27.3.0&apos;[39m,
  ip: [32m&apos;client_ip_unavailable&apos;[39m,
  sessionId: [32m&apos;session_1770159299405_y5lcej202&apos;[39m
}
[AUDIT: LOW] data_create {
  id: [32m&apos;audit_1770159299805_b43goilaz&apos;[39m,
  timestamp: [32m&apos;2026-02-03T22:54:59.805Z&apos;[39m,
  action: [32m&apos;data_create&apos;[39m,
  details: {
    entityType: [32m&apos;transaction&apos;[39m,
    entityId: [32m&apos;b233f91d-757d-4083-af2b-fc7021f4b5d0&apos;[39m,
    amount: [33m434.86742775070354[39m,
    category: [32m&apos;Test&apos;[39m,
    accountId: [32m&apos;main&apos;[39m
  },
  userId: [32m&apos;test-user-123&apos;[39m,
  severity: [32m&apos;low&apos;[39m,
  userAgent: [32m&apos;Mozilla/5.0 (win32) AppleWebKit/537.36 (KHTML, like Gecko) jsdom/27.3.0&apos;[39m,
  ip: [32m&apos;client_ip_unavailable&apos;[39m,
  sessionId: [32m&apos;session_1770159299405_y5lcej202&apos;[39m
}
[AUDIT: LOW] data_create {
  id: [32m&apos;audit_1770159299807_jm0h941v4&apos;[39m,
  timestamp: [32m&apos;2026-02-03T22:54:59.807Z&apos;[39m,
  action: [32m&apos;data_create&apos;[39m,
  details: {
    entityType: [32m&apos;transaction&apos;[39m,
    entityId: [32m&apos;d88e1280-4d21-479b-b9b5-13cc0f9343b1&apos;[39m,
    amount: [33m596.9186489953158[39m,
    category: [32m&apos;Test&apos;[39m,
    accountId: [32m&apos;main&apos;[39m
  },
  userId: [32m&apos;test-user-123&apos;[39m,
  severity: [32m&apos;low&apos;[39m,
  userAgent: [32m&apos;Mozilla/5.0 (win32) AppleWebKit/537.36 (KHTML, like Gecko) jsdom/27.3.0&apos;[39m,
  ip: [32m&apos;client_ip_unavailable&apos;[39m,
  sessionId: [32m&apos;session_1770159299405_y5lcej202&apos;[39m
}
[AUDIT: LOW] data_create {
  id: [32m&apos;audit_1770159299810_95lsaphxa&apos;[39m,
  timestamp: [32m&apos;2026-02-03T22:54:59.810Z&apos;[39m,
  action: [32m&apos;data_create&apos;[39m,
  details: {
    entityType: [32m&apos;transaction&apos;[39m,
    entityId: [32m&apos;50114144-1ff0-4f04-8d48-ecec7b566f23&apos;[39m,
    amount: [33m719.8707237072928[39m,
    category: [32m&apos;Test&apos;[39m,
    accountId: [32m&apos;main&apos;[39m
  },
  userId: [32m&apos;test-user-123&apos;[39m,
  severity: [32m&apos;low&apos;[39m,
  userAgent: [32m&apos;Mozilla/5.0 (win32) AppleWebKit/537.36 (KHTML, like Gecko) jsdom/27.3.0&apos;[39m,
  ip: [32m&apos;client_ip_unavailable&apos;[39m,
  sessionId: [32m&apos;session_1770159299405_y5lcej202&apos;[39m
}
[AUDIT: LOW] data_create {
  id: [32m&apos;audit_1770159299811_ut4dujmrr&apos;[39m,
  timestamp: [32m&apos;2026-02-03T22:54:59.811Z&apos;[39m,
  action: [32m&apos;data_create&apos;[39m,
  details: {
    entityType: [32m&apos;transaction&apos;[39m,
    entityId: [32m&apos;fb7b72f1-af18-41d0-a693-b71e3ff84f23&apos;[39m,
    amount: [33m720.8079807461789[39m,
    category: [32m&apos;Test&apos;[39m,
    accountId: [32m&apos;main&apos;[39m
  },
  userId: [32m&apos;test-user-123&apos;[39m,
  severity: [32m&apos;low&apos;[39m,
  userAgent: [32m&apos;Mozilla/5.0 (win32) AppleWebKit/537.36 (KHTML, like Gecko) jsdom/27.3.0&apos;[39m,
  ip: [32m&apos;client_ip_unavailable&apos;[39m,
  sessionId: [32m&apos;session_1770159299405_y5lcej202&apos;[39m
}
[AUDIT: LOW] data_create {
  id: [32m&apos;audit_1770159299813_gjvy0gj2h&apos;[39m,
  timestamp: [32m&apos;2026-02-03T22:54:59.813Z&apos;[39m,
  action: [32m&apos;data_create&apos;[39m,
  details: {
    entityType: [32m&apos;transaction&apos;[39m,
    entityId: [32m&apos;4d1a0770-ad70-44e7-a9af-8eee83ee923c&apos;[39m,
    amount: [33m952.4919926646902[39m,
    category: [32m&apos;Test&apos;[39m,
    accountId: [32m&apos;main&apos;[39m
  },
  userId: [32m&apos;test-user-123&apos;[39m,
  severity: [32m&apos;low&apos;[39m,
  userAgent: [32m&apos;Mozilla/5.0 (win32) AppleWebKit/537.36 (KHTML, like Gecko) jsdom/27.3.0&apos;[39m,
  ip: [32m&apos;client_ip_unavailable&apos;[39m,
  sessionId: [32m&apos;session_1770159299405_y5lcej202&apos;[39m
}
[AUDIT: LOW] data_create {
  id: [32m&apos;audit_1770159299814_01b9971ny&apos;[39m,
  timestamp: [32m&apos;2026-02-03T22:54:59.814Z&apos;[39m,
  action: [32m&apos;data_create&apos;[39m,
  details: {
    entityType: [32m&apos;transaction&apos;[39m,
    entityId: [32m&apos;c9972d83-a799-4dcd-a345-719839a1f37a&apos;[39m,
    amount: [33m904.7586530472962[39m,
    category: [32m&apos;Test&apos;[39m,
    accountId: [32m&apos;main&apos;[39m
  },
  userId: [32m&apos;test-user-123&apos;[39m,
  severity: [32m&apos;low&apos;[39m,
  userAgent: [32m&apos;Mozilla/5.0 (win32) AppleWebKit/537.36 (KHTML, like Gecko) jsdom/27.3.0&apos;[39m,
  ip: [32m&apos;client_ip_unavailable&apos;[39m,
  sessionId: [32m&apos;session_1770159299405_y5lcej202&apos;[39m
}
[AUDIT: LOW] data_create {
  id: [32m&apos;audit_1770159299817_gfd3ewn79&apos;[39m,
  timestamp: [32m&apos;2026-02-03T22:54:59.817Z&apos;[39m,
  action: [32m&apos;data_create&apos;[39m,
  details: {
    entityType: [32m&apos;transaction&apos;[39m,
    entityId: [32m&apos;671f7a71-2e7a-44f1-90e7-529500476e9f&apos;[39m,
    amount: [33m222.14879681715848[39m,
    category: [32m&apos;Test&apos;[39m,
    accountId: [32m&apos;main&apos;[39m
  },
  userId: [32m&apos;test-user-123&apos;[39m,
  severity: [32m&apos;low&apos;[39m,
  userAgent: [32m&apos;Mozilla/5.0 (win32) AppleWebKit/537.36 (KHTML, like Gecko) jsdom/27.3.0&apos;[39m,
  ip: [32m&apos;client_ip_unavailable&apos;[39m,
  sessionId: [32m&apos;session_1770159299405_y5lcej202&apos;[39m
}
[AUDIT: LOW] data_create {
  id: [32m&apos;audit_1770159299819_5o5t3ms76&apos;[39m,
  timestamp: [32m&apos;2026-02-03T22:54:59.819Z&apos;[39m,
  action: [32m&apos;data_create&apos;[39m,
  details: {
    entityType: [32m&apos;transaction&apos;[39m,
    entityId: [32m&apos;26e89157-c040-4e12-a6a4-e6021a24ed32&apos;[39m,
    amount: [33m766.7598850292918[39m,
    category: [32m&apos;Test&apos;[39m,
    accountId: [32m&apos;main&apos;[39m
  },
  userId: [32m&apos;test-user-123&apos;[39m,
  severity: [32m&apos;low&apos;[39m,
  userAgent: [32m&apos;Mozilla/5.0 (win32) AppleWebKit/537.36 (KHTML, like Gecko) jsdom/27.3.0&apos;[39m,
  ip: [32m&apos;client_ip_unavailable&apos;[39m,
  sessionId: [32m&apos;session_1770159299405_y5lcej202&apos;[39m
}
[AUDIT: LOW] data_create {
  id: [32m&apos;audit_1770159299820_kjohdf3ro&apos;[39m,
  timestamp: [32m&apos;2026-02-03T22:54:59.820Z&apos;[39m,
  action: [32m&apos;data_create&apos;[39m,
  details: {
    entityType: [32m&apos;transaction&apos;[39m,
    entityId: [32m&apos;e2a3e154-d2dc-4417-9be7-18e96b4336b7&apos;[39m,
    amount: [33m294.2838332429536[39m,
    category: [32m&apos;Test&apos;[39m,
    accountId: [32m&apos;main&apos;[39m
  },
  userId: [32m&apos;test-user-123&apos;[39m,
  severity: [32m&apos;low&apos;[39m,
  userAgent: [32m&apos;Mozilla/5.0 (win32) AppleWebKit/537.36 (KHTML, like Gecko) jsdom/27.3.0&apos;[39m,
  ip: [32m&apos;client_ip_unavailable&apos;[39m,
  sessionId: [32m&apos;session_1770159299405_y5lcej202&apos;[39m
}
[AUDIT: LOW] data_create {
  id: [32m&apos;audit_1770159299821_d04vo08uj&apos;[39m,
  timestamp: [32m&apos;2026-02-03T22:54:59.821Z&apos;[39m,
  action: [32m&apos;data_create&apos;[39m,
  details: {
    entityType: [32m&apos;transaction&apos;[39m,
    entityId: [32m&apos;df54fa57-7886-4350-bd1d-049f2e4eaeee&apos;[39m,
    amount: [33m261.53574041388595[39m,
    category: [32m&apos;Test&apos;[39m,
    accountId: [32m&apos;main&apos;[39m
  },
  userId: [32m&apos;test-user-123&apos;[39m,
  severity: [32m&apos;low&apos;[39m,
  userAgent: [32m&apos;Mozilla/5.0 (win32) AppleWebKit/537.36 (KHTML, like Gecko) jsdom/27.3.0&apos;[39m,
  ip: [32m&apos;client_ip_unavailable&apos;[39m,
  sessionId: [32m&apos;session_1770159299405_y5lcej202&apos;[39m
}
[AUDIT: LOW] data_create {
  id: [32m&apos;audit_1770159299823_oo6rd589r&apos;[39m,
  timestamp: [32m&apos;2026-02-03T22:54:59.823Z&apos;[39m,
  action: [32m&apos;data_create&apos;[39m,
  details: {
    entityType: [32m&apos;transaction&apos;[39m,
    entityId: [32m&apos;ae3fb6b3-8a50-4a44-b3d6-145f4d83ce79&apos;[39m,
    amount: [33m656.0765124569017[39m,
    category: [32m&apos;Test&apos;[39m,
    accountId: [32m&apos;main&apos;[39m
  },
  userId: [32m&apos;test-user-123&apos;[39m,
  severity: [32m&apos;low&apos;[39m,
  userAgent: [32m&apos;Mozilla/5.0 (win32) AppleWebKit/537.36 (KHTML, like Gecko) jsdom/27.3.0&apos;[39m,
  ip: [32m&apos;client_ip_unavailable&apos;[39m,
  sessionId: [32m&apos;session_1770159299405_y5lcej202&apos;[39m
}
[AUDIT: LOW] data_create {
  id: [32m&apos;audit_1770159299825_0gkd7a8uk&apos;[39m,
  timestamp: [32m&apos;2026-02-03T22:54:59.825Z&apos;[39m,
  action: [32m&apos;data_create&apos;[39m,
  details: {
    entityType: [32m&apos;transaction&apos;[39m,
    entityId: [32m&apos;e18a2a40-8e8c-40de-81ac-50013e1aae00&apos;[39m,
    amount: [33m5.8193078685749855[39m,
    category: [32m&apos;Test&apos;[39m,
    accountId: [32m&apos;main&apos;[39m
  },
  userId: [32m&apos;test-user-123&apos;[39m,
  severity: [32m&apos;low&apos;[39m,
  userAgent: [32m&apos;Mozilla/5.0 (win32) AppleWebKit/537.36 (KHTML, like Gecko) jsdom/27.3.0&apos;[39m,
  ip: [32m&apos;client_ip_unavailable&apos;[39m,
  sessionId: [32m&apos;session_1770159299405_y5lcej202&apos;[39m
}
[AUDIT: LOW] data_create {
  id: [32m&apos;audit_1770159299826_cubls6s0n&apos;[39m,
  timestamp: [32m&apos;2026-02-03T22:54:59.826Z&apos;[39m,
  action: [32m&apos;data_create&apos;[39m,
  details: {
    entityType: [32m&apos;transaction&apos;[39m,
    entityId: [32m&apos;80b2a6ba-698d-4f1c-9fb7-9905ff8f22fa&apos;[39m,
    amount: [33m805.6443225197611[39m,
    category: [32m&apos;Test&apos;[39m,
    accountId: [32m&apos;main&apos;[39m
  },
  userId: [32m&apos;test-user-123&apos;[39m,
  severity: [32m&apos;low&apos;[39m,
  userAgent: [32m&apos;Mozilla/5.0 (win32) AppleWebKit/537.36 (KHTML, like Gecko) jsdom/27.3.0&apos;[39m,
  ip: [32m&apos;client_ip_unavailable&apos;[39m,
  sessionId: [32m&apos;session_1770159299405_y5lcej202&apos;[39m
}
[AUDIT: LOW] data_create {
  id: [32m&apos;audit_1770159299827_a2d4awonx&apos;[39m,
  timestamp: [32m&apos;2026-02-03T22:54:59.827Z&apos;[39m,
  action: [32m&apos;data_create&apos;[39m,
  details: {
    entityType: [32m&apos;transaction&apos;[39m,
    entityId: [32m&apos;d0d4cd5c-8fb0-40aa-a373-392eee35d68e&apos;[39m,
    amount: [33m937.300458873102[39m,
    category: [32m&apos;Test&apos;[39m,
    accountId: [32m&apos;main&apos;[39m
  },
  userId: [32m&apos;test-user-123&apos;[39m,
  severity: [32m&apos;low&apos;[39m,
  userAgent: [32m&apos;Mozilla/5.0 (win32) AppleWebKit/537.36 (KHTML, like Gecko) jsdom/27.3.0&apos;[39m,
  ip: [32m&apos;client_ip_unavailable&apos;[39m,
  sessionId: [32m&apos;session_1770159299405_y5lcej202&apos;[39m
}
[AUDIT: LOW] data_create {
  id: [32m&apos;audit_1770159299828_zhwex2shb&apos;[39m,
  timestamp: [32m&apos;2026-02-03T22:54:59.828Z&apos;[39m,
  action: [32m&apos;data_create&apos;[39m,
  details: {
    entityType: [32m&apos;transaction&apos;[39m,
    entityId: [32m&apos;c10d96e2-770a-4354-9f1c-e4d0ad7cb5d4&apos;[39m,
    amount: [33m610.2676084087136[39m,
    category: [32m&apos;Test&apos;[39m,
    accountId: [32m&apos;main&apos;[39m
  },
  userId: [32m&apos;test-user-123&apos;[39m,
  severity: [32m&apos;low&apos;[39m,
  userAgent: [32m&apos;Mozilla/5.0 (win32) AppleWebKit/537.36 (KHTML, like Gecko) jsdom/27.3.0&apos;[39m,
  ip: [32m&apos;client_ip_unavailable&apos;[39m,
  sessionId: [32m&apos;session_1770159299405_y5lcej202&apos;[39m
}
[AUDIT: LOW] data_create {
  id: [32m&apos;audit_1770159299830_z2kx7atxs&apos;[39m,
  timestamp: [32m&apos;2026-02-03T22:54:59.830Z&apos;[39m,
  action: [32m&apos;data_create&apos;[39m,
  details: {
    entityType: [32m&apos;transaction&apos;[39m,
    entityId: [32m&apos;9945a000-58c6-4d19-98e3-eae27d23145e&apos;[39m,
    amount: [33m236.18010419686465[39m,
    category: [32m&apos;Test&apos;[39m,
    accountId: [32m&apos;main&apos;[39m
  },
  userId: [32m&apos;test-user-123&apos;[39m,
  severity: [32m&apos;low&apos;[39m,
  userAgent: [32m&apos;Mozilla/5.0 (win32) AppleWebKit/537.36 (KHTML, like Gecko) jsdom/27.3.0&apos;[39m,
  ip: [32m&apos;client_ip_unavailable&apos;[39m,
  sessionId: [32m&apos;session_1770159299405_y5lcej202&apos;[39m
}
[AUDIT: LOW] data_create {
  id: [32m&apos;audit_1770159299831_77nezb5eq&apos;[39m,
  timestamp: [32m&apos;2026-02-03T22:54:59.831Z&apos;[39m,
  action: [32m&apos;data_create&apos;[39m,
  details: {
    entityType: [32m&apos;transaction&apos;[39m,
    entityId: [32m&apos;212313c9-b29e-484c-b5fd-eff92c05a0a6&apos;[39m,
    amount: [33m564.8160208287128[39m,
    category: [32m&apos;Test&apos;[39m,
    accountId: [32m&apos;main&apos;[39m
  },
  userId: [32m&apos;test-user-123&apos;[39m,
  severity: [32m&apos;low&apos;[39m,
  userAgent: [32m&apos;Mozilla/5.0 (win32) AppleWebKit/537.36 (KHTML, like Gecko) jsdom/27.3.0&apos;[39m,
  ip: [32m&apos;client_ip_unavailable&apos;[39m,
  sessionId: [32m&apos;session_1770159299405_y5lcej202&apos;[39m
}
[AUDIT: LOW] data_create {
  id: [32m&apos;audit_1770159299833_c2ntokgax&apos;[39m,
  timestamp: [32m&apos;2026-02-03T22:54:59.833Z&apos;[39m,
  action: [32m&apos;data_create&apos;[39m,
  details: {
    entityType: [32m&apos;transaction&apos;[39m,
    entityId: [32m&apos;2f3e3067-3e80-4940-93c3-78f322175373&apos;[39m,
    amount: [33m853.2569960495825[39m,
    category: [32m&apos;Test&apos;[39m,
    accountId: [32m&apos;main&apos;[39m
  },
  userId: [32m&apos;test-user-123&apos;[39m,
  severity: [32m&apos;low&apos;[39m,
  userAgent: [32m&apos;Mozilla/5.0 (win32) AppleWebKit/537.36 (KHTML, like Gecko) jsdom/27.3.0&apos;[39m,
  ip: [32m&apos;client_ip_unavailable&apos;[39m,
  sessionId: [32m&apos;session_1770159299405_y5lcej202&apos;[39m
}
[AUDIT: LOW] data_create {
  id: [32m&apos;audit_1770159299835_v1piby8e1&apos;[39m,
  timestamp: [32m&apos;2026-02-03T22:54:59.835Z&apos;[39m,
  action: [32m&apos;data_create&apos;[39m,
  details: {
    entityType: [32m&apos;transaction&apos;[39m,
    entityId: [32m&apos;1211da13-3773-4d4f-b2f3-9a39342443c4&apos;[39m,
    amount: [33m354.3703631747085[39m,
    category: [32m&apos;Test&apos;[39m,
    accountId: [32m&apos;main&apos;[39m
  },
  userId: [32m&apos;test-user-123&apos;[39m,
  severity: [32m&apos;low&apos;[39m,
  userAgent: [32m&apos;Mozilla/5.0 (win32) AppleWebKit/537.36 (KHTML, like Gecko) jsdom/27.3.0&apos;[39m,
  ip: [32m&apos;client_ip_unavailable&apos;[39m,
  sessionId: [32m&apos;session_1770159299405_y5lcej202&apos;[39m
}
[AUDIT: LOW] data_create {
  id: [32m&apos;audit_1770159299838_ag0ds0bd7&apos;[39m,
  timestamp: [32m&apos;2026-02-03T22:54:59.838Z&apos;[39m,
  action: [32m&apos;data_create&apos;[39m,
  details: {
    entityType: [32m&apos;transaction&apos;[39m,
    entityId: [32m&apos;fe4229f4-a26d-4e6c-ad74-ecfdddc4fceb&apos;[39m,
    amount: [33m346.62435595799224[39m,
    category: [32m&apos;Test&apos;[39m,
    accountId: [32m&apos;main&apos;[39m
  },
  userId: [32m&apos;test-user-123&apos;[39m,
  severity: [32m&apos;low&apos;[39m,
  userAgent: [32m&apos;Mozilla/5.0 (win32) AppleWebKit/537.36 (KHTML, like Gecko) jsdom/27.3.0&apos;[39m,
  ip: [32m&apos;client_ip_unavailable&apos;[39m,
  sessionId: [32m&apos;session_1770159299405_y5lcej202&apos;[39m
}
[AUDIT: LOW] data_create {
  id: [32m&apos;audit_1770159299840_oq1487z2t&apos;[39m,
  timestamp: [32m&apos;2026-02-03T22:54:59.840Z&apos;[39m,
  action: [32m&apos;data_create&apos;[39m,
  details: {
    entityType: [32m&apos;transaction&apos;[39m,
    entityId: [32m&apos;7f375129-9be2-4add-9918-1b765e3d7257&apos;[39m,
    amount: [33m261.07421555497024[39m,
    category: [32m&apos;Test&apos;[39m,
    accountId: [32m&apos;main&apos;[39m
  },
  userId: [32m&apos;test-user-123&apos;[39m,
  severity: [32m&apos;low&apos;[39m,
  userAgent: [32m&apos;Mozilla/5.0 (win32) AppleWebKit/537.36 (KHTML, like Gecko) jsdom/27.3.0&apos;[39m,
  ip: [32m&apos;client_ip_unavailable&apos;[39m,
  sessionId: [32m&apos;session_1770159299405_y5lcej202&apos;[39m
}
[AUDIT: LOW] data_create {
  id: [32m&apos;audit_1770159299842_bgjp68mxf&apos;[39m,
  timestamp: [32m&apos;2026-02-03T22:54:59.842Z&apos;[39m,
  action: [32m&apos;data_create&apos;[39m,
  details: {
    entityType: [32m&apos;transaction&apos;[39m,
    entityId: [32m&apos;def70927-3999-49da-b772-8939714b9906&apos;[39m,
    amount: [33m105.96287310535557[39m,
    category: [32m&apos;Test&apos;[39m,
    accountId: [32m&apos;main&apos;[39m
  },
  userId: [32m&apos;test-user-123&apos;[39m,
  severity: [32m&apos;low&apos;[39m,
  userAgent: [32m&apos;Mozilla/5.0 (win32) AppleWebKit/537.36 (KHTML, like Gecko) jsdom/27.3.0&apos;[39m,
  ip: [32m&apos;client_ip_unavailable&apos;[39m,
  sessionId: [32m&apos;session_1770159299405_y5lcej202&apos;[39m
}
[AUDIT: LOW] data_create {
  id: [32m&apos;audit_1770159299845_lxpltm0qk&apos;[39m,
  timestamp: [32m&apos;2026-02-03T22:54:59.845Z&apos;[39m,
  action: [32m&apos;data_create&apos;[39m,
  details: {
    entityType: [32m&apos;transaction&apos;[39m,
    entityId: [32m&apos;0250914a-3b6b-4103-b6d4-7c19033d0129&apos;[39m,
    amount: [33m658.86246476789[39m,
    category: [32m&apos;Test&apos;[39m,
    accountId: [32m&apos;main&apos;[39m
  },
  userId: [32m&apos;test-user-123&apos;[39m,
  severity: [32m&apos;low&apos;[39m,
  userAgent: [32m&apos;Mozilla/5.0 (win32) AppleWebKit/537.36 (KHTML, like Gecko) jsdom/27.3.0&apos;[39m,
  ip: [32m&apos;client_ip_unavailable&apos;[39m,
  sessionId: [32m&apos;session_1770159299405_y5lcej202&apos;[39m
}
[AUDIT: LOW] data_create {
  id: [32m&apos;audit_1770159299846_zrxhg16p5&apos;[39m,
  timestamp: [32m&apos;2026-02-03T22:54:59.846Z&apos;[39m,
  action: [32m&apos;data_create&apos;[39m,
  details: {
    entityType: [32m&apos;transaction&apos;[39m,
    entityId: [32m&apos;43551758-779c-44e7-962c-bfb0e3ad127e&apos;[39m,
    amount: [33m871.1987047243982[39m,
    category: [32m&apos;Test&apos;[39m,
    accountId: [32m&apos;main&apos;[39m
  },
  userId: [32m&apos;test-user-123&apos;[39m,
  severity: [32m&apos;low&apos;[39m,
  userAgent: [32m&apos;Mozilla/5.0 (win32) AppleWebKit/537.36 (KHTML, like Gecko) jsdom/27.3.0&apos;[39m,
  ip: [32m&apos;client_ip_unavailable&apos;[39m,
  sessionId: [32m&apos;session_1770159299405_y5lcej202&apos;[39m
}
[AUDIT: LOW] data_create {
  id: [32m&apos;audit_1770159299848_lcx14ywr3&apos;[39m,
  timestamp: [32m&apos;2026-02-03T22:54:59.848Z&apos;[39m,
  action: [32m&apos;data_create&apos;[39m,
  details: {
    entityType: [32m&apos;transaction&apos;[39m,
    entityId: [32m&apos;456e6589-54c2-415c-9f3f-15b62ec6dc56&apos;[39m,
    amount: [33m878.7624348687896[39m,
    category: [32m&apos;Test&apos;[39m,
    accountId: [32m&apos;main&apos;[39m
  },
  userId: [32m&apos;test-user-123&apos;[39m,
  severity: [32m&apos;low&apos;[39m,
  userAgent: [32m&apos;Mozilla/5.0 (win32) AppleWebKit/537.36 (KHTML, like Gecko) jsdom/27.3.0&apos;[39m,
  ip: [32m&apos;client_ip_unavailable&apos;[39m,
  sessionId: [32m&apos;session_1770159299405_y5lcej202&apos;[39m
}
[AUDIT: LOW] data_create {
  id: [32m&apos;audit_1770159299849_n0vfqua2d&apos;[39m,
  timestamp: [32m&apos;2026-02-03T22:54:59.849Z&apos;[39m,
  action: [32m&apos;data_create&apos;[39m,
  details: {
    entityType: [32m&apos;transaction&apos;[39m,
    entityId: [32m&apos;307ab3b2-dcb7-46c6-82c2-fecb4f11cac3&apos;[39m,
    amount: [33m450.2621054199144[39m,
    category: [32m&apos;Test&apos;[39m,
    accountId: [32m&apos;main&apos;[39m
  },
  userId: [32m&apos;test-user-123&apos;[39m,
  severity: [32m&apos;low&apos;[39m,
  userAgent: [32m&apos;Mozilla/5.0 (win32) AppleWebKit/537.36 (KHTML, like Gecko) jsdom/27.3.0&apos;[39m,
  ip: [32m&apos;client_ip_unavailable&apos;[39m,
  sessionId: [32m&apos;session_1770159299405_y5lcej202&apos;[39m
}
[AUDIT: LOW] data_create {
  id: [32m&apos;audit_1770159299851_6zt6vt9yk&apos;[39m,
  timestamp: [32m&apos;2026-02-03T22:54:59.851Z&apos;[39m,
  action: [32m&apos;data_create&apos;[39m,
  details: {
    entityType: [32m&apos;transaction&apos;[39m,
    entityId: [32m&apos;44a58d9c-35f1-43ec-b6c2-13bedb7372cd&apos;[39m,
    amount: [33m266.13019014554493[39m,
    category: [32m&apos;Test&apos;[39m,
    accountId: [32m&apos;main&apos;[39m
  },
  userId: [32m&apos;test-user-123&apos;[39m,
  severity: [32m&apos;low&apos;[39m,
  userAgent: [32m&apos;Mozilla/5.0 (win32) AppleWebKit/537.36 (KHTML, like Gecko) jsdom/27.3.0&apos;[39m,
  ip: [32m&apos;client_ip_unavailable&apos;[39m,
  sessionId: [32m&apos;session_1770159299405_y5lcej202&apos;[39m
}
[AUDIT: LOW] data_create {
  id: [32m&apos;audit_1770159299853_cutggznu0&apos;[39m,
  timestamp: [32m&apos;2026-02-03T22:54:59.853Z&apos;[39m,
  action: [32m&apos;data_create&apos;[39m,
  details: {
    entityType: [32m&apos;transaction&apos;[39m,
    entityId: [32m&apos;99398ecf-1f77-4738-a385-96807d215e7e&apos;[39m,
    amount: [33m751.4007050752658[39m,
    category: [32m&apos;Test&apos;[39m,
    accountId: [32m&apos;main&apos;[39m
  },
  userId: [32m&apos;test-user-123&apos;[39m,
  severity: [32m&apos;low&apos;[39m,
  userAgent: [32m&apos;Mozilla/5.0 (win32) AppleWebKit/537.36 (KHTML, like Gecko) jsdom/27.3.0&apos;[39m,
  ip: [32m&apos;client_ip_unavailable&apos;[39m,
  sessionId: [32m&apos;session_1770159299405_y5lcej202&apos;[39m
}
[AUDIT: LOW] data_create {
  id: [32m&apos;audit_1770159299855_rwq667zje&apos;[39m,
  timestamp: [32m&apos;2026-02-03T22:54:59.855Z&apos;[39m,
  action: [32m&apos;data_create&apos;[39m,
  details: {
    entityType: [32m&apos;transaction&apos;[39m,
    entityId: [32m&apos;36630ae3-e0c7-4c9d-b07d-3409bc8aa8a6&apos;[39m,
    amount: [33m809.9433533550442[39m,
    category: [32m&apos;Test&apos;[39m,
    accountId: [32m&apos;main&apos;[39m
  },
  userId: [32m&apos;test-user-123&apos;[39m,
  severity: [32m&apos;low&apos;[39m,
  userAgent: [32m&apos;Mozilla/5.0 (win32) AppleWebKit/537.36 (KHTML, like Gecko) jsdom/27.3.0&apos;[39m,
  ip: [32m&apos;client_ip_unavailable&apos;[39m,
  sessionId: [32m&apos;session_1770159299405_y5lcej202&apos;[39m
}
[AUDIT: LOW] data_create {
  id: [32m&apos;audit_1770159299856_ly0qe99g1&apos;[39m,
  timestamp: [32m&apos;2026-02-03T22:54:59.856Z&apos;[39m,
  action: [32m&apos;data_create&apos;[39m,
  details: {
    entityType: [32m&apos;transaction&apos;[39m,
    entityId: [32m&apos;334b6a71-e87f-41df-b432-79d9b846442a&apos;[39m,
    amount: [33m834.5914905157165[39m,
    category: [32m&apos;Test&apos;[39m,
    accountId: [32m&apos;main&apos;[39m
  },
  userId: [32m&apos;test-user-123&apos;[39m,
  severity: [32m&apos;low&apos;[39m,
  userAgent: [32m&apos;Mozilla/5.0 (win32) AppleWebKit/537.36 (KHTML, like Gecko) jsdom/27.3.0&apos;[39m,
  ip: [32m&apos;client_ip_unavailable&apos;[39m,
  sessionId: [32m&apos;session_1770159299405_y5lcej202&apos;[39m
}
[AUDIT: LOW] data_create {
  id: [32m&apos;audit_1770159299859_eb1o3vmzr&apos;[39m,
  timestamp: [32m&apos;2026-02-03T22:54:59.859Z&apos;[39m,
  action: [32m&apos;data_create&apos;[39m,
  details: {
    entityType: [32m&apos;transaction&apos;[39m,
    entityId: [32m&apos;55dec023-ca61-4f74-8938-04fe299a7dff&apos;[39m,
    amount: [33m312.8244033631872[39m,
    category: [32m&apos;Test&apos;[39m,
    accountId: [32m&apos;main&apos;[39m
  },
  userId: [32m&apos;test-user-123&apos;[39m,
  severity: [32m&apos;low&apos;[39m,
  userAgent: [32m&apos;Mozilla/5.0 (win32) AppleWebKit/537.36 (KHTML, like Gecko) jsdom/27.3.0&apos;[39m,
  ip: [32m&apos;client_ip_unavailable&apos;[39m,
  sessionId: [32m&apos;session_1770159299405_y5lcej202&apos;[39m
}
[AUDIT: LOW] data_create {
  id: [32m&apos;audit_1770159299861_1q0jn2xrn&apos;[39m,
  timestamp: [32m&apos;2026-02-03T22:54:59.861Z&apos;[39m,
  action: [32m&apos;data_create&apos;[39m,
  details: {
    entityType: [32m&apos;transaction&apos;[39m,
    entityId: [32m&apos;f5a19113-2e32-4e0f-b757-d3590452d73e&apos;[39m,
    amount: [33m140.81342599559343[39m,
    category: [32m&apos;Test&apos;[39m,
    accountId: [32m&apos;main&apos;[39m
  },
  userId: [32m&apos;test-user-123&apos;[39m,
  severity: [32m&apos;low&apos;[39m,
  userAgent: [32m&apos;Mozilla/5.0 (win32) AppleWebKit/537.36 (KHTML, like Gecko) jsdom/27.3.0&apos;[39m,
  ip: [32m&apos;client_ip_unavailable&apos;[39m,
  sessionId: [32m&apos;session_1770159299405_y5lcej202&apos;[39m
}
[AUDIT: LOW] data_create {
  id: [32m&apos;audit_1770159299863_60hzpsh9s&apos;[39m,
  timestamp: [32m&apos;2026-02-03T22:54:59.863Z&apos;[39m,
  action: [32m&apos;data_create&apos;[39m,
  details: {
    entityType: [32m&apos;transaction&apos;[39m,
    entityId: [32m&apos;9fbe49e5-252b-4e0a-aee0-f3ea074a917a&apos;[39m,
    amount: [33m897.3205669077481[39m,
    category: [32m&apos;Test&apos;[39m,
    accountId: [32m&apos;main&apos;[39m
  },
  userId: [32m&apos;test-user-123&apos;[39m,
  severity: [32m&apos;low&apos;[39m,
  userAgent: [32m&apos;Mozilla/5.0 (win32) AppleWebKit/537.36 (KHTML, like Gecko) jsdom/27.3.0&apos;[39m,
  ip: [32m&apos;client_ip_unavailable&apos;[39m,
  sessionId: [32m&apos;session_1770159299405_y5lcej202&apos;[39m
}
[AUDIT: LOW] data_create {
  id: [32m&apos;audit_1770159299865_9tlj53tuw&apos;[39m,
  timestamp: [32m&apos;2026-02-03T22:54:59.865Z&apos;[39m,
  action: [32m&apos;data_create&apos;[39m,
  details: {
    entityType: [32m&apos;transaction&apos;[39m,
    entityId: [32m&apos;dc4aaa77-d049-4ca6-bafd-ae56ab721592&apos;[39m,
    amount: [33m604.554355739873[39m,
    category: [32m&apos;Test&apos;[39m,
    accountId: [32m&apos;main&apos;[39m
  },
  userId: [32m&apos;test-user-123&apos;[39m,
  severity: [32m&apos;low&apos;[39m,
  userAgent: [32m&apos;Mozilla/5.0 (win32) AppleWebKit/537.36 (KHTML, like Gecko) jsdom/27.3.0&apos;[39m,
  ip: [32m&apos;client_ip_unavailable&apos;[39m,
  sessionId: [32m&apos;session_1770159299405_y5lcej202&apos;[39m
}
[AUDIT: LOW] data_create {
  id: [32m&apos;audit_1770159299867_wy2vfi6ei&apos;[39m,
  timestamp: [32m&apos;2026-02-03T22:54:59.867Z&apos;[39m,
  action: [32m&apos;data_create&apos;[39m,
  details: {
    entityType: [32m&apos;transaction&apos;[39m,
    entityId: [32m&apos;282f55cc-b7ec-4721-9007-a2d31c72f585&apos;[39m,
    amount: [33m570.2321448049738[39m,
    category: [32m&apos;Test&apos;[39m,
    accountId: [32m&apos;main&apos;[39m
  },
  userId: [32m&apos;test-user-123&apos;[39m,
  severity: [32m&apos;low&apos;[39m,
  userAgent: [32m&apos;Mozilla/5.0 (win32) AppleWebKit/537.36 (KHTML, like Gecko) jsdom/27.3.0&apos;[39m,
  ip: [32m&apos;client_ip_unavailable&apos;[39m,
  sessionId: [32m&apos;session_1770159299405_y5lcej202&apos;[39m
}
[AUDIT: LOW] data_create {
  id: [32m&apos;audit_1770159299875_hhoezffcr&apos;[39m,
  timestamp: [32m&apos;2026-02-03T22:54:59.875Z&apos;[39m,
  action: [32m&apos;data_create&apos;[39m,
  details: {
    entityType: [32m&apos;transaction&apos;[39m,
    entityId: [32m&apos;3328cd1a-13b5-4d77-a97d-e0bcbcbf5910&apos;[39m,
    amount: [33m834.3958699340053[39m,
    category: [32m&apos;Test&apos;[39m,
    accountId: [32m&apos;main&apos;[39m
  },
  userId: [32m&apos;test-user-123&apos;[39m,
  severity: [32m&apos;low&apos;[39m,
  userAgent: [32m&apos;Mozilla/5.0 (win32) AppleWebKit/537.36 (KHTML, like Gecko) jsdom/27.3.0&apos;[39m,
  ip: [32m&apos;client_ip_unavailable&apos;[39m,
  sessionId: [32m&apos;session_1770159299405_y5lcej202&apos;[39m
}
[AUDIT: LOW] data_create {
  id: [32m&apos;audit_1770159299881_7oikilif2&apos;[39m,
  timestamp: [32m&apos;2026-02-03T22:54:59.881Z&apos;[39m,
  action: [32m&apos;data_create&apos;[39m,
  details: {
    entityType: [32m&apos;transaction&apos;[39m,
    entityId: [32m&apos;9b020a7d-6042-4185-b807-98ed850983de&apos;[39m,
    amount: [33m111.87223753181874[39m,
    category: [32m&apos;Test&apos;[39m,
    accountId: [32m&apos;main&apos;[39m
  },
  userId: [32m&apos;test-user-123&apos;[39m,
  severity: [32m&apos;low&apos;[39m,
  userAgent: [32m&apos;Mozilla/5.0 (win32) AppleWebKit/537.36 (KHTML, like Gecko) jsdom/27.3.0&apos;[39m,
  ip: [32m&apos;client_ip_unavailable&apos;[39m,
  sessionId: [32m&apos;session_1770159299405_y5lcej202&apos;[39m
}
[AUDIT: LOW] data_create {
  id: [32m&apos;audit_1770159299883_llzwl3dha&apos;[39m,
  timestamp: [32m&apos;2026-02-03T22:54:59.883Z&apos;[39m,
  action: [32m&apos;data_create&apos;[39m,
  details: {
    entityType: [32m&apos;transaction&apos;[39m,
    entityId: [32m&apos;ad6c1dd4-acb2-41b1-b8b0-ee929dc3496c&apos;[39m,
    amount: [33m376.57495279208865[39m,
    category: [32m&apos;Test&apos;[39m,
    accountId: [32m&apos;main&apos;[39m
  },
  userId: [32m&apos;test-user-123&apos;[39m,
  severity: [32m&apos;low&apos;[39m,
  userAgent: [32m&apos;Mozilla/5.0 (win32) AppleWebKit/537.36 (KHTML, like Gecko) jsdom/27.3.0&apos;[39m,
  ip: [32m&apos;client_ip_unavailable&apos;[39m,
  sessionId: [32m&apos;session_1770159299405_y5lcej202&apos;[39m
}
[AUDIT: LOW] data_create {
  id: [32m&apos;audit_1770159299887_gg7etdcic&apos;[39m,
  timestamp: [32m&apos;2026-02-03T22:54:59.887Z&apos;[39m,
  action: [32m&apos;data_create&apos;[39m,
  details: {
    entityType: [32m&apos;transaction&apos;[39m,
    entityId: [32m&apos;c2a80e26-6f2e-4083-b5d0-814b10e697fd&apos;[39m,
    amount: [33m889.170363261731[39m,
    category: [32m&apos;Test&apos;[39m,
    accountId: [32m&apos;main&apos;[39m
  },
  userId: [32m&apos;test-user-123&apos;[39m,
  severity: [32m&apos;low&apos;[39m,
  userAgent: [32m&apos;Mozilla/5.0 (win32) AppleWebKit/537.36 (KHTML, like Gecko) jsdom/27.3.0&apos;[39m,
  ip: [32m&apos;client_ip_unavailable&apos;[39m,
  sessionId: [32m&apos;session_1770159299405_y5lcej202&apos;[39m
}
[AUDIT: LOW] data_create {
  id: [32m&apos;audit_1770159299889_mht3lxs62&apos;[39m,
  timestamp: [32m&apos;2026-02-03T22:54:59.889Z&apos;[39m,
  action: [32m&apos;data_create&apos;[39m,
  details: {
    entityType: [32m&apos;transaction&apos;[39m,
    entityId: [32m&apos;035a28c4-4bf1-4cb2-aa5d-29b5591806d7&apos;[39m,
    amount: [33m206.8464417029563[39m,
    category: [32m&apos;Test&apos;[39m,
    accountId: [32m&apos;main&apos;[39m
  },
  userId: [32m&apos;test-user-123&apos;[39m,
  severity: [32m&apos;low&apos;[39m,
  userAgent: [32m&apos;Mozilla/5.0 (win32) AppleWebKit/537.36 (KHTML, like Gecko) jsdom/27.3.0&apos;[39m,
  ip: [32m&apos;client_ip_unavailable&apos;[39m,
  sessionId: [32m&apos;session_1770159299405_y5lcej202&apos;[39m
}
[AUDIT: LOW] data_create {
  id: [32m&apos;audit_1770159299891_9thxnktus&apos;[39m,
  timestamp: [32m&apos;2026-02-03T22:54:59.891Z&apos;[39m,
  action: [32m&apos;data_create&apos;[39m,
  details: {
    entityType: [32m&apos;transaction&apos;[39m,
    entityId: [32m&apos;8c4fb3cb-fecf-4ae6-9536-36bb56325451&apos;[39m,
    amount: [33m645.7266146852949[39m,
    category: [32m&apos;Test&apos;[39m,
    accountId: [32m&apos;main&apos;[39m
  },
  userId: [32m&apos;test-user-123&apos;[39m,
  severity: [32m&apos;low&apos;[39m,
  userAgent: [32m&apos;Mozilla/5.0 (win32) AppleWebKit/537.36 (KHTML, like Gecko) jsdom/27.3.0&apos;[39m,
  ip: [32m&apos;client_ip_unavailable&apos;[39m,
  sessionId: [32m&apos;session_1770159299405_y5lcej202&apos;[39m
}
[AUDIT: LOW] data_create {
  id: [32m&apos;audit_1770159299893_jysi5aij3&apos;[39m,
  timestamp: [32m&apos;2026-02-03T22:54:59.893Z&apos;[39m,
  action: [32m&apos;data_create&apos;[39m,
  details: {
    entityType: [32m&apos;transaction&apos;[39m,
    entityId: [32m&apos;d4bb7600-24a3-493a-92c2-f0590d886158&apos;[39m,
    amount: [33m103.03706483204[39m,
    category: [32m&apos;Test&apos;[39m,
    accountId: [32m&apos;main&apos;[39m
  },
  userId: [32m&apos;test-user-123&apos;[39m,
  severity: [32m&apos;low&apos;[39m,
  userAgent: [32m&apos;Mozilla/5.0 (win32) AppleWebKit/537.36 (KHTML, like Gecko) jsdom/27.3.0&apos;[39m,
  ip: [32m&apos;client_ip_unavailable&apos;[39m,
  sessionId: [32m&apos;session_1770159299405_y5lcej202&apos;[39m
}
[AUDIT: LOW] data_create {
  id: [32m&apos;audit_1770159299895_y3rk3sssx&apos;[39m,
  timestamp: [32m&apos;2026-02-03T22:54:59.895Z&apos;[39m,
  action: [32m&apos;data_create&apos;[39m,
  details: {
    entityType: [32m&apos;transaction&apos;[39m,
    entityId: [32m&apos;e65f389e-eb72-43a3-8a5f-14f4c69adb0a&apos;[39m,
    amount: [33m296.4333243683621[39m,
    category: [32m&apos;Test&apos;[39m,
    accountId: [32m&apos;main&apos;[39m
  },
  userId: [32m&apos;test-user-123&apos;[39m,
  severity: [32m&apos;low&apos;[39m,
  userAgent: [32m&apos;Mozilla/5.0 (win32) AppleWebKit/537.36 (KHTML, like Gecko) jsdom/27.3.0&apos;[39m,
  ip: [32m&apos;client_ip_unavailable&apos;[39m,
  sessionId: [32m&apos;session_1770159299405_y5lcej202&apos;[39m
}
[AUDIT: LOW] data_create {
  id: [32m&apos;audit_1770159299896_aa0ux0a6q&apos;[39m,
  timestamp: [32m&apos;2026-02-03T22:54:59.896Z&apos;[39m,
  action: [32m&apos;data_create&apos;[39m,
  details: {
    entityType: [32m&apos;transaction&apos;[39m,
    entityId: [32m&apos;1eb2a859-e459-4d79-98a8-f38272e2212f&apos;[39m,
    amount: [33m789.4643077630909[39m,
    category: [32m&apos;Test&apos;[39m,
    accountId: [32m&apos;main&apos;[39m
  },
  userId: [32m&apos;test-user-123&apos;[39m,
  severity: [32m&apos;low&apos;[39m,
  userAgent: [32m&apos;Mozilla/5.0 (win32) AppleWebKit/537.36 (KHTML, like Gecko) jsdom/27.3.0&apos;[39m,
  ip: [32m&apos;client_ip_unavailable&apos;[39m,
  sessionId: [32m&apos;session_1770159299405_y5lcej202&apos;[39m
}
[AUDIT: LOW] data_create {
  id: [32m&apos;audit_1770159299898_27gfon9t8&apos;[39m,
  timestamp: [32m&apos;2026-02-03T22:54:59.898Z&apos;[39m,
  action: [32m&apos;data_create&apos;[39m,
  details: {
    entityType: [32m&apos;transaction&apos;[39m,
    entityId: [32m&apos;5ccbebb2-fdaa-4da0-a4b0-4add984328c4&apos;[39m,
    amount: [33m525.0607764237011[39m,
    category: [32m&apos;Test&apos;[39m,
    accountId: [32m&apos;main&apos;[39m
  },
  userId: [32m&apos;test-user-123&apos;[39m,
  severity: [32m&apos;low&apos;[39m,
  userAgent: [32m&apos;Mozilla/5.0 (win32) AppleWebKit/537.36 (KHTML, like Gecko) jsdom/27.3.0&apos;[39m,
  ip: [32m&apos;client_ip_unavailable&apos;[39m,
  sessionId: [32m&apos;session_1770159299405_y5lcej202&apos;[39m
}
[AUDIT: LOW] data_create {
  id: [32m&apos;audit_1770159299900_2nbe6xwkv&apos;[39m,
  timestamp: [32m&apos;2026-02-03T22:54:59.900Z&apos;[39m,
  action: [32m&apos;data_create&apos;[39m,
  details: {
    entityType: [32m&apos;transaction&apos;[39m,
    entityId: [32m&apos;9ce9b702-973c-46d3-b721-21d2c6a62b03&apos;[39m,
    amount: [33m306.58316707590774[39m,
    category: [32m&apos;Test&apos;[39m,
    accountId: [32m&apos;main&apos;[39m
  },
  userId: [32m&apos;test-user-123&apos;[39m,
  severity: [32m&apos;low&apos;[39m,
  userAgent: [32m&apos;Mozilla/5.0 (win32) AppleWebKit/537.36 (KHTML, like Gecko) jsdom/27.3.0&apos;[39m,
  ip: [32m&apos;client_ip_unavailable&apos;[39m,
  sessionId: [32m&apos;session_1770159299405_y5lcej202&apos;[39m
}
[AUDIT: LOW] data_create {
  id: [32m&apos;audit_1770159299902_ebw5znhuy&apos;[39m,
  timestamp: [32m&apos;2026-02-03T22:54:59.902Z&apos;[39m,
  action: [32m&apos;data_create&apos;[39m,
  details: {
    entityType: [32m&apos;transaction&apos;[39m,
    entityId: [32m&apos;0485fb3b-18c7-4786-b271-2725bc5ce9ec&apos;[39m,
    amount: [33m918.2309075387446[39m,
    category: [32m&apos;Test&apos;[39m,
    accountId: [32m&apos;main&apos;[39m
  },
  userId: [32m&apos;test-user-123&apos;[39m,
  severity: [32m&apos;low&apos;[39m,
  userAgent: [32m&apos;Mozilla/5.0 (win32) AppleWebKit/537.36 (KHTML, like Gecko) jsdom/27.3.0&apos;[39m,
  ip: [32m&apos;client_ip_unavailable&apos;[39m,
  sessionId: [32m&apos;session_1770159299405_y5lcej202&apos;[39m
}
[AUDIT: LOW] data_create {
  id: [32m&apos;audit_1770159299903_40epyy45e&apos;[39m,
  timestamp: [32m&apos;2026-02-03T22:54:59.903Z&apos;[39m,
  action: [32m&apos;data_create&apos;[39m,
  details: {
    entityType: [32m&apos;transaction&apos;[39m,
    entityId: [32m&apos;89655515-aaac-45dc-8044-5c1bcdcc3096&apos;[39m,
    amount: [33m314.112658155744[39m,
    category: [32m&apos;Test&apos;[39m,
    accountId: [32m&apos;main&apos;[39m
  },
  userId: [32m&apos;test-user-123&apos;[39m,
  severity: [32m&apos;low&apos;[39m,
  userAgent: [32m&apos;Mozilla/5.0 (win32) AppleWebKit/537.36 (KHTML, like Gecko) jsdom/27.3.0&apos;[39m,
  ip: [32m&apos;client_ip_unavailable&apos;[39m,
  sessionId: [32m&apos;session_1770159299405_y5lcej202&apos;[39m
}
[AUDIT: LOW] data_create {
  id: [32m&apos;audit_1770159299906_24b2mt0wj&apos;[39m,
  timestamp: [32m&apos;2026-02-03T22:54:59.906Z&apos;[39m,
  action: [32m&apos;data_create&apos;[39m,
  details: {
    entityType: [32m&apos;transaction&apos;[39m,
    entityId: [32m&apos;512a1a2a-4be4-4c71-857d-ed3c047ebd9a&apos;[39m,
    amount: [33m443.2193981739343[39m,
    category: [32m&apos;Test&apos;[39m,
    accountId: [32m&apos;main&apos;[39m
  },
  userId: [32m&apos;test-user-123&apos;[39m,
  severity: [32m&apos;low&apos;[39m,
  userAgent: [32m&apos;Mozilla/5.0 (win32) AppleWebKit/537.36 (KHTML, like Gecko) jsdom/27.3.0&apos;[39m,
  ip: [32m&apos;client_ip_unavailable&apos;[39m,
  sessionId: [32m&apos;session_1770159299405_y5lcej202&apos;[39m
}
[AUDIT: LOW] data_create {
  id: [32m&apos;audit_1770159299908_gxxug8qaa&apos;[39m,
  timestamp: [32m&apos;2026-02-03T22:54:59.908Z&apos;[39m,
  action: [32m&apos;data_create&apos;[39m,
  details: {
    entityType: [32m&apos;transaction&apos;[39m,
    entityId: [32m&apos;726d193d-5e8c-4acd-b92c-5321165ddcd6&apos;[39m,
    amount: [33m544.6155865001978[39m,
    category: [32m&apos;Test&apos;[39m,
    accountId: [32m&apos;main&apos;[39m
  },
  userId: [32m&apos;test-user-123&apos;[39m,
  severity: [32m&apos;low&apos;[39m,
  userAgent: [32m&apos;Mozilla/5.0 (win32) AppleWebKit/537.36 (KHTML, like Gecko) jsdom/27.3.0&apos;[39m,
  ip: [32m&apos;client_ip_unavailable&apos;[39m,
  sessionId: [32m&apos;session_1770159299405_y5lcej202&apos;[39m
}
[AUDIT: LOW] data_create {
  id: [32m&apos;audit_1770159299911_e6ft4zwf1&apos;[39m,
  timestamp: [32m&apos;2026-02-03T22:54:59.911Z&apos;[39m,
  action: [32m&apos;data_create&apos;[39m,
  details: {
    entityType: [32m&apos;transaction&apos;[39m,
    entityId: [32m&apos;0e46054d-2f02-4be3-8e21-646f0feb647e&apos;[39m,
    amount: [33m361.00073459926296[39m,
    category: [32m&apos;Test&apos;[39m,
    accountId: [32m&apos;main&apos;[39m
  },
  userId: [32m&apos;test-user-123&apos;[39m,
  severity: [32m&apos;low&apos;[39m,
  userAgent: [32m&apos;Mozilla/5.0 (win32) AppleWebKit/537.36 (KHTML, like Gecko) jsdom/27.3.0&apos;[39m,
  ip: [32m&apos;client_ip_unavailable&apos;[39m,
  sessionId: [32m&apos;session_1770159299405_y5lcej202&apos;[39m
}
[AUDIT: LOW] data_create {
  id: [32m&apos;audit_1770159299915_thazi04cj&apos;[39m,
  timestamp: [32m&apos;2026-02-03T22:54:59.915Z&apos;[39m,
  action: [32m&apos;data_create&apos;[39m,
  details: {
    entityType: [32m&apos;transaction&apos;[39m,
    entityId: [32m&apos;af55933c-41dd-44e1-a22b-257fe9aeef6e&apos;[39m,
    amount: [33m858.9967549309818[39m,
    category: [32m&apos;Test&apos;[39m,
    accountId: [32m&apos;main&apos;[39m
  },
  userId: [32m&apos;test-user-123&apos;[39m,
  severity: [32m&apos;low&apos;[39m,
  userAgent: [32m&apos;Mozilla/5.0 (win32) AppleWebKit/537.36 (KHTML, like Gecko) jsdom/27.3.0&apos;[39m,
  ip: [32m&apos;client_ip_unavailable&apos;[39m,
  sessionId: [32m&apos;session_1770159299405_y5lcej202&apos;[39m
}
[AUDIT: LOW] data_create {
  id: [32m&apos;audit_1770159299917_us4g9gtvo&apos;[39m,
  timestamp: [32m&apos;2026-02-03T22:54:59.917Z&apos;[39m,
  action: [32m&apos;data_create&apos;[39m,
  details: {
    entityType: [32m&apos;transaction&apos;[39m,
    entityId: [32m&apos;6b295655-e209-4fa3-a808-575a6ae63d72&apos;[39m,
    amount: [33m543.8081085357903[39m,
    category: [32m&apos;Test&apos;[39m,
    accountId: [32m&apos;main&apos;[39m
  },
  userId: [32m&apos;test-user-123&apos;[39m,
  severity: [32m&apos;low&apos;[39m,
  userAgent: [32m&apos;Mozilla/5.0 (win32) AppleWebKit/537.36 (KHTML, like Gecko) jsdom/27.3.0&apos;[39m,
  ip: [32m&apos;client_ip_unavailable&apos;[39m,
  sessionId: [32m&apos;session_1770159299405_y5lcej202&apos;[39m
}
[AUDIT: LOW] data_create {
  id: [32m&apos;audit_1770159299920_p4oj56e36&apos;[39m,
  timestamp: [32m&apos;2026-02-03T22:54:59.920Z&apos;[39m,
  action: [32m&apos;data_create&apos;[39m,
  details: {
    entityType: [32m&apos;transaction&apos;[39m,
    entityId: [32m&apos;dbc6e52c-2a1d-46e7-9135-368a0a80ee65&apos;[39m,
    amount: [33m555.4834450089597[39m,
    category: [32m&apos;Test&apos;[39m,
    accountId: [32m&apos;main&apos;[39m
  },
  userId: [32m&apos;test-user-123&apos;[39m,
  severity: [32m&apos;low&apos;[39m,
  userAgent: [32m&apos;Mozilla/5.0 (win32) AppleWebKit/537.36 (KHTML, like Gecko) jsdom/27.3.0&apos;[39m,
  ip: [32m&apos;client_ip_unavailable&apos;[39m,
  sessionId: [32m&apos;session_1770159299405_y5lcej202&apos;[39m
}
[AUDIT: LOW] data_create {
  id: [32m&apos;audit_1770159299941_wmtskuh0j&apos;[39m,
  timestamp: [32m&apos;2026-02-03T22:54:59.941Z&apos;[39m,
  action: [32m&apos;data_create&apos;[39m,
  details: {
    entityType: [32m&apos;transaction&apos;[39m,
    entityId: [32m&apos;48db6fc1-4d55-4cdb-b029-b7cc1786b8f9&apos;[39m,
    amount: [33m425.77581572650894[39m,
    category: [32m&apos;Test&apos;[39m,
    accountId: [32m&apos;main&apos;[39m
  },
  userId: [32m&apos;test-user-123&apos;[39m,
  severity: [32m&apos;low&apos;[39m,
  userAgent: [32m&apos;Mozilla/5.0 (win32) AppleWebKit/537.36 (KHTML, like Gecko) jsdom/27.3.0&apos;[39m,
  ip: [32m&apos;client_ip_unavailable&apos;[39m,
  sessionId: [32m&apos;session_1770159299405_y5lcej202&apos;[39m
}
[AUDIT: LOW] data_create {
  id: [32m&apos;audit_1770159299943_cfi0bqhhl&apos;[39m,
  timestamp: [32m&apos;2026-02-03T22:54:59.943Z&apos;[39m,
  action: [32m&apos;data_create&apos;[39m,
  details: {
    entityType: [32m&apos;transaction&apos;[39m,
    entityId: [32m&apos;f05615c5-3663-4b1b-af1c-49013bf52dac&apos;[39m,
    amount: [33m659.8160612089182[39m,
    category: [32m&apos;Test&apos;[39m,
    accountId: [32m&apos;main&apos;[39m
  },
  userId: [32m&apos;test-user-123&apos;[39m,
  severity: [32m&apos;low&apos;[39m,
  userAgent: [32m&apos;Mozilla/5.0 (win32) AppleWebKit/537.36 (KHTML, like Gecko) jsdom/27.3.0&apos;[39m,
  ip: [32m&apos;client_ip_unavailable&apos;[39m,
  sessionId: [32m&apos;session_1770159299405_y5lcej202&apos;[39m
}
[AUDIT: LOW] data_create {
  id: [32m&apos;audit_1770159299945_aqe18ydo8&apos;[39m,
  timestamp: [32m&apos;2026-02-03T22:54:59.945Z&apos;[39m,
  action: [32m&apos;data_create&apos;[39m,
  details: {
    entityType: [32m&apos;transaction&apos;[39m,
    entityId: [32m&apos;65168be3-3d53-44fb-9c87-81ff20687f06&apos;[39m,
    amount: [33m754.445555250942[39m,
    category: [32m&apos;Test&apos;[39m,
    accountId: [32m&apos;main&apos;[39m
  },
  userId: [32m&apos;test-user-123&apos;[39m,
  severity: [32m&apos;low&apos;[39m,
  userAgent: [32m&apos;Mozilla/5.0 (win32) AppleWebKit/537.36 (KHTML, like Gecko) jsdom/27.3.0&apos;[39m,
  ip: [32m&apos;client_ip_unavailable&apos;[39m,
  sessionId: [32m&apos;session_1770159299405_y5lcej202&apos;[39m
}
[AUDIT: LOW] data_create {
  id: [32m&apos;audit_1770159299947_hu5tn9rtv&apos;[39m,
  timestamp: [32m&apos;2026-02-03T22:54:59.947Z&apos;[39m,
  action: [32m&apos;data_create&apos;[39m,
  details: {
    entityType: [32m&apos;transaction&apos;[39m,
    entityId: [32m&apos;67c69bf2-368c-4644-8228-76227d573e5a&apos;[39m,
    amount: [33m850.0940428732175[39m,
    category: [32m&apos;Test&apos;[39m,
    accountId: [32m&apos;main&apos;[39m
  },
  userId: [32m&apos;test-user-123&apos;[39m,
  severity: [32m&apos;low&apos;[39m,
  userAgent: [32m&apos;Mozilla/5.0 (win32) AppleWebKit/537.36 (KHTML, like Gecko) jsdom/27.3.0&apos;[39m,
  ip: [32m&apos;client_ip_unavailable&apos;[39m,
  sessionId: [32m&apos;session_1770159299405_y5lcej202&apos;[39m
}
[AUDIT: LOW] data_create {
  id: [32m&apos;audit_1770159299949_0qulho5nr&apos;[39m,
  timestamp: [32m&apos;2026-02-03T22:54:59.949Z&apos;[39m,
  action: [32m&apos;data_create&apos;[39m,
  details: {
    entityType: [32m&apos;transaction&apos;[39m,
    entityId: [32m&apos;ef9af187-8215-41b7-b837-a8411c83bf0d&apos;[39m,
    amount: [33m320.19225194478594[39m,
    category: [32m&apos;Test&apos;[39m,
    accountId: [32m&apos;main&apos;[39m
  },
  userId: [32m&apos;test-user-123&apos;[39m,
  severity: [32m&apos;low&apos;[39m,
  userAgent: [32m&apos;Mozilla/5.0 (win32) AppleWebKit/537.36 (KHTML, like Gecko) jsdom/27.3.0&apos;[39m,
  ip: [32m&apos;client_ip_unavailable&apos;[39m,
  sessionId: [32m&apos;session_1770159299405_y5lcej202&apos;[39m
}
[AUDIT: LOW] data_create {
  id: [32m&apos;audit_1770159299951_tit42jpxl&apos;[39m,
  timestamp: [32m&apos;2026-02-03T22:54:59.951Z&apos;[39m,
  action: [32m&apos;data_create&apos;[39m,
  details: {
    entityType: [32m&apos;transaction&apos;[39m,
    entityId: [32m&apos;715adfdd-f2f6-47e6-9101-7e85e2a6c575&apos;[39m,
    amount: [33m392.0363095747067[39m,
    category: [32m&apos;Test&apos;[39m,
    accountId: [32m&apos;main&apos;[39m
  },
  userId: [32m&apos;test-user-123&apos;[39m,
  severity: [32m&apos;low&apos;[39m,
  userAgent: [32m&apos;Mozilla/5.0 (win32) AppleWebKit/537.36 (KHTML, like Gecko) jsdom/27.3.0&apos;[39m,
  ip: [32m&apos;client_ip_unavailable&apos;[39m,
  sessionId: [32m&apos;session_1770159299405_y5lcej202&apos;[39m
}
[AUDIT: LOW] data_create {
  id: [32m&apos;audit_1770159299953_y8rut76a8&apos;[39m,
  timestamp: [32m&apos;2026-02-03T22:54:59.953Z&apos;[39m,
  action: [32m&apos;data_create&apos;[39m,
  details: {
    entityType: [32m&apos;transaction&apos;[39m,
    entityId: [32m&apos;68267a64-c8b2-4174-91a4-2a519d889655&apos;[39m,
    amount: [33m861.9496715487168[39m,
    category: [32m&apos;Test&apos;[39m,
    accountId: [32m&apos;main&apos;[39m
  },
  userId: [32m&apos;test-user-123&apos;[39m,
  severity: [32m&apos;low&apos;[39m,
  userAgent: [32m&apos;Mozilla/5.0 (win32) AppleWebKit/537.36 (KHTML, like Gecko) jsdom/27.3.0&apos;[39m,
  ip: [32m&apos;client_ip_unavailable&apos;[39m,
  sessionId: [32m&apos;session_1770159299405_y5lcej202&apos;[39m
}
[AUDIT: LOW] data_create {
  id: [32m&apos;audit_1770159299955_dekx3lx9l&apos;[39m,
  timestamp: [32m&apos;2026-02-03T22:54:59.955Z&apos;[39m,
  action: [32m&apos;data_create&apos;[39m,
  details: {
    entityType: [32m&apos;transaction&apos;[39m,
    entityId: [32m&apos;5e723dca-21a1-4249-951a-3e20674cd7e5&apos;[39m,
    amount: [33m907.9128879100217[39m,
    category: [32m&apos;Test&apos;[39m,
    accountId: [32m&apos;main&apos;[39m
  },
  userId: [32m&apos;test-user-123&apos;[39m,
  severity: [32m&apos;low&apos;[39m,
  userAgent: [32m&apos;Mozilla/5.0 (win32) AppleWebKit/537.36 (KHTML, like Gecko) jsdom/27.3.0&apos;[39m,
  ip: [32m&apos;client_ip_unavailable&apos;[39m,
  sessionId: [32m&apos;session_1770159299405_y5lcej202&apos;[39m
}
[AUDIT: LOW] data_create {
  id: [32m&apos;audit_1770159299957_makvskanj&apos;[39m,
  timestamp: [32m&apos;2026-02-03T22:54:59.957Z&apos;[39m,
  action: [32m&apos;data_create&apos;[39m,
  details: {
    entityType: [32m&apos;transaction&apos;[39m,
    entityId: [32m&apos;3a35ece1-9ee1-4597-8ac7-fbd8ccec529b&apos;[39m,
    amount: [33m196.77615473431686[39m,
    category: [32m&apos;Test&apos;[39m,
    accountId: [32m&apos;main&apos;[39m
  },
  userId: [32m&apos;test-user-123&apos;[39m,
  severity: [32m&apos;low&apos;[39m,
  userAgent: [32m&apos;Mozilla/5.0 (win32) AppleWebKit/537.36 (KHTML, like Gecko) jsdom/27.3.0&apos;[39m,
  ip: [32m&apos;client_ip_unavailable&apos;[39m,
  sessionId: [32m&apos;session_1770159299405_y5lcej202&apos;[39m
}
[AUDIT: LOW] data_create {
  id: [32m&apos;audit_1770159299959_z3t5l9tk5&apos;[39m,
  timestamp: [32m&apos;2026-02-03T22:54:59.959Z&apos;[39m,
  action: [32m&apos;data_create&apos;[39m,
  details: {
    entityType: [32m&apos;transaction&apos;[39m,
    entityId: [32m&apos;cae0df7e-42a9-4809-933e-c61d1040989c&apos;[39m,
    amount: [33m14.884931028092518[39m,
    category: [32m&apos;Test&apos;[39m,
    accountId: [32m&apos;main&apos;[39m
  },
  userId: [32m&apos;test-user-123&apos;[39m,
  severity: [32m&apos;low&apos;[39m,
  userAgent: [32m&apos;Mozilla/5.0 (win32) AppleWebKit/537.36 (KHTML, like Gecko) jsdom/27.3.0&apos;[39m,
  ip: [32m&apos;client_ip_unavailable&apos;[39m,
  sessionId: [32m&apos;session_1770159299405_y5lcej202&apos;[39m
}
[AUDIT: LOW] data_create {
  id: [32m&apos;audit_1770159299961_2r9xt0d4f&apos;[39m,
  timestamp: [32m&apos;2026-02-03T22:54:59.961Z&apos;[39m,
  action: [32m&apos;data_create&apos;[39m,
  details: {
    entityType: [32m&apos;transaction&apos;[39m,
    entityId: [32m&apos;56ea0c5f-bb9a-474a-8af1-e92d1b60f33b&apos;[39m,
    amount: [33m159.3824743135973[39m,
    category: [32m&apos;Test&apos;[39m,
    accountId: [32m&apos;main&apos;[39m
  },
  userId: [32m&apos;test-user-123&apos;[39m,
  severity: [32m&apos;low&apos;[39m,
  userAgent: [32m&apos;Mozilla/5.0 (win32) AppleWebKit/537.36 (KHTML, like Gecko) jsdom/27.3.0&apos;[39m,
  ip: [32m&apos;client_ip_unavailable&apos;[39m,
  sessionId: [32m&apos;session_1770159299405_y5lcej202&apos;[39m
}
[AUDIT: LOW] data_create {
  id: [32m&apos;audit_1770159299963_bzmcnu2gs&apos;[39m,
  timestamp: [32m&apos;2026-02-03T22:54:59.963Z&apos;[39m,
  action: [32m&apos;data_create&apos;[39m,
  details: {
    entityType: [32m&apos;transaction&apos;[39m,
    entityId: [32m&apos;8a408744-813e-43b2-908d-320c2955e1fd&apos;[39m,
    amount: [33m398.5871435360093[39m,
    category: [32m&apos;Test&apos;[39m,
    accountId: [32m&apos;main&apos;[39m
  },
  userId: [32m&apos;test-user-123&apos;[39m,
  severity: [32m&apos;low&apos;[39m,
  userAgent: [32m&apos;Mozilla/5.0 (win32) AppleWebKit/537.36 (KHTML, like Gecko) jsdom/27.3.0&apos;[39m,
  ip: [32m&apos;client_ip_unavailable&apos;[39m,
  sessionId: [32m&apos;session_1770159299405_y5lcej202&apos;[39m
}
[AUDIT: LOW] data_create {
  id: [32m&apos;audit_1770159299971_s6f1wy9gp&apos;[39m,
  timestamp: [32m&apos;2026-02-03T22:54:59.971Z&apos;[39m,
  action: [32m&apos;data_create&apos;[39m,
  details: {
    entityType: [32m&apos;transaction&apos;[39m,
    entityId: [32m&apos;fdef8279-b21b-4ba0-82da-385947a6b4e9&apos;[39m,
    amount: [33m794.8036816612987[39m,
    category: [32m&apos;Test&apos;[39m,
    accountId: [32m&apos;main&apos;[39m
  },
  userId: [32m&apos;test-user-123&apos;[39m,
  severity: [32m&apos;low&apos;[39m,
  userAgent: [32m&apos;Mozilla/5.0 (win32) AppleWebKit/537.36 (KHTML, like Gecko) jsdom/27.3.0&apos;[39m,
  ip: [32m&apos;client_ip_unavailable&apos;[39m,
  sessionId: [32m&apos;session_1770159299405_y5lcej202&apos;[39m
}
[AUDIT: LOW] data_create {
  id: [32m&apos;audit_1770159299973_kcs34wlc7&apos;[39m,
  timestamp: [32m&apos;2026-02-03T22:54:59.973Z&apos;[39m,
  action: [32m&apos;data_create&apos;[39m,
  details: {
    entityType: [32m&apos;transaction&apos;[39m,
    entityId: [32m&apos;8a506702-ddf4-46d4-9026-5aa3bf3ac31b&apos;[39m,
    amount: [33m499.0250853329793[39m,
    category: [32m&apos;Test&apos;[39m,
    accountId: [32m&apos;main&apos;[39m
  },
  userId: [32m&apos;test-user-123&apos;[39m,
  severity: [32m&apos;low&apos;[39m,
  userAgent: [32m&apos;Mozilla/5.0 (win32) AppleWebKit/537.36 (KHTML, like Gecko) jsdom/27.3.0&apos;[39m,
  ip: [32m&apos;client_ip_unavailable&apos;[39m,
  sessionId: [32m&apos;session_1770159299405_y5lcej202&apos;[39m
}
[AUDIT: LOW] data_create {
  id: [32m&apos;audit_1770159299975_cghs6cuni&apos;[39m,
  timestamp: [32m&apos;2026-02-03T22:54:59.975Z&apos;[39m,
  action: [32m&apos;data_create&apos;[39m,
  details: {
    entityType: [32m&apos;transaction&apos;[39m,
    entityId: [32m&apos;0a24fb40-0c22-4a77-b9d8-10a347c8f045&apos;[39m,
    amount: [33m961.9384123827246[39m,
    category: [32m&apos;Test&apos;[39m,
    accountId: [32m&apos;main&apos;[39m
  },
  userId: [32m&apos;test-user-123&apos;[39m,
  severity: [32m&apos;low&apos;[39m,
  userAgent: [32m&apos;Mozilla/5.0 (win32) AppleWebKit/537.36 (KHTML, like Gecko) jsdom/27.3.0&apos;[39m,
  ip: [32m&apos;client_ip_unavailable&apos;[39m,
  sessionId: [32m&apos;session_1770159299405_y5lcej202&apos;[39m
}
[AUDIT: LOW] data_create {
  id: [32m&apos;audit_1770159299978_d1sj849zq&apos;[39m,
  timestamp: [32m&apos;2026-02-03T22:54:59.978Z&apos;[39m,
  action: [32m&apos;data_create&apos;[39m,
  details: {
    entityType: [32m&apos;transaction&apos;[39m,
    entityId: [32m&apos;e6e8fe9e-1161-4aec-a2b5-3aa82c63a551&apos;[39m,
    amount: [33m220.15150722676492[39m,
    category: [32m&apos;Test&apos;[39m,
    accountId: [32m&apos;main&apos;[39m
  },
  userId: [32m&apos;test-user-123&apos;[39m,
  severity: [32m&apos;low&apos;[39m,
  userAgent: [32m&apos;Mozilla/5.0 (win32) AppleWebKit/537.36 (KHTML, like Gecko) jsdom/27.3.0&apos;[39m,
  ip: [32m&apos;client_ip_unavailable&apos;[39m,
  sessionId: [32m&apos;session_1770159299405_y5lcej202&apos;[39m
}
[AUDIT: LOW] data_create {
  id: [32m&apos;audit_1770159299980_3zn26k7vx&apos;[39m,
  timestamp: [32m&apos;2026-02-03T22:54:59.980Z&apos;[39m,
  action: [32m&apos;data_create&apos;[39m,
  details: {
    entityType: [32m&apos;transaction&apos;[39m,
    entityId: [32m&apos;541121ed-a32b-4c60-97ae-da1c9b618c8c&apos;[39m,
    amount: [33m913.9119572574022[39m,
    category: [32m&apos;Test&apos;[39m,
    accountId: [32m&apos;main&apos;[39m
  },
  userId: [32m&apos;test-user-123&apos;[39m,
  severity: [32m&apos;low&apos;[39m,
  userAgent: [32m&apos;Mozilla/5.0 (win32) AppleWebKit/537.36 (KHTML, like Gecko) jsdom/27.3.0&apos;[39m,
  ip: [32m&apos;client_ip_unavailable&apos;[39m,
  sessionId: [32m&apos;session_1770159299405_y5lcej202&apos;[39m
}
[AUDIT: LOW] data_create {
  id: [32m&apos;audit_1770159299982_nei4w47ic&apos;[39m,
  timestamp: [32m&apos;2026-02-03T22:54:59.982Z&apos;[39m,
  action: [32m&apos;data_create&apos;[39m,
  details: {
    entityType: [32m&apos;transaction&apos;[39m,
    entityId: [32m&apos;98810eb4-1859-46d9-9e3f-5cae25858916&apos;[39m,
    amount: [33m16.86845253594815[39m,
    category: [32m&apos;Test&apos;[39m,
    accountId: [32m&apos;main&apos;[39m
  },
  userId: [32m&apos;test-user-123&apos;[39m,
  severity: [32m&apos;low&apos;[39m,
  userAgent: [32m&apos;Mozilla/5.0 (win32) AppleWebKit/537.36 (KHTML, like Gecko) jsdom/27.3.0&apos;[39m,
  ip: [32m&apos;client_ip_unavailable&apos;[39m,
  sessionId: [32m&apos;session_1770159299405_y5lcej202&apos;[39m
}
[AUDIT: LOW] data_create {
  id: [32m&apos;audit_1770159299985_l91nivxub&apos;[39m,
  timestamp: [32m&apos;2026-02-03T22:54:59.985Z&apos;[39m,
  action: [32m&apos;data_create&apos;[39m,
  details: {
    entityType: [32m&apos;transaction&apos;[39m,
    entityId: [32m&apos;f45a86f2-5a91-4d54-84d8-ca7926788a5a&apos;[39m,
    amount: [33m96.55200925869323[39m,
    category: [32m&apos;Test&apos;[39m,
    accountId: [32m&apos;main&apos;[39m
  },
  userId: [32m&apos;test-user-123&apos;[39m,
  severity: [32m&apos;low&apos;[39m,
  userAgent: [32m&apos;Mozilla/5.0 (win32) AppleWebKit/537.36 (KHTML, like Gecko) jsdom/27.3.0&apos;[39m,
  ip: [32m&apos;client_ip_unavailable&apos;[39m,
  sessionId: [32m&apos;session_1770159299405_y5lcej202&apos;[39m
}
[AUDIT: LOW] data_create {
  id: [32m&apos;audit_1770159299987_x6y3glo4a&apos;[39m,
  timestamp: [32m&apos;2026-02-03T22:54:59.987Z&apos;[39m,
  action: [32m&apos;data_create&apos;[39m,
  details: {
    entityType: [32m&apos;transaction&apos;[39m,
    entityId: [32m&apos;6e55e26b-0a3d-4322-82c4-9861f5c888ba&apos;[39m,
    amount: [33m813.9313220656253[39m,
    category: [32m&apos;Test&apos;[39m,
    accountId: [32m&apos;main&apos;[39m
  },
  userId: [32m&apos;test-user-123&apos;[39m,
  severity: [32m&apos;low&apos;[39m,
  userAgent: [32m&apos;Mozilla/5.0 (win32) AppleWebKit/537.36 (KHTML, like Gecko) jsdom/27.3.0&apos;[39m,
  ip: [32m&apos;client_ip_unavailable&apos;[39m,
  sessionId: [32m&apos;session_1770159299405_y5lcej202&apos;[39m
}
[AUDIT: LOW] data_create {
  id: [32m&apos;audit_1770159299989_8sz4l4hx0&apos;[39m,
  timestamp: [32m&apos;2026-02-03T22:54:59.989Z&apos;[39m,
  action: [32m&apos;data_create&apos;[39m,
  details: {
    entityType: [32m&apos;transaction&apos;[39m,
    entityId: [32m&apos;e21466cd-882b-4f5d-81ab-2d1ec108422b&apos;[39m,
    amount: [33m970.2593314157349[39m,
    category: [32m&apos;Test&apos;[39m,
    accountId: [32m&apos;main&apos;[39m
  },
  userId: [32m&apos;test-user-123&apos;[39m,
  severity: [32m&apos;low&apos;[39m,
  userAgent: [32m&apos;Mozilla/5.0 (win32) AppleWebKit/537.36 (KHTML, like Gecko) jsdom/27.3.0&apos;[39m,
  ip: [32m&apos;client_ip_unavailable&apos;[39m,
  sessionId: [32m&apos;session_1770159299405_y5lcej202&apos;[39m
}
[AUDIT: LOW] data_create {
  id: [32m&apos;audit_1770159299992_j8iexmxkx&apos;[39m,
  timestamp: [32m&apos;2026-02-03T22:54:59.992Z&apos;[39m,
  action: [32m&apos;data_create&apos;[39m,
  details: {
    entityType: [32m&apos;transaction&apos;[39m,
    entityId: [32m&apos;1e03935c-5f79-425f-ae12-3852191497cd&apos;[39m,
    amount: [33m630.2359744005826[39m,
    category: [32m&apos;Test&apos;[39m,
    accountId: [32m&apos;main&apos;[39m
  },
  userId: [32m&apos;test-user-123&apos;[39m,
  severity: [32m&apos;low&apos;[39m,
  userAgent: [32m&apos;Mozilla/5.0 (win32) AppleWebKit/537.36 (KHTML, like Gecko) jsdom/27.3.0&apos;[39m,
  ip: [32m&apos;client_ip_unavailable&apos;[39m,
  sessionId: [32m&apos;session_1770159299405_y5lcej202&apos;[39m
}
[AUDIT: LOW] data_create {
  id: [32m&apos;audit_1770159299995_czqf2zciz&apos;[39m,
  timestamp: [32m&apos;2026-02-03T22:54:59.995Z&apos;[39m,
  action: [32m&apos;data_create&apos;[39m,
  details: {
    entityType: [32m&apos;transaction&apos;[39m,
    entityId: [32m&apos;d7b63d9c-0063-4667-b4d3-b8ea92c9eb18&apos;[39m,
    amount: [33m531.7919035849199[39m,
    category: [32m&apos;Test&apos;[39m,
    accountId: [32m&apos;main&apos;[39m
  },
  userId: [32m&apos;test-user-123&apos;[39m,
  severity: [32m&apos;low&apos;[39m,
  userAgent: [32m&apos;Mozilla/5.0 (win32) AppleWebKit/537.36 (KHTML, like Gecko) jsdom/27.3.0&apos;[39m,
  ip: [32m&apos;client_ip_unavailable&apos;[39m,
  sessionId: [32m&apos;session_1770159299405_y5lcej202&apos;[39m
}
[AUDIT: LOW] data_create {
  id: [32m&apos;audit_1770159299998_db72rgye5&apos;[39m,
  timestamp: [32m&apos;2026-02-03T22:54:59.998Z&apos;[39m,
  action: [32m&apos;data_create&apos;[39m,
  details: {
    entityType: [32m&apos;transaction&apos;[39m,
    entityId: [32m&apos;ef0236b2-9a48-4152-ae1e-c9f2bf37cf4d&apos;[39m,
    amount: [33m275.82161869313603[39m,
    category: [32m&apos;Test&apos;[39m,
    accountId: [32m&apos;main&apos;[39m
  },
  userId: [32m&apos;test-user-123&apos;[39m,
  severity: [32m&apos;low&apos;[39m,
  userAgent: [32m&apos;Mozilla/5.0 (win32) AppleWebKit/537.36 (KHTML, like Gecko) jsdom/27.3.0&apos;[39m,
  ip: [32m&apos;client_ip_unavailable&apos;[39m,
  sessionId: [32m&apos;session_1770159299405_y5lcej202&apos;[39m
}
[AUDIT: LOW] data_create {
  id: [32m&apos;audit_1770159300001_0bdcf6g4k&apos;[39m,
  timestamp: [32m&apos;2026-02-03T22:55:00.001Z&apos;[39m,
  action: [32m&apos;data_create&apos;[39m,
  details: {
    entityType: [32m&apos;transaction&apos;[39m,
    entityId: [32m&apos;be7599de-58dc-4953-95b9-b41e8f0c200f&apos;[39m,
    amount: [33m25.30655673336657[39m,
    category: [32m&apos;Test&apos;[39m,
    accountId: [32m&apos;main&apos;[39m
  },
  userId: [32m&apos;test-user-123&apos;[39m,
  severity: [32m&apos;low&apos;[39m,
  userAgent: [32m&apos;Mozilla/5.0 (win32) AppleWebKit/537.36 (KHTML, like Gecko) jsdom/27.3.0&apos;[39m,
  ip: [32m&apos;client_ip_unavailable&apos;[39m,
  sessionId: [32m&apos;session_1770159299405_y5lcej202&apos;[39m
}
[AUDIT: LOW] data_create {
  id: [32m&apos;audit_1770159300003_xnburwcl5&apos;[39m,
  timestamp: [32m&apos;2026-02-03T22:55:00.003Z&apos;[39m,
  action: [32m&apos;data_create&apos;[39m,
  details: {
    entityType: [32m&apos;transaction&apos;[39m,
    entityId: [32m&apos;3a4d9b83-c9eb-4b01-995a-26cefab32f82&apos;[39m,
    amount: [33m201.39747271727404[39m,
    category: [32m&apos;Test&apos;[39m,
    accountId: [32m&apos;main&apos;[39m
  },
  userId: [32m&apos;test-user-123&apos;[39m,
  severity: [32m&apos;low&apos;[39m,
  userAgent: [32m&apos;Mozilla/5.0 (win32) AppleWebKit/537.36 (KHTML, like Gecko) jsdom/27.3.0&apos;[39m,
  ip: [32m&apos;client_ip_unavailable&apos;[39m,
  sessionId: [32m&apos;session_1770159299405_y5lcej202&apos;[39m
}
[AUDIT: LOW] data_create {
  id: [32m&apos;audit_1770159300005_y6bqmjuge&apos;[39m,
  timestamp: [32m&apos;2026-02-03T22:55:00.006Z&apos;[39m,
  action: [32m&apos;data_create&apos;[39m,
  details: {
    entityType: [32m&apos;transaction&apos;[39m,
    entityId: [32m&apos;72c195d6-5eb3-44da-9459-3b839519ced0&apos;[39m,
    amount: [33m479.24200415438[39m,
    category: [32m&apos;Test&apos;[39m,
    accountId: [32m&apos;main&apos;[39m
  },
  userId: [32m&apos;test-user-123&apos;[39m,
  severity: [32m&apos;low&apos;[39m,
  userAgent: [32m&apos;Mozilla/5.0 (win32) AppleWebKit/537.36 (KHTML, like Gecko) jsdom/27.3.0&apos;[39m,
  ip: [32m&apos;client_ip_unavailable&apos;[39m,
  sessionId: [32m&apos;session_1770159299405_y5lcej202&apos;[39m
}
[AUDIT: LOW] data_create {
  id: [32m&apos;audit_1770159300007_jm2um3wqi&apos;[39m,
  timestamp: [32m&apos;2026-02-03T22:55:00.007Z&apos;[39m,
  action: [32m&apos;data_create&apos;[39m,
  details: {
    entityType: [32m&apos;transaction&apos;[39m,
    entityId: [32m&apos;7a1f4a5f-a9d7-4604-a705-fa0915dcc3a2&apos;[39m,
    amount: [33m217.71091157745582[39m,
    category: [32m&apos;Test&apos;[39m,
    accountId: [32m&apos;main&apos;[39m
  },
  userId: [32m&apos;test-user-123&apos;[39m,
  severity: [32m&apos;low&apos;[39m,
  userAgent: [32m&apos;Mozilla/5.0 (win32) AppleWebKit/537.36 (KHTML, like Gecko) jsdom/27.3.0&apos;[39m,
  ip: [32m&apos;client_ip_unavailable&apos;[39m,
  sessionId: [32m&apos;session_1770159299405_y5lcej202&apos;[39m
}
[AUDIT: LOW] data_create {
  id: [32m&apos;audit_1770159300009_r8yln6g0f&apos;[39m,
  timestamp: [32m&apos;2026-02-03T22:55:00.009Z&apos;[39m,
  action: [32m&apos;data_create&apos;[39m,
  details: {
    entityType: [32m&apos;transaction&apos;[39m,
    entityId: [32m&apos;4db6d380-a857-480f-a12a-cdda2f3bc9f4&apos;[39m,
    amount: [33m324.00859887707753[39m,
    category: [32m&apos;Test&apos;[39m,
    accountId: [32m&apos;main&apos;[39m
  },
  userId: [32m&apos;test-user-123&apos;[39m,
  severity: [32m&apos;low&apos;[39m,
  userAgent: [32m&apos;Mozilla/5.0 (win32) AppleWebKit/537.36 (KHTML, like Gecko) jsdom/27.3.0&apos;[39m,
  ip: [32m&apos;client_ip_unavailable&apos;[39m,
  sessionId: [32m&apos;session_1770159299405_y5lcej202&apos;[39m
}
[AUDIT: LOW] data_create {
  id: [32m&apos;audit_1770159300012_zx03k6wui&apos;[39m,
  timestamp: [32m&apos;2026-02-03T22:55:00.012Z&apos;[39m,
  action: [32m&apos;data_create&apos;[39m,
  details: {
    entityType: [32m&apos;transaction&apos;[39m,
    entityId: [32m&apos;dd668603-a5c9-4e2c-800e-ae551ae58744&apos;[39m,
    amount: [33m756.8591407187683[39m,
    category: [32m&apos;Test&apos;[39m,
    accountId: [32m&apos;main&apos;[39m
  },
  userId: [32m&apos;test-user-123&apos;[39m,
  severity: [32m&apos;low&apos;[39m,
  userAgent: [32m&apos;Mozilla/5.0 (win32) AppleWebKit/537.36 (KHTML, like Gecko) jsdom/27.3.0&apos;[39m,
  ip: [32m&apos;client_ip_unavailable&apos;[39m,
  sessionId: [32m&apos;session_1770159299405_y5lcej202&apos;[39m
}
[AUDIT: LOW] data_create {
  id: [32m&apos;audit_1770159300014_cavzgr39z&apos;[39m,
  timestamp: [32m&apos;2026-02-03T22:55:00.014Z&apos;[39m,
  action: [32m&apos;data_create&apos;[39m,
  details: {
    entityType: [32m&apos;transaction&apos;[39m,
    entityId: [32m&apos;bd47d6ab-4b75-4611-b8a5-b8a0d6de5d95&apos;[39m,
    amount: [33m699.1764464451976[39m,
    category: [32m&apos;Test&apos;[39m,
    accountId: [32m&apos;main&apos;[39m
  },
  userId: [32m&apos;test-user-123&apos;[39m,
  severity: [32m&apos;low&apos;[39m,
  userAgent: [32m&apos;Mozilla/5.0 (win32) AppleWebKit/537.36 (KHTML, like Gecko) jsdom/27.3.0&apos;[39m,
  ip: [32m&apos;client_ip_unavailable&apos;[39m,
  sessionId: [32m&apos;session_1770159299405_y5lcej202&apos;[39m
}
[AUDIT: LOW] data_create {
  id: [32m&apos;audit_1770159300015_1wn5v865e&apos;[39m,
  timestamp: [32m&apos;2026-02-03T22:55:00.015Z&apos;[39m,
  action: [32m&apos;data_create&apos;[39m,
  details: {
    entityType: [32m&apos;transaction&apos;[39m,
    entityId: [32m&apos;f7105027-e1f0-423a-9471-6f0b3673f05d&apos;[39m,
    amount: [33m338.41564022974734[39m,
    category: [32m&apos;Test&apos;[39m,
    accountId: [32m&apos;main&apos;[39m
  },
  userId: [32m&apos;test-user-123&apos;[39m,
  severity: [32m&apos;low&apos;[39m,
  userAgent: [32m&apos;Mozilla/5.0 (win32) AppleWebKit/537.36 (KHTML, like Gecko) jsdom/27.3.0&apos;[39m,
  ip: [32m&apos;client_ip_unavailable&apos;[39m,
  sessionId: [32m&apos;session_1770159299405_y5lcej202&apos;[39m
}
[AUDIT: LOW] data_create {
  id: [32m&apos;audit_1770159300017_saxbphkx8&apos;[39m,
  timestamp: [32m&apos;2026-02-03T22:55:00.017Z&apos;[39m,
  action: [32m&apos;data_create&apos;[39m,
  details: {
    entityType: [32m&apos;transaction&apos;[39m,
    entityId: [32m&apos;8b120a74-5ac8-4fef-bdd2-bdfb572c45e0&apos;[39m,
    amount: [33m115.1621309770956[39m,
    category: [32m&apos;Test&apos;[39m,
    accountId: [32m&apos;main&apos;[39m
  },
  userId: [32m&apos;test-user-123&apos;[39m,
  severity: [32m&apos;low&apos;[39m,
  userAgent: [32m&apos;Mozilla/5.0 (win32) AppleWebKit/537.36 (KHTML, like Gecko) jsdom/27.3.0&apos;[39m,
  ip: [32m&apos;client_ip_unavailable&apos;[39m,
  sessionId: [32m&apos;session_1770159299405_y5lcej202&apos;[39m
}
[AUDIT: LOW] data_create {
  id: [32m&apos;audit_1770159300020_rkupok90d&apos;[39m,
  timestamp: [32m&apos;2026-02-03T22:55:00.020Z&apos;[39m,
  action: [32m&apos;data_create&apos;[39m,
  details: {
    entityType: [32m&apos;transaction&apos;[39m,
    entityId: [32m&apos;d6580134-795b-41dc-83c1-c4040e689c1e&apos;[39m,
    amount: [33m570.2209296304225[39m,
    category: [32m&apos;Test&apos;[39m,
    accountId: [32m&apos;main&apos;[39m
  },
  userId: [32m&apos;test-user-123&apos;[39m,
  severity: [32m&apos;low&apos;[39m,
  userAgent: [32m&apos;Mozilla/5.0 (win32) AppleWebKit/537.36 (KHTML, like Gecko) jsdom/27.3.0&apos;[39m,
  ip: [32m&apos;client_ip_unavailable&apos;[39m,
  sessionId: [32m&apos;session_1770159299405_y5lcej202&apos;[39m
}
[AUDIT: LOW] data_create {
  id: [32m&apos;audit_1770159300026_fxp9w6012&apos;[39m,
  timestamp: [32m&apos;2026-02-03T22:55:00.026Z&apos;[39m,
  action: [32m&apos;data_create&apos;[39m,
  details: {
    entityType: [32m&apos;transaction&apos;[39m,
    entityId: [32m&apos;362269de-6d44-4521-bd2b-a98571b0c8fc&apos;[39m,
    amount: [33m78.43203497558493[39m,
    category: [32m&apos;Test&apos;[39m,
    accountId: [32m&apos;main&apos;[39m
  },
  userId: [32m&apos;test-user-123&apos;[39m,
  severity: [32m&apos;low&apos;[39m,
  userAgent: [32m&apos;Mozilla/5.0 (win32) AppleWebKit/537.36 (KHTML, like Gecko) jsdom/27.3.0&apos;[39m,
  ip: [32m&apos;client_ip_unavailable&apos;[39m,
  sessionId: [32m&apos;session_1770159299405_y5lcej202&apos;[39m
}
[AUDIT: LOW] data_create {
  id: [32m&apos;audit_1770159300028_ulq7pnc2i&apos;[39m,
  timestamp: [32m&apos;2026-02-03T22:55:00.028Z&apos;[39m,
  action: [32m&apos;data_create&apos;[39m,
  details: {
    entityType: [32m&apos;transaction&apos;[39m,
    entityId: [32m&apos;5d6b6d97-0f8e-4382-8016-b147619ac390&apos;[39m,
    amount: [33m878.0007833430171[39m,
    category: [32m&apos;Test&apos;[39m,
    accountId: [32m&apos;main&apos;[39m
  },
  userId: [32m&apos;test-user-123&apos;[39m,
  severity: [32m&apos;low&apos;[39m,
  userAgent: [32m&apos;Mozilla/5.0 (win32) AppleWebKit/537.36 (KHTML, like Gecko) jsdom/27.3.0&apos;[39m,
  ip: [32m&apos;client_ip_unavailable&apos;[39m,
  sessionId: [32m&apos;session_1770159299405_y5lcej202&apos;[39m
}
[AUDIT: LOW] data_create {
  id: [32m&apos;audit_1770159300030_vmaq4zwjo&apos;[39m,
  timestamp: [32m&apos;2026-02-03T22:55:00.030Z&apos;[39m,
  action: [32m&apos;data_create&apos;[39m,
  details: {
    entityType: [32m&apos;transaction&apos;[39m,
    entityId: [32m&apos;c245f829-702b-4102-ab8b-6d383713f57c&apos;[39m,
    amount: [33m123.09442988010122[39m,
    category: [32m&apos;Test&apos;[39m,
    accountId: [32m&apos;main&apos;[39m
  },
  userId: [32m&apos;test-user-123&apos;[39m,
  severity: [32m&apos;low&apos;[39m,
  userAgent: [32m&apos;Mozilla/5.0 (win32) AppleWebKit/537.36 (KHTML, like Gecko) jsdom/27.3.0&apos;[39m,
  ip: [32m&apos;client_ip_unavailable&apos;[39m,
  sessionId: [32m&apos;session_1770159299405_y5lcej202&apos;[39m
}
[AUDIT: LOW] data_create {
  id: [32m&apos;audit_1770159300032_nean4qpuh&apos;[39m,
  timestamp: [32m&apos;2026-02-03T22:55:00.032Z&apos;[39m,
  action: [32m&apos;data_create&apos;[39m,
  details: {
    entityType: [32m&apos;transaction&apos;[39m,
    entityId: [32m&apos;49a336e7-27c6-45b4-a79b-f9554d72d54d&apos;[39m,
    amount: [33m3.4579036970915356[39m,
    category: [32m&apos;Test&apos;[39m,
    accountId: [32m&apos;main&apos;[39m
  },
  userId: [32m&apos;test-user-123&apos;[39m,
  severity: [32m&apos;low&apos;[39m,
  userAgent: [32m&apos;Mozilla/5.0 (win32) AppleWebKit/537.36 (KHTML, like Gecko) jsdom/27.3.0&apos;[39m,
  ip: [32m&apos;client_ip_unavailable&apos;[39m,
  sessionId: [32m&apos;session_1770159299405_y5lcej202&apos;[39m
}
[AUDIT: LOW] data_create {
  id: [32m&apos;audit_1770159300034_5iijunsmz&apos;[39m,
  timestamp: [32m&apos;2026-02-03T22:55:00.034Z&apos;[39m,
  action: [32m&apos;data_create&apos;[39m,
  details: {
    entityType: [32m&apos;transaction&apos;[39m,
    entityId: [32m&apos;96ba0148-8046-4428-8aac-9ead088029b3&apos;[39m,
    amount: [33m700.3515568425396[39m,
    category: [32m&apos;Test&apos;[39m,
    accountId: [32m&apos;main&apos;[39m
  },
  userId: [32m&apos;test-user-123&apos;[39m,
  severity: [32m&apos;low&apos;[39m,
  userAgent: [32m&apos;Mozilla/5.0 (win32) AppleWebKit/537.36 (KHTML, like Gecko) jsdom/27.3.0&apos;[39m,
  ip: [32m&apos;client_ip_unavailable&apos;[39m,
  sessionId: [32m&apos;session_1770159299405_y5lcej202&apos;[39m
}
[AUDIT: LOW] data_create {
  id: [32m&apos;audit_1770159300036_7q63r2cyu&apos;[39m,
  timestamp: [32m&apos;2026-02-03T22:55:00.036Z&apos;[39m,
  action: [32m&apos;data_create&apos;[39m,
  details: {
    entityType: [32m&apos;transaction&apos;[39m,
    entityId: [32m&apos;9f690dba-7da3-44c6-8a4b-7510f8d242d6&apos;[39m,
    amount: [33m988.1408584155178[39m,
    category: [32m&apos;Test&apos;[39m,
    accountId: [32m&apos;main&apos;[39m
  },
  userId: [32m&apos;test-user-123&apos;[39m,
  severity: [32m&apos;low&apos;[39m,
  userAgent: [32m&apos;Mozilla/5.0 (win32) AppleWebKit/537.36 (KHTML, like Gecko) jsdom/27.3.0&apos;[39m,
  ip: [32m&apos;client_ip_unavailable&apos;[39m,
  sessionId: [32m&apos;session_1770159299405_y5lcej202&apos;[39m
}
[AUDIT: LOW] data_create {
  id: [32m&apos;audit_1770159300038_vjcork6s2&apos;[39m,
  timestamp: [32m&apos;2026-02-03T22:55:00.038Z&apos;[39m,
  action: [32m&apos;data_create&apos;[39m,
  details: {
    entityType: [32m&apos;transaction&apos;[39m,
    entityId: [32m&apos;ddea5f69-c65c-44fc-98b3-5266b2a5ea6c&apos;[39m,
    amount: [33m883.1978652844405[39m,
    category: [32m&apos;Test&apos;[39m,
    accountId: [32m&apos;main&apos;[39m
  },
  userId: [32m&apos;test-user-123&apos;[39m,
  severity: [32m&apos;low&apos;[39m,
  userAgent: [32m&apos;Mozilla/5.0 (win32) AppleWebKit/537.36 (KHTML, like Gecko) jsdom/27.3.0&apos;[39m,
  ip: [32m&apos;client_ip_unavailable&apos;[39m,
  sessionId: [32m&apos;session_1770159299405_y5lcej202&apos;[39m
}
[AUDIT: LOW] data_create {
  id: [32m&apos;audit_1770159300040_qdgxjwsnk&apos;[39m,
  timestamp: [32m&apos;2026-02-03T22:55:00.040Z&apos;[39m,
  action: [32m&apos;data_create&apos;[39m,
  details: {
    entityType: [32m&apos;transaction&apos;[39m,
    entityId: [32m&apos;8faae3be-241d-42ba-aab1-51c1d9107502&apos;[39m,
    amount: [33m277.1860771356971[39m,
    category: [32m&apos;Test&apos;[39m,
    accountId: [32m&apos;main&apos;[39m
  },
  userId: [32m&apos;test-user-123&apos;[39m,
  severity: [32m&apos;low&apos;[39m,
  userAgent: [32m&apos;Mozilla/5.0 (win32) AppleWebKit/537.36 (KHTML, like Gecko) jsdom/27.3.0&apos;[39m,
  ip: [32m&apos;client_ip_unavailable&apos;[39m,
  sessionId: [32m&apos;session_1770159299405_y5lcej202&apos;[39m
}
[AUDIT: LOW] data_create {
  id: [32m&apos;audit_1770159300042_3hfoszw4z&apos;[39m,
  timestamp: [32m&apos;2026-02-03T22:55:00.042Z&apos;[39m,
  action: [32m&apos;data_create&apos;[39m,
  details: {
    entityType: [32m&apos;transaction&apos;[39m,
    entityId: [32m&apos;97daa12e-437d-4c58-829f-35712aa71298&apos;[39m,
    amount: [33m517.98177548247[39m,
    category: [32m&apos;Test&apos;[39m,
    accountId: [32m&apos;main&apos;[39m
  },
  userId: [32m&apos;test-user-123&apos;[39m,
  severity: [32m&apos;low&apos;[39m,
  userAgent: [32m&apos;Mozilla/5.0 (win32) AppleWebKit/537.36 (KHTML, like Gecko) jsdom/27.3.0&apos;[39m,
  ip: [32m&apos;client_ip_unavailable&apos;[39m,
  sessionId: [32m&apos;session_1770159299405_y5lcej202&apos;[39m
}
[AUDIT: LOW] data_create {
  id: [32m&apos;audit_1770159300045_dn78r5vqh&apos;[39m,
  timestamp: [32m&apos;2026-02-03T22:55:00.045Z&apos;[39m,
  action: [32m&apos;data_create&apos;[39m,
  details: {
    entityType: [32m&apos;transaction&apos;[39m,
    entityId: [32m&apos;6fac0b8e-8fa4-49f9-ab88-ea6f3b4cfa3b&apos;[39m,
    amount: [33m104.04712055084487[39m,
    category: [32m&apos;Test&apos;[39m,
    accountId: [32m&apos;main&apos;[39m
  },
  userId: [32m&apos;test-user-123&apos;[39m,
  severity: [32m&apos;low&apos;[39m,
  userAgent: [32m&apos;Mozilla/5.0 (win32) AppleWebKit/537.36 (KHTML, like Gecko) jsdom/27.3.0&apos;[39m,
  ip: [32m&apos;client_ip_unavailable&apos;[39m,
  sessionId: [32m&apos;session_1770159299405_y5lcej202&apos;[39m
}
[AUDIT: LOW] data_create {
  id: [32m&apos;audit_1770159300049_vml5fb9lt&apos;[39m,
  timestamp: [32m&apos;2026-02-03T22:55:00.049Z&apos;[39m,
  action: [32m&apos;data_create&apos;[39m,
  details: {
    entityType: [32m&apos;transaction&apos;[39m,
    entityId: [32m&apos;99d6460a-dc40-4a6d-963a-c3fe0c21fe71&apos;[39m,
    amount: [33m872.9838436760299[39m,
    category: [32m&apos;Test&apos;[39m,
    accountId: [32m&apos;main&apos;[39m
  },
  userId: [32m&apos;test-user-123&apos;[39m,
  severity: [32m&apos;low&apos;[39m,
  userAgent: [32m&apos;Mozilla/5.0 (win32) AppleWebKit/537.36 (KHTML, like Gecko) jsdom/27.3.0&apos;[39m,
  ip: [32m&apos;client_ip_unavailable&apos;[39m,
  sessionId: [32m&apos;session_1770159299405_y5lcej202&apos;[39m
}
[AUDIT: LOW] data_create {
  id: [32m&apos;audit_1770159300050_ibd57rmmr&apos;[39m,
  timestamp: [32m&apos;2026-02-03T22:55:00.050Z&apos;[39m,
  action: [32m&apos;data_create&apos;[39m,
  details: {
    entityType: [32m&apos;transaction&apos;[39m,
    entityId: [32m&apos;6fd09bc2-1b9d-4e46-929b-dcbfcca23339&apos;[39m,
    amount: [33m598.9582969564103[39m,
    category: [32m&apos;Test&apos;[39m,
    accountId: [32m&apos;main&apos;[39m
  },
  userId: [32m&apos;test-user-123&apos;[39m,
  severity: [32m&apos;low&apos;[39m,
  userAgent: [32m&apos;Mozilla/5.0 (win32) AppleWebKit/537.36 (KHTML, like Gecko) jsdom/27.3.0&apos;[39m,
  ip: [32m&apos;client_ip_unavailable&apos;[39m,
  sessionId: [32m&apos;session_1770159299405_y5lcej202&apos;[39m
}
[AUDIT: LOW] data_create {
  id: [32m&apos;audit_1770159300053_dbz0u4n0d&apos;[39m,
  timestamp: [32m&apos;2026-02-03T22:55:00.053Z&apos;[39m,
  action: [32m&apos;data_create&apos;[39m,
  details: {
    entityType: [32m&apos;transaction&apos;[39m,
    entityId: [32m&apos;ddf5de73-e262-4776-9c1f-95c19a066e0b&apos;[39m,
    amount: [33m467.0531981362658[39m,
    category: [32m&apos;Test&apos;[39m,
    accountId: [32m&apos;main&apos;[39m
  },
  userId: [32m&apos;test-user-123&apos;[39m,
  severity: [32m&apos;low&apos;[39m,
  userAgent: [32m&apos;Mozilla/5.0 (win32) AppleWebKit/537.36 (KHTML, like Gecko) jsdom/27.3.0&apos;[39m,
  ip: [32m&apos;client_ip_unavailable&apos;[39m,
  sessionId: [32m&apos;session_1770159299405_y5lcej202&apos;[39m
}
[AUDIT: LOW] data_create {
  id: [32m&apos;audit_1770159300055_ggbgc9zyl&apos;[39m,
  timestamp: [32m&apos;2026-02-03T22:55:00.055Z&apos;[39m,
  action: [32m&apos;data_create&apos;[39m,
  details: {
    entityType: [32m&apos;transaction&apos;[39m,
    entityId: [32m&apos;33c2fc0a-ba5f-42d8-82e9-82d81770915b&apos;[39m,
    amount: [33m70.93858575700807[39m,
    category: [32m&apos;Test&apos;[39m,
    accountId: [32m&apos;main&apos;[39m
  },
  userId: [32m&apos;test-user-123&apos;[39m,
  severity: [32m&apos;low&apos;[39m,
  userAgent: [32m&apos;Mozilla/5.0 (win32) AppleWebKit/537.36 (KHTML, like Gecko) jsdom/27.3.0&apos;[39m,
  ip: [32m&apos;client_ip_unavailable&apos;[39m,
  sessionId: [32m&apos;session_1770159299405_y5lcej202&apos;[39m
}
[AUDIT: LOW] data_create {
  id: [32m&apos;audit_1770159300057_bcktq6iuv&apos;[39m,
  timestamp: [32m&apos;2026-02-03T22:55:00.057Z&apos;[39m,
  action: [32m&apos;data_create&apos;[39m,
  details: {
    entityType: [32m&apos;transaction&apos;[39m,
    entityId: [32m&apos;8750fa92-0e8e-4858-8bf2-dcdc5aa446b2&apos;[39m,
    amount: [33m482.7273032533234[39m,
    category: [32m&apos;Test&apos;[39m,
    accountId: [32m&apos;main&apos;[39m
  },
  userId: [32m&apos;test-user-123&apos;[39m,
  severity: [32m&apos;low&apos;[39m,
  userAgent: [32m&apos;Mozilla/5.0 (win32) AppleWebKit/537.36 (KHTML, like Gecko) jsdom/27.3.0&apos;[39m,
  ip: [32m&apos;client_ip_unavailable&apos;[39m,
  sessionId: [32m&apos;session_1770159299405_y5lcej202&apos;[39m
}
[AUDIT: LOW] data_create {
  id: [32m&apos;audit_1770159300059_043277tuk&apos;[39m,
  timestamp: [32m&apos;2026-02-03T22:55:00.059Z&apos;[39m,
  action: [32m&apos;data_create&apos;[39m,
  details: {
    entityType: [32m&apos;transaction&apos;[39m,
    entityId: [32m&apos;fe8bc46c-e18d-487a-a5e4-7df85ba0c0e0&apos;[39m,
    amount: [33m523.4472675903479[39m,
    category: [32m&apos;Test&apos;[39m,
    accountId: [32m&apos;main&apos;[39m
  },
  userId: [32m&apos;test-user-123&apos;[39m,
  severity: [32m&apos;low&apos;[39m,
  userAgent: [32m&apos;Mozilla/5.0 (win32) AppleWebKit/537.36 (KHTML, like Gecko) jsdom/27.3.0&apos;[39m,
  ip: [32m&apos;client_ip_unavailable&apos;[39m,
  sessionId: [32m&apos;session_1770159299405_y5lcej202&apos;[39m
}
[AUDIT: LOW] data_create {
  id: [32m&apos;audit_1770159300062_l0v4vvoqa&apos;[39m,
  timestamp: [32m&apos;2026-02-03T22:55:00.062Z&apos;[39m,
  action: [32m&apos;data_create&apos;[39m,
  details: {
    entityType: [32m&apos;transaction&apos;[39m,
    entityId: [32m&apos;f2cf0d1b-8715-4078-bca1-110c48ad230b&apos;[39m,
    amount: [33m560.7513720638048[39m,
    category: [32m&apos;Test&apos;[39m,
    accountId: [32m&apos;main&apos;[39m
  },
  userId: [32m&apos;test-user-123&apos;[39m,
  severity: [32m&apos;low&apos;[39m,
  userAgent: [32m&apos;Mozilla/5.0 (win32) AppleWebKit/537.36 (KHTML, like Gecko) jsdom/27.3.0&apos;[39m,
  ip: [32m&apos;client_ip_unavailable&apos;[39m,
  sessionId: [32m&apos;session_1770159299405_y5lcej202&apos;[39m
}
[AUDIT: LOW] data_create {
  id: [32m&apos;audit_1770159300064_ab16irbqv&apos;[39m,
  timestamp: [32m&apos;2026-02-03T22:55:00.064Z&apos;[39m,
  action: [32m&apos;data_create&apos;[39m,
  details: {
    entityType: [32m&apos;transaction&apos;[39m,
    entityId: [32m&apos;b2f803e1-d720-4275-ad9b-343fe9925d88&apos;[39m,
    amount: [33m854.1785269748094[39m,
    category: [32m&apos;Test&apos;[39m,
    accountId: [32m&apos;main&apos;[39m
  },
  userId: [32m&apos;test-user-123&apos;[39m,
  severity: [32m&apos;low&apos;[39m,
  userAgent: [32m&apos;Mozilla/5.0 (win32) AppleWebKit/537.36 (KHTML, like Gecko) jsdom/27.3.0&apos;[39m,
  ip: [32m&apos;client_ip_unavailable&apos;[39m,
  sessionId: [32m&apos;session_1770159299405_y5lcej202&apos;[39m
}
[AUDIT: LOW] data_create {
  id: [32m&apos;audit_1770159300067_3pnsj4dmg&apos;[39m,
  timestamp: [32m&apos;2026-02-03T22:55:00.067Z&apos;[39m,
  action: [32m&apos;data_create&apos;[39m,
  details: {
    entityType: [32m&apos;transaction&apos;[39m,
    entityId: [32m&apos;394f4b5d-0d6e-45ae-817c-2c7f82ee285e&apos;[39m,
    amount: [33m560.9916275045089[39m,
    category: [32m&apos;Test&apos;[39m,
    accountId: [32m&apos;main&apos;[39m
  },
  userId: [32m&apos;test-user-123&apos;[39m,
  severity: [32m&apos;low&apos;[39m,
  userAgent: [32m&apos;Mozilla/5.0 (win32) AppleWebKit/537.36 (KHTML, like Gecko) jsdom/27.3.0&apos;[39m,
  ip: [32m&apos;client_ip_unavailable&apos;[39m,
  sessionId: [32m&apos;session_1770159299405_y5lcej202&apos;[39m
}
[AUDIT: LOW] data_create {
  id: [32m&apos;audit_1770159300068_kfqjllq7q&apos;[39m,
  timestamp: [32m&apos;2026-02-03T22:55:00.068Z&apos;[39m,
  action: [32m&apos;data_create&apos;[39m,
  details: {
    entityType: [32m&apos;transaction&apos;[39m,
    entityId: [32m&apos;1e77c6d4-8250-40cb-b4da-5085e8f769c5&apos;[39m,
    amount: [33m197.82023484394807[39m,
    category: [32m&apos;Test&apos;[39m,
    accountId: [32m&apos;main&apos;[39m
  },
  userId: [32m&apos;test-user-123&apos;[39m,
  severity: [32m&apos;low&apos;[39m,
  userAgent: [32m&apos;Mozilla/5.0 (win32) AppleWebKit/537.36 (KHTML, like Gecko) jsdom/27.3.0&apos;[39m,
  ip: [32m&apos;client_ip_unavailable&apos;[39m,
  sessionId: [32m&apos;session_1770159299405_y5lcej202&apos;[39m
}
[AUDIT: LOW] data_create {
  id: [32m&apos;audit_1770159300070_4viba105i&apos;[39m,
  timestamp: [32m&apos;2026-02-03T22:55:00.070Z&apos;[39m,
  action: [32m&apos;data_create&apos;[39m,
  details: {
    entityType: [32m&apos;transaction&apos;[39m,
    entityId: [32m&apos;68150ea8-1670-44d5-8835-09f345c4a5b2&apos;[39m,
    amount: [33m572.5162251206917[39m,
    category: [32m&apos;Test&apos;[39m,
    accountId: [32m&apos;main&apos;[39m
  },
  userId: [32m&apos;test-user-123&apos;[39m,
  severity: [32m&apos;low&apos;[39m,
  userAgent: [32m&apos;Mozilla/5.0 (win32) AppleWebKit/537.36 (KHTML, like Gecko) jsdom/27.3.0&apos;[39m,
  ip: [32m&apos;client_ip_unavailable&apos;[39m,
  sessionId: [32m&apos;session_1770159299405_y5lcej202&apos;[39m
}
[AUDIT: LOW] data_create {
  id: [32m&apos;audit_1770159300073_wmh9fomgy&apos;[39m,
  timestamp: [32m&apos;2026-02-03T22:55:00.073Z&apos;[39m,
  action: [32m&apos;data_create&apos;[39m,
  details: {
    entityType: [32m&apos;transaction&apos;[39m,
    entityId: [32m&apos;f610b8b8-b102-4089-b552-c9d39cbb4aee&apos;[39m,
    amount: [33m24.86296296603907[39m,
    category: [32m&apos;Test&apos;[39m,
    accountId: [32m&apos;main&apos;[39m
  },
  userId: [32m&apos;test-user-123&apos;[39m,
  severity: [32m&apos;low&apos;[39m,
  userAgent: [32m&apos;Mozilla/5.0 (win32) AppleWebKit/537.36 (KHTML, like Gecko) jsdom/27.3.0&apos;[39m,
  ip: [32m&apos;client_ip_unavailable&apos;[39m,
  sessionId: [32m&apos;session_1770159299405_y5lcej202&apos;[39m
}
[AUDIT: LOW] data_create {
  id: [32m&apos;audit_1770159300075_oe79kntv0&apos;[39m,
  timestamp: [32m&apos;2026-02-03T22:55:00.075Z&apos;[39m,
  action: [32m&apos;data_create&apos;[39m,
  details: {
    entityType: [32m&apos;transaction&apos;[39m,
    entityId: [32m&apos;5d8661aa-02d1-4f40-93d7-e4cbb6d48bd9&apos;[39m,
    amount: [33m156.03240730149582[39m,
    category: [32m&apos;Test&apos;[39m,
    accountId: [32m&apos;main&apos;[39m
  },
  userId: [32m&apos;test-user-123&apos;[39m,
  severity: [32m&apos;low&apos;[39m,
  userAgent: [32m&apos;Mozilla/5.0 (win32) AppleWebKit/537.36 (KHTML, like Gecko) jsdom/27.3.0&apos;[39m,
  ip: [32m&apos;client_ip_unavailable&apos;[39m,
  sessionId: [32m&apos;session_1770159299405_y5lcej202&apos;[39m
}
[AUDIT: LOW] data_create {
  id: [32m&apos;audit_1770159300077_yr3sq32w2&apos;[39m,
  timestamp: [32m&apos;2026-02-03T22:55:00.077Z&apos;[39m,
  action: [32m&apos;data_create&apos;[39m,
  details: {
    entityType: [32m&apos;transaction&apos;[39m,
    entityId: [32m&apos;267c608d-8669-42e1-8d0f-7872cd7d4c39&apos;[39m,
    amount: [33m826.9264633376356[39m,
    category: [32m&apos;Test&apos;[39m,
    accountId: [32m&apos;main&apos;[39m
  },
  userId: [32m&apos;test-user-123&apos;[39m,
  severity: [32m&apos;low&apos;[39m,
  userAgent: [32m&apos;Mozilla/5.0 (win32) AppleWebKit/537.36 (KHTML, like Gecko) jsdom/27.3.0&apos;[39m,
  ip: [32m&apos;client_ip_unavailable&apos;[39m,
  sessionId: [32m&apos;session_1770159299405_y5lcej202&apos;[39m
}
[AUDIT: LOW] data_create {
  id: [32m&apos;audit_1770159300080_tg18e2nmx&apos;[39m,
  timestamp: [32m&apos;2026-02-03T22:55:00.080Z&apos;[39m,
  action: [32m&apos;data_create&apos;[39m,
  details: {
    entityType: [32m&apos;transaction&apos;[39m,
    entityId: [32m&apos;0d652d2f-d025-4c47-ae29-e8011f62d303&apos;[39m,
    amount: [33m867.3321205602545[39m,
    category: [32m&apos;Test&apos;[39m,
    accountId: [32m&apos;main&apos;[39m
  },
  userId: [32m&apos;test-user-123&apos;[39m,
  severity: [32m&apos;low&apos;[39m,
  userAgent: [32m&apos;Mozilla/5.0 (win32) AppleWebKit/537.36 (KHTML, like Gecko) jsdom/27.3.0&apos;[39m,
  ip: [32m&apos;client_ip_unavailable&apos;[39m,
  sessionId: [32m&apos;session_1770159299405_y5lcej202&apos;[39m
}
[AUDIT: LOW] data_create {
  id: [32m&apos;audit_1770159300083_4wr9rwlqa&apos;[39m,
  timestamp: [32m&apos;2026-02-03T22:55:00.083Z&apos;[39m,
  action: [32m&apos;data_create&apos;[39m,
  details: {
    entityType: [32m&apos;transaction&apos;[39m,
    entityId: [32m&apos;5765ae58-73af-434c-8dcd-6ad2002adc06&apos;[39m,
    amount: [33m536.9156025322064[39m,
    category: [32m&apos;Test&apos;[39m,
    accountId: [32m&apos;main&apos;[39m
  },
  userId: [32m&apos;test-user-123&apos;[39m,
  severity: [32m&apos;low&apos;[39m,
  userAgent: [32m&apos;Mozilla/5.0 (win32) AppleWebKit/537.36 (KHTML, like Gecko) jsdom/27.3.0&apos;[39m,
  ip: [32m&apos;client_ip_unavailable&apos;[39m,
  sessionId: [32m&apos;session_1770159299405_y5lcej202&apos;[39m
}
[AUDIT: LOW] data_create {
  id: [32m&apos;audit_1770159300086_qw6ohfles&apos;[39m,
  timestamp: [32m&apos;2026-02-03T22:55:00.086Z&apos;[39m,
  action: [32m&apos;data_create&apos;[39m,
  details: {
    entityType: [32m&apos;transaction&apos;[39m,
    entityId: [32m&apos;8d31fadf-bfd9-43d5-a3f1-e33272a84b46&apos;[39m,
    amount: [33m891.8996691528893[39m,
    category: [32m&apos;Test&apos;[39m,
    accountId: [32m&apos;main&apos;[39m
  },
  userId: [32m&apos;test-user-123&apos;[39m,
  severity: [32m&apos;low&apos;[39m,
  userAgent: [32m&apos;Mozilla/5.0 (win32) AppleWebKit/537.36 (KHTML, like Gecko) jsdom/27.3.0&apos;[39m,
  ip: [32m&apos;client_ip_unavailable&apos;[39m,
  sessionId: [32m&apos;session_1770159299405_y5lcej202&apos;[39m
}
[AUDIT: LOW] data_create {
  id: [32m&apos;audit_1770159300152_apsmahpme&apos;[39m,
  timestamp: [32m&apos;2026-02-03T22:55:00.152Z&apos;[39m,
  action: [32m&apos;data_create&apos;[39m,
  details: {
    entityType: [32m&apos;transaction&apos;[39m,
    entityId: [32m&apos;682dd9e5-0783-4cf6-b510-4e13d5b16530&apos;[39m,
    amount: [33m712.0917865165057[39m,
    category: [32m&apos;Test&apos;[39m,
    accountId: [32m&apos;main&apos;[39m
  },
  userId: [32m&apos;test-user-123&apos;[39m,
  severity: [32m&apos;low&apos;[39m,
  userAgent: [32m&apos;Mozilla/5.0 (win32) AppleWebKit/537.36 (KHTML, like Gecko) jsdom/27.3.0&apos;[39m,
  ip: [32m&apos;client_ip_unavailable&apos;[39m,
  sessionId: [32m&apos;session_1770159299405_y5lcej202&apos;[39m
}
[AUDIT: LOW] data_create {
  id: [32m&apos;audit_1770159300154_jzavbl35y&apos;[39m,
  timestamp: [32m&apos;2026-02-03T22:55:00.154Z&apos;[39m,
  action: [32m&apos;data_create&apos;[39m,
  details: {
    entityType: [32m&apos;transaction&apos;[39m,
    entityId: [32m&apos;5df06770-64ff-45ce-af37-1d34bfab3aa9&apos;[39m,
    amount: [33m724.3661784596763[39m,
    category: [32m&apos;Test&apos;[39m,
    accountId: [32m&apos;main&apos;[39m
  },
  userId: [32m&apos;test-user-123&apos;[39m,
  severity: [32m&apos;low&apos;[39m,
  userAgent: [32m&apos;Mozilla/5.0 (win32) AppleWebKit/537.36 (KHTML, like Gecko) jsdom/27.3.0&apos;[39m,
  ip: [32m&apos;client_ip_unavailable&apos;[39m,
  sessionId: [32m&apos;session_1770159299405_y5lcej202&apos;[39m
}
[AUDIT: LOW] data_create {
  id: [32m&apos;audit_1770159300161_32mxaffjj&apos;[39m,
  timestamp: [32m&apos;2026-02-03T22:55:00.161Z&apos;[39m,
  action: [32m&apos;data_create&apos;[39m,
  details: {
    entityType: [32m&apos;transaction&apos;[39m,
    entityId: [32m&apos;e4c23bcc-42bf-495d-bcb6-b94a74409e95&apos;[39m,
    amount: [33m756.943083827823[39m,
    category: [32m&apos;Test&apos;[39m,
    accountId: [32m&apos;main&apos;[39m
  },
  userId: [32m&apos;test-user-123&apos;[39m,
  severity: [32m&apos;low&apos;[39m,
  userAgent: [32m&apos;Mozilla/5.0 (win32) AppleWebKit/537.36 (KHTML, like Gecko) jsdom/27.3.0&apos;[39m,
  ip: [32m&apos;client_ip_unavailable&apos;[39m,
  sessionId: [32m&apos;session_1770159299405_y5lcej202&apos;[39m
}
[AUDIT: LOW] data_create {
  id: [32m&apos;audit_1770159300163_brk8otnd3&apos;[39m,
  timestamp: [32m&apos;2026-02-03T22:55:00.163Z&apos;[39m,
  action: [32m&apos;data_create&apos;[39m,
  details: {
    entityType: [32m&apos;transaction&apos;[39m,
    entityId: [32m&apos;26afdba5-122f-4136-9de4-91f908f69741&apos;[39m,
    amount: [33m115.77968535956207[39m,
    category: [32m&apos;Test&apos;[39m,
    accountId: [32m&apos;main&apos;[39m
  },
  userId: [32m&apos;test-user-123&apos;[39m,
  severity: [32m&apos;low&apos;[39m,
  userAgent: [32m&apos;Mozilla/5.0 (win32) AppleWebKit/537.36 (KHTML, like Gecko) jsdom/27.3.0&apos;[39m,
  ip: [32m&apos;client_ip_unavailable&apos;[39m,
  sessionId: [32m&apos;session_1770159299405_y5lcej202&apos;[39m
}
[AUDIT: LOW] data_create {
  id: [32m&apos;audit_1770159300166_qyv5xqegm&apos;[39m,
  timestamp: [32m&apos;2026-02-03T22:55:00.166Z&apos;[39m,
  action: [32m&apos;data_create&apos;[39m,
  details: {
    entityType: [32m&apos;transaction&apos;[39m,
    entityId: [32m&apos;8daad8ba-ce8b-4cdf-baf1-881dd2439e02&apos;[39m,
    amount: [33m662.1605706887801[39m,
    category: [32m&apos;Test&apos;[39m,
    accountId: [32m&apos;main&apos;[39m
  },
  userId: [32m&apos;test-user-123&apos;[39m,
  severity: [32m&apos;low&apos;[39m,
  userAgent: [32m&apos;Mozilla/5.0 (win32) AppleWebKit/537.36 (KHTML, like Gecko) jsdom/27.3.0&apos;[39m,
  ip: [32m&apos;client_ip_unavailable&apos;[39m,
  sessionId: [32m&apos;session_1770159299405_y5lcej202&apos;[39m
}
[AUDIT: LOW] data_create {
  id: [32m&apos;audit_1770159300168_0tbmj0wa8&apos;[39m,
  timestamp: [32m&apos;2026-02-03T22:55:00.168Z&apos;[39m,
  action: [32m&apos;data_create&apos;[39m,
  details: {
    entityType: [32m&apos;transaction&apos;[39m,
    entityId: [32m&apos;70c95d3e-8a5a-4004-8c4e-24c3ef44c8b8&apos;[39m,
    amount: [33m865.5065790251995[39m,
    category: [32m&apos;Test&apos;[39m,
    accountId: [32m&apos;main&apos;[39m
  },
  userId: [32m&apos;test-user-123&apos;[39m,
  severity: [32m&apos;low&apos;[39m,
  userAgent: [32m&apos;Mozilla/5.0 (win32) AppleWebKit/537.36 (KHTML, like Gecko) jsdom/27.3.0&apos;[39m,
  ip: [32m&apos;client_ip_unavailable&apos;[39m,
  sessionId: [32m&apos;session_1770159299405_y5lcej202&apos;[39m
}
[AUDIT: LOW] data_create {
  id: [32m&apos;audit_1770159300170_9m4twlnbr&apos;[39m,
  timestamp: [32m&apos;2026-02-03T22:55:00.170Z&apos;[39m,
  action: [32m&apos;data_create&apos;[39m,
  details: {
    entityType: [32m&apos;transaction&apos;[39m,
    entityId: [32m&apos;4d9bb4c9-baee-4b98-8b58-e54acd9d58e0&apos;[39m,
    amount: [33m409.8192588341777[39m,
    category: [32m&apos;Test&apos;[39m,
    accountId: [32m&apos;main&apos;[39m
  },
  userId: [32m&apos;test-user-123&apos;[39m,
  severity: [32m&apos;low&apos;[39m,
  userAgent: [32m&apos;Mozilla/5.0 (win32) AppleWebKit/537.36 (KHTML, like Gecko) jsdom/27.3.0&apos;[39m,
  ip: [32m&apos;client_ip_unavailable&apos;[39m,
  sessionId: [32m&apos;session_1770159299405_y5lcej202&apos;[39m
}
[AUDIT: LOW] data_create {
  id: [32m&apos;audit_1770159300172_mgyvnzsia&apos;[39m,
  timestamp: [32m&apos;2026-02-03T22:55:00.172Z&apos;[39m,
  action: [32m&apos;data_create&apos;[39m,
  details: {
    entityType: [32m&apos;transaction&apos;[39m,
    entityId: [32m&apos;187b65a7-723d-40f3-80b7-7e3bbcc06e17&apos;[39m,
    amount: [33m847.1793446676129[39m,
    category: [32m&apos;Test&apos;[39m,
    accountId: [32m&apos;main&apos;[39m
  },
  userId: [32m&apos;test-user-123&apos;[39m,
  severity: [32m&apos;low&apos;[39m,
  userAgent: [32m&apos;Mozilla/5.0 (win32) AppleWebKit/537.36 (KHTML, like Gecko) jsdom/27.3.0&apos;[39m,
  ip: [32m&apos;client_ip_unavailable&apos;[39m,
  sessionId: [32m&apos;session_1770159299405_y5lcej202&apos;[39m
}
[AUDIT: LOW] data_create {
  id: [32m&apos;audit_1770159300175_6w2fzoj5u&apos;[39m,
  timestamp: [32m&apos;2026-02-03T22:55:00.175Z&apos;[39m,
  action: [32m&apos;data_create&apos;[39m,
  details: {
    entityType: [32m&apos;transaction&apos;[39m,
    entityId: [32m&apos;69de68db-1057-4e37-a3f9-eee4395106ea&apos;[39m,
    amount: [33m432.7876413047379[39m,
    category: [32m&apos;Test&apos;[39m,
    accountId: [32m&apos;main&apos;[39m
  },
  userId: [32m&apos;test-user-123&apos;[39m,
  severity: [32m&apos;low&apos;[39m,
  userAgent: [32m&apos;Mozilla/5.0 (win32) AppleWebKit/537.36 (KHTML, like Gecko) jsdom/27.3.0&apos;[39m,
  ip: [32m&apos;client_ip_unavailable&apos;[39m,
  sessionId: [32m&apos;session_1770159299405_y5lcej202&apos;[39m
}
[AUDIT: LOW] data_create {
  id: [32m&apos;audit_1770159300178_bd2o5jcjx&apos;[39m,
  timestamp: [32m&apos;2026-02-03T22:55:00.178Z&apos;[39m,
  action: [32m&apos;data_create&apos;[39m,
  details: {
    entityType: [32m&apos;transaction&apos;[39m,
    entityId: [32m&apos;8993e0c3-15ec-4cda-a397-d422f8383bb7&apos;[39m,
    amount: [33m846.3639535484667[39m,
    category: [32m&apos;Test&apos;[39m,
    accountId: [32m&apos;main&apos;[39m
  },
  userId: [32m&apos;test-user-123&apos;[39m,
  severity: [32m&apos;low&apos;[39m,
  userAgent: [32m&apos;Mozilla/5.0 (win32) AppleWebKit/537.36 (KHTML, like Gecko) jsdom/27.3.0&apos;[39m,
  ip: [32m&apos;client_ip_unavailable&apos;[39m,
  sessionId: [32m&apos;session_1770159299405_y5lcej202&apos;[39m
}
[AUDIT: LOW] data_create {
  id: [32m&apos;audit_1770159300181_f6mq18hle&apos;[39m,
  timestamp: [32m&apos;2026-02-03T22:55:00.181Z&apos;[39m,
  action: [32m&apos;data_create&apos;[39m,
  details: {
    entityType: [32m&apos;transaction&apos;[39m,
    entityId: [32m&apos;f4576410-6543-46e5-ae42-bef3260e457b&apos;[39m,
    amount: [33m324.0305057617524[39m,
    category: [32m&apos;Test&apos;[39m,
    accountId: [32m&apos;main&apos;[39m
  },
  userId: [32m&apos;test-user-123&apos;[39m,
  severity: [32m&apos;low&apos;[39m,
  userAgent: [32m&apos;Mozilla/5.0 (win32) AppleWebKit/537.36 (KHTML, like Gecko) jsdom/27.3.0&apos;[39m,
  ip: [32m&apos;client_ip_unavailable&apos;[39m,
  sessionId: [32m&apos;session_1770159299405_y5lcej202&apos;[39m
}
[AUDIT: LOW] data_create {
  id: [32m&apos;audit_1770159300183_urgslaxl7&apos;[39m,
  timestamp: [32m&apos;2026-02-03T22:55:00.183Z&apos;[39m,
  action: [32m&apos;data_create&apos;[39m,
  details: {
    entityType: [32m&apos;transaction&apos;[39m,
    entityId: [32m&apos;d00722e8-4eb1-4d2c-a236-f848057daf52&apos;[39m,
    amount: [33m81.75726175006348[39m,
    category: [32m&apos;Test&apos;[39m,
    accountId: [32m&apos;main&apos;[39m
  },
  userId: [32m&apos;test-user-123&apos;[39m,
  severity: [32m&apos;low&apos;[39m,
  userAgent: [32m&apos;Mozilla/5.0 (win32) AppleWebKit/537.36 (KHTML, like Gecko) jsdom/27.3.0&apos;[39m,
  ip: [32m&apos;client_ip_unavailable&apos;[39m,
  sessionId: [32m&apos;session_1770159299405_y5lcej202&apos;[39m
}
[AUDIT: LOW] data_create {
  id: [32m&apos;audit_1770159300185_857mawa69&apos;[39m,
  timestamp: [32m&apos;2026-02-03T22:55:00.185Z&apos;[39m,
  action: [32m&apos;data_create&apos;[39m,
  details: {
    entityType: [32m&apos;transaction&apos;[39m,
    entityId: [32m&apos;04dffdbf-08b3-4cad-bf6d-487a3195adfd&apos;[39m,
    amount: [33m637.3787993629791[39m,
    category: [32m&apos;Test&apos;[39m,
    accountId: [32m&apos;main&apos;[39m
  },
  userId: [32m&apos;test-user-123&apos;[39m,
  severity: [32m&apos;low&apos;[39m,
  userAgent: [32m&apos;Mozilla/5.0 (win32) AppleWebKit/537.36 (KHTML, like Gecko) jsdom/27.3.0&apos;[39m,
  ip: [32m&apos;client_ip_unavailable&apos;[39m,
  sessionId: [32m&apos;session_1770159299405_y5lcej202&apos;[39m
}
[AUDIT: LOW] data_create {
  id: [32m&apos;audit_1770159300187_4n8u7w3ps&apos;[39m,
  timestamp: [32m&apos;2026-02-03T22:55:00.187Z&apos;[39m,
  action: [32m&apos;data_create&apos;[39m,
  details: {
    entityType: [32m&apos;transaction&apos;[39m,
    entityId: [32m&apos;6360c707-3120-464e-9731-2cdac8b39418&apos;[39m,
    amount: [33m61.2201357308656[39m,
    category: [32m&apos;Test&apos;[39m,
    accountId: [32m&apos;main&apos;[39m
  },
  userId: [32m&apos;test-user-123&apos;[39m,
  severity: [32m&apos;low&apos;[39m,
  userAgent: [32m&apos;Mozilla/5.0 (win32) AppleWebKit/537.36 (KHTML, like Gecko) jsdom/27.3.0&apos;[39m,
  ip: [32m&apos;client_ip_unavailable&apos;[39m,
  sessionId: [32m&apos;session_1770159299405_y5lcej202&apos;[39m
}
[AUDIT: LOW] data_create {
  id: [32m&apos;audit_1770159300189_pqhr7vn19&apos;[39m,
  timestamp: [32m&apos;2026-02-03T22:55:00.189Z&apos;[39m,
  action: [32m&apos;data_create&apos;[39m,
  details: {
    entityType: [32m&apos;transaction&apos;[39m,
    entityId: [32m&apos;89ddd33a-82c3-4be5-8569-1801d0bc85a3&apos;[39m,
    amount: [33m253.30709497156877[39m,
    category: [32m&apos;Test&apos;[39m,
    accountId: [32m&apos;main&apos;[39m
  },
  userId: [32m&apos;test-user-123&apos;[39m,
  severity: [32m&apos;low&apos;[39m,
  userAgent: [32m&apos;Mozilla/5.0 (win32) AppleWebKit/537.36 (KHTML, like Gecko) jsdom/27.3.0&apos;[39m,
  ip: [32m&apos;client_ip_unavailable&apos;[39m,
  sessionId: [32m&apos;session_1770159299405_y5lcej202&apos;[39m
}
[AUDIT: LOW] data_create {
  id: [32m&apos;audit_1770159300191_ot04k3z4h&apos;[39m,
  timestamp: [32m&apos;2026-02-03T22:55:00.191Z&apos;[39m,
  action: [32m&apos;data_create&apos;[39m,
  details: {
    entityType: [32m&apos;transaction&apos;[39m,
    entityId: [32m&apos;d38d5014-66e8-4faa-95f7-dc83ca9e9a0c&apos;[39m,
    amount: [33m528.6737420313625[39m,
    category: [32m&apos;Test&apos;[39m,
    accountId: [32m&apos;main&apos;[39m
  },
  userId: [32m&apos;test-user-123&apos;[39m,
  severity: [32m&apos;low&apos;[39m,
  userAgent: [32m&apos;Mozilla/5.0 (win32) AppleWebKit/537.36 (KHTML, like Gecko) jsdom/27.3.0&apos;[39m,
  ip: [32m&apos;client_ip_unavailable&apos;[39m,
  sessionId: [32m&apos;session_1770159299405_y5lcej202&apos;[39m
}
[AUDIT: LOW] data_create {
  id: [32m&apos;audit_1770159300194_uudgfq9ks&apos;[39m,
  timestamp: [32m&apos;2026-02-03T22:55:00.194Z&apos;[39m,
  action: [32m&apos;data_create&apos;[39m,
  details: {
    entityType: [32m&apos;transaction&apos;[39m,
    entityId: [32m&apos;8dd2a196-214b-4da2-86b2-377c2b6aa0f8&apos;[39m,
    amount: [33m544.4015622235213[39m,
    category: [32m&apos;Test&apos;[39m,
    accountId: [32m&apos;main&apos;[39m
  },
  userId: [32m&apos;test-user-123&apos;[39m,
  severity: [32m&apos;low&apos;[39m,
  userAgent: [32m&apos;Mozilla/5.0 (win32) AppleWebKit/537.36 (KHTML, like Gecko) jsdom/27.3.0&apos;[39m,
  ip: [32m&apos;client_ip_unavailable&apos;[39m,
  sessionId: [32m&apos;session_1770159299405_y5lcej202&apos;[39m
}
[AUDIT: LOW] data_create {
  id: [32m&apos;audit_1770159300196_3csf9bt75&apos;[39m,
  timestamp: [32m&apos;2026-02-03T22:55:00.196Z&apos;[39m,
  action: [32m&apos;data_create&apos;[39m,
  details: {
    entityType: [32m&apos;transaction&apos;[39m,
    entityId: [32m&apos;e309364e-4781-490f-83e5-fe1069086d7c&apos;[39m,
    amount: [33m914.9782537548026[39m,
    category: [32m&apos;Test&apos;[39m,
    accountId: [32m&apos;main&apos;[39m
  },
  userId: [32m&apos;test-user-123&apos;[39m,
  severity: [32m&apos;low&apos;[39m,
  userAgent: [32m&apos;Mozilla/5.0 (win32) AppleWebKit/537.36 (KHTML, like Gecko) jsdom/27.3.0&apos;[39m,
  ip: [32m&apos;client_ip_unavailable&apos;[39m,
  sessionId: [32m&apos;session_1770159299405_y5lcej202&apos;[39m
}
[AUDIT: LOW] data_create {
  id: [32m&apos;audit_1770159300198_p4nf1vbmt&apos;[39m,
  timestamp: [32m&apos;2026-02-03T22:55:00.199Z&apos;[39m,
  action: [32m&apos;data_create&apos;[39m,
  details: {
    entityType: [32m&apos;transaction&apos;[39m,
    entityId: [32m&apos;07388121-42c5-4eda-976a-1c18d5281663&apos;[39m,
    amount: [33m677.2117373701169[39m,
    category: [32m&apos;Test&apos;[39m,
    accountId: [32m&apos;main&apos;[39m
  },
  userId: [32m&apos;test-user-123&apos;[39m,
  severity: [32m&apos;low&apos;[39m,
  userAgent: [32m&apos;Mozilla/5.0 (win32) AppleWebKit/537.36 (KHTML, like Gecko) jsdom/27.3.0&apos;[39m,
  ip: [32m&apos;client_ip_unavailable&apos;[39m,
  sessionId: [32m&apos;session_1770159299405_y5lcej202&apos;[39m
}
[AUDIT: LOW] data_create {
  id: [32m&apos;audit_1770159300202_wwpakpu3t&apos;[39m,
  timestamp: [32m&apos;2026-02-03T22:55:00.202Z&apos;[39m,
  action: [32m&apos;data_create&apos;[39m,
  details: {
    entityType: [32m&apos;transaction&apos;[39m,
    entityId: [32m&apos;452a96ab-3679-40e5-a6bd-95a9bce7dd98&apos;[39m,
    amount: [33m978.2292531101909[39m,
    category: [32m&apos;Test&apos;[39m,
    accountId: [32m&apos;main&apos;[39m
  },
  userId: [32m&apos;test-user-123&apos;[39m,
  severity: [32m&apos;low&apos;[39m,
  userAgent: [32m&apos;Mozilla/5.0 (win32) AppleWebKit/537.36 (KHTML, like Gecko) jsdom/27.3.0&apos;[39m,
  ip: [32m&apos;client_ip_unavailable&apos;[39m,
  sessionId: [32m&apos;session_1770159299405_y5lcej202&apos;[39m
}
[AUDIT: LOW] data_create {
  id: [32m&apos;audit_1770159300205_g560jhy4g&apos;[39m,
  timestamp: [32m&apos;2026-02-03T22:55:00.205Z&apos;[39m,
  action: [32m&apos;data_create&apos;[39m,
  details: {
    entityType: [32m&apos;transaction&apos;[39m,
    entityId: [32m&apos;0f678dd8-cf54-4003-904d-a06650a455b1&apos;[39m,
    amount: [33m680.81044846844[39m,
    category: [32m&apos;Test&apos;[39m,
    accountId: [32m&apos;main&apos;[39m
  },
  userId: [32m&apos;test-user-123&apos;[39m,
  severity: [32m&apos;low&apos;[39m,
  userAgent: [32m&apos;Mozilla/5.0 (win32) AppleWebKit/537.36 (KHTML, like Gecko) jsdom/27.3.0&apos;[39m,
  ip: [32m&apos;client_ip_unavailable&apos;[39m,
  sessionId: [32m&apos;session_1770159299405_y5lcej202&apos;[39m
}
[AUDIT: LOW] data_create {
  id: [32m&apos;audit_1770159300207_moqvwnjiz&apos;[39m,
  timestamp: [32m&apos;2026-02-03T22:55:00.207Z&apos;[39m,
  action: [32m&apos;data_create&apos;[39m,
  details: {
    entityType: [32m&apos;transaction&apos;[39m,
    entityId: [32m&apos;28006947-445a-4052-9932-9592c31de348&apos;[39m,
    amount: [33m332.82113126053537[39m,
    category: [32m&apos;Test&apos;[39m,
    accountId: [32m&apos;main&apos;[39m
  },
  userId: [32m&apos;test-user-123&apos;[39m,
  severity: [32m&apos;low&apos;[39m,
  userAgent: [32m&apos;Mozilla/5.0 (win32) AppleWebKit/537.36 (KHTML, like Gecko) jsdom/27.3.0&apos;[39m,
  ip: [32m&apos;client_ip_unavailable&apos;[39m,
  sessionId: [32m&apos;session_1770159299405_y5lcej202&apos;[39m
}
[AUDIT: LOW] data_create {
  id: [32m&apos;audit_1770159300209_vej8569uk&apos;[39m,
  timestamp: [32m&apos;2026-02-03T22:55:00.209Z&apos;[39m,
  action: [32m&apos;data_create&apos;[39m,
  details: {
    entityType: [32m&apos;transaction&apos;[39m,
    entityId: [32m&apos;0d7f631f-f6dc-49c7-867a-d444ecffb160&apos;[39m,
    amount: [33m520.9309450030207[39m,
    category: [32m&apos;Test&apos;[39m,
    accountId: [32m&apos;main&apos;[39m
  },
  userId: [32m&apos;test-user-123&apos;[39m,
  severity: [32m&apos;low&apos;[39m,
  userAgent: [32m&apos;Mozilla/5.0 (win32) AppleWebKit/537.36 (KHTML, like Gecko) jsdom/27.3.0&apos;[39m,
  ip: [32m&apos;client_ip_unavailable&apos;[39m,
  sessionId: [32m&apos;session_1770159299405_y5lcej202&apos;[39m
}
[AUDIT: LOW] data_create {
  id: [32m&apos;audit_1770159300212_epampbtpn&apos;[39m,
  timestamp: [32m&apos;2026-02-03T22:55:00.212Z&apos;[39m,
  action: [32m&apos;data_create&apos;[39m,
  details: {
    entityType: [32m&apos;transaction&apos;[39m,
    entityId: [32m&apos;f478bcd2-5ec8-4ffc-b128-fde0cc5bf0bd&apos;[39m,
    amount: [33m405.6785962067942[39m,
    category: [32m&apos;Test&apos;[39m,
    accountId: [32m&apos;main&apos;[39m
  },
  userId: [32m&apos;test-user-123&apos;[39m,
  severity: [32m&apos;low&apos;[39m,
  userAgent: [32m&apos;Mozilla/5.0 (win32) AppleWebKit/537.36 (KHTML, like Gecko) jsdom/27.3.0&apos;[39m,
  ip: [32m&apos;client_ip_unavailable&apos;[39m,
  sessionId: [32m&apos;session_1770159299405_y5lcej202&apos;[39m
}
[AUDIT: LOW] data_create {
  id: [32m&apos;audit_1770159300215_okv5up8jr&apos;[39m,
  timestamp: [32m&apos;2026-02-03T22:55:00.215Z&apos;[39m,
  action: [32m&apos;data_create&apos;[39m,
  details: {
    entityType: [32m&apos;transaction&apos;[39m,
    entityId: [32m&apos;52ef55a8-e751-4c85-a940-e2fea39e07a8&apos;[39m,
    amount: [33m560.5074679409374[39m,
    category: [32m&apos;Test&apos;[39m,
    accountId: [32m&apos;main&apos;[39m
  },
  userId: [32m&apos;test-user-123&apos;[39m,
  severity: [32m&apos;low&apos;[39m,
  userAgent: [32m&apos;Mozilla/5.0 (win32) AppleWebKit/537.36 (KHTML, like Gecko) jsdom/27.3.0&apos;[39m,
  ip: [32m&apos;client_ip_unavailable&apos;[39m,
  sessionId: [32m&apos;session_1770159299405_y5lcej202&apos;[39m
}
[AUDIT: LOW] data_create {
  id: [32m&apos;audit_1770159300217_2alpb60wo&apos;[39m,
  timestamp: [32m&apos;2026-02-03T22:55:00.217Z&apos;[39m,
  action: [32m&apos;data_create&apos;[39m,
  details: {
    entityType: [32m&apos;transaction&apos;[39m,
    entityId: [32m&apos;c2e15041-92d8-4ce7-b188-758051396487&apos;[39m,
    amount: [33m987.4339198866829[39m,
    category: [32m&apos;Test&apos;[39m,
    accountId: [32m&apos;main&apos;[39m
  },
  userId: [32m&apos;test-user-123&apos;[39m,
  severity: [32m&apos;low&apos;[39m,
  userAgent: [32m&apos;Mozilla/5.0 (win32) AppleWebKit/537.36 (KHTML, like Gecko) jsdom/27.3.0&apos;[39m,
  ip: [32m&apos;client_ip_unavailable&apos;[39m,
  sessionId: [32m&apos;session_1770159299405_y5lcej202&apos;[39m
}
[AUDIT: LOW] data_create {
  id: [32m&apos;audit_1770159300219_dj3is16ly&apos;[39m,
  timestamp: [32m&apos;2026-02-03T22:55:00.219Z&apos;[39m,
  action: [32m&apos;data_create&apos;[39m,
  details: {
    entityType: [32m&apos;transaction&apos;[39m,
    entityId: [32m&apos;d0d8ddcd-f0c7-413e-93ab-2f60c6bcc7bc&apos;[39m,
    amount: [33m330.3893986763835[39m,
    category: [32m&apos;Test&apos;[39m,
    accountId: [32m&apos;main&apos;[39m
  },
  userId: [32m&apos;test-user-123&apos;[39m,
  severity: [32m&apos;low&apos;[39m,
  userAgent: [32m&apos;Mozilla/5.0 (win32) AppleWebKit/537.36 (KHTML, like Gecko) jsdom/27.3.0&apos;[39m,
  ip: [32m&apos;client_ip_unavailable&apos;[39m,
  sessionId: [32m&apos;session_1770159299405_y5lcej202&apos;[39m
}
[AUDIT: LOW] data_create {
  id: [32m&apos;audit_1770159300222_z6gixdnec&apos;[39m,
  timestamp: [32m&apos;2026-02-03T22:55:00.222Z&apos;[39m,
  action: [32m&apos;data_create&apos;[39m,
  details: {
    entityType: [32m&apos;transaction&apos;[39m,
    entityId: [32m&apos;19f2fd30-189b-488d-960f-595328db8e9b&apos;[39m,
    amount: [33m45.21127222458499[39m,
    category: [32m&apos;Test&apos;[39m,
    accountId: [32m&apos;main&apos;[39m
  },
  userId: [32m&apos;test-user-123&apos;[39m,
  severity: [32m&apos;low&apos;[39m,
  userAgent: [32m&apos;Mozilla/5.0 (win32) AppleWebKit/537.36 (KHTML, like Gecko) jsdom/27.3.0&apos;[39m,
  ip: [32m&apos;client_ip_unavailable&apos;[39m,
  sessionId: [32m&apos;session_1770159299405_y5lcej202&apos;[39m
}
[AUDIT: LOW] data_create {
  id: [32m&apos;audit_1770159300224_knhulg5vu&apos;[39m,
  timestamp: [32m&apos;2026-02-03T22:55:00.225Z&apos;[39m,
  action: [32m&apos;data_create&apos;[39m,
  details: {
    entityType: [32m&apos;transaction&apos;[39m,
    entityId: [32m&apos;012f2ed9-b564-4bc0-b711-fee0f2a0a547&apos;[39m,
    amount: [33m260.48578213076246[39m,
    category: [32m&apos;Test&apos;[39m,
    accountId: [32m&apos;main&apos;[39m
  },
  userId: [32m&apos;test-user-123&apos;[39m,
  severity: [32m&apos;low&apos;[39m,
  userAgent: [32m&apos;Mozilla/5.0 (win32) AppleWebKit/537.36 (KHTML, like Gecko) jsdom/27.3.0&apos;[39m,
  ip: [32m&apos;client_ip_unavailable&apos;[39m,
  sessionId: [32m&apos;session_1770159299405_y5lcej202&apos;[39m
}
[AUDIT: LOW] data_create {
  id: [32m&apos;audit_1770159300228_p9ym35vd9&apos;[39m,
  timestamp: [32m&apos;2026-02-03T22:55:00.228Z&apos;[39m,
  action: [32m&apos;data_create&apos;[39m,
  details: {
    entityType: [32m&apos;transaction&apos;[39m,
    entityId: [32m&apos;c87ef536-b379-443c-96a8-cc40301584df&apos;[39m,
    amount: [33m85.73977500585728[39m,
    category: [32m&apos;Test&apos;[39m,
    accountId: [32m&apos;main&apos;[39m
  },
  userId: [32m&apos;test-user-123&apos;[39m,
  severity: [32m&apos;low&apos;[39m,
  userAgent: [32m&apos;Mozilla/5.0 (win32) AppleWebKit/537.36 (KHTML, like Gecko) jsdom/27.3.0&apos;[39m,
  ip: [32m&apos;client_ip_unavailable&apos;[39m,
  sessionId: [32m&apos;session_1770159299405_y5lcej202&apos;[39m
}
[AUDIT: LOW] data_create {
  id: [32m&apos;audit_1770159300231_7q2dobhjk&apos;[39m,
  timestamp: [32m&apos;2026-02-03T22:55:00.231Z&apos;[39m,
  action: [32m&apos;data_create&apos;[39m,
  details: {
    entityType: [32m&apos;transaction&apos;[39m,
    entityId: [32m&apos;ad9ad5d0-a6dd-45ac-b875-d5d0b981d81b&apos;[39m,
    amount: [33m638.5021154579587[39m,
    category: [32m&apos;Test&apos;[39m,
    accountId: [32m&apos;main&apos;[39m
  },
  userId: [32m&apos;test-user-123&apos;[39m,
  severity: [32m&apos;low&apos;[39m,
  userAgent: [32m&apos;Mozilla/5.0 (win32) AppleWebKit/537.36 (KHTML, like Gecko) jsdom/27.3.0&apos;[39m,
  ip: [32m&apos;client_ip_unavailable&apos;[39m,
  sessionId: [32m&apos;session_1770159299405_y5lcej202&apos;[39m
}
[AUDIT: LOW] data_create {
  id: [32m&apos;audit_1770159300233_unjz649yj&apos;[39m,
  timestamp: [32m&apos;2026-02-03T22:55:00.234Z&apos;[39m,
  action: [32m&apos;data_create&apos;[39m,
  details: {
    entityType: [32m&apos;transaction&apos;[39m,
    entityId: [32m&apos;5269018e-2830-4b51-9d28-18b9bfab871f&apos;[39m,
    amount: [33m792.3048121519028[39m,
    category: [32m&apos;Test&apos;[39m,
    accountId: [32m&apos;main&apos;[39m
  },
  userId: [32m&apos;test-user-123&apos;[39m,
  severity: [32m&apos;low&apos;[39m,
  userAgent: [32m&apos;Mozilla/5.0 (win32) AppleWebKit/537.36 (KHTML, like Gecko) jsdom/27.3.0&apos;[39m,
  ip: [32m&apos;client_ip_unavailable&apos;[39m,
  sessionId: [32m&apos;session_1770159299405_y5lcej202&apos;[39m
}
[AUDIT: LOW] data_create {
  id: [32m&apos;audit_1770159300239_f7559yo8i&apos;[39m,
  timestamp: [32m&apos;2026-02-03T22:55:00.239Z&apos;[39m,
  action: [32m&apos;data_create&apos;[39m,
  details: {
    entityType: [32m&apos;transaction&apos;[39m,
    entityId: [32m&apos;4484f4b6-a02a-41f8-8b1b-d6f56d1a3f3e&apos;[39m,
    amount: [33m124.75746419031786[39m,
    category: [32m&apos;Test&apos;[39m,
    accountId: [32m&apos;main&apos;[39m
  },
  userId: [32m&apos;test-user-123&apos;[39m,
  severity: [32m&apos;low&apos;[39m,
  userAgent: [32m&apos;Mozilla/5.0 (win32) AppleWebKit/537.36 (KHTML, like Gecko) jsdom/27.3.0&apos;[39m,
  ip: [32m&apos;client_ip_unavailable&apos;[39m,
  sessionId: [32m&apos;session_1770159299405_y5lcej202&apos;[39m
}
[AUDIT: LOW] data_create {
  id: [32m&apos;audit_1770159300242_awr2ho110&apos;[39m,
  timestamp: [32m&apos;2026-02-03T22:55:00.242Z&apos;[39m,
  action: [32m&apos;data_create&apos;[39m,
  details: {
    entityType: [32m&apos;transaction&apos;[39m,
    entityId: [32m&apos;c64f0cb3-9ff8-40c5-98dd-96bdc5576370&apos;[39m,
    amount: [33m917.6531135151222[39m,
    category: [32m&apos;Test&apos;[39m,
    accountId: [32m&apos;main&apos;[39m
  },
  userId: [32m&apos;test-user-123&apos;[39m,
  severity: [32m&apos;low&apos;[39m,
  userAgent: [32m&apos;Mozilla/5.0 (win32) AppleWebKit/537.36 (KHTML, like Gecko) jsdom/27.3.0&apos;[39m,
  ip: [32m&apos;client_ip_unavailable&apos;[39m,
  sessionId: [32m&apos;session_1770159299405_y5lcej202&apos;[39m
}
[AUDIT: LOW] data_create {
  id: [32m&apos;audit_1770159300250_k5zt56asq&apos;[39m,
  timestamp: [32m&apos;2026-02-03T22:55:00.250Z&apos;[39m,
  action: [32m&apos;data_create&apos;[39m,
  details: {
    entityType: [32m&apos;transaction&apos;[39m,
    entityId: [32m&apos;a64c8513-9b22-41de-a668-8bd5e89d339f&apos;[39m,
    amount: [33m574.7834920151925[39m,
    category: [32m&apos;Test&apos;[39m,
    accountId: [32m&apos;main&apos;[39m
  },
  userId: [32m&apos;test-user-123&apos;[39m,
  severity: [32m&apos;low&apos;[39m,
  userAgent: [32m&apos;Mozilla/5.0 (win32) AppleWebKit/537.36 (KHTML, like Gecko) jsdom/27.3.0&apos;[39m,
  ip: [32m&apos;client_ip_unavailable&apos;[39m,
  sessionId: [32m&apos;session_1770159299405_y5lcej202&apos;[39m
}
[AUDIT: LOW] data_create {
  id: [32m&apos;audit_1770159300252_owzpndcf3&apos;[39m,
  timestamp: [32m&apos;2026-02-03T22:55:00.252Z&apos;[39m,
  action: [32m&apos;data_create&apos;[39m,
  details: {
    entityType: [32m&apos;transaction&apos;[39m,
    entityId: [32m&apos;942a54cc-d98d-4271-b426-f6be5b3fdfe6&apos;[39m,
    amount: [33m396.77406678051085[39m,
    category: [32m&apos;Test&apos;[39m,
    accountId: [32m&apos;main&apos;[39m
  },
  userId: [32m&apos;test-user-123&apos;[39m,
  severity: [32m&apos;low&apos;[39m,
  userAgent: [32m&apos;Mozilla/5.0 (win32) AppleWebKit/537.36 (KHTML, like Gecko) jsdom/27.3.0&apos;[39m,
  ip: [32m&apos;client_ip_unavailable&apos;[39m,
  sessionId: [32m&apos;session_1770159299405_y5lcej202&apos;[39m
}
[AUDIT: LOW] data_create {
  id: [32m&apos;audit_1770159300255_x3ju3961w&apos;[39m,
  timestamp: [32m&apos;2026-02-03T22:55:00.255Z&apos;[39m,
  action: [32m&apos;data_create&apos;[39m,
  details: {
    entityType: [32m&apos;transaction&apos;[39m,
    entityId: [32m&apos;bef3a844-a32d-4557-a7ea-0903a788b4fc&apos;[39m,
    amount: [33m445.4855344898955[39m,
    category: [32m&apos;Test&apos;[39m,
    accountId: [32m&apos;main&apos;[39m
  },
  userId: [32m&apos;test-user-123&apos;[39m,
  severity: [32m&apos;low&apos;[39m,
  userAgent: [32m&apos;Mozilla/5.0 (win32) AppleWebKit/537.36 (KHTML, like Gecko) jsdom/27.3.0&apos;[39m,
  ip: [32m&apos;client_ip_unavailable&apos;[39m,
  sessionId: [32m&apos;session_1770159299405_y5lcej202&apos;[39m
}
[AUDIT: LOW] data_create {
  id: [32m&apos;audit_1770159300257_871ojx4oa&apos;[39m,
  timestamp: [32m&apos;2026-02-03T22:55:00.257Z&apos;[39m,
  action: [32m&apos;data_create&apos;[39m,
  details: {
    entityType: [32m&apos;transaction&apos;[39m,
    entityId: [32m&apos;8fa7b5f5-889c-440a-be50-e61cab6a4bb9&apos;[39m,
    amount: [33m368.5943231786442[39m,
    category: [32m&apos;Test&apos;[39m,
    accountId: [32m&apos;main&apos;[39m
  },
  userId: [32m&apos;test-user-123&apos;[39m,
  severity: [32m&apos;low&apos;[39m,
  userAgent: [32m&apos;Mozilla/5.0 (win32) AppleWebKit/537.36 (KHTML, like Gecko) jsdom/27.3.0&apos;[39m,
  ip: [32m&apos;client_ip_unavailable&apos;[39m,
  sessionId: [32m&apos;session_1770159299405_y5lcej202&apos;[39m
}
[AUDIT: LOW] data_create {
  id: [32m&apos;audit_1770159300259_n0r5wj545&apos;[39m,
  timestamp: [32m&apos;2026-02-03T22:55:00.259Z&apos;[39m,
  action: [32m&apos;data_create&apos;[39m,
  details: {
    entityType: [32m&apos;transaction&apos;[39m,
    entityId: [32m&apos;2e12e3bc-6757-4107-adf7-d4e929c22e09&apos;[39m,
    amount: [33m418.1497429320811[39m,
    category: [32m&apos;Test&apos;[39m,
    accountId: [32m&apos;main&apos;[39m
  },
  userId: [32m&apos;test-user-123&apos;[39m,
  severity: [32m&apos;low&apos;[39m,
  userAgent: [32m&apos;Mozilla/5.0 (win32) AppleWebKit/537.36 (KHTML, like Gecko) jsdom/27.3.0&apos;[39m,
  ip: [32m&apos;client_ip_unavailable&apos;[39m,
  sessionId: [32m&apos;session_1770159299405_y5lcej202&apos;[39m
}
[AUDIT: LOW] data_create {
  id: [32m&apos;audit_1770159300261_o2idfxjd2&apos;[39m,
  timestamp: [32m&apos;2026-02-03T22:55:00.261Z&apos;[39m,
  action: [32m&apos;data_create&apos;[39m,
  details: {
    entityType: [32m&apos;transaction&apos;[39m,
    entityId: [32m&apos;97773444-82f5-4f5f-9e62-801f4686a38d&apos;[39m,
    amount: [33m530.7060119442737[39m,
    category: [32m&apos;Test&apos;[39m,
    accountId: [32m&apos;main&apos;[39m
  },
  userId: [32m&apos;test-user-123&apos;[39m,
  severity: [32m&apos;low&apos;[39m,
  userAgent: [32m&apos;Mozilla/5.0 (win32) AppleWebKit/537.36 (KHTML, like Gecko) jsdom/27.3.0&apos;[39m,
  ip: [32m&apos;client_ip_unavailable&apos;[39m,
  sessionId: [32m&apos;session_1770159299405_y5lcej202&apos;[39m
}
[AUDIT: LOW] data_create {
  id: [32m&apos;audit_1770159300263_ww7bykit6&apos;[39m,
  timestamp: [32m&apos;2026-02-03T22:55:00.263Z&apos;[39m,
  action: [32m&apos;data_create&apos;[39m,
  details: {
    entityType: [32m&apos;transaction&apos;[39m,
    entityId: [32m&apos;96fd0043-56a6-4fb9-b50b-9886a482c166&apos;[39m,
    amount: [33m933.3926449273921[39m,
    category: [32m&apos;Test&apos;[39m,
    accountId: [32m&apos;main&apos;[39m
  },
  userId: [32m&apos;test-user-123&apos;[39m,
  severity: [32m&apos;low&apos;[39m,
  userAgent: [32m&apos;Mozilla/5.0 (win32) AppleWebKit/537.36 (KHTML, like Gecko) jsdom/27.3.0&apos;[39m,
  ip: [32m&apos;client_ip_unavailable&apos;[39m,
  sessionId: [32m&apos;session_1770159299405_y5lcej202&apos;[39m
}
[AUDIT: LOW] data_create {
  id: [32m&apos;audit_1770159300265_fpotbi95l&apos;[39m,
  timestamp: [32m&apos;2026-02-03T22:55:00.265Z&apos;[39m,
  action: [32m&apos;data_create&apos;[39m,
  details: {
    entityType: [32m&apos;transaction&apos;[39m,
    entityId: [32m&apos;103edf4c-1a5b-417c-bd20-f8dd6d32de31&apos;[39m,
    amount: [33m179.8073384732479[39m,
    category: [32m&apos;Test&apos;[39m,
    accountId: [32m&apos;main&apos;[39m
  },
  userId: [32m&apos;test-user-123&apos;[39m,
  severity: [32m&apos;low&apos;[39m,
  userAgent: [32m&apos;Mozilla/5.0 (win32) AppleWebKit/537.36 (KHTML, like Gecko) jsdom/27.3.0&apos;[39m,
  ip: [32m&apos;client_ip_unavailable&apos;[39m,
  sessionId: [32m&apos;session_1770159299405_y5lcej202&apos;[39m
}
[AUDIT: LOW] data_create {
  id: [32m&apos;audit_1770159300268_m22hqfneu&apos;[39m,
  timestamp: [32m&apos;2026-02-03T22:55:00.268Z&apos;[39m,
  action: [32m&apos;data_create&apos;[39m,
  details: {
    entityType: [32m&apos;transaction&apos;[39m,
    entityId: [32m&apos;95e61023-7ff8-479d-8c59-3f4cbd99697f&apos;[39m,
    amount: [33m12.293429959310377[39m,
    category: [32m&apos;Test&apos;[39m,
    accountId: [32m&apos;main&apos;[39m
  },
  userId: [32m&apos;test-user-123&apos;[39m,
  severity: [32m&apos;low&apos;[39m,
  userAgent: [32m&apos;Mozilla/5.0 (win32) AppleWebKit/537.36 (KHTML, like Gecko) jsdom/27.3.0&apos;[39m,
  ip: [32m&apos;client_ip_unavailable&apos;[39m,
  sessionId: [32m&apos;session_1770159299405_y5lcej202&apos;[39m
}
[AUDIT: LOW] data_create {
  id: [32m&apos;audit_1770159300269_tcikrmn3w&apos;[39m,
  timestamp: [32m&apos;2026-02-03T22:55:00.269Z&apos;[39m,
  action: [32m&apos;data_create&apos;[39m,
  details: {
    entityType: [32m&apos;transaction&apos;[39m,
    entityId: [32m&apos;e8f2b627-1454-479f-843c-10d77a2bf17c&apos;[39m,
    amount: [33m406.033669983508[39m,
    category: [32m&apos;Test&apos;[39m,
    accountId: [32m&apos;main&apos;[39m
  },
  userId: [32m&apos;test-user-123&apos;[39m,
  severity: [32m&apos;low&apos;[39m,
  userAgent: [32m&apos;Mozilla/5.0 (win32) AppleWebKit/537.36 (KHTML, like Gecko) jsdom/27.3.0&apos;[39m,
  ip: [32m&apos;client_ip_unavailable&apos;[39m,
  sessionId: [32m&apos;session_1770159299405_y5lcej202&apos;[39m
}
[AUDIT: LOW] data_create {
  id: [32m&apos;audit_1770159300271_aeyp3m071&apos;[39m,
  timestamp: [32m&apos;2026-02-03T22:55:00.271Z&apos;[39m,
  action: [32m&apos;data_create&apos;[39m,
  details: {
    entityType: [32m&apos;transaction&apos;[39m,
    entityId: [32m&apos;4d27eaae-f509-463f-a9b9-0afd2559429f&apos;[39m,
    amount: [33m993.0055862675171[39m,
    category: [32m&apos;Test&apos;[39m,
    accountId: [32m&apos;main&apos;[39m
  },
  userId: [32m&apos;test-user-123&apos;[39m,
  severity: [32m&apos;low&apos;[39m,
  userAgent: [32m&apos;Mozilla/5.0 (win32) AppleWebKit/537.36 (KHTML, like Gecko) jsdom/27.3.0&apos;[39m,
  ip: [32m&apos;client_ip_unavailable&apos;[39m,
  sessionId: [32m&apos;session_1770159299405_y5lcej202&apos;[39m
}
[AUDIT: LOW] data_create {
  id: [32m&apos;audit_1770159300274_xk36sd8wk&apos;[39m,
  timestamp: [32m&apos;2026-02-03T22:55:00.274Z&apos;[39m,
  action: [32m&apos;data_create&apos;[39m,
  details: {
    entityType: [32m&apos;transaction&apos;[39m,
    entityId: [32m&apos;ad6e76f8-c4fb-46aa-861a-d23121e19f47&apos;[39m,
    amount: [33m45.760203251710266[39m,
    category: [32m&apos;Test&apos;[39m,
    accountId: [32m&apos;main&apos;[39m
  },
  userId: [32m&apos;test-user-123&apos;[39m,
  severity: [32m&apos;low&apos;[39m,
  userAgent: [32m&apos;Mozilla/5.0 (win32) AppleWebKit/537.36 (KHTML, like Gecko) jsdom/27.3.0&apos;[39m,
  ip: [32m&apos;client_ip_unavailable&apos;[39m,
  sessionId: [32m&apos;session_1770159299405_y5lcej202&apos;[39m
}
[AUDIT: LOW] data_create {
  id: [32m&apos;audit_1770159300276_y2myoggrx&apos;[39m,
  timestamp: [32m&apos;2026-02-03T22:55:00.276Z&apos;[39m,
  action: [32m&apos;data_create&apos;[39m,
  details: {
    entityType: [32m&apos;transaction&apos;[39m,
    entityId: [32m&apos;1cc46a18-6e56-4454-9313-37501fabfca5&apos;[39m,
    amount: [33m232.32736986390245[39m,
    category: [32m&apos;Test&apos;[39m,
    accountId: [32m&apos;main&apos;[39m
  },
  userId: [32m&apos;test-user-123&apos;[39m,
  severity: [32m&apos;low&apos;[39m,
  userAgent: [32m&apos;Mozilla/5.0 (win32) AppleWebKit/537.36 (KHTML, like Gecko) jsdom/27.3.0&apos;[39m,
  ip: [32m&apos;client_ip_unavailable&apos;[39m,
  sessionId: [32m&apos;session_1770159299405_y5lcej202&apos;[39m
}
[AUDIT: LOW] data_create {
  id: [32m&apos;audit_1770159300279_84aual3ep&apos;[39m,
  timestamp: [32m&apos;2026-02-03T22:55:00.279Z&apos;[39m,
  action: [32m&apos;data_create&apos;[39m,
  details: {
    entityType: [32m&apos;transaction&apos;[39m,
    entityId: [32m&apos;2c77c2c7-39e5-4359-a65e-981fbe752565&apos;[39m,
    amount: [33m615.3223129420381[39m,
    category: [32m&apos;Test&apos;[39m,
    accountId: [32m&apos;main&apos;[39m
  },
  userId: [32m&apos;test-user-123&apos;[39m,
  severity: [32m&apos;low&apos;[39m,
  userAgent: [32m&apos;Mozilla/5.0 (win32) AppleWebKit/537.36 (KHTML, like Gecko) jsdom/27.3.0&apos;[39m,
  ip: [32m&apos;client_ip_unavailable&apos;[39m,
  sessionId: [32m&apos;session_1770159299405_y5lcej202&apos;[39m
}
[AUDIT: LOW] data_create {
  id: [32m&apos;audit_1770159300282_nnj6zknnf&apos;[39m,
  timestamp: [32m&apos;2026-02-03T22:55:00.282Z&apos;[39m,
  action: [32m&apos;data_create&apos;[39m,
  details: {
    entityType: [32m&apos;transaction&apos;[39m,
    entityId: [32m&apos;86db72db-7fc5-4c2c-904e-e8b01c827012&apos;[39m,
    amount: [33m571.546698303309[39m,
    category: [32m&apos;Test&apos;[39m,
    accountId: [32m&apos;main&apos;[39m
  },
  userId: [32m&apos;test-user-123&apos;[39m,
  severity: [32m&apos;low&apos;[39m,
  userAgent: [32m&apos;Mozilla/5.0 (win32) AppleWebKit/537.36 (KHTML, like Gecko) jsdom/27.3.0&apos;[39m,
  ip: [32m&apos;client_ip_unavailable&apos;[39m,
  sessionId: [32m&apos;session_1770159299405_y5lcej202&apos;[39m
}
[AUDIT: LOW] data_create {
  id: [32m&apos;audit_1770159300287_yq2py9gqm&apos;[39m,
  timestamp: [32m&apos;2026-02-03T22:55:00.287Z&apos;[39m,
  action: [32m&apos;data_create&apos;[39m,
  details: {
    entityType: [32m&apos;transaction&apos;[39m,
    entityId: [32m&apos;e4900d2c-7438-40df-8ef9-8017ceca033b&apos;[39m,
    amount: [33m165.04837832640862[39m,
    category: [32m&apos;Test&apos;[39m,
    accountId: [32m&apos;main&apos;[39m
  },
  userId: [32m&apos;test-user-123&apos;[39m,
  severity: [32m&apos;low&apos;[39m,
  userAgent: [32m&apos;Mozilla/5.0 (win32) AppleWebKit/537.36 (KHTML, like Gecko) jsdom/27.3.0&apos;[39m,
  ip: [32m&apos;client_ip_unavailable&apos;[39m,
  sessionId: [32m&apos;session_1770159299405_y5lcej202&apos;[39m
}
[AUDIT: LOW] data_create {
  id: [32m&apos;audit_1770159300289_efver8dje&apos;[39m,
  timestamp: [32m&apos;2026-02-03T22:55:00.289Z&apos;[39m,
  action: [32m&apos;data_create&apos;[39m,
  details: {
    entityType: [32m&apos;transaction&apos;[39m,
    entityId: [32m&apos;a40f3757-71f2-491b-8c48-ed723610d336&apos;[39m,
    amount: [33m153.54533464162833[39m,
    category: [32m&apos;Test&apos;[39m,
    accountId: [32m&apos;main&apos;[39m
  },
  userId: [32m&apos;test-user-123&apos;[39m,
  severity: [32m&apos;low&apos;[39m,
  userAgent: [32m&apos;Mozilla/5.0 (win32) AppleWebKit/537.36 (KHTML, like Gecko) jsdom/27.3.0&apos;[39m,
  ip: [32m&apos;client_ip_unavailable&apos;[39m,
  sessionId: [32m&apos;session_1770159299405_y5lcej202&apos;[39m
}
[AUDIT: LOW] data_create {
  id: [32m&apos;audit_1770159300291_yjaifnfpj&apos;[39m,
  timestamp: [32m&apos;2026-02-03T22:55:00.291Z&apos;[39m,
  action: [32m&apos;data_create&apos;[39m,
  details: {
    entityType: [32m&apos;transaction&apos;[39m,
    entityId: [32m&apos;93ba3cc9-f4ff-468c-ab03-6ff404e1bc9f&apos;[39m,
    amount: [33m742.10616245647[39m,
    category: [32m&apos;Test&apos;[39m,
    accountId: [32m&apos;main&apos;[39m
  },
  userId: [32m&apos;test-user-123&apos;[39m,
  severity: [32m&apos;low&apos;[39m,
  userAgent: [32m&apos;Mozilla/5.0 (win32) AppleWebKit/537.36 (KHTML, like Gecko) jsdom/27.3.0&apos;[39m,
  ip: [32m&apos;client_ip_unavailable&apos;[39m,
  sessionId: [32m&apos;session_1770159299405_y5lcej202&apos;[39m
}
[AUDIT: LOW] data_create {
  id: [32m&apos;audit_1770159300295_nlszfbnar&apos;[39m,
  timestamp: [32m&apos;2026-02-03T22:55:00.295Z&apos;[39m,
  action: [32m&apos;data_create&apos;[39m,
  details: {
    entityType: [32m&apos;transaction&apos;[39m,
    entityId: [32m&apos;40d641f0-f050-4c43-9d5f-6d88dfb9fed3&apos;[39m,
    amount: [33m230.75611966223454[39m,
    category: [32m&apos;Test&apos;[39m,
    accountId: [32m&apos;main&apos;[39m
  },
  userId: [32m&apos;test-user-123&apos;[39m,
  severity: [32m&apos;low&apos;[39m,
  userAgent: [32m&apos;Mozilla/5.0 (win32) AppleWebKit/537.36 (KHTML, like Gecko) jsdom/27.3.0&apos;[39m,
  ip: [32m&apos;client_ip_unavailable&apos;[39m,
  sessionId: [32m&apos;session_1770159299405_y5lcej202&apos;[39m
}
[AUDIT: LOW] data_create {
  id: [32m&apos;audit_1770159300298_1ohxauwev&apos;[39m,
  timestamp: [32m&apos;2026-02-03T22:55:00.298Z&apos;[39m,
  action: [32m&apos;data_create&apos;[39m,
  details: {
    entityType: [32m&apos;transaction&apos;[39m,
    entityId: [32m&apos;256b7b56-bbf3-4540-b0c3-f2cd6899e0e3&apos;[39m,
    amount: [33m34.59090655597852[39m,
    category: [32m&apos;Test&apos;[39m,
    accountId: [32m&apos;main&apos;[39m
  },
  userId: [32m&apos;test-user-123&apos;[39m,
  severity: [32m&apos;low&apos;[39m,
  userAgent: [32m&apos;Mozilla/5.0 (win32) AppleWebKit/537.36 (KHTML, like Gecko) jsdom/27.3.0&apos;[39m,
  ip: [32m&apos;client_ip_unavailable&apos;[39m,
  sessionId: [32m&apos;session_1770159299405_y5lcej202&apos;[39m
}
[AUDIT: LOW] data_create {
  id: [32m&apos;audit_1770159300300_0ic2jdv49&apos;[39m,
  timestamp: [32m&apos;2026-02-03T22:55:00.300Z&apos;[39m,
  action: [32m&apos;data_create&apos;[39m,
  details: {
    entityType: [32m&apos;transaction&apos;[39m,
    entityId: [32m&apos;6026a9f7-da6a-4153-8673-8e810f32903d&apos;[39m,
    amount: [33m906.651360831248[39m,
    category: [32m&apos;Test&apos;[39m,
    accountId: [32m&apos;main&apos;[39m
  },
  userId: [32m&apos;test-user-123&apos;[39m,
  severity: [32m&apos;low&apos;[39m,
  userAgent: [32m&apos;Mozilla/5.0 (win32) AppleWebKit/537.36 (KHTML, like Gecko) jsdom/27.3.0&apos;[39m,
  ip: [32m&apos;client_ip_unavailable&apos;[39m,
  sessionId: [32m&apos;session_1770159299405_y5lcej202&apos;[39m
}
[AUDIT: LOW] data_create {
  id: [32m&apos;audit_1770159300303_6jb2l2shl&apos;[39m,
  timestamp: [32m&apos;2026-02-03T22:55:00.303Z&apos;[39m,
  action: [32m&apos;data_create&apos;[39m,
  details: {
    entityType: [32m&apos;transaction&apos;[39m,
    entityId: [32m&apos;79630e3d-701c-45ff-b488-73d41ed4cd7b&apos;[39m,
    amount: [33m320.91947780106676[39m,
    category: [32m&apos;Test&apos;[39m,
    accountId: [32m&apos;main&apos;[39m
  },
  userId: [32m&apos;test-user-123&apos;[39m,
  severity: [32m&apos;low&apos;[39m,
  userAgent: [32m&apos;Mozilla/5.0 (win32) AppleWebKit/537.36 (KHTML, like Gecko) jsdom/27.3.0&apos;[39m,
  ip: [32m&apos;client_ip_unavailable&apos;[39m,
  sessionId: [32m&apos;session_1770159299405_y5lcej202&apos;[39m
}
[AUDIT: LOW] data_create {
  id: [32m&apos;audit_1770159300306_nh2crj2r2&apos;[39m,
  timestamp: [32m&apos;2026-02-03T22:55:00.306Z&apos;[39m,
  action: [32m&apos;data_create&apos;[39m,
  details: {
    entityType: [32m&apos;transaction&apos;[39m,
    entityId: [32m&apos;3972185b-7856-442d-a069-42cf990ad285&apos;[39m,
    amount: [33m922.3310156379899[39m,
    category: [32m&apos;Test&apos;[39m,
    accountId: [32m&apos;main&apos;[39m
  },
  userId: [32m&apos;test-user-123&apos;[39m,
  severity: [32m&apos;low&apos;[39m,
  userAgent: [32m&apos;Mozilla/5.0 (win32) AppleWebKit/537.36 (KHTML, like Gecko) jsdom/27.3.0&apos;[39m,
  ip: [32m&apos;client_ip_unavailable&apos;[39m,
  sessionId: [32m&apos;session_1770159299405_y5lcej202&apos;[39m
}
[AUDIT: LOW] data_create {
  id: [32m&apos;audit_1770159300308_9ykfaeud0&apos;[39m,
  timestamp: [32m&apos;2026-02-03T22:55:00.308Z&apos;[39m,
  action: [32m&apos;data_create&apos;[39m,
  details: {
    entityType: [32m&apos;transaction&apos;[39m,
    entityId: [32m&apos;dabbe8a0-fb0e-44aa-970a-dfd0898c5b94&apos;[39m,
    amount: [33m397.3618575909892[39m,
    category: [32m&apos;Test&apos;[39m,
    accountId: [32m&apos;main&apos;[39m
  },
  userId: [32m&apos;test-user-123&apos;[39m,
  severity: [32m&apos;low&apos;[39m,
  userAgent: [32m&apos;Mozilla/5.0 (win32) AppleWebKit/537.36 (KHTML, like Gecko) jsdom/27.3.0&apos;[39m,
  ip: [32m&apos;client_ip_unavailable&apos;[39m,
  sessionId: [32m&apos;session_1770159299405_y5lcej202&apos;[39m
}
[AUDIT: LOW] data_create {
  id: [32m&apos;audit_1770159300311_yvr8zsuhb&apos;[39m,
  timestamp: [32m&apos;2026-02-03T22:55:00.311Z&apos;[39m,
  action: [32m&apos;data_create&apos;[39m,
  details: {
    entityType: [32m&apos;transaction&apos;[39m,
    entityId: [32m&apos;a9016875-f0a5-48e8-a569-377bfd94ca86&apos;[39m,
    amount: [33m421.7289548001452[39m,
    category: [32m&apos;Test&apos;[39m,
    accountId: [32m&apos;main&apos;[39m
  },
  userId: [32m&apos;test-user-123&apos;[39m,
  severity: [32m&apos;low&apos;[39m,
  userAgent: [32m&apos;Mozilla/5.0 (win32) AppleWebKit/537.36 (KHTML, like Gecko) jsdom/27.3.0&apos;[39m,
  ip: [32m&apos;client_ip_unavailable&apos;[39m,
  sessionId: [32m&apos;session_1770159299405_y5lcej202&apos;[39m
}
[AUDIT: LOW] data_create {
  id: [32m&apos;audit_1770159300313_ifjw6ju5b&apos;[39m,
  timestamp: [32m&apos;2026-02-03T22:55:00.313Z&apos;[39m,
  action: [32m&apos;data_create&apos;[39m,
  details: {
    entityType: [32m&apos;transaction&apos;[39m,
    entityId: [32m&apos;c0f6f6d0-a02a-4786-9dec-cf4e951e094e&apos;[39m,
    amount: [33m24.12820252845449[39m,
    category: [32m&apos;Test&apos;[39m,
    accountId: [32m&apos;main&apos;[39m
  },
  userId: [32m&apos;test-user-123&apos;[39m,
  severity: [32m&apos;low&apos;[39m,
  userAgent: [32m&apos;Mozilla/5.0 (win32) AppleWebKit/537.36 (KHTML, like Gecko) jsdom/27.3.0&apos;[39m,
  ip: [32m&apos;client_ip_unavailable&apos;[39m,
  sessionId: [32m&apos;session_1770159299405_y5lcej202&apos;[39m
}
[AUDIT: LOW] data_create {
  id: [32m&apos;audit_1770159300315_hf9iw3023&apos;[39m,
  timestamp: [32m&apos;2026-02-03T22:55:00.315Z&apos;[39m,
  action: [32m&apos;data_create&apos;[39m,
  details: {
    entityType: [32m&apos;transaction&apos;[39m,
    entityId: [32m&apos;ebed702a-5e60-4e2c-8a99-801512eeea90&apos;[39m,
    amount: [33m98.59257419569056[39m,
    category: [32m&apos;Test&apos;[39m,
    accountId: [32m&apos;main&apos;[39m
  },
  userId: [32m&apos;test-user-123&apos;[39m,
  severity: [32m&apos;low&apos;[39m,
  userAgent: [32m&apos;Mozilla/5.0 (win32) AppleWebKit/537.36 (KHTML, like Gecko) jsdom/27.3.0&apos;[39m,
  ip: [32m&apos;client_ip_unavailable&apos;[39m,
  sessionId: [32m&apos;session_1770159299405_y5lcej202&apos;[39m
}
[AUDIT: LOW] data_create {
  id: [32m&apos;audit_1770159300317_riu9sbf0g&apos;[39m,
  timestamp: [32m&apos;2026-02-03T22:55:00.317Z&apos;[39m,
  action: [32m&apos;data_create&apos;[39m,
  details: {
    entityType: [32m&apos;transaction&apos;[39m,
    entityId: [32m&apos;0628212c-45e0-44f1-b085-a786259e2141&apos;[39m,
    amount: [33m767.3195430526985[39m,
    category: [32m&apos;Test&apos;[39m,
    accountId: [32m&apos;main&apos;[39m
  },
  userId: [32m&apos;test-user-123&apos;[39m,
  severity: [32m&apos;low&apos;[39m,
  userAgent: [32m&apos;Mozilla/5.0 (win32) AppleWebKit/537.36 (KHTML, like Gecko) jsdom/27.3.0&apos;[39m,
  ip: [32m&apos;client_ip_unavailable&apos;[39m,
  sessionId: [32m&apos;session_1770159299405_y5lcej202&apos;[39m
}
[AUDIT: LOW] data_create {
  id: [32m&apos;audit_1770159300319_n2w15o23q&apos;[39m,
  timestamp: [32m&apos;2026-02-03T22:55:00.319Z&apos;[39m,
  action: [32m&apos;data_create&apos;[39m,
  details: {
    entityType: [32m&apos;transaction&apos;[39m,
    entityId: [32m&apos;194de22b-4e0f-46fc-99e8-3867b8682a27&apos;[39m,
    amount: [33m544.8259516479752[39m,
    category: [32m&apos;Test&apos;[39m,
    accountId: [32m&apos;main&apos;[39m
  },
  userId: [32m&apos;test-user-123&apos;[39m,
  severity: [32m&apos;low&apos;[39m,
  userAgent: [32m&apos;Mozilla/5.0 (win32) AppleWebKit/537.36 (KHTML, like Gecko) jsdom/27.3.0&apos;[39m,
  ip: [32m&apos;client_ip_unavailable&apos;[39m,
  sessionId: [32m&apos;session_1770159299405_y5lcej202&apos;[39m
}
[AUDIT: LOW] data_create {
  id: [32m&apos;audit_1770159300321_fdynjuo8c&apos;[39m,
  timestamp: [32m&apos;2026-02-03T22:55:00.321Z&apos;[39m,
  action: [32m&apos;data_create&apos;[39m,
  details: {
    entityType: [32m&apos;transaction&apos;[39m,
    entityId: [32m&apos;da8dd6db-6b1e-422f-b82c-ce66f99bb9db&apos;[39m,
    amount: [33m804.753602050892[39m,
    category: [32m&apos;Test&apos;[39m,
    accountId: [32m&apos;main&apos;[39m
  },
  userId: [32m&apos;test-user-123&apos;[39m,
  severity: [32m&apos;low&apos;[39m,
  userAgent: [32m&apos;Mozilla/5.0 (win32) AppleWebKit/537.36 (KHTML, like Gecko) jsdom/27.3.0&apos;[39m,
  ip: [32m&apos;client_ip_unavailable&apos;[39m,
  sessionId: [32m&apos;session_1770159299405_y5lcej202&apos;[39m
}
[AUDIT: LOW] data_create {
  id: [32m&apos;audit_1770159300324_u8fa0799q&apos;[39m,
  timestamp: [32m&apos;2026-02-03T22:55:00.324Z&apos;[39m,
  action: [32m&apos;data_create&apos;[39m,
  details: {
    entityType: [32m&apos;transaction&apos;[39m,
    entityId: [32m&apos;d673ed38-0256-47f7-9129-9c221cd3c126&apos;[39m,
    amount: [33m545.0441608950508[39m,
    category: [32m&apos;Test&apos;[39m,
    accountId: [32m&apos;main&apos;[39m
  },
  userId: [32m&apos;test-user-123&apos;[39m,
  severity: [32m&apos;low&apos;[39m,
  userAgent: [32m&apos;Mozilla/5.0 (win32) AppleWebKit/537.36 (KHTML, like Gecko) jsdom/27.3.0&apos;[39m,
  ip: [32m&apos;client_ip_unavailable&apos;[39m,
  sessionId: [32m&apos;session_1770159299405_y5lcej202&apos;[39m
}
[AUDIT: LOW] data_create {
  id: [32m&apos;audit_1770159300328_egp3ovehg&apos;[39m,
  timestamp: [32m&apos;2026-02-03T22:55:00.328Z&apos;[39m,
  action: [32m&apos;data_create&apos;[39m,
  details: {
    entityType: [32m&apos;transaction&apos;[39m,
    entityId: [32m&apos;6d79bc52-b66e-4e2b-b3d6-1e02e156d5cb&apos;[39m,
    amount: [33m644.2662334936082[39m,
    category: [32m&apos;Test&apos;[39m,
    accountId: [32m&apos;main&apos;[39m
  },
  userId: [32m&apos;test-user-123&apos;[39m,
  severity: [32m&apos;low&apos;[39m,
  userAgent: [32m&apos;Mozilla/5.0 (win32) AppleWebKit/537.36 (KHTML, like Gecko) jsdom/27.3.0&apos;[39m,
  ip: [32m&apos;client_ip_unavailable&apos;[39m,
  sessionId: [32m&apos;session_1770159299405_y5lcej202&apos;[39m
}
[AUDIT: LOW] data_create {
  id: [32m&apos;audit_1770159300330_v1xtt4tw7&apos;[39m,
  timestamp: [32m&apos;2026-02-03T22:55:00.330Z&apos;[39m,
  action: [32m&apos;data_create&apos;[39m,
  details: {
    entityType: [32m&apos;transaction&apos;[39m,
    entityId: [32m&apos;f5328f56-ca41-4221-ae8a-718c8237f025&apos;[39m,
    amount: [33m982.7313222684951[39m,
    category: [32m&apos;Test&apos;[39m,
    accountId: [32m&apos;main&apos;[39m
  },
  userId: [32m&apos;test-user-123&apos;[39m,
  severity: [32m&apos;low&apos;[39m,
  userAgent: [32m&apos;Mozilla/5.0 (win32) AppleWebKit/537.36 (KHTML, like Gecko) jsdom/27.3.0&apos;[39m,
  ip: [32m&apos;client_ip_unavailable&apos;[39m,
  sessionId: [32m&apos;session_1770159299405_y5lcej202&apos;[39m
}
[AUDIT: LOW] data_create {
  id: [32m&apos;audit_1770159300333_uoqzbh78u&apos;[39m,
  timestamp: [32m&apos;2026-02-03T22:55:00.333Z&apos;[39m,
  action: [32m&apos;data_create&apos;[39m,
  details: {
    entityType: [32m&apos;transaction&apos;[39m,
    entityId: [32m&apos;a76a0b24-2fc3-4406-ac9e-0c12153fd0ec&apos;[39m,
    amount: [33m184.53388674121408[39m,
    category: [32m&apos;Test&apos;[39m,
    accountId: [32m&apos;main&apos;[39m
  },
  userId: [32m&apos;test-user-123&apos;[39m,
  severity: [32m&apos;low&apos;[39m,
  userAgent: [32m&apos;Mozilla/5.0 (win32) AppleWebKit/537.36 (KHTML, like Gecko) jsdom/27.3.0&apos;[39m,
  ip: [32m&apos;client_ip_unavailable&apos;[39m,
  sessionId: [32m&apos;session_1770159299405_y5lcej202&apos;[39m
}
[AUDIT: LOW] data_create {
  id: [32m&apos;audit_1770159300335_tv37niec5&apos;[39m,
  timestamp: [32m&apos;2026-02-03T22:55:00.335Z&apos;[39m,
  action: [32m&apos;data_create&apos;[39m,
  details: {
    entityType: [32m&apos;transaction&apos;[39m,
    entityId: [32m&apos;ea719870-ed92-43ef-bd31-0d1282c1a52b&apos;[39m,
    amount: [33m922.9984548293359[39m,
    category: [32m&apos;Test&apos;[39m,
    accountId: [32m&apos;main&apos;[39m
  },
  userId: [32m&apos;test-user-123&apos;[39m,
  severity: [32m&apos;low&apos;[39m,
  userAgent: [32m&apos;Mozilla/5.0 (win32) AppleWebKit/537.36 (KHTML, like Gecko) jsdom/27.3.0&apos;[39m,
  ip: [32m&apos;client_ip_unavailable&apos;[39m,
  sessionId: [32m&apos;session_1770159299405_y5lcej202&apos;[39m
}
[AUDIT: LOW] data_create {
  id: [32m&apos;audit_1770159300338_17dmc9tob&apos;[39m,
  timestamp: [32m&apos;2026-02-03T22:55:00.338Z&apos;[39m,
  action: [32m&apos;data_create&apos;[39m,
  details: {
    entityType: [32m&apos;transaction&apos;[39m,
    entityId: [32m&apos;f2e50a97-d7ee-4d16-af10-ec4164f971bd&apos;[39m,
    amount: [33m460.29147069558354[39m,
    category: [32m&apos;Test&apos;[39m,
    accountId: [32m&apos;main&apos;[39m
  },
  userId: [32m&apos;test-user-123&apos;[39m,
  severity: [32m&apos;low&apos;[39m,
  userAgent: [32m&apos;Mozilla/5.0 (win32) AppleWebKit/537.36 (KHTML, like Gecko) jsdom/27.3.0&apos;[39m,
  ip: [32m&apos;client_ip_unavailable&apos;[39m,
  sessionId: [32m&apos;session_1770159299405_y5lcej202&apos;[39m
}
[AUDIT: LOW] data_create {
  id: [32m&apos;audit_1770159300340_7m7qjzmmw&apos;[39m,
  timestamp: [32m&apos;2026-02-03T22:55:00.340Z&apos;[39m,
  action: [32m&apos;data_create&apos;[39m,
  details: {
    entityType: [32m&apos;transaction&apos;[39m,
    entityId: [32m&apos;213653b2-9dee-4da9-b0ac-6c006fe84586&apos;[39m,
    amount: [33m622.7439674264854[39m,
    category: [32m&apos;Test&apos;[39m,
    accountId: [32m&apos;main&apos;[39m
  },
  userId: [32m&apos;test-user-123&apos;[39m,
  severity: [32m&apos;low&apos;[39m,
  userAgent: [32m&apos;Mozilla/5.0 (win32) AppleWebKit/537.36 (KHTML, like Gecko) jsdom/27.3.0&apos;[39m,
  ip: [32m&apos;client_ip_unavailable&apos;[39m,
  sessionId: [32m&apos;session_1770159299405_y5lcej202&apos;[39m
}
[AUDIT: LOW] data_create {
  id: [32m&apos;audit_1770159300343_h7irtqfc0&apos;[39m,
  timestamp: [32m&apos;2026-02-03T22:55:00.343Z&apos;[39m,
  action: [32m&apos;data_create&apos;[39m,
  details: {
    entityType: [32m&apos;transaction&apos;[39m,
    entityId: [32m&apos;33210b78-7440-46cf-a02a-345e7c2bda0c&apos;[39m,
    amount: [33m158.2441042325343[39m,
    category: [32m&apos;Test&apos;[39m,
    accountId: [32m&apos;main&apos;[39m
  },
  userId: [32m&apos;test-user-123&apos;[39m,
  severity: [32m&apos;low&apos;[39m,
  userAgent: [32m&apos;Mozilla/5.0 (win32) AppleWebKit/537.36 (KHTML, like Gecko) jsdom/27.3.0&apos;[39m,
  ip: [32m&apos;client_ip_unavailable&apos;[39m,
  sessionId: [32m&apos;session_1770159299405_y5lcej202&apos;[39m
}
[AUDIT: LOW] data_create {
  id: [32m&apos;audit_1770159300346_eb4q0iqpi&apos;[39m,
  timestamp: [32m&apos;2026-02-03T22:55:00.346Z&apos;[39m,
  action: [32m&apos;data_create&apos;[39m,
  details: {
    entityType: [32m&apos;transaction&apos;[39m,
    entityId: [32m&apos;b7b584f6-39a3-41d3-aaf6-195287b91b10&apos;[39m,
    amount: [33m753.3329088268956[39m,
    category: [32m&apos;Test&apos;[39m,
    accountId: [32m&apos;main&apos;[39m
  },
  userId: [32m&apos;test-user-123&apos;[39m,
  severity: [32m&apos;low&apos;[39m,
  userAgent: [32m&apos;Mozilla/5.0 (win32) AppleWebKit/537.36 (KHTML, like Gecko) jsdom/27.3.0&apos;[39m,
  ip: [32m&apos;client_ip_unavailable&apos;[39m,
  sessionId: [32m&apos;session_1770159299405_y5lcej202&apos;[39m
}
[AUDIT: LOW] data_create {
  id: [32m&apos;audit_1770159300348_kchgt0wzw&apos;[39m,
  timestamp: [32m&apos;2026-02-03T22:55:00.348Z&apos;[39m,
  action: [32m&apos;data_create&apos;[39m,
  details: {
    entityType: [32m&apos;transaction&apos;[39m,
    entityId: [32m&apos;90607eaa-1611-4b51-94d5-c71d0b5ea7fa&apos;[39m,
    amount: [33m818.2838229181116[39m,
    category: [32m&apos;Test&apos;[39m,
    accountId: [32m&apos;main&apos;[39m
  },
  userId: [32m&apos;test-user-123&apos;[39m,
  severity: [32m&apos;low&apos;[39m,
  userAgent: [32m&apos;Mozilla/5.0 (win32) AppleWebKit/537.36 (KHTML, like Gecko) jsdom/27.3.0&apos;[39m,
  ip: [32m&apos;client_ip_unavailable&apos;[39m,
  sessionId: [32m&apos;session_1770159299405_y5lcej202&apos;[39m
}
[AUDIT: LOW] data_create {
  id: [32m&apos;audit_1770159300351_6pfla3j3f&apos;[39m,
  timestamp: [32m&apos;2026-02-03T22:55:00.351Z&apos;[39m,
  action: [32m&apos;data_create&apos;[39m,
  details: {
    entityType: [32m&apos;transaction&apos;[39m,
    entityId: [32m&apos;541d3832-1329-449b-aba0-54ec4eb026b5&apos;[39m,
    amount: [33m239.1406505361866[39m,
    category: [32m&apos;Test&apos;[39m,
    accountId: [32m&apos;main&apos;[39m
  },
  userId: [32m&apos;test-user-123&apos;[39m,
  severity: [32m&apos;low&apos;[39m,
  userAgent: [32m&apos;Mozilla/5.0 (win32) AppleWebKit/537.36 (KHTML, like Gecko) jsdom/27.3.0&apos;[39m,
  ip: [32m&apos;client_ip_unavailable&apos;[39m,
  sessionId: [32m&apos;session_1770159299405_y5lcej202&apos;[39m
}
[AUDIT: LOW] data_create {
  id: [32m&apos;audit_1770159300353_4yn61te6k&apos;[39m,
  timestamp: [32m&apos;2026-02-03T22:55:00.353Z&apos;[39m,
  action: [32m&apos;data_create&apos;[39m,
  details: {
    entityType: [32m&apos;transaction&apos;[39m,
    entityId: [32m&apos;27fbc277-5fe2-499b-821a-6b9201ff3cf1&apos;[39m,
    amount: [33m921.9456912388325[39m,
    category: [32m&apos;Test&apos;[39m,
    accountId: [32m&apos;main&apos;[39m
  },
  userId: [32m&apos;test-user-123&apos;[39m,
  severity: [32m&apos;low&apos;[39m,
  userAgent: [32m&apos;Mozilla/5.0 (win32) AppleWebKit/537.36 (KHTML, like Gecko) jsdom/27.3.0&apos;[39m,
  ip: [32m&apos;client_ip_unavailable&apos;[39m,
  sessionId: [32m&apos;session_1770159299405_y5lcej202&apos;[39m
}
[AUDIT: LOW] data_create {
  id: [32m&apos;audit_1770159300355_g90v8uq6x&apos;[39m,
  timestamp: [32m&apos;2026-02-03T22:55:00.355Z&apos;[39m,
  action: [32m&apos;data_create&apos;[39m,
  details: {
    entityType: [32m&apos;transaction&apos;[39m,
    entityId: [32m&apos;15c093e2-8bcd-4bf5-9ee2-ccc2097d8a8b&apos;[39m,
    amount: [33m12.23395118241899[39m,
    category: [32m&apos;Test&apos;[39m,
    accountId: [32m&apos;main&apos;[39m
  },
  userId: [32m&apos;test-user-123&apos;[39m,
  severity: [32m&apos;low&apos;[39m,
  userAgent: [32m&apos;Mozilla/5.0 (win32) AppleWebKit/537.36 (KHTML, like Gecko) jsdom/27.3.0&apos;[39m,
  ip: [32m&apos;client_ip_unavailable&apos;[39m,
  sessionId: [32m&apos;session_1770159299405_y5lcej202&apos;[39m
}
[AUDIT: LOW] data_create {
  id: [32m&apos;audit_1770159300358_oshiqy56o&apos;[39m,
  timestamp: [32m&apos;2026-02-03T22:55:00.358Z&apos;[39m,
  action: [32m&apos;data_create&apos;[39m,
  details: {
    entityType: [32m&apos;transaction&apos;[39m,
    entityId: [32m&apos;469fb122-3a63-431b-a84c-f81086a5e5a3&apos;[39m,
    amount: [33m742.945828046946[39m,
    category: [32m&apos;Test&apos;[39m,
    accountId: [32m&apos;main&apos;[39m
  },
  userId: [32m&apos;test-user-123&apos;[39m,
  severity: [32m&apos;low&apos;[39m,
  userAgent: [32m&apos;Mozilla/5.0 (win32) AppleWebKit/537.36 (KHTML, like Gecko) jsdom/27.3.0&apos;[39m,
  ip: [32m&apos;client_ip_unavailable&apos;[39m,
  sessionId: [32m&apos;session_1770159299405_y5lcej202&apos;[39m
}
[AUDIT: LOW] data_create {
  id: [32m&apos;audit_1770159300360_emgbnroe0&apos;[39m,
  timestamp: [32m&apos;2026-02-03T22:55:00.360Z&apos;[39m,
  action: [32m&apos;data_create&apos;[39m,
  details: {
    entityType: [32m&apos;transaction&apos;[39m,
    entityId: [32m&apos;0f991ca2-0422-46cf-b5ab-8b8aff09605b&apos;[39m,
    amount: [33m566.2278150637261[39m,
    category: [32m&apos;Test&apos;[39m,
    accountId: [32m&apos;main&apos;[39m
  },
  userId: [32m&apos;test-user-123&apos;[39m,
  severity: [32m&apos;low&apos;[39m,
  userAgent: [32m&apos;Mozilla/5.0 (win32) AppleWebKit/537.36 (KHTML, like Gecko) jsdom/27.3.0&apos;[39m,
  ip: [32m&apos;client_ip_unavailable&apos;[39m,
  sessionId: [32m&apos;session_1770159299405_y5lcej202&apos;[39m
}
[AUDIT: LOW] data_create {
  id: [32m&apos;audit_1770159300362_q94plybdx&apos;[39m,
  timestamp: [32m&apos;2026-02-03T22:55:00.362Z&apos;[39m,
  action: [32m&apos;data_create&apos;[39m,
  details: {
    entityType: [32m&apos;transaction&apos;[39m,
    entityId: [32m&apos;a543d136-d143-46a5-be35-0d4f0a8fe26a&apos;[39m,
    amount: [33m275.55136769549495[39m,
    category: [32m&apos;Test&apos;[39m,
    accountId: [32m&apos;main&apos;[39m
  },
  userId: [32m&apos;test-user-123&apos;[39m,
  severity: [32m&apos;low&apos;[39m,
  userAgent: [32m&apos;Mozilla/5.0 (win32) AppleWebKit/537.36 (KHTML, like Gecko) jsdom/27.3.0&apos;[39m,
  ip: [32m&apos;client_ip_unavailable&apos;[39m,
  sessionId: [32m&apos;session_1770159299405_y5lcej202&apos;[39m
}
[AUDIT: LOW] data_create {
  id: [32m&apos;audit_1770159300364_lvx1z78xg&apos;[39m,
  timestamp: [32m&apos;2026-02-03T22:55:00.364Z&apos;[39m,
  action: [32m&apos;data_create&apos;[39m,
  details: {
    entityType: [32m&apos;transaction&apos;[39m,
    entityId: [32m&apos;28773a2c-1f4e-47cb-9cef-59421f22d327&apos;[39m,
    amount: [33m465.13886816315795[39m,
    category: [32m&apos;Test&apos;[39m,
    accountId: [32m&apos;main&apos;[39m
  },
  userId: [32m&apos;test-user-123&apos;[39m,
  severity: [32m&apos;low&apos;[39m,
  userAgent: [32m&apos;Mozilla/5.0 (win32) AppleWebKit/537.36 (KHTML, like Gecko) jsdom/27.3.0&apos;[39m,
  ip: [32m&apos;client_ip_unavailable&apos;[39m,
  sessionId: [32m&apos;session_1770159299405_y5lcej202&apos;[39m
}
[AUDIT: LOW] data_create {
  id: [32m&apos;audit_1770159300367_p0o893e11&apos;[39m,
  timestamp: [32m&apos;2026-02-03T22:55:00.367Z&apos;[39m,
  action: [32m&apos;data_create&apos;[39m,
  details: {
    entityType: [32m&apos;transaction&apos;[39m,
    entityId: [32m&apos;8b253d6c-8d7e-43f6-bb12-261fb99a421c&apos;[39m,
    amount: [33m297.52570283633673[39m,
    category: [32m&apos;Test&apos;[39m,
    accountId: [32m&apos;main&apos;[39m
  },
  userId: [32m&apos;test-user-123&apos;[39m,
  severity: [32m&apos;low&apos;[39m,
  userAgent: [32m&apos;Mozilla/5.0 (win32) AppleWebKit/537.36 (KHTML, like Gecko) jsdom/27.3.0&apos;[39m,
  ip: [32m&apos;client_ip_unavailable&apos;[39m,
  sessionId: [32m&apos;session_1770159299405_y5lcej202&apos;[39m
}
[AUDIT: LOW] data_create {
  id: [32m&apos;audit_1770159300369_mo7mdzv3x&apos;[39m,
  timestamp: [32m&apos;2026-02-03T22:55:00.369Z&apos;[39m,
  action: [32m&apos;data_create&apos;[39m,
  details: {
    entityType: [32m&apos;transaction&apos;[39m,
    entityId: [32m&apos;90de2cf2-110e-43f7-af82-cacd3f9a7c64&apos;[39m,
    amount: [33m31.271839151488567[39m,
    category: [32m&apos;Test&apos;[39m,
    accountId: [32m&apos;main&apos;[39m
  },
  userId: [32m&apos;test-user-123&apos;[39m,
  severity: [32m&apos;low&apos;[39m,
  userAgent: [32m&apos;Mozilla/5.0 (win32) AppleWebKit/537.36 (KHTML, like Gecko) jsdom/27.3.0&apos;[39m,
  ip: [32m&apos;client_ip_unavailable&apos;[39m,
  sessionId: [32m&apos;session_1770159299405_y5lcej202&apos;[39m
}
[AUDIT: LOW] data_create {
  id: [32m&apos;audit_1770159300371_3ddwft5m7&apos;[39m,
  timestamp: [32m&apos;2026-02-03T22:55:00.371Z&apos;[39m,
  action: [32m&apos;data_create&apos;[39m,
  details: {
    entityType: [32m&apos;transaction&apos;[39m,
    entityId: [32m&apos;b3ff208c-3871-4517-8bf9-307c89323a9a&apos;[39m,
    amount: [33m310.00543174636596[39m,
    category: [32m&apos;Test&apos;[39m,
    accountId: [32m&apos;main&apos;[39m
  },
  userId: [32m&apos;test-user-123&apos;[39m,
  severity: [32m&apos;low&apos;[39m,
  userAgent: [32m&apos;Mozilla/5.0 (win32) AppleWebKit/537.36 (KHTML, like Gecko) jsdom/27.3.0&apos;[39m,
  ip: [32m&apos;client_ip_unavailable&apos;[39m,
  sessionId: [32m&apos;session_1770159299405_y5lcej202&apos;[39m
}
[AUDIT: LOW] data_create {
  id: [32m&apos;audit_1770159300373_4xswezr31&apos;[39m,
  timestamp: [32m&apos;2026-02-03T22:55:00.373Z&apos;[39m,
  action: [32m&apos;data_create&apos;[39m,
  details: {
    entityType: [32m&apos;transaction&apos;[39m,
    entityId: [32m&apos;ede290c4-907e-4750-a844-b630ebe0381a&apos;[39m,
    amount: [33m201.05784579447416[39m,
    category: [32m&apos;Test&apos;[39m,
    accountId: [32m&apos;main&apos;[39m
  },
  userId: [32m&apos;test-user-123&apos;[39m,
  severity: [32m&apos;low&apos;[39m,
  userAgent: [32m&apos;Mozilla/5.0 (win32) AppleWebKit/537.36 (KHTML, like Gecko) jsdom/27.3.0&apos;[39m,
  ip: [32m&apos;client_ip_unavailable&apos;[39m,
  sessionId: [32m&apos;session_1770159299405_y5lcej202&apos;[39m
}
[AUDIT: LOW] data_create {
  id: [32m&apos;audit_1770159300376_5obyi0rbr&apos;[39m,
  timestamp: [32m&apos;2026-02-03T22:55:00.376Z&apos;[39m,
  action: [32m&apos;data_create&apos;[39m,
  details: {
    entityType: [32m&apos;transaction&apos;[39m,
    entityId: [32m&apos;f9d1aa8c-98a1-4ab8-9538-8c48f38d928c&apos;[39m,
    amount: [33m698.8177070189429[39m,
    category: [32m&apos;Test&apos;[39m,
    accountId: [32m&apos;main&apos;[39m
  },
  userId: [32m&apos;test-user-123&apos;[39m,
  severity: [32m&apos;low&apos;[39m,
  userAgent: [32m&apos;Mozilla/5.0 (win32) AppleWebKit/537.36 (KHTML, like Gecko) jsdom/27.3.0&apos;[39m,
  ip: [32m&apos;client_ip_unavailable&apos;[39m,
  sessionId: [32m&apos;session_1770159299405_y5lcej202&apos;[39m
}
[AUDIT: LOW] data_create {
  id: [32m&apos;audit_1770159300378_1t8ydqyho&apos;[39m,
  timestamp: [32m&apos;2026-02-03T22:55:00.378Z&apos;[39m,
  action: [32m&apos;data_create&apos;[39m,
  details: {
    entityType: [32m&apos;transaction&apos;[39m,
    entityId: [32m&apos;061b9275-64ff-4e0d-80ce-8898d9f6a6a5&apos;[39m,
    amount: [33m900.946069146978[39m,
    category: [32m&apos;Test&apos;[39m,
    accountId: [32m&apos;main&apos;[39m
  },
  userId: [32m&apos;test-user-123&apos;[39m,
  severity: [32m&apos;low&apos;[39m,
  userAgent: [32m&apos;Mozilla/5.0 (win32) AppleWebKit/537.36 (KHTML, like Gecko) jsdom/27.3.0&apos;[39m,
  ip: [32m&apos;client_ip_unavailable&apos;[39m,
  sessionId: [32m&apos;session_1770159299405_y5lcej202&apos;[39m
}
[AUDIT: LOW] data_create {
  id: [32m&apos;audit_1770159300381_9n88fg9gl&apos;[39m,
  timestamp: [32m&apos;2026-02-03T22:55:00.381Z&apos;[39m,
  action: [32m&apos;data_create&apos;[39m,
  details: {
    entityType: [32m&apos;transaction&apos;[39m,
    entityId: [32m&apos;e8b62d58-9c78-4695-9f6b-37fc5be58253&apos;[39m,
    amount: [33m857.0895861698939[39m,
    category: [32m&apos;Test&apos;[39m,
    accountId: [32m&apos;main&apos;[39m
  },
  userId: [32m&apos;test-user-123&apos;[39m,
  severity: [32m&apos;low&apos;[39m,
  userAgent: [32m&apos;Mozilla/5.0 (win32) AppleWebKit/537.36 (KHTML, like Gecko) jsdom/27.3.0&apos;[39m,
  ip: [32m&apos;client_ip_unavailable&apos;[39m,
  sessionId: [32m&apos;session_1770159299405_y5lcej202&apos;[39m
}
[AUDIT: LOW] data_create {
  id: [32m&apos;audit_1770159300384_mnjia6w6e&apos;[39m,
  timestamp: [32m&apos;2026-02-03T22:55:00.384Z&apos;[39m,
  action: [32m&apos;data_create&apos;[39m,
  details: {
    entityType: [32m&apos;transaction&apos;[39m,
    entityId: [32m&apos;73083065-14a3-4c9d-b9ef-6258dbee2249&apos;[39m,
    amount: [33m568.6695186197023[39m,
    category: [32m&apos;Test&apos;[39m,
    accountId: [32m&apos;main&apos;[39m
  },
  userId: [32m&apos;test-user-123&apos;[39m,
  severity: [32m&apos;low&apos;[39m,
  userAgent: [32m&apos;Mozilla/5.0 (win32) AppleWebKit/537.36 (KHTML, like Gecko) jsdom/27.3.0&apos;[39m,
  ip: [32m&apos;client_ip_unavailable&apos;[39m,
  sessionId: [32m&apos;session_1770159299405_y5lcej202&apos;[39m
}
[AUDIT: LOW] data_create {
  id: [32m&apos;audit_1770159300386_qw4zfci3p&apos;[39m,
  timestamp: [32m&apos;2026-02-03T22:55:00.386Z&apos;[39m,
  action: [32m&apos;data_create&apos;[39m,
  details: {
    entityType: [32m&apos;transaction&apos;[39m,
    entityId: [32m&apos;edcc8e27-4eaa-45da-afda-427339e5f9b7&apos;[39m,
    amount: [33m262.9100129422358[39m,
    category: [32m&apos;Test&apos;[39m,
    accountId: [32m&apos;main&apos;[39m
  },
  userId: [32m&apos;test-user-123&apos;[39m,
  severity: [32m&apos;low&apos;[39m,
  userAgent: [32m&apos;Mozilla/5.0 (win32) AppleWebKit/537.36 (KHTML, like Gecko) jsdom/27.3.0&apos;[39m,
  ip: [32m&apos;client_ip_unavailable&apos;[39m,
  sessionId: [32m&apos;session_1770159299405_y5lcej202&apos;[39m
}
[AUDIT: LOW] data_create {
  id: [32m&apos;audit_1770159300389_vpsklb77a&apos;[39m,
  timestamp: [32m&apos;2026-02-03T22:55:00.389Z&apos;[39m,
  action: [32m&apos;data_create&apos;[39m,
  details: {
    entityType: [32m&apos;transaction&apos;[39m,
    entityId: [32m&apos;61be98f0-e541-46ad-b574-b2844eaf59ea&apos;[39m,
    amount: [33m505.1370056071431[39m,
    category: [32m&apos;Test&apos;[39m,
    accountId: [32m&apos;main&apos;[39m
  },
  userId: [32m&apos;test-user-123&apos;[39m,
  severity: [32m&apos;low&apos;[39m,
  userAgent: [32m&apos;Mozilla/5.0 (win32) AppleWebKit/537.36 (KHTML, like Gecko) jsdom/27.3.0&apos;[39m,
  ip: [32m&apos;client_ip_unavailable&apos;[39m,
  sessionId: [32m&apos;session_1770159299405_y5lcej202&apos;[39m
}
[AUDIT: LOW] data_create {
  id: [32m&apos;audit_1770159300391_mkxd9yuoi&apos;[39m,
  timestamp: [32m&apos;2026-02-03T22:55:00.391Z&apos;[39m,
  action: [32m&apos;data_create&apos;[39m,
  details: {
    entityType: [32m&apos;transaction&apos;[39m,
    entityId: [32m&apos;0c57874f-bbf2-4f20-b703-b7b6bd527467&apos;[39m,
    amount: [33m139.1900636939336[39m,
    category: [32m&apos;Test&apos;[39m,
    accountId: [32m&apos;main&apos;[39m
  },
  userId: [32m&apos;test-user-123&apos;[39m,
  severity: [32m&apos;low&apos;[39m,
  userAgent: [32m&apos;Mozilla/5.0 (win32) AppleWebKit/537.36 (KHTML, like Gecko) jsdom/27.3.0&apos;[39m,
  ip: [32m&apos;client_ip_unavailable&apos;[39m,
  sessionId: [32m&apos;session_1770159299405_y5lcej202&apos;[39m
}
[AUDIT: LOW] data_create {
  id: [32m&apos;audit_1770159300394_ovesu4fta&apos;[39m,
  timestamp: [32m&apos;2026-02-03T22:55:00.394Z&apos;[39m,
  action: [32m&apos;data_create&apos;[39m,
  details: {
    entityType: [32m&apos;transaction&apos;[39m,
    entityId: [32m&apos;63b23549-c6b7-4c69-9e52-c61f863a5838&apos;[39m,
    amount: [33m66.33146947221347[39m,
    category: [32m&apos;Test&apos;[39m,
    accountId: [32m&apos;main&apos;[39m
  },
  userId: [32m&apos;test-user-123&apos;[39m,
  severity: [32m&apos;low&apos;[39m,
  userAgent: [32m&apos;Mozilla/5.0 (win32) AppleWebKit/537.36 (KHTML, like Gecko) jsdom/27.3.0&apos;[39m,
  ip: [32m&apos;client_ip_unavailable&apos;[39m,
  sessionId: [32m&apos;session_1770159299405_y5lcej202&apos;[39m
}
[AUDIT: LOW] data_create {
  id: [32m&apos;audit_1770159300397_dtenyot7g&apos;[39m,
  timestamp: [32m&apos;2026-02-03T22:55:00.397Z&apos;[39m,
  action: [32m&apos;data_create&apos;[39m,
  details: {
    entityType: [32m&apos;transaction&apos;[39m,
    entityId: [32m&apos;0cf970d7-d005-4aad-9817-9a9e9c7ad7c8&apos;[39m,
    amount: [33m452.5746407473118[39m,
    category: [32m&apos;Test&apos;[39m,
    accountId: [32m&apos;main&apos;[39m
  },
  userId: [32m&apos;test-user-123&apos;[39m,
  severity: [32m&apos;low&apos;[39m,
  userAgent: [32m&apos;Mozilla/5.0 (win32) AppleWebKit/537.36 (KHTML, like Gecko) jsdom/27.3.0&apos;[39m,
  ip: [32m&apos;client_ip_unavailable&apos;[39m,
  sessionId: [32m&apos;session_1770159299405_y5lcej202&apos;[39m
}
[AUDIT: LOW] data_create {
  id: [32m&apos;audit_1770159300399_pgi35phxs&apos;[39m,
  timestamp: [32m&apos;2026-02-03T22:55:00.399Z&apos;[39m,
  action: [32m&apos;data_create&apos;[39m,
  details: {
    entityType: [32m&apos;transaction&apos;[39m,
    entityId: [32m&apos;b843f7e9-7c9d-4210-b600-9c13a6948efc&apos;[39m,
    amount: [33m937.8346890246781[39m,
    category: [32m&apos;Test&apos;[39m,
    accountId: [32m&apos;main&apos;[39m
  },
  userId: [32m&apos;test-user-123&apos;[39m,
  severity: [32m&apos;low&apos;[39m,
  userAgent: [32m&apos;Mozilla/5.0 (win32) AppleWebKit/537.36 (KHTML, like Gecko) jsdom/27.3.0&apos;[39m,
  ip: [32m&apos;client_ip_unavailable&apos;[39m,
  sessionId: [32m&apos;session_1770159299405_y5lcej202&apos;[39m
}
[AUDIT: LOW] data_create {
  id: [32m&apos;audit_1770159300402_r8gwebp0d&apos;[39m,
  timestamp: [32m&apos;2026-02-03T22:55:00.402Z&apos;[39m,
  action: [32m&apos;data_create&apos;[39m,
  details: {
    entityType: [32m&apos;transaction&apos;[39m,
    entityId: [32m&apos;97b9507a-6072-4364-a703-9b6818be69cd&apos;[39m,
    amount: [33m649.5447333560393[39m,
    category: [32m&apos;Test&apos;[39m,
    accountId: [32m&apos;main&apos;[39m
  },
  userId: [32m&apos;test-user-123&apos;[39m,
  severity: [32m&apos;low&apos;[39m,
  userAgent: [32m&apos;Mozilla/5.0 (win32) AppleWebKit/537.36 (KHTML, like Gecko) jsdom/27.3.0&apos;[39m,
  ip: [32m&apos;client_ip_unavailable&apos;[39m,
  sessionId: [32m&apos;session_1770159299405_y5lcej202&apos;[39m
}
[AUDIT: LOW] data_create {
  id: [32m&apos;audit_1770159300411_6whxah0ib&apos;[39m,
  timestamp: [32m&apos;2026-02-03T22:55:00.411Z&apos;[39m,
  action: [32m&apos;data_create&apos;[39m,
  details: {
    entityType: [32m&apos;transaction&apos;[39m,
    entityId: [32m&apos;a5f78a1d-5736-4228-b0f9-d72e4d340ace&apos;[39m,
    amount: [33m564.1272991050662[39m,
    category: [32m&apos;Test&apos;[39m,
    accountId: [32m&apos;main&apos;[39m
  },
  userId: [32m&apos;test-user-123&apos;[39m,
  severity: [32m&apos;low&apos;[39m,
  userAgent: [32m&apos;Mozilla/5.0 (win32) AppleWebKit/537.36 (KHTML, like Gecko) jsdom/27.3.0&apos;[39m,
  ip: [32m&apos;client_ip_unavailable&apos;[39m,
  sessionId: [32m&apos;session_1770159299405_y5lcej202&apos;[39m
}
[AUDIT: LOW] data_create {
  id: [32m&apos;audit_1770159300414_zyj5grv1s&apos;[39m,
  timestamp: [32m&apos;2026-02-03T22:55:00.414Z&apos;[39m,
  action: [32m&apos;data_create&apos;[39m,
  details: {
    entityType: [32m&apos;transaction&apos;[39m,
    entityId: [32m&apos;e56f97f3-0b73-48e9-bc0b-d034172653e8&apos;[39m,
    amount: [33m697.6494215105757[39m,
    category: [32m&apos;Test&apos;[39m,
    accountId: [32m&apos;main&apos;[39m
  },
  userId: [32m&apos;test-user-123&apos;[39m,
  severity: [32m&apos;low&apos;[39m,
  userAgent: [32m&apos;Mozilla/5.0 (win32) AppleWebKit/537.36 (KHTML, like Gecko) jsdom/27.3.0&apos;[39m,
  ip: [32m&apos;client_ip_unavailable&apos;[39m,
  sessionId: [32m&apos;session_1770159299405_y5lcej202&apos;[39m
}
[AUDIT: LOW] data_create {
  id: [32m&apos;audit_1770159300416_f38g6vuhz&apos;[39m,
  timestamp: [32m&apos;2026-02-03T22:55:00.416Z&apos;[39m,
  action: [32m&apos;data_create&apos;[39m,
  details: {
    entityType: [32m&apos;transaction&apos;[39m,
    entityId: [32m&apos;cf7b0bc1-a9ac-431d-ac06-b3b71717c9d2&apos;[39m,
    amount: [33m726.5812870803705[39m,
    category: [32m&apos;Test&apos;[39m,
    accountId: [32m&apos;main&apos;[39m
  },
  userId: [32m&apos;test-user-123&apos;[39m,
  severity: [32m&apos;low&apos;[39m,
  userAgent: [32m&apos;Mozilla/5.0 (win32) AppleWebKit/537.36 (KHTML, like Gecko) jsdom/27.3.0&apos;[39m,
  ip: [32m&apos;client_ip_unavailable&apos;[39m,
  sessionId: [32m&apos;session_1770159299405_y5lcej202&apos;[39m
}
[AUDIT: LOW] data_create {
  id: [32m&apos;audit_1770159300419_o81i4rrkz&apos;[39m,
  timestamp: [32m&apos;2026-02-03T22:55:00.419Z&apos;[39m,
  action: [32m&apos;data_create&apos;[39m,
  details: {
    entityType: [32m&apos;transaction&apos;[39m,
    entityId: [32m&apos;f062fcb0-0202-45e0-be81-b2d651fa5064&apos;[39m,
    amount: [33m344.36849536826463[39m,
    category: [32m&apos;Test&apos;[39m,
    accountId: [32m&apos;main&apos;[39m
  },
  userId: [32m&apos;test-user-123&apos;[39m,
  severity: [32m&apos;low&apos;[39m,
  userAgent: [32m&apos;Mozilla/5.0 (win32) AppleWebKit/537.36 (KHTML, like Gecko) jsdom/27.3.0&apos;[39m,
  ip: [32m&apos;client_ip_unavailable&apos;[39m,
  sessionId: [32m&apos;session_1770159299405_y5lcej202&apos;[39m
}
[AUDIT: LOW] data_create {
  id: [32m&apos;audit_1770159300423_l11tv7tz6&apos;[39m,
  timestamp: [32m&apos;2026-02-03T22:55:00.423Z&apos;[39m,
  action: [32m&apos;data_create&apos;[39m,
  details: {
    entityType: [32m&apos;transaction&apos;[39m,
    entityId: [32m&apos;7a67c789-871b-4a3f-b019-89197f122dc9&apos;[39m,
    amount: [33m381.31040507196855[39m,
    category: [32m&apos;Test&apos;[39m,
    accountId: [32m&apos;main&apos;[39m
  },
  userId: [32m&apos;test-user-123&apos;[39m,
  severity: [32m&apos;low&apos;[39m,
  userAgent: [32m&apos;Mozilla/5.0 (win32) AppleWebKit/537.36 (KHTML, like Gecko) jsdom/27.3.0&apos;[39m,
  ip: [32m&apos;client_ip_unavailable&apos;[39m,
  sessionId: [32m&apos;session_1770159299405_y5lcej202&apos;[39m
}
[AUDIT: LOW] data_create {
  id: [32m&apos;audit_1770159300426_kfk449vg7&apos;[39m,
  timestamp: [32m&apos;2026-02-03T22:55:00.426Z&apos;[39m,
  action: [32m&apos;data_create&apos;[39m,
  details: {
    entityType: [32m&apos;transaction&apos;[39m,
    entityId: [32m&apos;b8cffaa9-ee41-4183-a59c-1d40e8810061&apos;[39m,
    amount: [33m315.97416537753776[39m,
    category: [32m&apos;Test&apos;[39m,
    accountId: [32m&apos;main&apos;[39m
  },
  userId: [32m&apos;test-user-123&apos;[39m,
  severity: [32m&apos;low&apos;[39m,
  userAgent: [32m&apos;Mozilla/5.0 (win32) AppleWebKit/537.36 (KHTML, like Gecko) jsdom/27.3.0&apos;[39m,
  ip: [32m&apos;client_ip_unavailable&apos;[39m,
  sessionId: [32m&apos;session_1770159299405_y5lcej202&apos;[39m
}
[AUDIT: LOW] data_create {
  id: [32m&apos;audit_1770159300430_w6czs889f&apos;[39m,
  timestamp: [32m&apos;2026-02-03T22:55:00.430Z&apos;[39m,
  action: [32m&apos;data_create&apos;[39m,
  details: {
    entityType: [32m&apos;transaction&apos;[39m,
    entityId: [32m&apos;2a373368-980f-490d-9aac-2248627a354b&apos;[39m,
    amount: [33m682.4404745317612[39m,
    category: [32m&apos;Test&apos;[39m,
    accountId: [32m&apos;main&apos;[39m
  },
  userId: [32m&apos;test-user-123&apos;[39m,
  severity: [32m&apos;low&apos;[39m,
  userAgent: [32m&apos;Mozilla/5.0 (win32) AppleWebKit/537.36 (KHTML, like Gecko) jsdom/27.3.0&apos;[39m,
  ip: [32m&apos;client_ip_unavailable&apos;[39m,
  sessionId: [32m&apos;session_1770159299405_y5lcej202&apos;[39m
}
[AUDIT: LOW] data_create {
  id: [32m&apos;audit_1770159300434_iov1bw2tc&apos;[39m,
  timestamp: [32m&apos;2026-02-03T22:55:00.434Z&apos;[39m,
  action: [32m&apos;data_create&apos;[39m,
  details: {
    entityType: [32m&apos;transaction&apos;[39m,
    entityId: [32m&apos;d1689e3a-7993-4342-8d64-31fc142c36ce&apos;[39m,
    amount: [33m412.6574508633336[39m,
    category: [32m&apos;Test&apos;[39m,
    accountId: [32m&apos;main&apos;[39m
  },
  userId: [32m&apos;test-user-123&apos;[39m,
  severity: [32m&apos;low&apos;[39m,
  userAgent: [32m&apos;Mozilla/5.0 (win32) AppleWebKit/537.36 (KHTML, like Gecko) jsdom/27.3.0&apos;[39m,
  ip: [32m&apos;client_ip_unavailable&apos;[39m,
  sessionId: [32m&apos;session_1770159299405_y5lcej202&apos;[39m
}
[AUDIT: LOW] data_create {
  id: [32m&apos;audit_1770159300436_3urtjlmza&apos;[39m,
  timestamp: [32m&apos;2026-02-03T22:55:00.436Z&apos;[39m,
  action: [32m&apos;data_create&apos;[39m,
  details: {
    entityType: [32m&apos;transaction&apos;[39m,
    entityId: [32m&apos;29052db3-58f8-4c87-935e-be3397da4721&apos;[39m,
    amount: [33m282.5697135442525[39m,
    category: [32m&apos;Test&apos;[39m,
    accountId: [32m&apos;main&apos;[39m
  },
  userId: [32m&apos;test-user-123&apos;[39m,
  severity: [32m&apos;low&apos;[39m,
  userAgent: [32m&apos;Mozilla/5.0 (win32) AppleWebKit/537.36 (KHTML, like Gecko) jsdom/27.3.0&apos;[39m,
  ip: [32m&apos;client_ip_unavailable&apos;[39m,
  sessionId: [32m&apos;session_1770159299405_y5lcej202&apos;[39m
}
[AUDIT: LOW] data_create {
  id: [32m&apos;audit_1770159300439_8n72t8o9w&apos;[39m,
  timestamp: [32m&apos;2026-02-03T22:55:00.439Z&apos;[39m,
  action: [32m&apos;data_create&apos;[39m,
  details: {
    entityType: [32m&apos;transaction&apos;[39m,
    entityId: [32m&apos;5fc23bfa-1ad7-480a-be23-0399f64bd85d&apos;[39m,
    amount: [33m21.685617264143975[39m,
    category: [32m&apos;Test&apos;[39m,
    accountId: [32m&apos;main&apos;[39m
  },
  userId: [32m&apos;test-user-123&apos;[39m,
  severity: [32m&apos;low&apos;[39m,
  userAgent: [32m&apos;Mozilla/5.0 (win32) AppleWebKit/537.36 (KHTML, like Gecko) jsdom/27.3.0&apos;[39m,
  ip: [32m&apos;client_ip_unavailable&apos;[39m,
  sessionId: [32m&apos;session_1770159299405_y5lcej202&apos;[39m
}
[AUDIT: LOW] data_create {
  id: [32m&apos;audit_1770159300441_noxxhc2iy&apos;[39m,
  timestamp: [32m&apos;2026-02-03T22:55:00.441Z&apos;[39m,
  action: [32m&apos;data_create&apos;[39m,
  details: {
    entityType: [32m&apos;transaction&apos;[39m,
    entityId: [32m&apos;2c9c8eff-d065-4ef1-a596-317b6ab6a8ac&apos;[39m,
    amount: [33m779.465382133599[39m,
    category: [32m&apos;Test&apos;[39m,
    accountId: [32m&apos;main&apos;[39m
  },
  userId: [32m&apos;test-user-123&apos;[39m,
  severity: [32m&apos;low&apos;[39m,
  userAgent: [32m&apos;Mozilla/5.0 (win32) AppleWebKit/537.36 (KHTML, like Gecko) jsdom/27.3.0&apos;[39m,
  ip: [32m&apos;client_ip_unavailable&apos;[39m,
  sessionId: [32m&apos;session_1770159299405_y5lcej202&apos;[39m
}
[AUDIT: LOW] data_create {
  id: [32m&apos;audit_1770159300444_kf5izxjdv&apos;[39m,
  timestamp: [32m&apos;2026-02-03T22:55:00.444Z&apos;[39m,
  action: [32m&apos;data_create&apos;[39m,
  details: {
    entityType: [32m&apos;transaction&apos;[39m,
    entityId: [32m&apos;38b23566-dc3c-46cc-a3b3-a6fae6660b45&apos;[39m,
    amount: [33m532.9050172189012[39m,
    category: [32m&apos;Test&apos;[39m,
    accountId: [32m&apos;main&apos;[39m
  },
  userId: [32m&apos;test-user-123&apos;[39m,
  severity: [32m&apos;low&apos;[39m,
  userAgent: [32m&apos;Mozilla/5.0 (win32) AppleWebKit/537.36 (KHTML, like Gecko) jsdom/27.3.0&apos;[39m,
  ip: [32m&apos;client_ip_unavailable&apos;[39m,
  sessionId: [32m&apos;session_1770159299405_y5lcej202&apos;[39m
}
[AUDIT: LOW] data_create {
  id: [32m&apos;audit_1770159300448_b3l9dwpuv&apos;[39m,
  timestamp: [32m&apos;2026-02-03T22:55:00.448Z&apos;[39m,
  action: [32m&apos;data_create&apos;[39m,
  details: {
    entityType: [32m&apos;transaction&apos;[39m,
    entityId: [32m&apos;e317a33e-8f91-4e76-8eb3-b1cea169379c&apos;[39m,
    amount: [33m110.25694937887177[39m,
    category: [32m&apos;Test&apos;[39m,
    accountId: [32m&apos;main&apos;[39m
  },
  userId: [32m&apos;test-user-123&apos;[39m,
  severity: [32m&apos;low&apos;[39m,
  userAgent: [32m&apos;Mozilla/5.0 (win32) AppleWebKit/537.36 (KHTML, like Gecko) jsdom/27.3.0&apos;[39m,
  ip: [32m&apos;client_ip_unavailable&apos;[39m,
  sessionId: [32m&apos;session_1770159299405_y5lcej202&apos;[39m
}
[AUDIT: LOW] data_create {
  id: [32m&apos;audit_1770159300451_v31ucn1zp&apos;[39m,
  timestamp: [32m&apos;2026-02-03T22:55:00.451Z&apos;[39m,
  action: [32m&apos;data_create&apos;[39m,
  details: {
    entityType: [32m&apos;transaction&apos;[39m,
    entityId: [32m&apos;63505626-bfa7-4495-a765-eaa9cd5d9f07&apos;[39m,
    amount: [33m637.0026425762387[39m,
    category: [32m&apos;Test&apos;[39m,
    accountId: [32m&apos;main&apos;[39m
  },
  userId: [32m&apos;test-user-123&apos;[39m,
  severity: [32m&apos;low&apos;[39m,
  userAgent: [32m&apos;Mozilla/5.0 (win32) AppleWebKit/537.36 (KHTML, like Gecko) jsdom/27.3.0&apos;[39m,
  ip: [32m&apos;client_ip_unavailable&apos;[39m,
  sessionId: [32m&apos;session_1770159299405_y5lcej202&apos;[39m
}
[AUDIT: LOW] data_create {
  id: [32m&apos;audit_1770159300453_i3de56osd&apos;[39m,
  timestamp: [32m&apos;2026-02-03T22:55:00.453Z&apos;[39m,
  action: [32m&apos;data_create&apos;[39m,
  details: {
    entityType: [32m&apos;transaction&apos;[39m,
    entityId: [32m&apos;e3fe4671-b7dd-46fa-9784-ec4cee74b81e&apos;[39m,
    amount: [33m815.3055962838769[39m,
    category: [32m&apos;Test&apos;[39m,
    accountId: [32m&apos;main&apos;[39m
  },
  userId: [32m&apos;test-user-123&apos;[39m,
  severity: [32m&apos;low&apos;[39m,
  userAgent: [32m&apos;Mozilla/5.0 (win32) AppleWebKit/537.36 (KHTML, like Gecko) jsdom/27.3.0&apos;[39m,
  ip: [32m&apos;client_ip_unavailable&apos;[39m,
  sessionId: [32m&apos;session_1770159299405_y5lcej202&apos;[39m
}
[AUDIT: LOW] data_create {
  id: [32m&apos;audit_1770159300457_gj9jy49hh&apos;[39m,
  timestamp: [32m&apos;2026-02-03T22:55:00.457Z&apos;[39m,
  action: [32m&apos;data_create&apos;[39m,
  details: {
    entityType: [32m&apos;transaction&apos;[39m,
    entityId: [32m&apos;0f415ab8-e903-444f-8b7e-4f0176690be4&apos;[39m,
    amount: [33m823.1768166275111[39m,
    category: [32m&apos;Test&apos;[39m,
    accountId: [32m&apos;main&apos;[39m
  },
  userId: [32m&apos;test-user-123&apos;[39m,
  severity: [32m&apos;low&apos;[39m,
  userAgent: [32m&apos;Mozilla/5.0 (win32) AppleWebKit/537.36 (KHTML, like Gecko) jsdom/27.3.0&apos;[39m,
  ip: [32m&apos;client_ip_unavailable&apos;[39m,
  sessionId: [32m&apos;session_1770159299405_y5lcej202&apos;[39m
}
[AUDIT: LOW] data_create {
  id: [32m&apos;audit_1770159300460_wkw52cii1&apos;[39m,
  timestamp: [32m&apos;2026-02-03T22:55:00.460Z&apos;[39m,
  action: [32m&apos;data_create&apos;[39m,
  details: {
    entityType: [32m&apos;transaction&apos;[39m,
    entityId: [32m&apos;cf797dde-0ae0-4c55-a142-bd4ccb359146&apos;[39m,
    amount: [33m526.625933526911[39m,
    category: [32m&apos;Test&apos;[39m,
    accountId: [32m&apos;main&apos;[39m
  },
  userId: [32m&apos;test-user-123&apos;[39m,
  severity: [32m&apos;low&apos;[39m,
  userAgent: [32m&apos;Mozilla/5.0 (win32) AppleWebKit/537.36 (KHTML, like Gecko) jsdom/27.3.0&apos;[39m,
  ip: [32m&apos;client_ip_unavailable&apos;[39m,
  sessionId: [32m&apos;session_1770159299405_y5lcej202&apos;[39m
}
[AUDIT: LOW] data_create {
  id: [32m&apos;audit_1770159300466_mgeyale19&apos;[39m,
  timestamp: [32m&apos;2026-02-03T22:55:00.466Z&apos;[39m,
  action: [32m&apos;data_create&apos;[39m,
  details: {
    entityType: [32m&apos;transaction&apos;[39m,
    entityId: [32m&apos;14c57755-43a0-43a5-8da8-d0848d0ad9ee&apos;[39m,
    amount: [33m265.002619352106[39m,
    category: [32m&apos;Test&apos;[39m,
    accountId: [32m&apos;main&apos;[39m
  },
  userId: [32m&apos;test-user-123&apos;[39m,
  severity: [32m&apos;low&apos;[39m,
  userAgent: [32m&apos;Mozilla/5.0 (win32) AppleWebKit/537.36 (KHTML, like Gecko) jsdom/27.3.0&apos;[39m,
  ip: [32m&apos;client_ip_unavailable&apos;[39m,
  sessionId: [32m&apos;session_1770159299405_y5lcej202&apos;[39m
}
[AUDIT: LOW] data_create {
  id: [32m&apos;audit_1770159300474_fwv46g9xb&apos;[39m,
  timestamp: [32m&apos;2026-02-03T22:55:00.474Z&apos;[39m,
  action: [32m&apos;data_create&apos;[39m,
  details: {
    entityType: [32m&apos;transaction&apos;[39m,
    entityId: [32m&apos;21132cfc-b272-42bf-9428-7c81c0315a3c&apos;[39m,
    amount: [33m286.21155594470815[39m,
    category: [32m&apos;Test&apos;[39m,
    accountId: [32m&apos;main&apos;[39m
  },
  userId: [32m&apos;test-user-123&apos;[39m,
  severity: [32m&apos;low&apos;[39m,
  userAgent: [32m&apos;Mozilla/5.0 (win32) AppleWebKit/537.36 (KHTML, like Gecko) jsdom/27.3.0&apos;[39m,
  ip: [32m&apos;client_ip_unavailable&apos;[39m,
  sessionId: [32m&apos;session_1770159299405_y5lcej202&apos;[39m
}
[AUDIT: LOW] data_create {
  id: [32m&apos;audit_1770159300477_xrvj3r2ey&apos;[39m,
  timestamp: [32m&apos;2026-02-03T22:55:00.477Z&apos;[39m,
  action: [32m&apos;data_create&apos;[39m,
  details: {
    entityType: [32m&apos;transaction&apos;[39m,
    entityId: [32m&apos;ad3f513c-6864-4ea3-bcf7-5217ee714d8f&apos;[39m,
    amount: [33m342.7497582386595[39m,
    category: [32m&apos;Test&apos;[39m,
    accountId: [32m&apos;main&apos;[39m
  },
  userId: [32m&apos;test-user-123&apos;[39m,
  severity: [32m&apos;low&apos;[39m,
  userAgent: [32m&apos;Mozilla/5.0 (win32) AppleWebKit/537.36 (KHTML, like Gecko) jsdom/27.3.0&apos;[39m,
  ip: [32m&apos;client_ip_unavailable&apos;[39m,
  sessionId: [32m&apos;session_1770159299405_y5lcej202&apos;[39m
}
[AUDIT: LOW] data_create {
  id: [32m&apos;audit_1770159300480_y9hopvky8&apos;[39m,
  timestamp: [32m&apos;2026-02-03T22:55:00.480Z&apos;[39m,
  action: [32m&apos;data_create&apos;[39m,
  details: {
    entityType: [32m&apos;transaction&apos;[39m,
    entityId: [32m&apos;2a251676-d86d-429f-a2e4-db2b5032fc0e&apos;[39m,
    amount: [33m245.50677842282576[39m,
    category: [32m&apos;Test&apos;[39m,
    accountId: [32m&apos;main&apos;[39m
  },
  userId: [32m&apos;test-user-123&apos;[39m,
  severity: [32m&apos;low&apos;[39m,
  userAgent: [32m&apos;Mozilla/5.0 (win32) AppleWebKit/537.36 (KHTML, like Gecko) jsdom/27.3.0&apos;[39m,
  ip: [32m&apos;client_ip_unavailable&apos;[39m,
  sessionId: [32m&apos;session_1770159299405_y5lcej202&apos;[39m
}
[AUDIT: LOW] data_create {
  id: [32m&apos;audit_1770159300483_7wqinjwgs&apos;[39m,
  timestamp: [32m&apos;2026-02-03T22:55:00.484Z&apos;[39m,
  action: [32m&apos;data_create&apos;[39m,
  details: {
    entityType: [32m&apos;transaction&apos;[39m,
    entityId: [32m&apos;93d89614-e6d5-4836-ab6e-9a70151b8248&apos;[39m,
    amount: [33m163.37361964739304[39m,
    category: [32m&apos;Test&apos;[39m,
    accountId: [32m&apos;main&apos;[39m
  },
  userId: [32m&apos;test-user-123&apos;[39m,
  severity: [32m&apos;low&apos;[39m,
  userAgent: [32m&apos;Mozilla/5.0 (win32) AppleWebKit/537.36 (KHTML, like Gecko) jsdom/27.3.0&apos;[39m,
  ip: [32m&apos;client_ip_unavailable&apos;[39m,
  sessionId: [32m&apos;session_1770159299405_y5lcej202&apos;[39m
}
[AUDIT: LOW] data_create {
  id: [32m&apos;audit_1770159300488_fhqmzryew&apos;[39m,
  timestamp: [32m&apos;2026-02-03T22:55:00.488Z&apos;[39m,
  action: [32m&apos;data_create&apos;[39m,
  details: {
    entityType: [32m&apos;transaction&apos;[39m,
    entityId: [32m&apos;69056d08-8c30-41ae-a3cc-06fa2ef4220b&apos;[39m,
    amount: [33m876.6456802268339[39m,
    category: [32m&apos;Test&apos;[39m,
    accountId: [32m&apos;main&apos;[39m
  },
  userId: [32m&apos;test-user-123&apos;[39m,
  severity: [32m&apos;low&apos;[39m,
  userAgent: [32m&apos;Mozilla/5.0 (win32) AppleWebKit/537.36 (KHTML, like Gecko) jsdom/27.3.0&apos;[39m,
  ip: [32m&apos;client_ip_unavailable&apos;[39m,
  sessionId: [32m&apos;session_1770159299405_y5lcej202&apos;[39m
}
[AUDIT: LOW] data_create {
  id: [32m&apos;audit_1770159300493_krybuxtxg&apos;[39m,
  timestamp: [32m&apos;2026-02-03T22:55:00.493Z&apos;[39m,
  action: [32m&apos;data_create&apos;[39m,
  details: {
    entityType: [32m&apos;transaction&apos;[39m,
    entityId: [32m&apos;6c3bf6b6-fc58-4e41-bfc4-219cf890ca26&apos;[39m,
    amount: [33m754.3855945806229[39m,
    category: [32m&apos;Test&apos;[39m,
    accountId: [32m&apos;main&apos;[39m
  },
  userId: [32m&apos;test-user-123&apos;[39m,
  severity: [32m&apos;low&apos;[39m,
  userAgent: [32m&apos;Mozilla/5.0 (win32) AppleWebKit/537.36 (KHTML, like Gecko) jsdom/27.3.0&apos;[39m,
  ip: [32m&apos;client_ip_unavailable&apos;[39m,
  sessionId: [32m&apos;session_1770159299405_y5lcej202&apos;[39m
}
[AUDIT: LOW] data_create {
  id: [32m&apos;audit_1770159300496_x883rq6md&apos;[39m,
  timestamp: [32m&apos;2026-02-03T22:55:00.496Z&apos;[39m,
  action: [32m&apos;data_create&apos;[39m,
  details: {
    entityType: [32m&apos;transaction&apos;[39m,
    entityId: [32m&apos;a1a6eb32-7230-4a34-9ecc-3ebeec87e129&apos;[39m,
    amount: [33m82.01398958497286[39m,
    category: [32m&apos;Test&apos;[39m,
    accountId: [32m&apos;main&apos;[39m
  },
  userId: [32m&apos;test-user-123&apos;[39m,
  severity: [32m&apos;low&apos;[39m,
  userAgent: [32m&apos;Mozilla/5.0 (win32) AppleWebKit/537.36 (KHTML, like Gecko) jsdom/27.3.0&apos;[39m,
  ip: [32m&apos;client_ip_unavailable&apos;[39m,
  sessionId: [32m&apos;session_1770159299405_y5lcej202&apos;[39m
}
[AUDIT: LOW] data_create {
  id: [32m&apos;audit_1770159300500_6l563pdsf&apos;[39m,
  timestamp: [32m&apos;2026-02-03T22:55:00.500Z&apos;[39m,
  action: [32m&apos;data_create&apos;[39m,
  details: {
    entityType: [32m&apos;transaction&apos;[39m,
    entityId: [32m&apos;d34328df-b6ef-4a2a-bae2-e6294c5e1e9e&apos;[39m,
    amount: [33m781.1025465335366[39m,
    category: [32m&apos;Test&apos;[39m,
    accountId: [32m&apos;main&apos;[39m
  },
  userId: [32m&apos;test-user-123&apos;[39m,
  severity: [32m&apos;low&apos;[39m,
  userAgent: [32m&apos;Mozilla/5.0 (win32) AppleWebKit/537.36 (KHTML, like Gecko) jsdom/27.3.0&apos;[39m,
  ip: [32m&apos;client_ip_unavailable&apos;[39m,
  sessionId: [32m&apos;session_1770159299405_y5lcej202&apos;[39m
}
[AUDIT: LOW] data_create {
  id: [32m&apos;audit_1770159300502_g38d0nziz&apos;[39m,
  timestamp: [32m&apos;2026-02-03T22:55:00.502Z&apos;[39m,
  action: [32m&apos;data_create&apos;[39m,
  details: {
    entityType: [32m&apos;transaction&apos;[39m,
    entityId: [32m&apos;704095a7-c2f7-45ea-8ab9-ffa511b47733&apos;[39m,
    amount: [33m751.3027281338641[39m,
    category: [32m&apos;Test&apos;[39m,
    accountId: [32m&apos;main&apos;[39m
  },
  userId: [32m&apos;test-user-123&apos;[39m,
  severity: [32m&apos;low&apos;[39m,
  userAgent: [32m&apos;Mozilla/5.0 (win32) AppleWebKit/537.36 (KHTML, like Gecko) jsdom/27.3.0&apos;[39m,
  ip: [32m&apos;client_ip_unavailable&apos;[39m,
  sessionId: [32m&apos;session_1770159299405_y5lcej202&apos;[39m
}
[AUDIT: LOW] data_create {
  id: [32m&apos;audit_1770159300506_fax5j8v4n&apos;[39m,
  timestamp: [32m&apos;2026-02-03T22:55:00.506Z&apos;[39m,
  action: [32m&apos;data_create&apos;[39m,
  details: {
    entityType: [32m&apos;transaction&apos;[39m,
    entityId: [32m&apos;8e2c4050-5106-491e-be87-5dc07a9f74bb&apos;[39m,
    amount: [33m175.40599930428658[39m,
    category: [32m&apos;Test&apos;[39m,
    accountId: [32m&apos;main&apos;[39m
  },
  userId: [32m&apos;test-user-123&apos;[39m,
  severity: [32m&apos;low&apos;[39m,
  userAgent: [32m&apos;Mozilla/5.0 (win32) AppleWebKit/537.36 (KHTML, like Gecko) jsdom/27.3.0&apos;[39m,
  ip: [32m&apos;client_ip_unavailable&apos;[39m,
  sessionId: [32m&apos;session_1770159299405_y5lcej202&apos;[39m
}
[AUDIT: LOW] data_create {
  id: [32m&apos;audit_1770159300512_zy3qejkke&apos;[39m,
  timestamp: [32m&apos;2026-02-03T22:55:00.512Z&apos;[39m,
  action: [32m&apos;data_create&apos;[39m,
  details: {
    entityType: [32m&apos;transaction&apos;[39m,
    entityId: [32m&apos;922c74cb-f23b-4548-9c60-6571a4ad8d3e&apos;[39m,
    amount: [33m41.52344450126522[39m,
    category: [32m&apos;Test&apos;[39m,
    accountId: [32m&apos;main&apos;[39m
  },
  userId: [32m&apos;test-user-123&apos;[39m,
  severity: [32m&apos;low&apos;[39m,
  userAgent: [32m&apos;Mozilla/5.0 (win32) AppleWebKit/537.36 (KHTML, like Gecko) jsdom/27.3.0&apos;[39m,
  ip: [32m&apos;client_ip_unavailable&apos;[39m,
  sessionId: [32m&apos;session_1770159299405_y5lcej202&apos;[39m
}
[AUDIT: LOW] data_create {
  id: [32m&apos;audit_1770159300514_inpggzsj2&apos;[39m,
  timestamp: [32m&apos;2026-02-03T22:55:00.514Z&apos;[39m,
  action: [32m&apos;data_create&apos;[39m,
  details: {
    entityType: [32m&apos;transaction&apos;[39m,
    entityId: [32m&apos;c68c5908-19ea-4476-adb0-ba9c706bb6c3&apos;[39m,
    amount: [33m288.3395476212797[39m,
    category: [32m&apos;Test&apos;[39m,
    accountId: [32m&apos;main&apos;[39m
  },
  userId: [32m&apos;test-user-123&apos;[39m,
  severity: [32m&apos;low&apos;[39m,
  userAgent: [32m&apos;Mozilla/5.0 (win32) AppleWebKit/537.36 (KHTML, like Gecko) jsdom/27.3.0&apos;[39m,
  ip: [32m&apos;client_ip_unavailable&apos;[39m,
  sessionId: [32m&apos;session_1770159299405_y5lcej202&apos;[39m
}
[AUDIT: LOW] data_create {
  id: [32m&apos;audit_1770159300553_r4cwpu9ey&apos;[39m,
  timestamp: [32m&apos;2026-02-03T22:55:00.553Z&apos;[39m,
  action: [32m&apos;data_create&apos;[39m,
  details: {
    entityType: [32m&apos;transaction&apos;[39m,
    entityId: [32m&apos;ae54bce3-78fe-4d32-b1e9-8b0e2b99519f&apos;[39m,
    amount: [33m28.203876823043483[39m,
    category: [32m&apos;Test&apos;[39m,
    accountId: [32m&apos;main&apos;[39m
  },
  userId: [32m&apos;test-user-123&apos;[39m,
  severity: [32m&apos;low&apos;[39m,
  userAgent: [32m&apos;Mozilla/5.0 (win32) AppleWebKit/537.36 (KHTML, like Gecko) jsdom/27.3.0&apos;[39m,
  ip: [32m&apos;client_ip_unavailable&apos;[39m,
  sessionId: [32m&apos;session_1770159299405_y5lcej202&apos;[39m
}
[AUDIT: LOW] data_create {
  id: [32m&apos;audit_1770159300557_68nbge4v8&apos;[39m,
  timestamp: [32m&apos;2026-02-03T22:55:00.557Z&apos;[39m,
  action: [32m&apos;data_create&apos;[39m,
  details: {
    entityType: [32m&apos;transaction&apos;[39m,
    entityId: [32m&apos;4bb9a172-b6fe-45e9-9e62-1a623a84bb8b&apos;[39m,
    amount: [33m365.28206775943073[39m,
    category: [32m&apos;Test&apos;[39m,
    accountId: [32m&apos;main&apos;[39m
  },
  userId: [32m&apos;test-user-123&apos;[39m,
  severity: [32m&apos;low&apos;[39m,
  userAgent: [32m&apos;Mozilla/5.0 (win32) AppleWebKit/537.36 (KHTML, like Gecko) jsdom/27.3.0&apos;[39m,
  ip: [32m&apos;client_ip_unavailable&apos;[39m,
  sessionId: [32m&apos;session_1770159299405_y5lcej202&apos;[39m
}
[AUDIT: LOW] data_create {
  id: [32m&apos;audit_1770159300559_jiupuza7r&apos;[39m,
  timestamp: [32m&apos;2026-02-03T22:55:00.559Z&apos;[39m,
  action: [32m&apos;data_create&apos;[39m,
  details: {
    entityType: [32m&apos;transaction&apos;[39m,
    entityId: [32m&apos;b0582861-6b08-4f7c-b1cd-f2c40fc05cd7&apos;[39m,
    amount: [33m632.0486047602292[39m,
    category: [32m&apos;Test&apos;[39m,
    accountId: [32m&apos;main&apos;[39m
  },
  userId: [32m&apos;test-user-123&apos;[39m,
  severity: [32m&apos;low&apos;[39m,
  userAgent: [32m&apos;Mozilla/5.0 (win32) AppleWebKit/537.36 (KHTML, like Gecko) jsdom/27.3.0&apos;[39m,
  ip: [32m&apos;client_ip_unavailable&apos;[39m,
  sessionId: [32m&apos;session_1770159299405_y5lcej202&apos;[39m
}
[AUDIT: LOW] data_create {
  id: [32m&apos;audit_1770159300563_5ph5v1fpd&apos;[39m,
  timestamp: [32m&apos;2026-02-03T22:55:00.563Z&apos;[39m,
  action: [32m&apos;data_create&apos;[39m,
  details: {
    entityType: [32m&apos;transaction&apos;[39m,
    entityId: [32m&apos;eb19731c-74ee-4d67-b379-2d0355c7164f&apos;[39m,
    amount: [33m522.9302018714262[39m,
    category: [32m&apos;Test&apos;[39m,
    accountId: [32m&apos;main&apos;[39m
  },
  userId: [32m&apos;test-user-123&apos;[39m,
  severity: [32m&apos;low&apos;[39m,
  userAgent: [32m&apos;Mozilla/5.0 (win32) AppleWebKit/537.36 (KHTML, like Gecko) jsdom/27.3.0&apos;[39m,
  ip: [32m&apos;client_ip_unavailable&apos;[39m,
  sessionId: [32m&apos;session_1770159299405_y5lcej202&apos;[39m
}
[AUDIT: LOW] data_create {
  id: [32m&apos;audit_1770159300565_f1ur0158g&apos;[39m,
  timestamp: [32m&apos;2026-02-03T22:55:00.565Z&apos;[39m,
  action: [32m&apos;data_create&apos;[39m,
  details: {
    entityType: [32m&apos;transaction&apos;[39m,
    entityId: [32m&apos;7fb1011d-00e9-487c-bb40-edea47b126a8&apos;[39m,
    amount: [33m523.626522218126[39m,
    category: [32m&apos;Test&apos;[39m,
    accountId: [32m&apos;main&apos;[39m
  },
  userId: [32m&apos;test-user-123&apos;[39m,
  severity: [32m&apos;low&apos;[39m,
  userAgent: [32m&apos;Mozilla/5.0 (win32) AppleWebKit/537.36 (KHTML, like Gecko) jsdom/27.3.0&apos;[39m,
  ip: [32m&apos;client_ip_unavailable&apos;[39m,
  sessionId: [32m&apos;session_1770159299405_y5lcej202&apos;[39m
}
[AUDIT: LOW] data_create {
  id: [32m&apos;audit_1770159300568_tfoh2u53l&apos;[39m,
  timestamp: [32m&apos;2026-02-03T22:55:00.568Z&apos;[39m,
  action: [32m&apos;data_create&apos;[39m,
  details: {
    entityType: [32m&apos;transaction&apos;[39m,
    entityId: [32m&apos;4972ba52-92cf-4d7c-98e2-8d3d0a05a556&apos;[39m,
    amount: [33m325.8914131424494[39m,
    category: [32m&apos;Test&apos;[39m,
    accountId: [32m&apos;main&apos;[39m
  },
  userId: [32m&apos;test-user-123&apos;[39m,
  severity: [32m&apos;low&apos;[39m,
  userAgent: [32m&apos;Mozilla/5.0 (win32) AppleWebKit/537.36 (KHTML, like Gecko) jsdom/27.3.0&apos;[39m,
  ip: [32m&apos;client_ip_unavailable&apos;[39m,
  sessionId: [32m&apos;session_1770159299405_y5lcej202&apos;[39m
}
[AUDIT: LOW] data_create {
  id: [32m&apos;audit_1770159300570_i1eqazlx0&apos;[39m,
  timestamp: [32m&apos;2026-02-03T22:55:00.570Z&apos;[39m,
  action: [32m&apos;data_create&apos;[39m,
  details: {
    entityType: [32m&apos;transaction&apos;[39m,
    entityId: [32m&apos;7f7c0b3d-df67-40f2-9445-539c5b8385b9&apos;[39m,
    amount: [33m929.8414268623759[39m,
    category: [32m&apos;Test&apos;[39m,
    accountId: [32m&apos;main&apos;[39m
  },
  userId: [32m&apos;test-user-123&apos;[39m,
  severity: [32m&apos;low&apos;[39m,
  userAgent: [32m&apos;Mozilla/5.0 (win32) AppleWebKit/537.36 (KHTML, like Gecko) jsdom/27.3.0&apos;[39m,
  ip: [32m&apos;client_ip_unavailable&apos;[39m,
  sessionId: [32m&apos;session_1770159299405_y5lcej202&apos;[39m
}
[AUDIT: LOW] data_create {
  id: [32m&apos;audit_1770159300573_piqdtb15d&apos;[39m,
  timestamp: [32m&apos;2026-02-03T22:55:00.573Z&apos;[39m,
  action: [32m&apos;data_create&apos;[39m,
  details: {
    entityType: [32m&apos;transaction&apos;[39m,
    entityId: [32m&apos;d289917f-36cd-45a2-9da0-6228b49b9eb1&apos;[39m,
    amount: [33m974.2812235156807[39m,
    category: [32m&apos;Test&apos;[39m,
    accountId: [32m&apos;main&apos;[39m
  },
  userId: [32m&apos;test-user-123&apos;[39m,
  severity: [32m&apos;low&apos;[39m,
  userAgent: [32m&apos;Mozilla/5.0 (win32) AppleWebKit/537.36 (KHTML, like Gecko) jsdom/27.3.0&apos;[39m,
  ip: [32m&apos;client_ip_unavailable&apos;[39m,
  sessionId: [32m&apos;session_1770159299405_y5lcej202&apos;[39m
}
[AUDIT: LOW] data_create {
  id: [32m&apos;audit_1770159300576_w2epvqzkz&apos;[39m,
  timestamp: [32m&apos;2026-02-03T22:55:00.576Z&apos;[39m,
  action: [32m&apos;data_create&apos;[39m,
  details: {
    entityType: [32m&apos;transaction&apos;[39m,
    entityId: [32m&apos;daee1715-0d55-4a8e-a09b-30151c1baab3&apos;[39m,
    amount: [33m638.4673957126814[39m,
    category: [32m&apos;Test&apos;[39m,
    accountId: [32m&apos;main&apos;[39m
  },
  userId: [32m&apos;test-user-123&apos;[39m,
  severity: [32m&apos;low&apos;[39m,
  userAgent: [32m&apos;Mozilla/5.0 (win32) AppleWebKit/537.36 (KHTML, like Gecko) jsdom/27.3.0&apos;[39m,
  ip: [32m&apos;client_ip_unavailable&apos;[39m,
  sessionId: [32m&apos;session_1770159299405_y5lcej202&apos;[39m
}
[AUDIT: LOW] data_create {
  id: [32m&apos;audit_1770159300579_j66m8bap5&apos;[39m,
  timestamp: [32m&apos;2026-02-03T22:55:00.579Z&apos;[39m,
  action: [32m&apos;data_create&apos;[39m,
  details: {
    entityType: [32m&apos;transaction&apos;[39m,
    entityId: [32m&apos;22c17edf-c54e-450e-84cc-edc97161d60c&apos;[39m,
    amount: [33m350.00193282292537[39m,
    category: [32m&apos;Test&apos;[39m,
    accountId: [32m&apos;main&apos;[39m
  },
  userId: [32m&apos;test-user-123&apos;[39m,
  severity: [32m&apos;low&apos;[39m,
  userAgent: [32m&apos;Mozilla/5.0 (win32) AppleWebKit/537.36 (KHTML, like Gecko) jsdom/27.3.0&apos;[39m,
  ip: [32m&apos;client_ip_unavailable&apos;[39m,
  sessionId: [32m&apos;session_1770159299405_y5lcej202&apos;[39m
}
[AUDIT: LOW] data_create {
  id: [32m&apos;audit_1770159300582_643ns8oaw&apos;[39m,
  timestamp: [32m&apos;2026-02-03T22:55:00.582Z&apos;[39m,
  action: [32m&apos;data_create&apos;[39m,
  details: {
    entityType: [32m&apos;transaction&apos;[39m,
    entityId: [32m&apos;ea75dff2-5e46-4616-abde-e587b7f783cf&apos;[39m,
    amount: [33m674.3221684796383[39m,
    category: [32m&apos;Test&apos;[39m,
    accountId: [32m&apos;main&apos;[39m
  },
  userId: [32m&apos;test-user-123&apos;[39m,
  severity: [32m&apos;low&apos;[39m,
  userAgent: [32m&apos;Mozilla/5.0 (win32) AppleWebKit/537.36 (KHTML, like Gecko) jsdom/27.3.0&apos;[39m,
  ip: [32m&apos;client_ip_unavailable&apos;[39m,
  sessionId: [32m&apos;session_1770159299405_y5lcej202&apos;[39m
}
[AUDIT: LOW] data_create {
  id: [32m&apos;audit_1770159300584_yp0261tze&apos;[39m,
  timestamp: [32m&apos;2026-02-03T22:55:00.584Z&apos;[39m,
  action: [32m&apos;data_create&apos;[39m,
  details: {
    entityType: [32m&apos;transaction&apos;[39m,
    entityId: [32m&apos;ae1bcabf-d47d-40ac-8700-0f64d629f08b&apos;[39m,
    amount: [33m303.3622170633338[39m,
    category: [32m&apos;Test&apos;[39m,
    accountId: [32m&apos;main&apos;[39m
  },
  userId: [32m&apos;test-user-123&apos;[39m,
  severity: [32m&apos;low&apos;[39m,
  userAgent: [32m&apos;Mozilla/5.0 (win32) AppleWebKit/537.36 (KHTML, like Gecko) jsdom/27.3.0&apos;[39m,
  ip: [32m&apos;client_ip_unavailable&apos;[39m,
  sessionId: [32m&apos;session_1770159299405_y5lcej202&apos;[39m
}
[AUDIT: LOW] data_create {
  id: [32m&apos;audit_1770159300586_i54kyti4c&apos;[39m,
  timestamp: [32m&apos;2026-02-03T22:55:00.586Z&apos;[39m,
  action: [32m&apos;data_create&apos;[39m,
  details: {
    entityType: [32m&apos;transaction&apos;[39m,
    entityId: [32m&apos;4c51bb43-f267-4c70-ade2-5471d7503f10&apos;[39m,
    amount: [33m739.5244074728988[39m,
    category: [32m&apos;Test&apos;[39m,
    accountId: [32m&apos;main&apos;[39m
  },
  userId: [32m&apos;test-user-123&apos;[39m,
  severity: [32m&apos;low&apos;[39m,
  userAgent: [32m&apos;Mozilla/5.0 (win32) AppleWebKit/537.36 (KHTML, like Gecko) jsdom/27.3.0&apos;[39m,
  ip: [32m&apos;client_ip_unavailable&apos;[39m,
  sessionId: [32m&apos;session_1770159299405_y5lcej202&apos;[39m
}
[AUDIT: LOW] data_create {
  id: [32m&apos;audit_1770159300589_tloegkxyb&apos;[39m,
  timestamp: [32m&apos;2026-02-03T22:55:00.589Z&apos;[39m,
  action: [32m&apos;data_create&apos;[39m,
  details: {
    entityType: [32m&apos;transaction&apos;[39m,
    entityId: [32m&apos;0c36bbf8-c41e-4c5d-ba60-e2c53f41a246&apos;[39m,
    amount: [33m637.2931394098574[39m,
    category: [32m&apos;Test&apos;[39m,
    accountId: [32m&apos;main&apos;[39m
  },
  userId: [32m&apos;test-user-123&apos;[39m,
  severity: [32m&apos;low&apos;[39m,
  userAgent: [32m&apos;Mozilla/5.0 (win32) AppleWebKit/537.36 (KHTML, like Gecko) jsdom/27.3.0&apos;[39m,
  ip: [32m&apos;client_ip_unavailable&apos;[39m,
  sessionId: [32m&apos;session_1770159299405_y5lcej202&apos;[39m
}
[AUDIT: LOW] data_create {
  id: [32m&apos;audit_1770159300592_lxb0ph7ev&apos;[39m,
  timestamp: [32m&apos;2026-02-03T22:55:00.592Z&apos;[39m,
  action: [32m&apos;data_create&apos;[39m,
  details: {
    entityType: [32m&apos;transaction&apos;[39m,
    entityId: [32m&apos;56cf142e-d0ed-4d52-91a5-d015e703ee3e&apos;[39m,
    amount: [33m1.856341051245547[39m,
    category: [32m&apos;Test&apos;[39m,
    accountId: [32m&apos;main&apos;[39m
  },
  userId: [32m&apos;test-user-123&apos;[39m,
  severity: [32m&apos;low&apos;[39m,
  userAgent: [32m&apos;Mozilla/5.0 (win32) AppleWebKit/537.36 (KHTML, like Gecko) jsdom/27.3.0&apos;[39m,
  ip: [32m&apos;client_ip_unavailable&apos;[39m,
  sessionId: [32m&apos;session_1770159299405_y5lcej202&apos;[39m
}
[AUDIT: LOW] data_create {
  id: [32m&apos;audit_1770159300597_6dsq6hshz&apos;[39m,
  timestamp: [32m&apos;2026-02-03T22:55:00.597Z&apos;[39m,
  action: [32m&apos;data_create&apos;[39m,
  details: {
    entityType: [32m&apos;transaction&apos;[39m,
    entityId: [32m&apos;ebeee568-db2c-4028-a0a1-cf2af9280b72&apos;[39m,
    amount: [33m55.10135613305367[39m,
    category: [32m&apos;Test&apos;[39m,
    accountId: [32m&apos;main&apos;[39m
  },
  userId: [32m&apos;test-user-123&apos;[39m,
  severity: [32m&apos;low&apos;[39m,
  userAgent: [32m&apos;Mozilla/5.0 (win32) AppleWebKit/537.36 (KHTML, like Gecko) jsdom/27.3.0&apos;[39m,
  ip: [32m&apos;client_ip_unavailable&apos;[39m,
  sessionId: [32m&apos;session_1770159299405_y5lcej202&apos;[39m
}
[AUDIT: LOW] data_create {
  id: [32m&apos;audit_1770159300600_y1ouh9pkq&apos;[39m,
  timestamp: [32m&apos;2026-02-03T22:55:00.600Z&apos;[39m,
  action: [32m&apos;data_create&apos;[39m,
  details: {
    entityType: [32m&apos;transaction&apos;[39m,
    entityId: [32m&apos;805a41cb-76a2-4d70-9f35-32e80fead99c&apos;[39m,
    amount: [33m968.4448212088885[39m,
    category: [32m&apos;Test&apos;[39m,
    accountId: [32m&apos;main&apos;[39m
  },
  userId: [32m&apos;test-user-123&apos;[39m,
  severity: [32m&apos;low&apos;[39m,
  userAgent: [32m&apos;Mozilla/5.0 (win32) AppleWebKit/537.36 (KHTML, like Gecko) jsdom/27.3.0&apos;[39m,
  ip: [32m&apos;client_ip_unavailable&apos;[39m,
  sessionId: [32m&apos;session_1770159299405_y5lcej202&apos;[39m
}
[AUDIT: LOW] data_create {
  id: [32m&apos;audit_1770159300605_a1diy9soq&apos;[39m,
  timestamp: [32m&apos;2026-02-03T22:55:00.605Z&apos;[39m,
  action: [32m&apos;data_create&apos;[39m,
  details: {
    entityType: [32m&apos;transaction&apos;[39m,
    entityId: [32m&apos;a088423c-beb7-4615-bd3c-1928be81c69b&apos;[39m,
    amount: [33m320.01431664122913[39m,
    category: [32m&apos;Test&apos;[39m,
    accountId: [32m&apos;main&apos;[39m
  },
  userId: [32m&apos;test-user-123&apos;[39m,
  severity: [32m&apos;low&apos;[39m,
  userAgent: [32m&apos;Mozilla/5.0 (win32) AppleWebKit/537.36 (KHTML, like Gecko) jsdom/27.3.0&apos;[39m,
  ip: [32m&apos;client_ip_unavailable&apos;[39m,
  sessionId: [32m&apos;session_1770159299405_y5lcej202&apos;[39m
}
[AUDIT: LOW] data_create {
  id: [32m&apos;audit_1770159300607_t0j9itnph&apos;[39m,
  timestamp: [32m&apos;2026-02-03T22:55:00.607Z&apos;[39m,
  action: [32m&apos;data_create&apos;[39m,
  details: {
    entityType: [32m&apos;transaction&apos;[39m,
    entityId: [32m&apos;f0469fde-64af-4274-be5c-0cc3cd069408&apos;[39m,
    amount: [33m950.9256283782087[39m,
    category: [32m&apos;Test&apos;[39m,
    accountId: [32m&apos;main&apos;[39m
  },
  userId: [32m&apos;test-user-123&apos;[39m,
  severity: [32m&apos;low&apos;[39m,
  userAgent: [32m&apos;Mozilla/5.0 (win32) AppleWebKit/537.36 (KHTML, like Gecko) jsdom/27.3.0&apos;[39m,
  ip: [32m&apos;client_ip_unavailable&apos;[39m,
  sessionId: [32m&apos;session_1770159299405_y5lcej202&apos;[39m
}
[AUDIT: LOW] data_create {
  id: [32m&apos;audit_1770159300611_8kt14skt9&apos;[39m,
  timestamp: [32m&apos;2026-02-03T22:55:00.611Z&apos;[39m,
  action: [32m&apos;data_create&apos;[39m,
  details: {
    entityType: [32m&apos;transaction&apos;[39m,
    entityId: [32m&apos;ffa6a316-c643-4c23-9cdd-b09b19f51471&apos;[39m,
    amount: [33m762.6122691316814[39m,
    category: [32m&apos;Test&apos;[39m,
    accountId: [32m&apos;main&apos;[39m
  },
  userId: [32m&apos;test-user-123&apos;[39m,
  severity: [32m&apos;low&apos;[39m,
  userAgent: [32m&apos;Mozilla/5.0 (win32) AppleWebKit/537.36 (KHTML, like Gecko) jsdom/27.3.0&apos;[39m,
  ip: [32m&apos;client_ip_unavailable&apos;[39m,
  sessionId: [32m&apos;session_1770159299405_y5lcej202&apos;[39m
}
[AUDIT: LOW] data_create {
  id: [32m&apos;audit_1770159300614_wtg96la36&apos;[39m,
  timestamp: [32m&apos;2026-02-03T22:55:00.614Z&apos;[39m,
  action: [32m&apos;data_create&apos;[39m,
  details: {
    entityType: [32m&apos;transaction&apos;[39m,
    entityId: [32m&apos;2a439800-0e4a-47d8-bf62-e8b6724386aa&apos;[39m,
    amount: [33m194.3581111631718[39m,
    category: [32m&apos;Test&apos;[39m,
    accountId: [32m&apos;main&apos;[39m
  },
  userId: [32m&apos;test-user-123&apos;[39m,
  severity: [32m&apos;low&apos;[39m,
  userAgent: [32m&apos;Mozilla/5.0 (win32) AppleWebKit/537.36 (KHTML, like Gecko) jsdom/27.3.0&apos;[39m,
  ip: [32m&apos;client_ip_unavailable&apos;[39m,
  sessionId: [32m&apos;session_1770159299405_y5lcej202&apos;[39m
}
[AUDIT: LOW] data_create {
  id: [32m&apos;audit_1770159300616_u9vviob49&apos;[39m,
  timestamp: [32m&apos;2026-02-03T22:55:00.616Z&apos;[39m,
  action: [32m&apos;data_create&apos;[39m,
  details: {
    entityType: [32m&apos;transaction&apos;[39m,
    entityId: [32m&apos;af3b4188-a1bf-4bf7-8aa0-3be2e7355c0a&apos;[39m,
    amount: [33m302.50224449863197[39m,
    category: [32m&apos;Test&apos;[39m,
    accountId: [32m&apos;main&apos;[39m
  },
  userId: [32m&apos;test-user-123&apos;[39m,
  severity: [32m&apos;low&apos;[39m,
  userAgent: [32m&apos;Mozilla/5.0 (win32) AppleWebKit/537.36 (KHTML, like Gecko) jsdom/27.3.0&apos;[39m,
  ip: [32m&apos;client_ip_unavailable&apos;[39m,
  sessionId: [32m&apos;session_1770159299405_y5lcej202&apos;[39m
}
[AUDIT: LOW] data_create {
  id: [32m&apos;audit_1770159300619_21uwecqdx&apos;[39m,
  timestamp: [32m&apos;2026-02-03T22:55:00.619Z&apos;[39m,
  action: [32m&apos;data_create&apos;[39m,
  details: {
    entityType: [32m&apos;transaction&apos;[39m,
    entityId: [32m&apos;7696e583-3544-40b2-8402-e23ed0b5e138&apos;[39m,
    amount: [33m859.2397753502643[39m,
    category: [32m&apos;Test&apos;[39m,
    accountId: [32m&apos;main&apos;[39m
  },
  userId: [32m&apos;test-user-123&apos;[39m,
  severity: [32m&apos;low&apos;[39m,
  userAgent: [32m&apos;Mozilla/5.0 (win32) AppleWebKit/537.36 (KHTML, like Gecko) jsdom/27.3.0&apos;[39m,
  ip: [32m&apos;client_ip_unavailable&apos;[39m,
  sessionId: [32m&apos;session_1770159299405_y5lcej202&apos;[39m
}
[AUDIT: LOW] data_create {
  id: [32m&apos;audit_1770159300621_4wib04moo&apos;[39m,
  timestamp: [32m&apos;2026-02-03T22:55:00.621Z&apos;[39m,
  action: [32m&apos;data_create&apos;[39m,
  details: {
    entityType: [32m&apos;transaction&apos;[39m,
    entityId: [32m&apos;53f21b8d-9bd7-43ac-9769-b2247da3bd7d&apos;[39m,
    amount: [33m800.9375760113921[39m,
    category: [32m&apos;Test&apos;[39m,
    accountId: [32m&apos;main&apos;[39m
  },
  userId: [32m&apos;test-user-123&apos;[39m,
  severity: [32m&apos;low&apos;[39m,
  userAgent: [32m&apos;Mozilla/5.0 (win32) AppleWebKit/537.36 (KHTML, like Gecko) jsdom/27.3.0&apos;[39m,
  ip: [32m&apos;client_ip_unavailable&apos;[39m,
  sessionId: [32m&apos;session_1770159299405_y5lcej202&apos;[39m
}
[AUDIT: LOW] data_create {
  id: [32m&apos;audit_1770159300624_5m3omlmz5&apos;[39m,
  timestamp: [32m&apos;2026-02-03T22:55:00.624Z&apos;[39m,
  action: [32m&apos;data_create&apos;[39m,
  details: {
    entityType: [32m&apos;transaction&apos;[39m,
    entityId: [32m&apos;40d19298-c7f1-4cbd-9059-72568e9f6a0a&apos;[39m,
    amount: [33m910.5188846203112[39m,
    category: [32m&apos;Test&apos;[39m,
    accountId: [32m&apos;main&apos;[39m
  },
  userId: [32m&apos;test-user-123&apos;[39m,
  severity: [32m&apos;low&apos;[39m,
  userAgent: [32m&apos;Mozilla/5.0 (win32) AppleWebKit/537.36 (KHTML, like Gecko) jsdom/27.3.0&apos;[39m,
  ip: [32m&apos;client_ip_unavailable&apos;[39m,
  sessionId: [32m&apos;session_1770159299405_y5lcej202&apos;[39m
}
[AUDIT: LOW] data_create {
  id: [32m&apos;audit_1770159300626_wjrfdh5zd&apos;[39m,
  timestamp: [32m&apos;2026-02-03T22:55:00.626Z&apos;[39m,
  action: [32m&apos;data_create&apos;[39m,
  details: {
    entityType: [32m&apos;transaction&apos;[39m,
    entityId: [32m&apos;69b6c0ef-a0bc-42a3-bf00-53e90161d67e&apos;[39m,
    amount: [33m462.25372808781515[39m,
    category: [32m&apos;Test&apos;[39m,
    accountId: [32m&apos;main&apos;[39m
  },
  userId: [32m&apos;test-user-123&apos;[39m,
  severity: [32m&apos;low&apos;[39m,
  userAgent: [32m&apos;Mozilla/5.0 (win32) AppleWebKit/537.36 (KHTML, like Gecko) jsdom/27.3.0&apos;[39m,
  ip: [32m&apos;client_ip_unavailable&apos;[39m,
  sessionId: [32m&apos;session_1770159299405_y5lcej202&apos;[39m
}
[AUDIT: LOW] data_create {
  id: [32m&apos;audit_1770159300630_mm4o40ufv&apos;[39m,
  timestamp: [32m&apos;2026-02-03T22:55:00.630Z&apos;[39m,
  action: [32m&apos;data_create&apos;[39m,
  details: {
    entityType: [32m&apos;transaction&apos;[39m,
    entityId: [32m&apos;008a7806-7738-48b7-a258-f917ec80c80b&apos;[39m,
    amount: [33m287.6286315218499[39m,
    category: [32m&apos;Test&apos;[39m,
    accountId: [32m&apos;main&apos;[39m
  },
  userId: [32m&apos;test-user-123&apos;[39m,
  severity: [32m&apos;low&apos;[39m,
  userAgent: [32m&apos;Mozilla/5.0 (win32) AppleWebKit/537.36 (KHTML, like Gecko) jsdom/27.3.0&apos;[39m,
  ip: [32m&apos;client_ip_unavailable&apos;[39m,
  sessionId: [32m&apos;session_1770159299405_y5lcej202&apos;[39m
}
[AUDIT: LOW] data_create {
  id: [32m&apos;audit_1770159300632_b6kg1uja5&apos;[39m,
  timestamp: [32m&apos;2026-02-03T22:55:00.632Z&apos;[39m,
  action: [32m&apos;data_create&apos;[39m,
  details: {
    entityType: [32m&apos;transaction&apos;[39m,
    entityId: [32m&apos;b1afe3b8-48a3-4618-ab81-666e83f57727&apos;[39m,
    amount: [33m369.31650410380803[39m,
    category: [32m&apos;Test&apos;[39m,
    accountId: [32m&apos;main&apos;[39m
  },
  userId: [32m&apos;test-user-123&apos;[39m,
  severity: [32m&apos;low&apos;[39m,
  userAgent: [32m&apos;Mozilla/5.0 (win32) AppleWebKit/537.36 (KHTML, like Gecko) jsdom/27.3.0&apos;[39m,
  ip: [32m&apos;client_ip_unavailable&apos;[39m,
  sessionId: [32m&apos;session_1770159299405_y5lcej202&apos;[39m
}
[AUDIT: LOW] data_create {
  id: [32m&apos;audit_1770159300634_vx1l0160d&apos;[39m,
  timestamp: [32m&apos;2026-02-03T22:55:00.634Z&apos;[39m,
  action: [32m&apos;data_create&apos;[39m,
  details: {
    entityType: [32m&apos;transaction&apos;[39m,
    entityId: [32m&apos;bd543d25-9c81-4922-a4d0-1fb24e48bf91&apos;[39m,
    amount: [33m198.49516729504046[39m,
    category: [32m&apos;Test&apos;[39m,
    accountId: [32m&apos;main&apos;[39m
  },
  userId: [32m&apos;test-user-123&apos;[39m,
  severity: [32m&apos;low&apos;[39m,
  userAgent: [32m&apos;Mozilla/5.0 (win32) AppleWebKit/537.36 (KHTML, like Gecko) jsdom/27.3.0&apos;[39m,
  ip: [32m&apos;client_ip_unavailable&apos;[39m,
  sessionId: [32m&apos;session_1770159299405_y5lcej202&apos;[39m
}
[AUDIT: LOW] data_create {
  id: [32m&apos;audit_1770159300637_fh0gyd3v1&apos;[39m,
  timestamp: [32m&apos;2026-02-03T22:55:00.637Z&apos;[39m,
  action: [32m&apos;data_create&apos;[39m,
  details: {
    entityType: [32m&apos;transaction&apos;[39m,
    entityId: [32m&apos;23c03d83-ea97-479a-9281-68f6cf142d0a&apos;[39m,
    amount: [33m233.10653491348899[39m,
    category: [32m&apos;Test&apos;[39m,
    accountId: [32m&apos;main&apos;[39m
  },
  userId: [32m&apos;test-user-123&apos;[39m,
  severity: [32m&apos;low&apos;[39m,
  userAgent: [32m&apos;Mozilla/5.0 (win32) AppleWebKit/537.36 (KHTML, like Gecko) jsdom/27.3.0&apos;[39m,
  ip: [32m&apos;client_ip_unavailable&apos;[39m,
  sessionId: [32m&apos;session_1770159299405_y5lcej202&apos;[39m
}
[AUDIT: LOW] data_create {
  id: [32m&apos;audit_1770159300641_te57zscje&apos;[39m,
  timestamp: [32m&apos;2026-02-03T22:55:00.641Z&apos;[39m,
  action: [32m&apos;data_create&apos;[39m,
  details: {
    entityType: [32m&apos;transaction&apos;[39m,
    entityId: [32m&apos;82d607de-f534-4770-b1ed-837f13703800&apos;[39m,
    amount: [33m15.199904607316128[39m,
    category: [32m&apos;Test&apos;[39m,
    accountId: [32m&apos;main&apos;[39m
  },
  userId: [32m&apos;test-user-123&apos;[39m,
  severity: [32m&apos;low&apos;[39m,
  userAgent: [32m&apos;Mozilla/5.0 (win32) AppleWebKit/537.36 (KHTML, like Gecko) jsdom/27.3.0&apos;[39m,
  ip: [32m&apos;client_ip_unavailable&apos;[39m,
  sessionId: [32m&apos;session_1770159299405_y5lcej202&apos;[39m
}
[AUDIT: LOW] data_create {
  id: [32m&apos;audit_1770159300645_2xu1u3e7y&apos;[39m,
  timestamp: [32m&apos;2026-02-03T22:55:00.645Z&apos;[39m,
  action: [32m&apos;data_create&apos;[39m,
  details: {
    entityType: [32m&apos;transaction&apos;[39m,
    entityId: [32m&apos;c9aec8d8-4016-4259-863b-d1b8b894f3c0&apos;[39m,
    amount: [33m873.2770568602981[39m,
    category: [32m&apos;Test&apos;[39m,
    accountId: [32m&apos;main&apos;[39m
  },
  userId: [32m&apos;test-user-123&apos;[39m,
  severity: [32m&apos;low&apos;[39m,
  userAgent: [32m&apos;Mozilla/5.0 (win32) AppleWebKit/537.36 (KHTML, like Gecko) jsdom/27.3.0&apos;[39m,
  ip: [32m&apos;client_ip_unavailable&apos;[39m,
  sessionId: [32m&apos;session_1770159299405_y5lcej202&apos;[39m
}
[AUDIT: LOW] data_create {
  id: [32m&apos;audit_1770159300662_f1qy0xdky&apos;[39m,
  timestamp: [32m&apos;2026-02-03T22:55:00.662Z&apos;[39m,
  action: [32m&apos;data_create&apos;[39m,
  details: {
    entityType: [32m&apos;transaction&apos;[39m,
    entityId: [32m&apos;bb708367-bdc3-4a5a-8311-4ecfc5feac82&apos;[39m,
    amount: [33m978.8295212198192[39m,
    category: [32m&apos;Test&apos;[39m,
    accountId: [32m&apos;main&apos;[39m
  },
  userId: [32m&apos;test-user-123&apos;[39m,
  severity: [32m&apos;low&apos;[39m,
  userAgent: [32m&apos;Mozilla/5.0 (win32) AppleWebKit/537.36 (KHTML, like Gecko) jsdom/27.3.0&apos;[39m,
  ip: [32m&apos;client_ip_unavailable&apos;[39m,
  sessionId: [32m&apos;session_1770159299405_y5lcej202&apos;[39m
}
[AUDIT: LOW] data_create {
  id: [32m&apos;audit_1770159300665_93k41uhxj&apos;[39m,
  timestamp: [32m&apos;2026-02-03T22:55:00.665Z&apos;[39m,
  action: [32m&apos;data_create&apos;[39m,
  details: {
    entityType: [32m&apos;transaction&apos;[39m,
    entityId: [32m&apos;33e55c8f-cca1-4cdf-a2e6-fb16bda27fb8&apos;[39m,
    amount: [33m847.0567454408011[39m,
    category: [32m&apos;Test&apos;[39m,
    accountId: [32m&apos;main&apos;[39m
  },
  userId: [32m&apos;test-user-123&apos;[39m,
  severity: [32m&apos;low&apos;[39m,
  userAgent: [32m&apos;Mozilla/5.0 (win32) AppleWebKit/537.36 (KHTML, like Gecko) jsdom/27.3.0&apos;[39m,
  ip: [32m&apos;client_ip_unavailable&apos;[39m,
  sessionId: [32m&apos;session_1770159299405_y5lcej202&apos;[39m
}
[AUDIT: LOW] data_create {
  id: [32m&apos;audit_1770159300668_klmcld0za&apos;[39m,
  timestamp: [32m&apos;2026-02-03T22:55:00.668Z&apos;[39m,
  action: [32m&apos;data_create&apos;[39m,
  details: {
    entityType: [32m&apos;transaction&apos;[39m,
    entityId: [32m&apos;67527e0a-d5b3-4562-a85f-3d4ca1087547&apos;[39m,
    amount: [33m294.92407003285206[39m,
    category: [32m&apos;Test&apos;[39m,
    accountId: [32m&apos;main&apos;[39m
  },
  userId: [32m&apos;test-user-123&apos;[39m,
  severity: [32m&apos;low&apos;[39m,
  userAgent: [32m&apos;Mozilla/5.0 (win32) AppleWebKit/537.36 (KHTML, like Gecko) jsdom/27.3.0&apos;[39m,
  ip: [32m&apos;client_ip_unavailable&apos;[39m,
  sessionId: [32m&apos;session_1770159299405_y5lcej202&apos;[39m
}
[AUDIT: LOW] data_create {
  id: [32m&apos;audit_1770159300671_b49tm34hx&apos;[39m,
  timestamp: [32m&apos;2026-02-03T22:55:00.671Z&apos;[39m,
  action: [32m&apos;data_create&apos;[39m,
  details: {
    entityType: [32m&apos;transaction&apos;[39m,
    entityId: [32m&apos;0353684c-989a-4819-b5a3-837240a310de&apos;[39m,
    amount: [33m96.77190129664481[39m,
    category: [32m&apos;Test&apos;[39m,
    accountId: [32m&apos;main&apos;[39m
  },
  userId: [32m&apos;test-user-123&apos;[39m,
  severity: [32m&apos;low&apos;[39m,
  userAgent: [32m&apos;Mozilla/5.0 (win32) AppleWebKit/537.36 (KHTML, like Gecko) jsdom/27.3.0&apos;[39m,
  ip: [32m&apos;client_ip_unavailable&apos;[39m,
  sessionId: [32m&apos;session_1770159299405_y5lcej202&apos;[39m
}
[AUDIT: LOW] data_create {
  id: [32m&apos;audit_1770159300674_3ehnsvlkp&apos;[39m,
  timestamp: [32m&apos;2026-02-03T22:55:00.674Z&apos;[39m,
  action: [32m&apos;data_create&apos;[39m,
  details: {
    entityType: [32m&apos;transaction&apos;[39m,
    entityId: [32m&apos;8a03dde3-01f3-44f3-8f5f-4ddbb30a09b0&apos;[39m,
    amount: [33m102.20137677942587[39m,
    category: [32m&apos;Test&apos;[39m,
    accountId: [32m&apos;main&apos;[39m
  },
  userId: [32m&apos;test-user-123&apos;[39m,
  severity: [32m&apos;low&apos;[39m,
  userAgent: [32m&apos;Mozilla/5.0 (win32) AppleWebKit/537.36 (KHTML, like Gecko) jsdom/27.3.0&apos;[39m,
  ip: [32m&apos;client_ip_unavailable&apos;[39m,
  sessionId: [32m&apos;session_1770159299405_y5lcej202&apos;[39m
}
[AUDIT: LOW] data_create {
  id: [32m&apos;audit_1770159300676_gyoda41si&apos;[39m,
  timestamp: [32m&apos;2026-02-03T22:55:00.676Z&apos;[39m,
  action: [32m&apos;data_create&apos;[39m,
  details: {
    entityType: [32m&apos;transaction&apos;[39m,
    entityId: [32m&apos;75288120-09a5-42dc-9663-0b5ff2003699&apos;[39m,
    amount: [33m721.4942846259014[39m,
    category: [32m&apos;Test&apos;[39m,
    accountId: [32m&apos;main&apos;[39m
  },
  userId: [32m&apos;test-user-123&apos;[39m,
  severity: [32m&apos;low&apos;[39m,
  userAgent: [32m&apos;Mozilla/5.0 (win32) AppleWebKit/537.36 (KHTML, like Gecko) jsdom/27.3.0&apos;[39m,
  ip: [32m&apos;client_ip_unavailable&apos;[39m,
  sessionId: [32m&apos;session_1770159299405_y5lcej202&apos;[39m
}
[AUDIT: LOW] data_create {
  id: [32m&apos;audit_1770159300679_keezi7jjv&apos;[39m,
  timestamp: [32m&apos;2026-02-03T22:55:00.679Z&apos;[39m,
  action: [32m&apos;data_create&apos;[39m,
  details: {
    entityType: [32m&apos;transaction&apos;[39m,
    entityId: [32m&apos;21271afe-8cee-44d9-8d73-a88db4e35fb3&apos;[39m,
    amount: [33m386.1595095387359[39m,
    category: [32m&apos;Test&apos;[39m,
    accountId: [32m&apos;main&apos;[39m
  },
  userId: [32m&apos;test-user-123&apos;[39m,
  severity: [32m&apos;low&apos;[39m,
  userAgent: [32m&apos;Mozilla/5.0 (win32) AppleWebKit/537.36 (KHTML, like Gecko) jsdom/27.3.0&apos;[39m,
  ip: [32m&apos;client_ip_unavailable&apos;[39m,
  sessionId: [32m&apos;session_1770159299405_y5lcej202&apos;[39m
}
[AUDIT: LOW] data_create {
  id: [32m&apos;audit_1770159300682_vk230kf9e&apos;[39m,
  timestamp: [32m&apos;2026-02-03T22:55:00.682Z&apos;[39m,
  action: [32m&apos;data_create&apos;[39m,
  details: {
    entityType: [32m&apos;transaction&apos;[39m,
    entityId: [32m&apos;797090d1-4b89-4d60-9801-4559e1ddee68&apos;[39m,
    amount: [33m951.9988493391305[39m,
    category: [32m&apos;Test&apos;[39m,
    accountId: [32m&apos;main&apos;[39m
  },
  userId: [32m&apos;test-user-123&apos;[39m,
  severity: [32m&apos;low&apos;[39m,
  userAgent: [32m&apos;Mozilla/5.0 (win32) AppleWebKit/537.36 (KHTML, like Gecko) jsdom/27.3.0&apos;[39m,
  ip: [32m&apos;client_ip_unavailable&apos;[39m,
  sessionId: [32m&apos;session_1770159299405_y5lcej202&apos;[39m
}
[AUDIT: LOW] data_create {
  id: [32m&apos;audit_1770159300685_upiqay4yg&apos;[39m,
  timestamp: [32m&apos;2026-02-03T22:55:00.685Z&apos;[39m,
  action: [32m&apos;data_create&apos;[39m,
  details: {
    entityType: [32m&apos;transaction&apos;[39m,
    entityId: [32m&apos;c8f2d4b7-2725-4543-aa40-b472678622f3&apos;[39m,
    amount: [33m468.1074501581902[39m,
    category: [32m&apos;Test&apos;[39m,
    accountId: [32m&apos;main&apos;[39m
  },
  userId: [32m&apos;test-user-123&apos;[39m,
  severity: [32m&apos;low&apos;[39m,
  userAgent: [32m&apos;Mozilla/5.0 (win32) AppleWebKit/537.36 (KHTML, like Gecko) jsdom/27.3.0&apos;[39m,
  ip: [32m&apos;client_ip_unavailable&apos;[39m,
  sessionId: [32m&apos;session_1770159299405_y5lcej202&apos;[39m
}
[AUDIT: LOW] data_create {
  id: [32m&apos;audit_1770159300690_tp7m2u5o8&apos;[39m,
  timestamp: [32m&apos;2026-02-03T22:55:00.690Z&apos;[39m,
  action: [32m&apos;data_create&apos;[39m,
  details: {
    entityType: [32m&apos;transaction&apos;[39m,
    entityId: [32m&apos;8d2e36f6-7fba-454a-b119-647869a99f9f&apos;[39m,
    amount: [33m689.0542749430313[39m,
    category: [32m&apos;Test&apos;[39m,
    accountId: [32m&apos;main&apos;[39m
  },
  userId: [32m&apos;test-user-123&apos;[39m,
  severity: [32m&apos;low&apos;[39m,
  userAgent: [32m&apos;Mozilla/5.0 (win32) AppleWebKit/537.36 (KHTML, like Gecko) jsdom/27.3.0&apos;[39m,
  ip: [32m&apos;client_ip_unavailable&apos;[39m,
  sessionId: [32m&apos;session_1770159299405_y5lcej202&apos;[39m
}
[AUDIT: LOW] data_create {
  id: [32m&apos;audit_1770159300695_f24jbg195&apos;[39m,
  timestamp: [32m&apos;2026-02-03T22:55:00.695Z&apos;[39m,
  action: [32m&apos;data_create&apos;[39m,
  details: {
    entityType: [32m&apos;transaction&apos;[39m,
    entityId: [32m&apos;7a0631ce-f318-4c93-8299-8bad8aaf6370&apos;[39m,
    amount: [33m655.1931351621118[39m,
    category: [32m&apos;Test&apos;[39m,
    accountId: [32m&apos;main&apos;[39m
  },
  userId: [32m&apos;test-user-123&apos;[39m,
  severity: [32m&apos;low&apos;[39m,
  userAgent: [32m&apos;Mozilla/5.0 (win32) AppleWebKit/537.36 (KHTML, like Gecko) jsdom/27.3.0&apos;[39m,
  ip: [32m&apos;client_ip_unavailable&apos;[39m,
  sessionId: [32m&apos;session_1770159299405_y5lcej202&apos;[39m
}
[AUDIT: LOW] data_create {
  id: [32m&apos;audit_1770159300697_ltm96recl&apos;[39m,
  timestamp: [32m&apos;2026-02-03T22:55:00.697Z&apos;[39m,
  action: [32m&apos;data_create&apos;[39m,
  details: {
    entityType: [32m&apos;transaction&apos;[39m,
    entityId: [32m&apos;5b58e39f-2a21-48fa-b717-360a88277c0c&apos;[39m,
    amount: [33m5.463133903299777[39m,
    category: [32m&apos;Test&apos;[39m,
    accountId: [32m&apos;main&apos;[39m
  },
  userId: [32m&apos;test-user-123&apos;[39m,
  severity: [32m&apos;low&apos;[39m,
  userAgent: [32m&apos;Mozilla/5.0 (win32) AppleWebKit/537.36 (KHTML, like Gecko) jsdom/27.3.0&apos;[39m,
  ip: [32m&apos;client_ip_unavailable&apos;[39m,
  sessionId: [32m&apos;session_1770159299405_y5lcej202&apos;[39m
}
[AUDIT: LOW] data_create {
  id: [32m&apos;audit_1770159300701_gcohzsxm2&apos;[39m,
  timestamp: [32m&apos;2026-02-03T22:55:00.701Z&apos;[39m,
  action: [32m&apos;data_create&apos;[39m,
  details: {
    entityType: [32m&apos;transaction&apos;[39m,
    entityId: [32m&apos;19454086-c31c-42d5-a795-1739266343cd&apos;[39m,
    amount: [33m395.2983338069914[39m,
    category: [32m&apos;Test&apos;[39m,
    accountId: [32m&apos;main&apos;[39m
  },
  userId: [32m&apos;test-user-123&apos;[39m,
  severity: [32m&apos;low&apos;[39m,
  userAgent: [32m&apos;Mozilla/5.0 (win32) AppleWebKit/537.36 (KHTML, like Gecko) jsdom/27.3.0&apos;[39m,
  ip: [32m&apos;client_ip_unavailable&apos;[39m,
  sessionId: [32m&apos;session_1770159299405_y5lcej202&apos;[39m
}
[AUDIT: LOW] data_create {
  id: [32m&apos;audit_1770159300704_kudjxy5mr&apos;[39m,
  timestamp: [32m&apos;2026-02-03T22:55:00.704Z&apos;[39m,
  action: [32m&apos;data_create&apos;[39m,
  details: {
    entityType: [32m&apos;transaction&apos;[39m,
    entityId: [32m&apos;64f11d8b-1919-4274-a559-e28ba5c758e3&apos;[39m,
    amount: [33m408.3910048215067[39m,
    category: [32m&apos;Test&apos;[39m,
    accountId: [32m&apos;main&apos;[39m
  },
  userId: [32m&apos;test-user-123&apos;[39m,
  severity: [32m&apos;low&apos;[39m,
  userAgent: [32m&apos;Mozilla/5.0 (win32) AppleWebKit/537.36 (KHTML, like Gecko) jsdom/27.3.0&apos;[39m,
  ip: [32m&apos;client_ip_unavailable&apos;[39m,
  sessionId: [32m&apos;session_1770159299405_y5lcej202&apos;[39m
}
[AUDIT: LOW] data_create {
  id: [32m&apos;audit_1770159300706_sie1c4eo7&apos;[39m,
  timestamp: [32m&apos;2026-02-03T22:55:00.706Z&apos;[39m,
  action: [32m&apos;data_create&apos;[39m,
  details: {
    entityType: [32m&apos;transaction&apos;[39m,
    entityId: [32m&apos;9b1d52f7-0f62-4e92-9457-8545679ca328&apos;[39m,
    amount: [33m43.16342188907163[39m,
    category: [32m&apos;Test&apos;[39m,
    accountId: [32m&apos;main&apos;[39m
  },
  userId: [32m&apos;test-user-123&apos;[39m,
  severity: [32m&apos;low&apos;[39m,
  userAgent: [32m&apos;Mozilla/5.0 (win32) AppleWebKit/537.36 (KHTML, like Gecko) jsdom/27.3.0&apos;[39m,
  ip: [32m&apos;client_ip_unavailable&apos;[39m,
  sessionId: [32m&apos;session_1770159299405_y5lcej202&apos;[39m
}
[AUDIT: LOW] data_create {
  id: [32m&apos;audit_1770159300708_3ggxsop4d&apos;[39m,
  timestamp: [32m&apos;2026-02-03T22:55:00.708Z&apos;[39m,
  action: [32m&apos;data_create&apos;[39m,
  details: {
    entityType: [32m&apos;transaction&apos;[39m,
    entityId: [32m&apos;c403fde2-37ec-45ad-a609-e59733901ced&apos;[39m,
    amount: [33m663.2623425692742[39m,
    category: [32m&apos;Test&apos;[39m,
    accountId: [32m&apos;main&apos;[39m
  },
  userId: [32m&apos;test-user-123&apos;[39m,
  severity: [32m&apos;low&apos;[39m,
  userAgent: [32m&apos;Mozilla/5.0 (win32) AppleWebKit/537.36 (KHTML, like Gecko) jsdom/27.3.0&apos;[39m,
  ip: [32m&apos;client_ip_unavailable&apos;[39m,
  sessionId: [32m&apos;session_1770159299405_y5lcej202&apos;[39m
}
[AUDIT: LOW] data_create {
  id: [32m&apos;audit_1770159300711_cx4wlz9h8&apos;[39m,
  timestamp: [32m&apos;2026-02-03T22:55:00.711Z&apos;[39m,
  action: [32m&apos;data_create&apos;[39m,
  details: {
    entityType: [32m&apos;transaction&apos;[39m,
    entityId: [32m&apos;f1456756-3b66-478b-92a2-d34a94a8eb9d&apos;[39m,
    amount: [33m247.49628138701397[39m,
    category: [32m&apos;Test&apos;[39m,
    accountId: [32m&apos;main&apos;[39m
  },
  userId: [32m&apos;test-user-123&apos;[39m,
  severity: [32m&apos;low&apos;[39m,
  userAgent: [32m&apos;Mozilla/5.0 (win32) AppleWebKit/537.36 (KHTML, like Gecko) jsdom/27.3.0&apos;[39m,
  ip: [32m&apos;client_ip_unavailable&apos;[39m,
  sessionId: [32m&apos;session_1770159299405_y5lcej202&apos;[39m
}
[AUDIT: LOW] data_create {
  id: [32m&apos;audit_1770159300714_omzt4odi5&apos;[39m,
  timestamp: [32m&apos;2026-02-03T22:55:00.714Z&apos;[39m,
  action: [32m&apos;data_create&apos;[39m,
  details: {
    entityType: [32m&apos;transaction&apos;[39m,
    entityId: [32m&apos;2dc6cc1a-c5c7-479b-8f1a-c74288511b5d&apos;[39m,
    amount: [33m875.6832437300707[39m,
    category: [32m&apos;Test&apos;[39m,
    accountId: [32m&apos;main&apos;[39m
  },
  userId: [32m&apos;test-user-123&apos;[39m,
  severity: [32m&apos;low&apos;[39m,
  userAgent: [32m&apos;Mozilla/5.0 (win32) AppleWebKit/537.36 (KHTML, like Gecko) jsdom/27.3.0&apos;[39m,
  ip: [32m&apos;client_ip_unavailable&apos;[39m,
  sessionId: [32m&apos;session_1770159299405_y5lcej202&apos;[39m
}
[AUDIT: LOW] data_create {
  id: [32m&apos;audit_1770159300716_70rt1e58y&apos;[39m,
  timestamp: [32m&apos;2026-02-03T22:55:00.716Z&apos;[39m,
  action: [32m&apos;data_create&apos;[39m,
  details: {
    entityType: [32m&apos;transaction&apos;[39m,
    entityId: [32m&apos;5f6320af-36f7-494b-941d-bf7284b9fd4f&apos;[39m,
    amount: [33m385.4736973756055[39m,
    category: [32m&apos;Test&apos;[39m,
    accountId: [32m&apos;main&apos;[39m
  },
  userId: [32m&apos;test-user-123&apos;[39m,
  severity: [32m&apos;low&apos;[39m,
  userAgent: [32m&apos;Mozilla/5.0 (win32) AppleWebKit/537.36 (KHTML, like Gecko) jsdom/27.3.0&apos;[39m,
  ip: [32m&apos;client_ip_unavailable&apos;[39m,
  sessionId: [32m&apos;session_1770159299405_y5lcej202&apos;[39m
}
[AUDIT: LOW] data_create {
  id: [32m&apos;audit_1770159300718_o1k7gfbvw&apos;[39m,
  timestamp: [32m&apos;2026-02-03T22:55:00.718Z&apos;[39m,
  action: [32m&apos;data_create&apos;[39m,
  details: {
    entityType: [32m&apos;transaction&apos;[39m,
    entityId: [32m&apos;cbdd5d91-4f44-439a-b017-7739528e4dbe&apos;[39m,
    amount: [33m391.87358637573055[39m,
    category: [32m&apos;Test&apos;[39m,
    accountId: [32m&apos;main&apos;[39m
  },
  userId: [32m&apos;test-user-123&apos;[39m,
  severity: [32m&apos;low&apos;[39m,
  userAgent: [32m&apos;Mozilla/5.0 (win32) AppleWebKit/537.36 (KHTML, like Gecko) jsdom/27.3.0&apos;[39m,
  ip: [32m&apos;client_ip_unavailable&apos;[39m,
  sessionId: [32m&apos;session_1770159299405_y5lcej202&apos;[39m
}
[AUDIT: LOW] data_create {
  id: [32m&apos;audit_1770159300721_4gpx8dneo&apos;[39m,
  timestamp: [32m&apos;2026-02-03T22:55:00.721Z&apos;[39m,
  action: [32m&apos;data_create&apos;[39m,
  details: {
    entityType: [32m&apos;transaction&apos;[39m,
    entityId: [32m&apos;488c44d2-0d13-4e72-8cbb-b1abe6cbc4dd&apos;[39m,
    amount: [33m46.59927500024552[39m,
    category: [32m&apos;Test&apos;[39m,
    accountId: [32m&apos;main&apos;[39m
  },
  userId: [32m&apos;test-user-123&apos;[39m,
  severity: [32m&apos;low&apos;[39m,
  userAgent: [32m&apos;Mozilla/5.0 (win32) AppleWebKit/537.36 (KHTML, like Gecko) jsdom/27.3.0&apos;[39m,
  ip: [32m&apos;client_ip_unavailable&apos;[39m,
  sessionId: [32m&apos;session_1770159299405_y5lcej202&apos;[39m
}
[AUDIT: LOW] data_create {
  id: [32m&apos;audit_1770159300724_lie4zjv8k&apos;[39m,
  timestamp: [32m&apos;2026-02-03T22:55:00.724Z&apos;[39m,
  action: [32m&apos;data_create&apos;[39m,
  details: {
    entityType: [32m&apos;transaction&apos;[39m,
    entityId: [32m&apos;cc2640c7-0233-43ce-8905-653204da1135&apos;[39m,
    amount: [33m500.27274325445484[39m,
    category: [32m&apos;Test&apos;[39m,
    accountId: [32m&apos;main&apos;[39m
  },
  userId: [32m&apos;test-user-123&apos;[39m,
  severity: [32m&apos;low&apos;[39m,
  userAgent: [32m&apos;Mozilla/5.0 (win32) AppleWebKit/537.36 (KHTML, like Gecko) jsdom/27.3.0&apos;[39m,
  ip: [32m&apos;client_ip_unavailable&apos;[39m,
  sessionId: [32m&apos;session_1770159299405_y5lcej202&apos;[39m
}
[AUDIT: LOW] data_create {
  id: [32m&apos;audit_1770159300729_5kjyvr97v&apos;[39m,
  timestamp: [32m&apos;2026-02-03T22:55:00.729Z&apos;[39m,
  action: [32m&apos;data_create&apos;[39m,
  details: {
    entityType: [32m&apos;transaction&apos;[39m,
    entityId: [32m&apos;e4fde1ab-ce1c-4748-bf61-cc5397e332b2&apos;[39m,
    amount: [33m112.93060662399913[39m,
    category: [32m&apos;Test&apos;[39m,
    accountId: [32m&apos;main&apos;[39m
  },
  userId: [32m&apos;test-user-123&apos;[39m,
  severity: [32m&apos;low&apos;[39m,
  userAgent: [32m&apos;Mozilla/5.0 (win32) AppleWebKit/537.36 (KHTML, like Gecko) jsdom/27.3.0&apos;[39m,
  ip: [32m&apos;client_ip_unavailable&apos;[39m,
  sessionId: [32m&apos;session_1770159299405_y5lcej202&apos;[39m
}
[AUDIT: LOW] data_create {
  id: [32m&apos;audit_1770159300732_77n115pn0&apos;[39m,
  timestamp: [32m&apos;2026-02-03T22:55:00.732Z&apos;[39m,
  action: [32m&apos;data_create&apos;[39m,
  details: {
    entityType: [32m&apos;transaction&apos;[39m,
    entityId: [32m&apos;9979c486-bb8f-47e3-9d88-bd1b688a3e78&apos;[39m,
    amount: [33m732.7491228605166[39m,
    category: [32m&apos;Test&apos;[39m,
    accountId: [32m&apos;main&apos;[39m
  },
  userId: [32m&apos;test-user-123&apos;[39m,
  severity: [32m&apos;low&apos;[39m,
  userAgent: [32m&apos;Mozilla/5.0 (win32) AppleWebKit/537.36 (KHTML, like Gecko) jsdom/27.3.0&apos;[39m,
  ip: [32m&apos;client_ip_unavailable&apos;[39m,
  sessionId: [32m&apos;session_1770159299405_y5lcej202&apos;[39m
}
[AUDIT: LOW] data_create {
  id: [32m&apos;audit_1770159300734_0xly54vcq&apos;[39m,
  timestamp: [32m&apos;2026-02-03T22:55:00.734Z&apos;[39m,
  action: [32m&apos;data_create&apos;[39m,
  details: {
    entityType: [32m&apos;transaction&apos;[39m,
    entityId: [32m&apos;9a67d29f-51cb-4dc7-8167-b04b1c6565e2&apos;[39m,
    amount: [33m13.84552054382282[39m,
    category: [32m&apos;Test&apos;[39m,
    accountId: [32m&apos;main&apos;[39m
  },
  userId: [32m&apos;test-user-123&apos;[39m,
  severity: [32m&apos;low&apos;[39m,
  userAgent: [32m&apos;Mozilla/5.0 (win32) AppleWebKit/537.36 (KHTML, like Gecko) jsdom/27.3.0&apos;[39m,
  ip: [32m&apos;client_ip_unavailable&apos;[39m,
  sessionId: [32m&apos;session_1770159299405_y5lcej202&apos;[39m
}
[AUDIT: LOW] data_create {
  id: [32m&apos;audit_1770159300736_6mjbaofe3&apos;[39m,
  timestamp: [32m&apos;2026-02-03T22:55:00.736Z&apos;[39m,
  action: [32m&apos;data_create&apos;[39m,
  details: {
    entityType: [32m&apos;transaction&apos;[39m,
    entityId: [32m&apos;4fa6fe0c-e30b-4a8c-9298-1a09da7c347f&apos;[39m,
    amount: [33m532.7569472075127[39m,
    category: [32m&apos;Test&apos;[39m,
    accountId: [32m&apos;main&apos;[39m
  },
  userId: [32m&apos;test-user-123&apos;[39m,
  severity: [32m&apos;low&apos;[39m,
  userAgent: [32m&apos;Mozilla/5.0 (win32) AppleWebKit/537.36 (KHTML, like Gecko) jsdom/27.3.0&apos;[39m,
  ip: [32m&apos;client_ip_unavailable&apos;[39m,
  sessionId: [32m&apos;session_1770159299405_y5lcej202&apos;[39m
}
[AUDIT: LOW] data_create {
  id: [32m&apos;audit_1770159300738_mdnllbjzm&apos;[39m,
  timestamp: [32m&apos;2026-02-03T22:55:00.738Z&apos;[39m,
  action: [32m&apos;data_create&apos;[39m,
  details: {
    entityType: [32m&apos;transaction&apos;[39m,
    entityId: [32m&apos;3dde629d-b4c8-440e-aa5b-bd951762ea64&apos;[39m,
    amount: [33m271.0462578301032[39m,
    category: [32m&apos;Test&apos;[39m,
    accountId: [32m&apos;main&apos;[39m
  },
  userId: [32m&apos;test-user-123&apos;[39m,
  severity: [32m&apos;low&apos;[39m,
  userAgent: [32m&apos;Mozilla/5.0 (win32) AppleWebKit/537.36 (KHTML, like Gecko) jsdom/27.3.0&apos;[39m,
  ip: [32m&apos;client_ip_unavailable&apos;[39m,
  sessionId: [32m&apos;session_1770159299405_y5lcej202&apos;[39m
}
[AUDIT: LOW] data_create {
  id: [32m&apos;audit_1770159300742_lnxg9zv1r&apos;[39m,
  timestamp: [32m&apos;2026-02-03T22:55:00.742Z&apos;[39m,
  action: [32m&apos;data_create&apos;[39m,
  details: {
    entityType: [32m&apos;transaction&apos;[39m,
    entityId: [32m&apos;f26fc9d2-05f2-41ab-9b51-d0872e124d02&apos;[39m,
    amount: [33m436.6110129127503[39m,
    category: [32m&apos;Test&apos;[39m,
    accountId: [32m&apos;main&apos;[39m
  },
  userId: [32m&apos;test-user-123&apos;[39m,
  severity: [32m&apos;low&apos;[39m,
  userAgent: [32m&apos;Mozilla/5.0 (win32) AppleWebKit/537.36 (KHTML, like Gecko) jsdom/27.3.0&apos;[39m,
  ip: [32m&apos;client_ip_unavailable&apos;[39m,
  sessionId: [32m&apos;session_1770159299405_y5lcej202&apos;[39m
}
[AUDIT: LOW] data_create {
  id: [32m&apos;audit_1770159300745_vyl78854u&apos;[39m,
  timestamp: [32m&apos;2026-02-03T22:55:00.745Z&apos;[39m,
  action: [32m&apos;data_create&apos;[39m,
  details: {
    entityType: [32m&apos;transaction&apos;[39m,
    entityId: [32m&apos;74b3cb63-8e42-4183-8adf-ea066ccb288e&apos;[39m,
    amount: [33m566.0789880429099[39m,
    category: [32m&apos;Test&apos;[39m,
    accountId: [32m&apos;main&apos;[39m
  },
  userId: [32m&apos;test-user-123&apos;[39m,
  severity: [32m&apos;low&apos;[39m,
  userAgent: [32m&apos;Mozilla/5.0 (win32) AppleWebKit/537.36 (KHTML, like Gecko) jsdom/27.3.0&apos;[39m,
  ip: [32m&apos;client_ip_unavailable&apos;[39m,
  sessionId: [32m&apos;session_1770159299405_y5lcej202&apos;[39m
}
[AUDIT: LOW] data_create {
  id: [32m&apos;audit_1770159300748_1m9019v92&apos;[39m,
  timestamp: [32m&apos;2026-02-03T22:55:00.748Z&apos;[39m,
  action: [32m&apos;data_create&apos;[39m,
  details: {
    entityType: [32m&apos;transaction&apos;[39m,
    entityId: [32m&apos;d8868ffe-069d-4c4a-91a6-3bc3e829bf7a&apos;[39m,
    amount: [33m867.7369510029233[39m,
    category: [32m&apos;Test&apos;[39m,
    accountId: [32m&apos;main&apos;[39m
  },
  userId: [32m&apos;test-user-123&apos;[39m,
  severity: [32m&apos;low&apos;[39m,
  userAgent: [32m&apos;Mozilla/5.0 (win32) AppleWebKit/537.36 (KHTML, like Gecko) jsdom/27.3.0&apos;[39m,
  ip: [32m&apos;client_ip_unavailable&apos;[39m,
  sessionId: [32m&apos;session_1770159299405_y5lcej202&apos;[39m
}
[AUDIT: LOW] data_create {
  id: [32m&apos;audit_1770159300760_udb7ruzn8&apos;[39m,
  timestamp: [32m&apos;2026-02-03T22:55:00.760Z&apos;[39m,
  action: [32m&apos;data_create&apos;[39m,
  details: {
    entityType: [32m&apos;transaction&apos;[39m,
    entityId: [32m&apos;1822a6d1-1c29-4ff1-a1f5-5a8d27a9dcf4&apos;[39m,
    amount: [33m6.466902518645901[39m,
    category: [32m&apos;Test&apos;[39m,
    accountId: [32m&apos;main&apos;[39m
  },
  userId: [32m&apos;test-user-123&apos;[39m,
  severity: [32m&apos;low&apos;[39m,
  userAgent: [32m&apos;Mozilla/5.0 (win32) AppleWebKit/537.36 (KHTML, like Gecko) jsdom/27.3.0&apos;[39m,
  ip: [32m&apos;client_ip_unavailable&apos;[39m,
  sessionId: [32m&apos;session_1770159299405_y5lcej202&apos;[39m
}
[AUDIT: LOW] data_create {
  id: [32m&apos;audit_1770159300763_rff3kaf5t&apos;[39m,
  timestamp: [32m&apos;2026-02-03T22:55:00.763Z&apos;[39m,
  action: [32m&apos;data_create&apos;[39m,
  details: {
    entityType: [32m&apos;transaction&apos;[39m,
    entityId: [32m&apos;bf2517bd-2ca4-477e-ba6a-de270199754d&apos;[39m,
    amount: [33m416.8733010220113[39m,
    category: [32m&apos;Test&apos;[39m,
    accountId: [32m&apos;main&apos;[39m
  },
  userId: [32m&apos;test-user-123&apos;[39m,
  severity: [32m&apos;low&apos;[39m,
  userAgent: [32m&apos;Mozilla/5.0 (win32) AppleWebKit/537.36 (KHTML, like Gecko) jsdom/27.3.0&apos;[39m,
  ip: [32m&apos;client_ip_unavailable&apos;[39m,
  sessionId: [32m&apos;session_1770159299405_y5lcej202&apos;[39m
}
[AUDIT: LOW] data_create {
  id: [32m&apos;audit_1770159300766_nu2hm19p0&apos;[39m,
  timestamp: [32m&apos;2026-02-03T22:55:00.766Z&apos;[39m,
  action: [32m&apos;data_create&apos;[39m,
  details: {
    entityType: [32m&apos;transaction&apos;[39m,
    entityId: [32m&apos;9baf4e2f-497e-4c00-91b4-aabd123bc7b8&apos;[39m,
    amount: [33m464.6033188035854[39m,
    category: [32m&apos;Test&apos;[39m,
    accountId: [32m&apos;main&apos;[39m
  },
  userId: [32m&apos;test-user-123&apos;[39m,
  severity: [32m&apos;low&apos;[39m,
  userAgent: [32m&apos;Mozilla/5.0 (win32) AppleWebKit/537.36 (KHTML, like Gecko) jsdom/27.3.0&apos;[39m,
  ip: [32m&apos;client_ip_unavailable&apos;[39m,
  sessionId: [32m&apos;session_1770159299405_y5lcej202&apos;[39m
}
[AUDIT: LOW] data_create {
  id: [32m&apos;audit_1770159300771_3hx2qy8z8&apos;[39m,
  timestamp: [32m&apos;2026-02-03T22:55:00.771Z&apos;[39m,
  action: [32m&apos;data_create&apos;[39m,
  details: {
    entityType: [32m&apos;transaction&apos;[39m,
    entityId: [32m&apos;851c217d-a38c-4279-b64f-09be9ce2b578&apos;[39m,
    amount: [33m373.72198882118767[39m,
    category: [32m&apos;Test&apos;[39m,
    accountId: [32m&apos;main&apos;[39m
  },
  userId: [32m&apos;test-user-123&apos;[39m,
  severity: [32m&apos;low&apos;[39m,
  userAgent: [32m&apos;Mozilla/5.0 (win32) AppleWebKit/537.36 (KHTML, like Gecko) jsdom/27.3.0&apos;[39m,
  ip: [32m&apos;client_ip_unavailable&apos;[39m,
  sessionId: [32m&apos;session_1770159299405_y5lcej202&apos;[39m
}
[AUDIT: LOW] data_create {
  id: [32m&apos;audit_1770159300773_sl5vuq4lo&apos;[39m,
  timestamp: [32m&apos;2026-02-03T22:55:00.773Z&apos;[39m,
  action: [32m&apos;data_create&apos;[39m,
  details: {
    entityType: [32m&apos;transaction&apos;[39m,
    entityId: [32m&apos;c68cdf9c-9921-4537-a559-dc5c360583ec&apos;[39m,
    amount: [33m656.2199064684584[39m,
    category: [32m&apos;Test&apos;[39m,
    accountId: [32m&apos;main&apos;[39m
  },
  userId: [32m&apos;test-user-123&apos;[39m,
  severity: [32m&apos;low&apos;[39m,
  userAgent: [32m&apos;Mozilla/5.0 (win32) AppleWebKit/537.36 (KHTML, like Gecko) jsdom/27.3.0&apos;[39m,
  ip: [32m&apos;client_ip_unavailable&apos;[39m,
  sessionId: [32m&apos;session_1770159299405_y5lcej202&apos;[39m
}
[AUDIT: LOW] data_create {
  id: [32m&apos;audit_1770159300777_mftyovc10&apos;[39m,
  timestamp: [32m&apos;2026-02-03T22:55:00.777Z&apos;[39m,
  action: [32m&apos;data_create&apos;[39m,
  details: {
    entityType: [32m&apos;transaction&apos;[39m,
    entityId: [32m&apos;99583b9b-ce45-4325-9624-3d4664dd40fe&apos;[39m,
    amount: [33m457.9359951477393[39m,
    category: [32m&apos;Test&apos;[39m,
    accountId: [32m&apos;main&apos;[39m
  },
  userId: [32m&apos;test-user-123&apos;[39m,
  severity: [32m&apos;low&apos;[39m,
  userAgent: [32m&apos;Mozilla/5.0 (win32) AppleWebKit/537.36 (KHTML, like Gecko) jsdom/27.3.0&apos;[39m,
  ip: [32m&apos;client_ip_unavailable&apos;[39m,
  sessionId: [32m&apos;session_1770159299405_y5lcej202&apos;[39m
}
[AUDIT: LOW] data_create {
  id: [32m&apos;audit_1770159300781_r7tjy5li0&apos;[39m,
  timestamp: [32m&apos;2026-02-03T22:55:00.781Z&apos;[39m,
  action: [32m&apos;data_create&apos;[39m,
  details: {
    entityType: [32m&apos;transaction&apos;[39m,
    entityId: [32m&apos;9bcf2430-3090-4534-8495-1026536a35d1&apos;[39m,
    amount: [33m102.04026515278674[39m,
    category: [32m&apos;Test&apos;[39m,
    accountId: [32m&apos;main&apos;[39m
  },
  userId: [32m&apos;test-user-123&apos;[39m,
  severity: [32m&apos;low&apos;[39m,
  userAgent: [32m&apos;Mozilla/5.0 (win32) AppleWebKit/537.36 (KHTML, like Gecko) jsdom/27.3.0&apos;[39m,
  ip: [32m&apos;client_ip_unavailable&apos;[39m,
  sessionId: [32m&apos;session_1770159299405_y5lcej202&apos;[39m
}
[AUDIT: LOW] data_create {
  id: [32m&apos;audit_1770159300783_8zlwaxv8j&apos;[39m,
  timestamp: [32m&apos;2026-02-03T22:55:00.783Z&apos;[39m,
  action: [32m&apos;data_create&apos;[39m,
  details: {
    entityType: [32m&apos;transaction&apos;[39m,
    entityId: [32m&apos;f68daf36-17e4-4789-b7ba-8b6c6955c871&apos;[39m,
    amount: [33m822.0134662902466[39m,
    category: [32m&apos;Test&apos;[39m,
    accountId: [32m&apos;main&apos;[39m
  },
  userId: [32m&apos;test-user-123&apos;[39m,
  severity: [32m&apos;low&apos;[39m,
  userAgent: [32m&apos;Mozilla/5.0 (win32) AppleWebKit/537.36 (KHTML, like Gecko) jsdom/27.3.0&apos;[39m,
  ip: [32m&apos;client_ip_unavailable&apos;[39m,
  sessionId: [32m&apos;session_1770159299405_y5lcej202&apos;[39m
}
[AUDIT: LOW] data_create {
  id: [32m&apos;audit_1770159300786_m5lijrr1b&apos;[39m,
  timestamp: [32m&apos;2026-02-03T22:55:00.786Z&apos;[39m,
  action: [32m&apos;data_create&apos;[39m,
  details: {
    entityType: [32m&apos;transaction&apos;[39m,
    entityId: [32m&apos;42c79af5-1404-4793-a127-d443c99cc4a1&apos;[39m,
    amount: [33m594.7974101672335[39m,
    category: [32m&apos;Test&apos;[39m,
    accountId: [32m&apos;main&apos;[39m
  },
  userId: [32m&apos;test-user-123&apos;[39m,
  severity: [32m&apos;low&apos;[39m,
  userAgent: [32m&apos;Mozilla/5.0 (win32) AppleWebKit/537.36 (KHTML, like Gecko) jsdom/27.3.0&apos;[39m,
  ip: [32m&apos;client_ip_unavailable&apos;[39m,
  sessionId: [32m&apos;session_1770159299405_y5lcej202&apos;[39m
}
[AUDIT: LOW] data_create {
  id: [32m&apos;audit_1770159300788_owk5wedq3&apos;[39m,
  timestamp: [32m&apos;2026-02-03T22:55:00.788Z&apos;[39m,
  action: [32m&apos;data_create&apos;[39m,
  details: {
    entityType: [32m&apos;transaction&apos;[39m,
    entityId: [32m&apos;1ebf412b-074f-4bf3-bad4-94e82a6e0db0&apos;[39m,
    amount: [33m279.9593273095051[39m,
    category: [32m&apos;Test&apos;[39m,
    accountId: [32m&apos;main&apos;[39m
  },
  userId: [32m&apos;test-user-123&apos;[39m,
  severity: [32m&apos;low&apos;[39m,
  userAgent: [32m&apos;Mozilla/5.0 (win32) AppleWebKit/537.36 (KHTML, like Gecko) jsdom/27.3.0&apos;[39m,
  ip: [32m&apos;client_ip_unavailable&apos;[39m,
  sessionId: [32m&apos;session_1770159299405_y5lcej202&apos;[39m
}
[AUDIT: LOW] data_create {
  id: [32m&apos;audit_1770159300797_23gdm05su&apos;[39m,
  timestamp: [32m&apos;2026-02-03T22:55:00.797Z&apos;[39m,
  action: [32m&apos;data_create&apos;[39m,
  details: {
    entityType: [32m&apos;transaction&apos;[39m,
    entityId: [32m&apos;0b6bae6d-3716-442e-a459-0b57091670c0&apos;[39m,
    amount: [33m126.28936755185282[39m,
    category: [32m&apos;Test&apos;[39m,
    accountId: [32m&apos;main&apos;[39m
  },
  userId: [32m&apos;test-user-123&apos;[39m,
  severity: [32m&apos;low&apos;[39m,
  userAgent: [32m&apos;Mozilla/5.0 (win32) AppleWebKit/537.36 (KHTML, like Gecko) jsdom/27.3.0&apos;[39m,
  ip: [32m&apos;client_ip_unavailable&apos;[39m,
  sessionId: [32m&apos;session_1770159299405_y5lcej202&apos;[39m
}
[AUDIT: LOW] data_create {
  id: [32m&apos;audit_1770159300800_gi4gltjid&apos;[39m,
  timestamp: [32m&apos;2026-02-03T22:55:00.800Z&apos;[39m,
  action: [32m&apos;data_create&apos;[39m,
  details: {
    entityType: [32m&apos;transaction&apos;[39m,
    entityId: [32m&apos;f64c7ed8-fdd8-4cbc-93c1-27af6b9d52e5&apos;[39m,
    amount: [33m781.1718732223718[39m,
    category: [32m&apos;Test&apos;[39m,
    accountId: [32m&apos;main&apos;[39m
  },
  userId: [32m&apos;test-user-123&apos;[39m,
  severity: [32m&apos;low&apos;[39m,
  userAgent: [32m&apos;Mozilla/5.0 (win32) AppleWebKit/537.36 (KHTML, like Gecko) jsdom/27.3.0&apos;[39m,
  ip: [32m&apos;client_ip_unavailable&apos;[39m,
  sessionId: [32m&apos;session_1770159299405_y5lcej202&apos;[39m
}
[AUDIT: LOW] data_create {
  id: [32m&apos;audit_1770159300821_2edw5mart&apos;[39m,
  timestamp: [32m&apos;2026-02-03T22:55:00.821Z&apos;[39m,
  action: [32m&apos;data_create&apos;[39m,
  details: {
    entityType: [32m&apos;transaction&apos;[39m,
    entityId: [32m&apos;10ba27f3-fcab-4151-8141-8274a8308a69&apos;[39m,
    amount: [33m598.6289375311148[39m,
    category: [32m&apos;Test&apos;[39m,
    accountId: [32m&apos;main&apos;[39m
  },
  userId: [32m&apos;test-user-123&apos;[39m,
  severity: [32m&apos;low&apos;[39m,
  userAgent: [32m&apos;Mozilla/5.0 (win32) AppleWebKit/537.36 (KHTML, like Gecko) jsdom/27.3.0&apos;[39m,
  ip: [32m&apos;client_ip_unavailable&apos;[39m,
  sessionId: [32m&apos;session_1770159299405_y5lcej202&apos;[39m
}
[AUDIT: LOW] data_create {
  id: [32m&apos;audit_1770159300824_w9yfkdqjk&apos;[39m,
  timestamp: [32m&apos;2026-02-03T22:55:00.824Z&apos;[39m,
  action: [32m&apos;data_create&apos;[39m,
  details: {
    entityType: [32m&apos;transaction&apos;[39m,
    entityId: [32m&apos;6a7c8afc-1e32-4dcf-96b3-f1e8e1d79eec&apos;[39m,
    amount: [33m553.614476457123[39m,
    category: [32m&apos;Test&apos;[39m,
    accountId: [32m&apos;main&apos;[39m
  },
  userId: [32m&apos;test-user-123&apos;[39m,
  severity: [32m&apos;low&apos;[39m,
  userAgent: [32m&apos;Mozilla/5.0 (win32) AppleWebKit/537.36 (KHTML, like Gecko) jsdom/27.3.0&apos;[39m,
  ip: [32m&apos;client_ip_unavailable&apos;[39m,
  sessionId: [32m&apos;session_1770159299405_y5lcej202&apos;[39m
}
[AUDIT: LOW] data_create {
  id: [32m&apos;audit_1770159300827_d8645wykn&apos;[39m,
  timestamp: [32m&apos;2026-02-03T22:55:00.827Z&apos;[39m,
  action: [32m&apos;data_create&apos;[39m,
  details: {
    entityType: [32m&apos;transaction&apos;[39m,
    entityId: [32m&apos;ac098999-42a9-46e8-a0dd-c2c5e52c552d&apos;[39m,
    amount: [33m351.3324621434721[39m,
    category: [32m&apos;Test&apos;[39m,
    accountId: [32m&apos;main&apos;[39m
  },
  userId: [32m&apos;test-user-123&apos;[39m,
  severity: [32m&apos;low&apos;[39m,
  userAgent: [32m&apos;Mozilla/5.0 (win32) AppleWebKit/537.36 (KHTML, like Gecko) jsdom/27.3.0&apos;[39m,
  ip: [32m&apos;client_ip_unavailable&apos;[39m,
  sessionId: [32m&apos;session_1770159299405_y5lcej202&apos;[39m
}
[AUDIT: LOW] data_create {
  id: [32m&apos;audit_1770159300829_6vwqoo400&apos;[39m,
  timestamp: [32m&apos;2026-02-03T22:55:00.829Z&apos;[39m,
  action: [32m&apos;data_create&apos;[39m,
  details: {
    entityType: [32m&apos;transaction&apos;[39m,
    entityId: [32m&apos;5e89a933-6f66-4620-9876-4bc0980930e8&apos;[39m,
    amount: [33m227.00678479343716[39m,
    category: [32m&apos;Test&apos;[39m,
    accountId: [32m&apos;main&apos;[39m
  },
  userId: [32m&apos;test-user-123&apos;[39m,
  severity: [32m&apos;low&apos;[39m,
  userAgent: [32m&apos;Mozilla/5.0 (win32) AppleWebKit/537.36 (KHTML, like Gecko) jsdom/27.3.0&apos;[39m,
  ip: [32m&apos;client_ip_unavailable&apos;[39m,
  sessionId: [32m&apos;session_1770159299405_y5lcej202&apos;[39m
}
[AUDIT: LOW] data_create {
  id: [32m&apos;audit_1770159300832_dmdfsxjcl&apos;[39m,
  timestamp: [32m&apos;2026-02-03T22:55:00.832Z&apos;[39m,
  action: [32m&apos;data_create&apos;[39m,
  details: {
    entityType: [32m&apos;transaction&apos;[39m,
    entityId: [32m&apos;fdef4fdd-4764-432e-9445-e807e0a7ae1a&apos;[39m,
    amount: [33m612.8702159199921[39m,
    category: [32m&apos;Test&apos;[39m,
    accountId: [32m&apos;main&apos;[39m
  },
  userId: [32m&apos;test-user-123&apos;[39m,
  severity: [32m&apos;low&apos;[39m,
  userAgent: [32m&apos;Mozilla/5.0 (win32) AppleWebKit/537.36 (KHTML, like Gecko) jsdom/27.3.0&apos;[39m,
  ip: [32m&apos;client_ip_unavailable&apos;[39m,
  sessionId: [32m&apos;session_1770159299405_y5lcej202&apos;[39m
}
[AUDIT: LOW] data_create {
  id: [32m&apos;audit_1770159300834_epvz73768&apos;[39m,
  timestamp: [32m&apos;2026-02-03T22:55:00.834Z&apos;[39m,
  action: [32m&apos;data_create&apos;[39m,
  details: {
    entityType: [32m&apos;transaction&apos;[39m,
    entityId: [32m&apos;64a27907-d22e-46fc-a1f5-011c2eaefd78&apos;[39m,
    amount: [33m97.58803155959595[39m,
    category: [32m&apos;Test&apos;[39m,
    accountId: [32m&apos;main&apos;[39m
  },
  userId: [32m&apos;test-user-123&apos;[39m,
  severity: [32m&apos;low&apos;[39m,
  userAgent: [32m&apos;Mozilla/5.0 (win32) AppleWebKit/537.36 (KHTML, like Gecko) jsdom/27.3.0&apos;[39m,
  ip: [32m&apos;client_ip_unavailable&apos;[39m,
  sessionId: [32m&apos;session_1770159299405_y5lcej202&apos;[39m
}
[AUDIT: LOW] data_create {
  id: [32m&apos;audit_1770159300838_xl6na2j4t&apos;[39m,
  timestamp: [32m&apos;2026-02-03T22:55:00.838Z&apos;[39m,
  action: [32m&apos;data_create&apos;[39m,
  details: {
    entityType: [32m&apos;transaction&apos;[39m,
    entityId: [32m&apos;6213157f-c992-47c0-96ff-7fb7e2d790eb&apos;[39m,
    amount: [33m488.35479891951275[39m,
    category: [32m&apos;Test&apos;[39m,
    accountId: [32m&apos;main&apos;[39m
  },
  userId: [32m&apos;test-user-123&apos;[39m,
  severity: [32m&apos;low&apos;[39m,
  userAgent: [32m&apos;Mozilla/5.0 (win32) AppleWebKit/537.36 (KHTML, like Gecko) jsdom/27.3.0&apos;[39m,
  ip: [32m&apos;client_ip_unavailable&apos;[39m,
  sessionId: [32m&apos;session_1770159299405_y5lcej202&apos;[39m
}
[AUDIT: LOW] data_create {
  id: [32m&apos;audit_1770159300844_ob3jzn2w3&apos;[39m,
  timestamp: [32m&apos;2026-02-03T22:55:00.844Z&apos;[39m,
  action: [32m&apos;data_create&apos;[39m,
  details: {
    entityType: [32m&apos;transaction&apos;[39m,
    entityId: [32m&apos;841ccc5c-bf4d-40c1-8fac-e7e4ffafe838&apos;[39m,
    amount: [33m170.96666164272943[39m,
    category: [32m&apos;Test&apos;[39m,
    accountId: [32m&apos;main&apos;[39m
  },
  userId: [32m&apos;test-user-123&apos;[39m,
  severity: [32m&apos;low&apos;[39m,
  userAgent: [32m&apos;Mozilla/5.0 (win32) AppleWebKit/537.36 (KHTML, like Gecko) jsdom/27.3.0&apos;[39m,
  ip: [32m&apos;client_ip_unavailable&apos;[39m,
  sessionId: [32m&apos;session_1770159299405_y5lcej202&apos;[39m
}
[AUDIT: LOW] data_create {
  id: [32m&apos;audit_1770159300850_fhe6e53mv&apos;[39m,
  timestamp: [32m&apos;2026-02-03T22:55:00.850Z&apos;[39m,
  action: [32m&apos;data_create&apos;[39m,
  details: {
    entityType: [32m&apos;transaction&apos;[39m,
    entityId: [32m&apos;2d8724f1-4744-457f-8611-70ee843bdf05&apos;[39m,
    amount: [33m526.7798677587738[39m,
    category: [32m&apos;Test&apos;[39m,
    accountId: [32m&apos;main&apos;[39m
  },
  userId: [32m&apos;test-user-123&apos;[39m,
  severity: [32m&apos;low&apos;[39m,
  userAgent: [32m&apos;Mozilla/5.0 (win32) AppleWebKit/537.36 (KHTML, like Gecko) jsdom/27.3.0&apos;[39m,
  ip: [32m&apos;client_ip_unavailable&apos;[39m,
  sessionId: [32m&apos;session_1770159299405_y5lcej202&apos;[39m
}
[AUDIT: LOW] data_create {
  id: [32m&apos;audit_1770159300855_hd2gtpvwk&apos;[39m,
  timestamp: [32m&apos;2026-02-03T22:55:00.855Z&apos;[39m,
  action: [32m&apos;data_create&apos;[39m,
  details: {
    entityType: [32m&apos;transaction&apos;[39m,
    entityId: [32m&apos;4681a9f5-f3b0-4c9a-950c-2c725f0ac62a&apos;[39m,
    amount: [33m225.39074191457132[39m,
    category: [32m&apos;Test&apos;[39m,
    accountId: [32m&apos;main&apos;[39m
  },
  userId: [32m&apos;test-user-123&apos;[39m,
  severity: [32m&apos;low&apos;[39m,
  userAgent: [32m&apos;Mozilla/5.0 (win32) AppleWebKit/537.36 (KHTML, like Gecko) jsdom/27.3.0&apos;[39m,
  ip: [32m&apos;client_ip_unavailable&apos;[39m,
  sessionId: [32m&apos;session_1770159299405_y5lcej202&apos;[39m
}
[AUDIT: LOW] data_create {
  id: [32m&apos;audit_1770159300859_95ay0omvi&apos;[39m,
  timestamp: [32m&apos;2026-02-03T22:55:00.859Z&apos;[39m,
  action: [32m&apos;data_create&apos;[39m,
  details: {
    entityType: [32m&apos;transaction&apos;[39m,
    entityId: [32m&apos;023dbf0e-85f2-4f5b-b130-5d8fef0f762a&apos;[39m,
    amount: [33m617.0131129273632[39m,
    category: [32m&apos;Test&apos;[39m,
    accountId: [32m&apos;main&apos;[39m
  },
  userId: [32m&apos;test-user-123&apos;[39m,
  severity: [32m&apos;low&apos;[39m,
  userAgent: [32m&apos;Mozilla/5.0 (win32) AppleWebKit/537.36 (KHTML, like Gecko) jsdom/27.3.0&apos;[39m,
  ip: [32m&apos;client_ip_unavailable&apos;[39m,
  sessionId: [32m&apos;session_1770159299405_y5lcej202&apos;[39m
}
[AUDIT: LOW] data_create {
  id: [32m&apos;audit_1770159300862_itddoleql&apos;[39m,
  timestamp: [32m&apos;2026-02-03T22:55:00.862Z&apos;[39m,
  action: [32m&apos;data_create&apos;[39m,
  details: {
    entityType: [32m&apos;transaction&apos;[39m,
    entityId: [32m&apos;7b2c9c9f-d178-4cbb-986f-5b413110d1fa&apos;[39m,
    amount: [33m805.5171270128463[39m,
    category: [32m&apos;Test&apos;[39m,
    accountId: [32m&apos;main&apos;[39m
  },
  userId: [32m&apos;test-user-123&apos;[39m,
  severity: [32m&apos;low&apos;[39m,
  userAgent: [32m&apos;Mozilla/5.0 (win32) AppleWebKit/537.36 (KHTML, like Gecko) jsdom/27.3.0&apos;[39m,
  ip: [32m&apos;client_ip_unavailable&apos;[39m,
  sessionId: [32m&apos;session_1770159299405_y5lcej202&apos;[39m
}
[AUDIT: LOW] data_create {
  id: [32m&apos;audit_1770159300865_n0x34vi16&apos;[39m,
  timestamp: [32m&apos;2026-02-03T22:55:00.865Z&apos;[39m,
  action: [32m&apos;data_create&apos;[39m,
  details: {
    entityType: [32m&apos;transaction&apos;[39m,
    entityId: [32m&apos;b3b5617b-f2a5-4e9e-86de-0c222c1a63f3&apos;[39m,
    amount: [33m119.76853638000651[39m,
    category: [32m&apos;Test&apos;[39m,
    accountId: [32m&apos;main&apos;[39m
  },
  userId: [32m&apos;test-user-123&apos;[39m,
  severity: [32m&apos;low&apos;[39m,
  userAgent: [32m&apos;Mozilla/5.0 (win32) AppleWebKit/537.36 (KHTML, like Gecko) jsdom/27.3.0&apos;[39m,
  ip: [32m&apos;client_ip_unavailable&apos;[39m,
  sessionId: [32m&apos;session_1770159299405_y5lcej202&apos;[39m
}
[AUDIT: LOW] data_create {
  id: [32m&apos;audit_1770159300868_0ivhti04v&apos;[39m,
  timestamp: [32m&apos;2026-02-03T22:55:00.868Z&apos;[39m,
  action: [32m&apos;data_create&apos;[39m,
  details: {
    entityType: [32m&apos;transaction&apos;[39m,
    entityId: [32m&apos;6a24380f-5f1d-4950-8fa2-3e8eba5250b7&apos;[39m,
    amount: [33m289.33508440750575[39m,
    category: [32m&apos;Test&apos;[39m,
    accountId: [32m&apos;main&apos;[39m
  },
  userId: [32m&apos;test-user-123&apos;[39m,
  severity: [32m&apos;low&apos;[39m,
  userAgent: [32m&apos;Mozilla/5.0 (win32) AppleWebKit/537.36 (KHTML, like Gecko) jsdom/27.3.0&apos;[39m,
  ip: [32m&apos;client_ip_unavailable&apos;[39m,
  sessionId: [32m&apos;session_1770159299405_y5lcej202&apos;[39m
}
[AUDIT: LOW] data_create {
  id: [32m&apos;audit_1770159300874_j2hrp4rpr&apos;[39m,
  timestamp: [32m&apos;2026-02-03T22:55:00.874Z&apos;[39m,
  action: [32m&apos;data_create&apos;[39m,
  details: {
    entityType: [32m&apos;transaction&apos;[39m,
    entityId: [32m&apos;63a4e363-7070-4844-b99b-e71da890c383&apos;[39m,
    amount: [33m151.6969736791013[39m,
    category: [32m&apos;Test&apos;[39m,
    accountId: [32m&apos;main&apos;[39m
  },
  userId: [32m&apos;test-user-123&apos;[39m,
  severity: [32m&apos;low&apos;[39m,
  userAgent: [32m&apos;Mozilla/5.0 (win32) AppleWebKit/537.36 (KHTML, like Gecko) jsdom/27.3.0&apos;[39m,
  ip: [32m&apos;client_ip_unavailable&apos;[39m,
  sessionId: [32m&apos;session_1770159299405_y5lcej202&apos;[39m
}
[AUDIT: LOW] data_create {
  id: [32m&apos;audit_1770159300877_jbw0et7m5&apos;[39m,
  timestamp: [32m&apos;2026-02-03T22:55:00.877Z&apos;[39m,
  action: [32m&apos;data_create&apos;[39m,
  details: {
    entityType: [32m&apos;transaction&apos;[39m,
    entityId: [32m&apos;2380f822-7852-4b10-80e7-dce414ee5de7&apos;[39m,
    amount: [33m179.22845536234334[39m,
    category: [32m&apos;Test&apos;[39m,
    accountId: [32m&apos;main&apos;[39m
  },
  userId: [32m&apos;test-user-123&apos;[39m,
  severity: [32m&apos;low&apos;[39m,
  userAgent: [32m&apos;Mozilla/5.0 (win32) AppleWebKit/537.36 (KHTML, like Gecko) jsdom/27.3.0&apos;[39m,
  ip: [32m&apos;client_ip_unavailable&apos;[39m,
  sessionId: [32m&apos;session_1770159299405_y5lcej202&apos;[39m
}
[AUDIT: LOW] data_create {
  id: [32m&apos;audit_1770159300879_gv83oxsxm&apos;[39m,
  timestamp: [32m&apos;2026-02-03T22:55:00.879Z&apos;[39m,
  action: [32m&apos;data_create&apos;[39m,
  details: {
    entityType: [32m&apos;transaction&apos;[39m,
    entityId: [32m&apos;cc342945-647c-4364-ba76-ae8c70415ed3&apos;[39m,
    amount: [33m734.4305176371832[39m,
    category: [32m&apos;Test&apos;[39m,
    accountId: [32m&apos;main&apos;[39m
  },
  userId: [32m&apos;test-user-123&apos;[39m,
  severity: [32m&apos;low&apos;[39m,
  userAgent: [32m&apos;Mozilla/5.0 (win32) AppleWebKit/537.36 (KHTML, like Gecko) jsdom/27.3.0&apos;[39m,
  ip: [32m&apos;client_ip_unavailable&apos;[39m,
  sessionId: [32m&apos;session_1770159299405_y5lcej202&apos;[39m
}
[AUDIT: LOW] data_create {
  id: [32m&apos;audit_1770159300882_l0gvmwny7&apos;[39m,
  timestamp: [32m&apos;2026-02-03T22:55:00.882Z&apos;[39m,
  action: [32m&apos;data_create&apos;[39m,
  details: {
    entityType: [32m&apos;transaction&apos;[39m,
    entityId: [32m&apos;d96dd84a-f079-427c-a0a1-0def1872ba88&apos;[39m,
    amount: [33m665.3664390168307[39m,
    category: [32m&apos;Test&apos;[39m,
    accountId: [32m&apos;main&apos;[39m
  },
  userId: [32m&apos;test-user-123&apos;[39m,
  severity: [32m&apos;low&apos;[39m,
  userAgent: [32m&apos;Mozilla/5.0 (win32) AppleWebKit/537.36 (KHTML, like Gecko) jsdom/27.3.0&apos;[39m,
  ip: [32m&apos;client_ip_unavailable&apos;[39m,
  sessionId: [32m&apos;session_1770159299405_y5lcej202&apos;[39m
}
[AUDIT: LOW] data_create {
  id: [32m&apos;audit_1770159300885_96xn2b917&apos;[39m,
  timestamp: [32m&apos;2026-02-03T22:55:00.885Z&apos;[39m,
  action: [32m&apos;data_create&apos;[39m,
  details: {
    entityType: [32m&apos;transaction&apos;[39m,
    entityId: [32m&apos;31c36228-61d8-46ac-878d-3ae3405357de&apos;[39m,
    amount: [33m673.4095486795967[39m,
    category: [32m&apos;Test&apos;[39m,
    accountId: [32m&apos;main&apos;[39m
  },
  userId: [32m&apos;test-user-123&apos;[39m,
  severity: [32m&apos;low&apos;[39m,
  userAgent: [32m&apos;Mozilla/5.0 (win32) AppleWebKit/537.36 (KHTML, like Gecko) jsdom/27.3.0&apos;[39m,
  ip: [32m&apos;client_ip_unavailable&apos;[39m,
  sessionId: [32m&apos;session_1770159299405_y5lcej202&apos;[39m
}
[AUDIT: LOW] data_create {
  id: [32m&apos;audit_1770159300889_0p7b03u4g&apos;[39m,
  timestamp: [32m&apos;2026-02-03T22:55:00.889Z&apos;[39m,
  action: [32m&apos;data_create&apos;[39m,
  details: {
    entityType: [32m&apos;transaction&apos;[39m,
    entityId: [32m&apos;c05ebe5c-63bf-4c55-9b1f-06f27771e6ee&apos;[39m,
    amount: [33m7.389072251770545[39m,
    category: [32m&apos;Test&apos;[39m,
    accountId: [32m&apos;main&apos;[39m
  },
  userId: [32m&apos;test-user-123&apos;[39m,
  severity: [32m&apos;low&apos;[39m,
  userAgent: [32m&apos;Mozilla/5.0 (win32) AppleWebKit/537.36 (KHTML, like Gecko) jsdom/27.3.0&apos;[39m,
  ip: [32m&apos;client_ip_unavailable&apos;[39m,
  sessionId: [32m&apos;session_1770159299405_y5lcej202&apos;[39m
}
[AUDIT: LOW] data_create {
  id: [32m&apos;audit_1770159300891_prpiujfpe&apos;[39m,
  timestamp: [32m&apos;2026-02-03T22:55:00.891Z&apos;[39m,
  action: [32m&apos;data_create&apos;[39m,
  details: {
    entityType: [32m&apos;transaction&apos;[39m,
    entityId: [32m&apos;73a001cb-1eca-409a-a8a2-789e677b0705&apos;[39m,
    amount: [33m655.4113674384159[39m,
    category: [32m&apos;Test&apos;[39m,
    accountId: [32m&apos;main&apos;[39m
  },
  userId: [32m&apos;test-user-123&apos;[39m,
  severity: [32m&apos;low&apos;[39m,
  userAgent: [32m&apos;Mozilla/5.0 (win32) AppleWebKit/537.36 (KHTML, like Gecko) jsdom/27.3.0&apos;[39m,
  ip: [32m&apos;client_ip_unavailable&apos;[39m,
  sessionId: [32m&apos;session_1770159299405_y5lcej202&apos;[39m
}
[AUDIT: LOW] data_create {
  id: [32m&apos;audit_1770159300895_pg4c4i01h&apos;[39m,
  timestamp: [32m&apos;2026-02-03T22:55:00.895Z&apos;[39m,
  action: [32m&apos;data_create&apos;[39m,
  details: {
    entityType: [32m&apos;transaction&apos;[39m,
    entityId: [32m&apos;d0c6308e-650b-4a25-9156-e996b933d328&apos;[39m,
    amount: [33m834.0012373737675[39m,
    category: [32m&apos;Test&apos;[39m,
    accountId: [32m&apos;main&apos;[39m
  },
  userId: [32m&apos;test-user-123&apos;[39m,
  severity: [32m&apos;low&apos;[39m,
  userAgent: [32m&apos;Mozilla/5.0 (win32) AppleWebKit/537.36 (KHTML, like Gecko) jsdom/27.3.0&apos;[39m,
  ip: [32m&apos;client_ip_unavailable&apos;[39m,
  sessionId: [32m&apos;session_1770159299405_y5lcej202&apos;[39m
}
[AUDIT: LOW] data_create {
  id: [32m&apos;audit_1770159300898_7gyg6na7n&apos;[39m,
  timestamp: [32m&apos;2026-02-03T22:55:00.898Z&apos;[39m,
  action: [32m&apos;data_create&apos;[39m,
  details: {
    entityType: [32m&apos;transaction&apos;[39m,
    entityId: [32m&apos;d3b465e5-22ec-4592-85a9-7c825d1f418a&apos;[39m,
    amount: [33m299.49167319015834[39m,
    category: [32m&apos;Test&apos;[39m,
    accountId: [32m&apos;main&apos;[39m
  },
  userId: [32m&apos;test-user-123&apos;[39m,
  severity: [32m&apos;low&apos;[39m,
  userAgent: [32m&apos;Mozilla/5.0 (win32) AppleWebKit/537.36 (KHTML, like Gecko) jsdom/27.3.0&apos;[39m,
  ip: [32m&apos;client_ip_unavailable&apos;[39m,
  sessionId: [32m&apos;session_1770159299405_y5lcej202&apos;[39m
}
[AUDIT: LOW] data_create {
  id: [32m&apos;audit_1770159300902_yo7w914z3&apos;[39m,
  timestamp: [32m&apos;2026-02-03T22:55:00.902Z&apos;[39m,
  action: [32m&apos;data_create&apos;[39m,
  details: {
    entityType: [32m&apos;transaction&apos;[39m,
    entityId: [32m&apos;bd9cdc5b-73d9-4984-8fb6-078959f5f083&apos;[39m,
    amount: [33m916.9095100673912[39m,
    category: [32m&apos;Test&apos;[39m,
    accountId: [32m&apos;main&apos;[39m
  },
  userId: [32m&apos;test-user-123&apos;[39m,
  severity: [32m&apos;low&apos;[39m,
  userAgent: [32m&apos;Mozilla/5.0 (win32) AppleWebKit/537.36 (KHTML, like Gecko) jsdom/27.3.0&apos;[39m,
  ip: [32m&apos;client_ip_unavailable&apos;[39m,
  sessionId: [32m&apos;session_1770159299405_y5lcej202&apos;[39m
}
[AUDIT: LOW] data_create {
  id: [32m&apos;audit_1770159300905_07uw1d9bm&apos;[39m,
  timestamp: [32m&apos;2026-02-03T22:55:00.905Z&apos;[39m,
  action: [32m&apos;data_create&apos;[39m,
  details: {
    entityType: [32m&apos;transaction&apos;[39m,
    entityId: [32m&apos;520378ae-3ea4-45f2-bb86-ab3ed88a2f0e&apos;[39m,
    amount: [33m612.3299872562303[39m,
    category: [32m&apos;Test&apos;[39m,
    accountId: [32m&apos;main&apos;[39m
  },
  userId: [32m&apos;test-user-123&apos;[39m,
  severity: [32m&apos;low&apos;[39m,
  userAgent: [32m&apos;Mozilla/5.0 (win32) AppleWebKit/537.36 (KHTML, like Gecko) jsdom/27.3.0&apos;[39m,
  ip: [32m&apos;client_ip_unavailable&apos;[39m,
  sessionId: [32m&apos;session_1770159299405_y5lcej202&apos;[39m
}
[AUDIT: LOW] data_create {
  id: [32m&apos;audit_1770159300910_e3rvjk27b&apos;[39m,
  timestamp: [32m&apos;2026-02-03T22:55:00.910Z&apos;[39m,
  action: [32m&apos;data_create&apos;[39m,
  details: {
    entityType: [32m&apos;transaction&apos;[39m,
    entityId: [32m&apos;f1935c00-c324-4af6-89db-71b7db195a92&apos;[39m,
    amount: [33m625.9268327989541[39m,
    category: [32m&apos;Test&apos;[39m,
    accountId: [32m&apos;main&apos;[39m
  },
  userId: [32m&apos;test-user-123&apos;[39m,
  severity: [32m&apos;low&apos;[39m,
  userAgent: [32m&apos;Mozilla/5.0 (win32) AppleWebKit/537.36 (KHTML, like Gecko) jsdom/27.3.0&apos;[39m,
  ip: [32m&apos;client_ip_unavailable&apos;[39m,
  sessionId: [32m&apos;session_1770159299405_y5lcej202&apos;[39m
}
[AUDIT: LOW] data_create {
  id: [32m&apos;audit_1770159300914_yetx5c6b0&apos;[39m,
  timestamp: [32m&apos;2026-02-03T22:55:00.914Z&apos;[39m,
  action: [32m&apos;data_create&apos;[39m,
  details: {
    entityType: [32m&apos;transaction&apos;[39m,
    entityId: [32m&apos;84930d1d-d6af-43be-a020-ff37aacbd814&apos;[39m,
    amount: [33m162.4273161466877[39m,
    category: [32m&apos;Test&apos;[39m,
    accountId: [32m&apos;main&apos;[39m
  },
  userId: [32m&apos;test-user-123&apos;[39m,
  severity: [32m&apos;low&apos;[39m,
  userAgent: [32m&apos;Mozilla/5.0 (win32) AppleWebKit/537.36 (KHTML, like Gecko) jsdom/27.3.0&apos;[39m,
  ip: [32m&apos;client_ip_unavailable&apos;[39m,
  sessionId: [32m&apos;session_1770159299405_y5lcej202&apos;[39m
}
[AUDIT: LOW] data_create {
  id: [32m&apos;audit_1770159300917_7l292llnn&apos;[39m,
  timestamp: [32m&apos;2026-02-03T22:55:00.917Z&apos;[39m,
  action: [32m&apos;data_create&apos;[39m,
  details: {
    entityType: [32m&apos;transaction&apos;[39m,
    entityId: [32m&apos;3804075a-3a90-4cc2-8c3f-873f73495c0e&apos;[39m,
    amount: [33m508.7435299450028[39m,
    category: [32m&apos;Test&apos;[39m,
    accountId: [32m&apos;main&apos;[39m
  },
  userId: [32m&apos;test-user-123&apos;[39m,
  severity: [32m&apos;low&apos;[39m,
  userAgent: [32m&apos;Mozilla/5.0 (win32) AppleWebKit/537.36 (KHTML, like Gecko) jsdom/27.3.0&apos;[39m,
  ip: [32m&apos;client_ip_unavailable&apos;[39m,
  sessionId: [32m&apos;session_1770159299405_y5lcej202&apos;[39m
}
[AUDIT: LOW] data_create {
  id: [32m&apos;audit_1770159300919_adidvlpbi&apos;[39m,
  timestamp: [32m&apos;2026-02-03T22:55:00.919Z&apos;[39m,
  action: [32m&apos;data_create&apos;[39m,
  details: {
    entityType: [32m&apos;transaction&apos;[39m,
    entityId: [32m&apos;8f4352fb-cf6c-4e72-acfd-ebbd4d031e34&apos;[39m,
    amount: [33m303.0035375707315[39m,
    category: [32m&apos;Test&apos;[39m,
    accountId: [32m&apos;main&apos;[39m
  },
  userId: [32m&apos;test-user-123&apos;[39m,
  severity: [32m&apos;low&apos;[39m,
  userAgent: [32m&apos;Mozilla/5.0 (win32) AppleWebKit/537.36 (KHTML, like Gecko) jsdom/27.3.0&apos;[39m,
  ip: [32m&apos;client_ip_unavailable&apos;[39m,
  sessionId: [32m&apos;session_1770159299405_y5lcej202&apos;[39m
}
[AUDIT: LOW] data_create {
  id: [32m&apos;audit_1770159300922_4cgcrr2kw&apos;[39m,
  timestamp: [32m&apos;2026-02-03T22:55:00.922Z&apos;[39m,
  action: [32m&apos;data_create&apos;[39m,
  details: {
    entityType: [32m&apos;transaction&apos;[39m,
    entityId: [32m&apos;1ea11d13-d965-4df7-a156-32078bbab1f3&apos;[39m,
    amount: [33m573.905749842628[39m,
    category: [32m&apos;Test&apos;[39m,
    accountId: [32m&apos;main&apos;[39m
  },
  userId: [32m&apos;test-user-123&apos;[39m,
  severity: [32m&apos;low&apos;[39m,
  userAgent: [32m&apos;Mozilla/5.0 (win32) AppleWebKit/537.36 (KHTML, like Gecko) jsdom/27.3.0&apos;[39m,
  ip: [32m&apos;client_ip_unavailable&apos;[39m,
  sessionId: [32m&apos;session_1770159299405_y5lcej202&apos;[39m
}
[AUDIT: LOW] data_create {
  id: [32m&apos;audit_1770159300924_pw8zhd960&apos;[39m,
  timestamp: [32m&apos;2026-02-03T22:55:00.924Z&apos;[39m,
  action: [32m&apos;data_create&apos;[39m,
  details: {
    entityType: [32m&apos;transaction&apos;[39m,
    entityId: [32m&apos;f121fdd0-3f7c-44fb-8e85-6072550102aa&apos;[39m,
    amount: [33m814.0523504099302[39m,
    category: [32m&apos;Test&apos;[39m,
    accountId: [32m&apos;main&apos;[39m
  },
  userId: [32m&apos;test-user-123&apos;[39m,
  severity: [32m&apos;low&apos;[39m,
  userAgent: [32m&apos;Mozilla/5.0 (win32) AppleWebKit/537.36 (KHTML, like Gecko) jsdom/27.3.0&apos;[39m,
  ip: [32m&apos;client_ip_unavailable&apos;[39m,
  sessionId: [32m&apos;session_1770159299405_y5lcej202&apos;[39m
}
[AUDIT: LOW] data_create {
  id: [32m&apos;audit_1770159300927_vu49d83an&apos;[39m,
  timestamp: [32m&apos;2026-02-03T22:55:00.927Z&apos;[39m,
  action: [32m&apos;data_create&apos;[39m,
  details: {
    entityType: [32m&apos;transaction&apos;[39m,
    entityId: [32m&apos;faff9b67-c0fe-4c6d-8b39-ead80cea56cb&apos;[39m,
    amount: [33m724.1909484918248[39m,
    category: [32m&apos;Test&apos;[39m,
    accountId: [32m&apos;main&apos;[39m
  },
  userId: [32m&apos;test-user-123&apos;[39m,
  severity: [32m&apos;low&apos;[39m,
  userAgent: [32m&apos;Mozilla/5.0 (win32) AppleWebKit/537.36 (KHTML, like Gecko) jsdom/27.3.0&apos;[39m,
  ip: [32m&apos;client_ip_unavailable&apos;[39m,
  sessionId: [32m&apos;session_1770159299405_y5lcej202&apos;[39m
}
[AUDIT: LOW] data_create {
  id: [32m&apos;audit_1770159300930_zspxacoim&apos;[39m,
  timestamp: [32m&apos;2026-02-03T22:55:00.930Z&apos;[39m,
  action: [32m&apos;data_create&apos;[39m,
  details: {
    entityType: [32m&apos;transaction&apos;[39m,
    entityId: [32m&apos;9fe26fb7-7344-4b6f-b932-362e2686c4c3&apos;[39m,
    amount: [33m479.4296118106827[39m,
    category: [32m&apos;Test&apos;[39m,
    accountId: [32m&apos;main&apos;[39m
  },
  userId: [32m&apos;test-user-123&apos;[39m,
  severity: [32m&apos;low&apos;[39m,
  userAgent: [32m&apos;Mozilla/5.0 (win32) AppleWebKit/537.36 (KHTML, like Gecko) jsdom/27.3.0&apos;[39m,
  ip: [32m&apos;client_ip_unavailable&apos;[39m,
  sessionId: [32m&apos;session_1770159299405_y5lcej202&apos;[39m
}
[AUDIT: LOW] data_create {
  id: [32m&apos;audit_1770159300933_me1rizxl2&apos;[39m,
  timestamp: [32m&apos;2026-02-03T22:55:00.933Z&apos;[39m,
  action: [32m&apos;data_create&apos;[39m,
  details: {
    entityType: [32m&apos;transaction&apos;[39m,
    entityId: [32m&apos;954cf73b-038f-40c3-ba80-d5f0615ceb07&apos;[39m,
    amount: [33m132.68564742017398[39m,
    category: [32m&apos;Test&apos;[39m,
    accountId: [32m&apos;main&apos;[39m
  },
  userId: [32m&apos;test-user-123&apos;[39m,
  severity: [32m&apos;low&apos;[39m,
  userAgent: [32m&apos;Mozilla/5.0 (win32) AppleWebKit/537.36 (KHTML, like Gecko) jsdom/27.3.0&apos;[39m,
  ip: [32m&apos;client_ip_unavailable&apos;[39m,
  sessionId: [32m&apos;session_1770159299405_y5lcej202&apos;[39m
}
[AUDIT: LOW] data_create {
  id: [32m&apos;audit_1770159300936_xhe6vd11l&apos;[39m,
  timestamp: [32m&apos;2026-02-03T22:55:00.936Z&apos;[39m,
  action: [32m&apos;data_create&apos;[39m,
  details: {
    entityType: [32m&apos;transaction&apos;[39m,
    entityId: [32m&apos;8d0a620d-1297-4823-9d1e-7ba7d4dca1cf&apos;[39m,
    amount: [33m430.10356525906093[39m,
    category: [32m&apos;Test&apos;[39m,
    accountId: [32m&apos;main&apos;[39m
  },
  userId: [32m&apos;test-user-123&apos;[39m,
  severity: [32m&apos;low&apos;[39m,
  userAgent: [32m&apos;Mozilla/5.0 (win32) AppleWebKit/537.36 (KHTML, like Gecko) jsdom/27.3.0&apos;[39m,
  ip: [32m&apos;client_ip_unavailable&apos;[39m,
  sessionId: [32m&apos;session_1770159299405_y5lcej202&apos;[39m
}
[AUDIT: LOW] data_create {
  id: [32m&apos;audit_1770159300939_vtehs6bzi&apos;[39m,
  timestamp: [32m&apos;2026-02-03T22:55:00.939Z&apos;[39m,
  action: [32m&apos;data_create&apos;[39m,
  details: {
    entityType: [32m&apos;transaction&apos;[39m,
    entityId: [32m&apos;402c5f8b-ed34-4978-ac5d-c61bc9082882&apos;[39m,
    amount: [33m664.9465439061511[39m,
    category: [32m&apos;Test&apos;[39m,
    accountId: [32m&apos;main&apos;[39m
  },
  userId: [32m&apos;test-user-123&apos;[39m,
  severity: [32m&apos;low&apos;[39m,
  userAgent: [32m&apos;Mozilla/5.0 (win32) AppleWebKit/537.36 (KHTML, like Gecko) jsdom/27.3.0&apos;[39m,
  ip: [32m&apos;client_ip_unavailable&apos;[39m,
  sessionId: [32m&apos;session_1770159299405_y5lcej202&apos;[39m
}
[AUDIT: LOW] data_create {
  id: [32m&apos;audit_1770159300942_80iul17hb&apos;[39m,
  timestamp: [32m&apos;2026-02-03T22:55:00.942Z&apos;[39m,
  action: [32m&apos;data_create&apos;[39m,
  details: {
    entityType: [32m&apos;transaction&apos;[39m,
    entityId: [32m&apos;41e3de17-d439-4cd2-bbf9-4311e3399c43&apos;[39m,
    amount: [33m498.0669895368871[39m,
    category: [32m&apos;Test&apos;[39m,
    accountId: [32m&apos;main&apos;[39m
  },
  userId: [32m&apos;test-user-123&apos;[39m,
  severity: [32m&apos;low&apos;[39m,
  userAgent: [32m&apos;Mozilla/5.0 (win32) AppleWebKit/537.36 (KHTML, like Gecko) jsdom/27.3.0&apos;[39m,
  ip: [32m&apos;client_ip_unavailable&apos;[39m,
  sessionId: [32m&apos;session_1770159299405_y5lcej202&apos;[39m
}
[AUDIT: LOW] data_create {
  id: [32m&apos;audit_1770159300945_ds8rbf5bm&apos;[39m,
  timestamp: [32m&apos;2026-02-03T22:55:00.945Z&apos;[39m,
  action: [32m&apos;data_create&apos;[39m,
  details: {
    entityType: [32m&apos;transaction&apos;[39m,
    entityId: [32m&apos;fa775129-d90b-4ee5-b555-7a9092de6160&apos;[39m,
    amount: [33m974.8852999231032[39m,
    category: [32m&apos;Test&apos;[39m,
    accountId: [32m&apos;main&apos;[39m
  },
  userId: [32m&apos;test-user-123&apos;[39m,
  severity: [32m&apos;low&apos;[39m,
  userAgent: [32m&apos;Mozilla/5.0 (win32) AppleWebKit/537.36 (KHTML, like Gecko) jsdom/27.3.0&apos;[39m,
  ip: [32m&apos;client_ip_unavailable&apos;[39m,
  sessionId: [32m&apos;session_1770159299405_y5lcej202&apos;[39m
}
[AUDIT: LOW] data_create {
  id: [32m&apos;audit_1770159300948_x7qjsaz31&apos;[39m,
  timestamp: [32m&apos;2026-02-03T22:55:00.948Z&apos;[39m,
  action: [32m&apos;data_create&apos;[39m,
  details: {
    entityType: [32m&apos;transaction&apos;[39m,
    entityId: [32m&apos;12546d92-436d-4956-b68e-78a902a710c3&apos;[39m,
    amount: [33m107.31408392939134[39m,
    category: [32m&apos;Test&apos;[39m,
    accountId: [32m&apos;main&apos;[39m
  },
  userId: [32m&apos;test-user-123&apos;[39m,
  severity: [32m&apos;low&apos;[39m,
  userAgent: [32m&apos;Mozilla/5.0 (win32) AppleWebKit/537.36 (KHTML, like Gecko) jsdom/27.3.0&apos;[39m,
  ip: [32m&apos;client_ip_unavailable&apos;[39m,
  sessionId: [32m&apos;session_1770159299405_y5lcej202&apos;[39m
}
[AUDIT: LOW] data_create {
  id: [32m&apos;audit_1770159300951_docensy1p&apos;[39m,
  timestamp: [32m&apos;2026-02-03T22:55:00.951Z&apos;[39m,
  action: [32m&apos;data_create&apos;[39m,
  details: {
    entityType: [32m&apos;transaction&apos;[39m,
    entityId: [32m&apos;add9724d-a144-46de-aabd-045e3756edf6&apos;[39m,
    amount: [33m88.01924641538706[39m,
    category: [32m&apos;Test&apos;[39m,
    accountId: [32m&apos;main&apos;[39m
  },
  userId: [32m&apos;test-user-123&apos;[39m,
  severity: [32m&apos;low&apos;[39m,
  userAgent: [32m&apos;Mozilla/5.0 (win32) AppleWebKit/537.36 (KHTML, like Gecko) jsdom/27.3.0&apos;[39m,
  ip: [32m&apos;client_ip_unavailable&apos;[39m,
  sessionId: [32m&apos;session_1770159299405_y5lcej202&apos;[39m
}
[AUDIT: LOW] data_create {
  id: [32m&apos;audit_1770159300954_bn40egsmh&apos;[39m,
  timestamp: [32m&apos;2026-02-03T22:55:00.954Z&apos;[39m,
  action: [32m&apos;data_create&apos;[39m,
  details: {
    entityType: [32m&apos;transaction&apos;[39m,
    entityId: [32m&apos;d0959553-9801-4100-a60a-e46235e48cfb&apos;[39m,
    amount: [33m719.3175208916921[39m,
    category: [32m&apos;Test&apos;[39m,
    accountId: [32m&apos;main&apos;[39m
  },
  userId: [32m&apos;test-user-123&apos;[39m,
  severity: [32m&apos;low&apos;[39m,
  userAgent: [32m&apos;Mozilla/5.0 (win32) AppleWebKit/537.36 (KHTML, like Gecko) jsdom/27.3.0&apos;[39m,
  ip: [32m&apos;client_ip_unavailable&apos;[39m,
  sessionId: [32m&apos;session_1770159299405_y5lcej202&apos;[39m
}
[AUDIT: LOW] data_create {
  id: [32m&apos;audit_1770159300957_5kfczgon0&apos;[39m,
  timestamp: [32m&apos;2026-02-03T22:55:00.957Z&apos;[39m,
  action: [32m&apos;data_create&apos;[39m,
  details: {
    entityType: [32m&apos;transaction&apos;[39m,
    entityId: [32m&apos;e32a228c-ca2d-4d70-bf05-e833d975f622&apos;[39m,
    amount: [33m918.1900348695211[39m,
    category: [32m&apos;Test&apos;[39m,
    accountId: [32m&apos;main&apos;[39m
  },
  userId: [32m&apos;test-user-123&apos;[39m,
  severity: [32m&apos;low&apos;[39m,
  userAgent: [32m&apos;Mozilla/5.0 (win32) AppleWebKit/537.36 (KHTML, like Gecko) jsdom/27.3.0&apos;[39m,
  ip: [32m&apos;client_ip_unavailable&apos;[39m,
  sessionId: [32m&apos;session_1770159299405_y5lcej202&apos;[39m
}
[AUDIT: LOW] data_create {
  id: [32m&apos;audit_1770159300959_a93o6avxq&apos;[39m,
  timestamp: [32m&apos;2026-02-03T22:55:00.959Z&apos;[39m,
  action: [32m&apos;data_create&apos;[39m,
  details: {
    entityType: [32m&apos;transaction&apos;[39m,
    entityId: [32m&apos;5e39f220-328e-4796-bd13-9d706389f769&apos;[39m,
    amount: [33m810.3736175093946[39m,
    category: [32m&apos;Test&apos;[39m,
    accountId: [32m&apos;main&apos;[39m
  },
  userId: [32m&apos;test-user-123&apos;[39m,
  severity: [32m&apos;low&apos;[39m,
  userAgent: [32m&apos;Mozilla/5.0 (win32) AppleWebKit/537.36 (KHTML, like Gecko) jsdom/27.3.0&apos;[39m,
  ip: [32m&apos;client_ip_unavailable&apos;[39m,
  sessionId: [32m&apos;session_1770159299405_y5lcej202&apos;[39m
}
[AUDIT: LOW] data_create {
  id: [32m&apos;audit_1770159300962_adew9coum&apos;[39m,
  timestamp: [32m&apos;2026-02-03T22:55:00.962Z&apos;[39m,
  action: [32m&apos;data_create&apos;[39m,
  details: {
    entityType: [32m&apos;transaction&apos;[39m,
    entityId: [32m&apos;d7e5a869-29ca-47de-981d-89df1cbf4d03&apos;[39m,
    amount: [33m52.26482874978389[39m,
    category: [32m&apos;Test&apos;[39m,
    accountId: [32m&apos;main&apos;[39m
  },
  userId: [32m&apos;test-user-123&apos;[39m,
  severity: [32m&apos;low&apos;[39m,
  userAgent: [32m&apos;Mozilla/5.0 (win32) AppleWebKit/537.36 (KHTML, like Gecko) jsdom/27.3.0&apos;[39m,
  ip: [32m&apos;client_ip_unavailable&apos;[39m,
  sessionId: [32m&apos;session_1770159299405_y5lcej202&apos;[39m
}
[AUDIT: LOW] data_create {
  id: [32m&apos;audit_1770159300964_1geaed3vh&apos;[39m,
  timestamp: [32m&apos;2026-02-03T22:55:00.964Z&apos;[39m,
  action: [32m&apos;data_create&apos;[39m,
  details: {
    entityType: [32m&apos;transaction&apos;[39m,
    entityId: [32m&apos;3f8681ab-35f4-4313-ad8b-e6cf5a338bef&apos;[39m,
    amount: [33m497.69505741471033[39m,
    category: [32m&apos;Test&apos;[39m,
    accountId: [32m&apos;main&apos;[39m
  },
  userId: [32m&apos;test-user-123&apos;[39m,
  severity: [32m&apos;low&apos;[39m,
  userAgent: [32m&apos;Mozilla/5.0 (win32) AppleWebKit/537.36 (KHTML, like Gecko) jsdom/27.3.0&apos;[39m,
  ip: [32m&apos;client_ip_unavailable&apos;[39m,
  sessionId: [32m&apos;session_1770159299405_y5lcej202&apos;[39m
}
[AUDIT: LOW] data_create {
  id: [32m&apos;audit_1770159300967_7cmlb27b8&apos;[39m,
  timestamp: [32m&apos;2026-02-03T22:55:00.967Z&apos;[39m,
  action: [32m&apos;data_create&apos;[39m,
  details: {
    entityType: [32m&apos;transaction&apos;[39m,
    entityId: [32m&apos;292f9808-391c-4ecc-83da-bbb3a24da91c&apos;[39m,
    amount: [33m479.91383486498853[39m,
    category: [32m&apos;Test&apos;[39m,
    accountId: [32m&apos;main&apos;[39m
  },
  userId: [32m&apos;test-user-123&apos;[39m,
  severity: [32m&apos;low&apos;[39m,
  userAgent: [32m&apos;Mozilla/5.0 (win32) AppleWebKit/537.36 (KHTML, like Gecko) jsdom/27.3.0&apos;[39m,
  ip: [32m&apos;client_ip_unavailable&apos;[39m,
  sessionId: [32m&apos;session_1770159299405_y5lcej202&apos;[39m
}
[AUDIT: LOW] data_create {
  id: [32m&apos;audit_1770159300969_wndxgp2lx&apos;[39m,
  timestamp: [32m&apos;2026-02-03T22:55:00.969Z&apos;[39m,
  action: [32m&apos;data_create&apos;[39m,
  details: {
    entityType: [32m&apos;transaction&apos;[39m,
    entityId: [32m&apos;c6e360c7-ecac-4665-aa80-8eec85587009&apos;[39m,
    amount: [33m903.6570651901485[39m,
    category: [32m&apos;Test&apos;[39m,
    accountId: [32m&apos;main&apos;[39m
  },
  userId: [32m&apos;test-user-123&apos;[39m,
  severity: [32m&apos;low&apos;[39m,
  userAgent: [32m&apos;Mozilla/5.0 (win32) AppleWebKit/537.36 (KHTML, like Gecko) jsdom/27.3.0&apos;[39m,
  ip: [32m&apos;client_ip_unavailable&apos;[39m,
  sessionId: [32m&apos;session_1770159299405_y5lcej202&apos;[39m
}
[AUDIT: LOW] data_create {
  id: [32m&apos;audit_1770159300973_v5en6yyal&apos;[39m,
  timestamp: [32m&apos;2026-02-03T22:55:00.973Z&apos;[39m,
  action: [32m&apos;data_create&apos;[39m,
  details: {
    entityType: [32m&apos;transaction&apos;[39m,
    entityId: [32m&apos;b1e4ce8a-cf00-4946-9aad-3bb3bfd3aebf&apos;[39m,
    amount: [33m348.46720319337[39m,
    category: [32m&apos;Test&apos;[39m,
    accountId: [32m&apos;main&apos;[39m
  },
  userId: [32m&apos;test-user-123&apos;[39m,
  severity: [32m&apos;low&apos;[39m,
  userAgent: [32m&apos;Mozilla/5.0 (win32) AppleWebKit/537.36 (KHTML, like Gecko) jsdom/27.3.0&apos;[39m,
  ip: [32m&apos;client_ip_unavailable&apos;[39m,
  sessionId: [32m&apos;session_1770159299405_y5lcej202&apos;[39m
}
[AUDIT: LOW] data_create {
  id: [32m&apos;audit_1770159300984_zemi47k70&apos;[39m,
  timestamp: [32m&apos;2026-02-03T22:55:00.984Z&apos;[39m,
  action: [32m&apos;data_create&apos;[39m,
  details: {
    entityType: [32m&apos;transaction&apos;[39m,
    entityId: [32m&apos;7d3aa6bd-edfd-4531-939b-a692b3419605&apos;[39m,
    amount: [33m370.9000202655279[39m,
    category: [32m&apos;Test&apos;[39m,
    accountId: [32m&apos;main&apos;[39m
  },
  userId: [32m&apos;test-user-123&apos;[39m,
  severity: [32m&apos;low&apos;[39m,
  userAgent: [32m&apos;Mozilla/5.0 (win32) AppleWebKit/537.36 (KHTML, like Gecko) jsdom/27.3.0&apos;[39m,
  ip: [32m&apos;client_ip_unavailable&apos;[39m,
  sessionId: [32m&apos;session_1770159299405_y5lcej202&apos;[39m
}
[AUDIT: LOW] data_create {
  id: [32m&apos;audit_1770159300988_1x2peisxo&apos;[39m,
  timestamp: [32m&apos;2026-02-03T22:55:00.988Z&apos;[39m,
  action: [32m&apos;data_create&apos;[39m,
  details: {
    entityType: [32m&apos;transaction&apos;[39m,
    entityId: [32m&apos;d3cea47a-87dd-4104-a265-925815543348&apos;[39m,
    amount: [33m603.7227647829618[39m,
    category: [32m&apos;Test&apos;[39m,
    accountId: [32m&apos;main&apos;[39m
  },
  userId: [32m&apos;test-user-123&apos;[39m,
  severity: [32m&apos;low&apos;[39m,
  userAgent: [32m&apos;Mozilla/5.0 (win32) AppleWebKit/537.36 (KHTML, like Gecko) jsdom/27.3.0&apos;[39m,
  ip: [32m&apos;client_ip_unavailable&apos;[39m,
  sessionId: [32m&apos;session_1770159299405_y5lcej202&apos;[39m
}
[AUDIT: LOW] data_create {
  id: [32m&apos;audit_1770159300992_h91q42yjy&apos;[39m,
  timestamp: [32m&apos;2026-02-03T22:55:00.992Z&apos;[39m,
  action: [32m&apos;data_create&apos;[39m,
  details: {
    entityType: [32m&apos;transaction&apos;[39m,
    entityId: [32m&apos;93cc3c49-0881-42e8-b07c-442e55ad6e20&apos;[39m,
    amount: [33m850.3708978229614[39m,
    category: [32m&apos;Test&apos;[39m,
    accountId: [32m&apos;main&apos;[39m
  },
  userId: [32m&apos;test-user-123&apos;[39m,
  severity: [32m&apos;low&apos;[39m,
  userAgent: [32m&apos;Mozilla/5.0 (win32) AppleWebKit/537.36 (KHTML, like Gecko) jsdom/27.3.0&apos;[39m,
  ip: [32m&apos;client_ip_unavailable&apos;[39m,
  sessionId: [32m&apos;session_1770159299405_y5lcej202&apos;[39m
}
[AUDIT: LOW] data_create {
  id: [32m&apos;audit_1770159300995_gidb7ivvi&apos;[39m,
  timestamp: [32m&apos;2026-02-03T22:55:00.995Z&apos;[39m,
  action: [32m&apos;data_create&apos;[39m,
  details: {
    entityType: [32m&apos;transaction&apos;[39m,
    entityId: [32m&apos;f8fe70dc-a15a-4e92-ba79-1fc28c6c75ed&apos;[39m,
    amount: [33m573.7744354969083[39m,
    category: [32m&apos;Test&apos;[39m,
    accountId: [32m&apos;main&apos;[39m
  },
  userId: [32m&apos;test-user-123&apos;[39m,
  severity: [32m&apos;low&apos;[39m,
  userAgent: [32m&apos;Mozilla/5.0 (win32) AppleWebKit/537.36 (KHTML, like Gecko) jsdom/27.3.0&apos;[39m,
  ip: [32m&apos;client_ip_unavailable&apos;[39m,
  sessionId: [32m&apos;session_1770159299405_y5lcej202&apos;[39m
}
[AUDIT: LOW] data_create {
  id: [32m&apos;audit_1770159301002_7tuvn61fo&apos;[39m,
  timestamp: [32m&apos;2026-02-03T22:55:01.002Z&apos;[39m,
  action: [32m&apos;data_create&apos;[39m,
  details: {
    entityType: [32m&apos;transaction&apos;[39m,
    entityId: [32m&apos;2b698c1d-51ad-471a-81a2-bdbeb12aaec6&apos;[39m,
    amount: [33m77.4437601220842[39m,
    category: [32m&apos;Test&apos;[39m,
    accountId: [32m&apos;main&apos;[39m
  },
  userId: [32m&apos;test-user-123&apos;[39m,
  severity: [32m&apos;low&apos;[39m,
  userAgent: [32m&apos;Mozilla/5.0 (win32) AppleWebKit/537.36 (KHTML, like Gecko) jsdom/27.3.0&apos;[39m,
  ip: [32m&apos;client_ip_unavailable&apos;[39m,
  sessionId: [32m&apos;session_1770159299405_y5lcej202&apos;[39m
}
[AUDIT: LOW] data_create {
  id: [32m&apos;audit_1770159301013_uxnxlfdqf&apos;[39m,
  timestamp: [32m&apos;2026-02-03T22:55:01.013Z&apos;[39m,
  action: [32m&apos;data_create&apos;[39m,
  details: {
    entityType: [32m&apos;transaction&apos;[39m,
    entityId: [32m&apos;e0f0e5dd-b44d-4b1c-8816-daff3805f3ff&apos;[39m,
    amount: [33m924.1751943032265[39m,
    category: [32m&apos;Test&apos;[39m,
    accountId: [32m&apos;main&apos;[39m
  },
  userId: [32m&apos;test-user-123&apos;[39m,
  severity: [32m&apos;low&apos;[39m,
  userAgent: [32m&apos;Mozilla/5.0 (win32) AppleWebKit/537.36 (KHTML, like Gecko) jsdom/27.3.0&apos;[39m,
  ip: [32m&apos;client_ip_unavailable&apos;[39m,
  sessionId: [32m&apos;session_1770159299405_y5lcej202&apos;[39m
}
[AUDIT: LOW] data_create {
  id: [32m&apos;audit_1770159301016_ybcys2xkg&apos;[39m,
  timestamp: [32m&apos;2026-02-03T22:55:01.016Z&apos;[39m,
  action: [32m&apos;data_create&apos;[39m,
  details: {
    entityType: [32m&apos;transaction&apos;[39m,
    entityId: [32m&apos;5e33c542-f331-488f-a223-f049b517d464&apos;[39m,
    amount: [33m402.8245920091589[39m,
    category: [32m&apos;Test&apos;[39m,
    accountId: [32m&apos;main&apos;[39m
  },
  userId: [32m&apos;test-user-123&apos;[39m,
  severity: [32m&apos;low&apos;[39m,
  userAgent: [32m&apos;Mozilla/5.0 (win32) AppleWebKit/537.36 (KHTML, like Gecko) jsdom/27.3.0&apos;[39m,
  ip: [32m&apos;client_ip_unavailable&apos;[39m,
  sessionId: [32m&apos;session_1770159299405_y5lcej202&apos;[39m
}
[AUDIT: LOW] data_create {
  id: [32m&apos;audit_1770159301020_uccp47img&apos;[39m,
  timestamp: [32m&apos;2026-02-03T22:55:01.020Z&apos;[39m,
  action: [32m&apos;data_create&apos;[39m,
  details: {
    entityType: [32m&apos;transaction&apos;[39m,
    entityId: [32m&apos;358f3557-0988-44e4-b521-24beeec340e4&apos;[39m,
    amount: [33m721.1699723700372[39m,
    category: [32m&apos;Test&apos;[39m,
    accountId: [32m&apos;main&apos;[39m
  },
  userId: [32m&apos;test-user-123&apos;[39m,
  severity: [32m&apos;low&apos;[39m,
  userAgent: [32m&apos;Mozilla/5.0 (win32) AppleWebKit/537.36 (KHTML, like Gecko) jsdom/27.3.0&apos;[39m,
  ip: [32m&apos;client_ip_unavailable&apos;[39m,
  sessionId: [32m&apos;session_1770159299405_y5lcej202&apos;[39m
}
[AUDIT: LOW] data_create {
  id: [32m&apos;audit_1770159301024_3p8tm2jvt&apos;[39m,
  timestamp: [32m&apos;2026-02-03T22:55:01.024Z&apos;[39m,
  action: [32m&apos;data_create&apos;[39m,
  details: {
    entityType: [32m&apos;transaction&apos;[39m,
    entityId: [32m&apos;80409d13-884e-47a9-b240-eedce7074846&apos;[39m,
    amount: [33m300.77655031122396[39m,
    category: [32m&apos;Test&apos;[39m,
    accountId: [32m&apos;main&apos;[39m
  },
  userId: [32m&apos;test-user-123&apos;[39m,
  severity: [32m&apos;low&apos;[39m,
  userAgent: [32m&apos;Mozilla/5.0 (win32) AppleWebKit/537.36 (KHTML, like Gecko) jsdom/27.3.0&apos;[39m,
  ip: [32m&apos;client_ip_unavailable&apos;[39m,
  sessionId: [32m&apos;session_1770159299405_y5lcej202&apos;[39m
}
[AUDIT: LOW] data_create {
  id: [32m&apos;audit_1770159301028_z0xlzeneh&apos;[39m,
  timestamp: [32m&apos;2026-02-03T22:55:01.028Z&apos;[39m,
  action: [32m&apos;data_create&apos;[39m,
  details: {
    entityType: [32m&apos;transaction&apos;[39m,
    entityId: [32m&apos;a14a1ab4-82d7-4367-9059-cebb11f0368c&apos;[39m,
    amount: [33m843.8239304333252[39m,
    category: [32m&apos;Test&apos;[39m,
    accountId: [32m&apos;main&apos;[39m
  },
  userId: [32m&apos;test-user-123&apos;[39m,
  severity: [32m&apos;low&apos;[39m,
  userAgent: [32m&apos;Mozilla/5.0 (win32) AppleWebKit/537.36 (KHTML, like Gecko) jsdom/27.3.0&apos;[39m,
  ip: [32m&apos;client_ip_unavailable&apos;[39m,
  sessionId: [32m&apos;session_1770159299405_y5lcej202&apos;[39m
}
[AUDIT: LOW] data_create {
  id: [32m&apos;audit_1770159301032_hxtvcluhl&apos;[39m,
  timestamp: [32m&apos;2026-02-03T22:55:01.032Z&apos;[39m,
  action: [32m&apos;data_create&apos;[39m,
  details: {
    entityType: [32m&apos;transaction&apos;[39m,
    entityId: [32m&apos;17270edf-00a2-454a-a0df-227a617bf8aa&apos;[39m,
    amount: [33m429.09216561355925[39m,
    category: [32m&apos;Test&apos;[39m,
    accountId: [32m&apos;main&apos;[39m
  },
  userId: [32m&apos;test-user-123&apos;[39m,
  severity: [32m&apos;low&apos;[39m,
  userAgent: [32m&apos;Mozilla/5.0 (win32) AppleWebKit/537.36 (KHTML, like Gecko) jsdom/27.3.0&apos;[39m,
  ip: [32m&apos;client_ip_unavailable&apos;[39m,
  sessionId: [32m&apos;session_1770159299405_y5lcej202&apos;[39m
}
[AUDIT: LOW] data_create {
  id: [32m&apos;audit_1770159301036_qa1pb7jq2&apos;[39m,
  timestamp: [32m&apos;2026-02-03T22:55:01.036Z&apos;[39m,
  action: [32m&apos;data_create&apos;[39m,
  details: {
    entityType: [32m&apos;transaction&apos;[39m,
    entityId: [32m&apos;a7a18c69-19dc-4612-a403-cc4125b96da0&apos;[39m,
    amount: [33m640.2989729374116[39m,
    category: [32m&apos;Test&apos;[39m,
    accountId: [32m&apos;main&apos;[39m
  },
  userId: [32m&apos;test-user-123&apos;[39m,
  severity: [32m&apos;low&apos;[39m,
  userAgent: [32m&apos;Mozilla/5.0 (win32) AppleWebKit/537.36 (KHTML, like Gecko) jsdom/27.3.0&apos;[39m,
  ip: [32m&apos;client_ip_unavailable&apos;[39m,
  sessionId: [32m&apos;session_1770159299405_y5lcej202&apos;[39m
}
[AUDIT: LOW] data_create {
  id: [32m&apos;audit_1770159301043_fl2l9oh94&apos;[39m,
  timestamp: [32m&apos;2026-02-03T22:55:01.043Z&apos;[39m,
  action: [32m&apos;data_create&apos;[39m,
  details: {
    entityType: [32m&apos;transaction&apos;[39m,
    entityId: [32m&apos;531512fe-4287-4e34-8baa-f99b591a8bbc&apos;[39m,
    amount: [33m721.8791800536053[39m,
    category: [32m&apos;Test&apos;[39m,
    accountId: [32m&apos;main&apos;[39m
  },
  userId: [32m&apos;test-user-123&apos;[39m,
  severity: [32m&apos;low&apos;[39m,
  userAgent: [32m&apos;Mozilla/5.0 (win32) AppleWebKit/537.36 (KHTML, like Gecko) jsdom/27.3.0&apos;[39m,
  ip: [32m&apos;client_ip_unavailable&apos;[39m,
  sessionId: [32m&apos;session_1770159299405_y5lcej202&apos;[39m
}
[AUDIT: LOW] data_create {
  id: [32m&apos;audit_1770159301052_s857o0432&apos;[39m,
  timestamp: [32m&apos;2026-02-03T22:55:01.052Z&apos;[39m,
  action: [32m&apos;data_create&apos;[39m,
  details: {
    entityType: [32m&apos;transaction&apos;[39m,
    entityId: [32m&apos;61062c5d-70af-4373-855c-7e192c0d0e87&apos;[39m,
    amount: [33m737.4414987558154[39m,
    category: [32m&apos;Test&apos;[39m,
    accountId: [32m&apos;main&apos;[39m
  },
  userId: [32m&apos;test-user-123&apos;[39m,
  severity: [32m&apos;low&apos;[39m,
  userAgent: [32m&apos;Mozilla/5.0 (win32) AppleWebKit/537.36 (KHTML, like Gecko) jsdom/27.3.0&apos;[39m,
  ip: [32m&apos;client_ip_unavailable&apos;[39m,
  sessionId: [32m&apos;session_1770159299405_y5lcej202&apos;[39m
}
[AUDIT: LOW] data_create {
  id: [32m&apos;audit_1770159301080_m54314uqy&apos;[39m,
  timestamp: [32m&apos;2026-02-03T22:55:01.080Z&apos;[39m,
  action: [32m&apos;data_create&apos;[39m,
  details: {
    entityType: [32m&apos;transaction&apos;[39m,
    entityId: [32m&apos;1a1fbac0-c28b-47d0-be61-f6f43a1db2a7&apos;[39m,
    amount: [33m327.74333278049374[39m,
    category: [32m&apos;Test&apos;[39m,
    accountId: [32m&apos;main&apos;[39m
  },
  userId: [32m&apos;test-user-123&apos;[39m,
  severity: [32m&apos;low&apos;[39m,
  userAgent: [32m&apos;Mozilla/5.0 (win32) AppleWebKit/537.36 (KHTML, like Gecko) jsdom/27.3.0&apos;[39m,
  ip: [32m&apos;client_ip_unavailable&apos;[39m,
  sessionId: [32m&apos;session_1770159299405_y5lcej202&apos;[39m
}
[AUDIT: LOW] data_create {
  id: [32m&apos;audit_1770159301083_w134ubnlq&apos;[39m,
  timestamp: [32m&apos;2026-02-03T22:55:01.083Z&apos;[39m,
  action: [32m&apos;data_create&apos;[39m,
  details: {
    entityType: [32m&apos;transaction&apos;[39m,
    entityId: [32m&apos;8939f32e-e3b2-4bc8-abc4-aa1b0f88af96&apos;[39m,
    amount: [33m898.8634390799918[39m,
    category: [32m&apos;Test&apos;[39m,
    accountId: [32m&apos;main&apos;[39m
  },
  userId: [32m&apos;test-user-123&apos;[39m,
  severity: [32m&apos;low&apos;[39m,
  userAgent: [32m&apos;Mozilla/5.0 (win32) AppleWebKit/537.36 (KHTML, like Gecko) jsdom/27.3.0&apos;[39m,
  ip: [32m&apos;client_ip_unavailable&apos;[39m,
  sessionId: [32m&apos;session_1770159299405_y5lcej202&apos;[39m
}
[AUDIT: LOW] data_create {
  id: [32m&apos;audit_1770159301086_ab08jyrva&apos;[39m,
  timestamp: [32m&apos;2026-02-03T22:55:01.086Z&apos;[39m,
  action: [32m&apos;data_create&apos;[39m,
  details: {
    entityType: [32m&apos;transaction&apos;[39m,
    entityId: [32m&apos;e8b38a71-57b6-4c55-a6d1-bc5547fcd9ca&apos;[39m,
    amount: [33m816.1489242091782[39m,
    category: [32m&apos;Test&apos;[39m,
    accountId: [32m&apos;main&apos;[39m
  },
  userId: [32m&apos;test-user-123&apos;[39m,
  severity: [32m&apos;low&apos;[39m,
  userAgent: [32m&apos;Mozilla/5.0 (win32) AppleWebKit/537.36 (KHTML, like Gecko) jsdom/27.3.0&apos;[39m,
  ip: [32m&apos;client_ip_unavailable&apos;[39m,
  sessionId: [32m&apos;session_1770159299405_y5lcej202&apos;[39m
}
[AUDIT: LOW] data_create {
  id: [32m&apos;audit_1770159301091_956djutnw&apos;[39m,
  timestamp: [32m&apos;2026-02-03T22:55:01.091Z&apos;[39m,
  action: [32m&apos;data_create&apos;[39m,
  details: {
    entityType: [32m&apos;transaction&apos;[39m,
    entityId: [32m&apos;bae597e3-2af6-48d9-bfba-d6ebd244e188&apos;[39m,
    amount: [33m446.90957880170225[39m,
    category: [32m&apos;Test&apos;[39m,
    accountId: [32m&apos;main&apos;[39m
  },
  userId: [32m&apos;test-user-123&apos;[39m,
  severity: [32m&apos;low&apos;[39m,
  userAgent: [32m&apos;Mozilla/5.0 (win32) AppleWebKit/537.36 (KHTML, like Gecko) jsdom/27.3.0&apos;[39m,
  ip: [32m&apos;client_ip_unavailable&apos;[39m,
  sessionId: [32m&apos;session_1770159299405_y5lcej202&apos;[39m
}
[AUDIT: LOW] data_create {
  id: [32m&apos;audit_1770159301093_1pyps0xp8&apos;[39m,
  timestamp: [32m&apos;2026-02-03T22:55:01.093Z&apos;[39m,
  action: [32m&apos;data_create&apos;[39m,
  details: {
    entityType: [32m&apos;transaction&apos;[39m,
    entityId: [32m&apos;b1b390db-f53d-4430-8547-4a4114f26173&apos;[39m,
    amount: [33m869.9701410687758[39m,
    category: [32m&apos;Test&apos;[39m,
    accountId: [32m&apos;main&apos;[39m
  },
  userId: [32m&apos;test-user-123&apos;[39m,
  severity: [32m&apos;low&apos;[39m,
  userAgent: [32m&apos;Mozilla/5.0 (win32) AppleWebKit/537.36 (KHTML, like Gecko) jsdom/27.3.0&apos;[39m,
  ip: [32m&apos;client_ip_unavailable&apos;[39m,
  sessionId: [32m&apos;session_1770159299405_y5lcej202&apos;[39m
}
[AUDIT: LOW] data_create {
  id: [32m&apos;audit_1770159301096_h0uvvex5u&apos;[39m,
  timestamp: [32m&apos;2026-02-03T22:55:01.096Z&apos;[39m,
  action: [32m&apos;data_create&apos;[39m,
  details: {
    entityType: [32m&apos;transaction&apos;[39m,
    entityId: [32m&apos;967c8026-a05b-4dc6-9f6b-942e7ebb1cef&apos;[39m,
    amount: [33m245.40121203651955[39m,
    category: [32m&apos;Test&apos;[39m,
    accountId: [32m&apos;main&apos;[39m
  },
  userId: [32m&apos;test-user-123&apos;[39m,
  severity: [32m&apos;low&apos;[39m,
  userAgent: [32m&apos;Mozilla/5.0 (win32) AppleWebKit/537.36 (KHTML, like Gecko) jsdom/27.3.0&apos;[39m,
  ip: [32m&apos;client_ip_unavailable&apos;[39m,
  sessionId: [32m&apos;session_1770159299405_y5lcej202&apos;[39m
}
[AUDIT: LOW] data_create {
  id: [32m&apos;audit_1770159301099_pfxrsy9of&apos;[39m,
  timestamp: [32m&apos;2026-02-03T22:55:01.099Z&apos;[39m,
  action: [32m&apos;data_create&apos;[39m,
  details: {
    entityType: [32m&apos;transaction&apos;[39m,
    entityId: [32m&apos;c2af22bb-2660-4cc4-9f33-aa58858c9ab7&apos;[39m,
    amount: [33m518.823789762018[39m,
    category: [32m&apos;Test&apos;[39m,
    accountId: [32m&apos;main&apos;[39m
  },
  userId: [32m&apos;test-user-123&apos;[39m,
  severity: [32m&apos;low&apos;[39m,
  userAgent: [32m&apos;Mozilla/5.0 (win32) AppleWebKit/537.36 (KHTML, like Gecko) jsdom/27.3.0&apos;[39m,
  ip: [32m&apos;client_ip_unavailable&apos;[39m,
  sessionId: [32m&apos;session_1770159299405_y5lcej202&apos;[39m
}
[AUDIT: LOW] data_create {
  id: [32m&apos;audit_1770159301104_jvoarttwk&apos;[39m,
  timestamp: [32m&apos;2026-02-03T22:55:01.104Z&apos;[39m,
  action: [32m&apos;data_create&apos;[39m,
  details: {
    entityType: [32m&apos;transaction&apos;[39m,
    entityId: [32m&apos;20119c29-e827-4cce-af1e-d59fc6b1dcc4&apos;[39m,
    amount: [33m359.94790780916475[39m,
    category: [32m&apos;Test&apos;[39m,
    accountId: [32m&apos;main&apos;[39m
  },
  userId: [32m&apos;test-user-123&apos;[39m,
  severity: [32m&apos;low&apos;[39m,
  userAgent: [32m&apos;Mozilla/5.0 (win32) AppleWebKit/537.36 (KHTML, like Gecko) jsdom/27.3.0&apos;[39m,
  ip: [32m&apos;client_ip_unavailable&apos;[39m,
  sessionId: [32m&apos;session_1770159299405_y5lcej202&apos;[39m
}
[AUDIT: LOW] data_create {
  id: [32m&apos;audit_1770159301110_9oh6h67qe&apos;[39m,
  timestamp: [32m&apos;2026-02-03T22:55:01.110Z&apos;[39m,
  action: [32m&apos;data_create&apos;[39m,
  details: {
    entityType: [32m&apos;transaction&apos;[39m,
    entityId: [32m&apos;57887047-d72b-4f30-acc8-bc585d27ea5d&apos;[39m,
    amount: [33m769.7918554282617[39m,
    category: [32m&apos;Test&apos;[39m,
    accountId: [32m&apos;main&apos;[39m
  },
  userId: [32m&apos;test-user-123&apos;[39m,
  severity: [32m&apos;low&apos;[39m,
  userAgent: [32m&apos;Mozilla/5.0 (win32) AppleWebKit/537.36 (KHTML, like Gecko) jsdom/27.3.0&apos;[39m,
  ip: [32m&apos;client_ip_unavailable&apos;[39m,
  sessionId: [32m&apos;session_1770159299405_y5lcej202&apos;[39m
}
[AUDIT: LOW] data_create {
  id: [32m&apos;audit_1770159301113_0gel4z969&apos;[39m,
  timestamp: [32m&apos;2026-02-03T22:55:01.113Z&apos;[39m,
  action: [32m&apos;data_create&apos;[39m,
  details: {
    entityType: [32m&apos;transaction&apos;[39m,
    entityId: [32m&apos;4547bda2-71ce-41aa-a65f-5585ba83a9d3&apos;[39m,
    amount: [33m783.9411876712886[39m,
    category: [32m&apos;Test&apos;[39m,
    accountId: [32m&apos;main&apos;[39m
  },
  userId: [32m&apos;test-user-123&apos;[39m,
  severity: [32m&apos;low&apos;[39m,
  userAgent: [32m&apos;Mozilla/5.0 (win32) AppleWebKit/537.36 (KHTML, like Gecko) jsdom/27.3.0&apos;[39m,
  ip: [32m&apos;client_ip_unavailable&apos;[39m,
  sessionId: [32m&apos;session_1770159299405_y5lcej202&apos;[39m
}
[AUDIT: LOW] data_create {
  id: [32m&apos;audit_1770159301117_9sfmrji04&apos;[39m,
  timestamp: [32m&apos;2026-02-03T22:55:01.117Z&apos;[39m,
  action: [32m&apos;data_create&apos;[39m,
  details: {
    entityType: [32m&apos;transaction&apos;[39m,
    entityId: [32m&apos;e0e60a3e-7249-4a9d-8b9c-0298a048b8b8&apos;[39m,
    amount: [33m772.3048665003056[39m,
    category: [32m&apos;Test&apos;[39m,
    accountId: [32m&apos;main&apos;[39m
  },
  userId: [32m&apos;test-user-123&apos;[39m,
  severity: [32m&apos;low&apos;[39m,
  userAgent: [32m&apos;Mozilla/5.0 (win32) AppleWebKit/537.36 (KHTML, like Gecko) jsdom/27.3.0&apos;[39m,
  ip: [32m&apos;client_ip_unavailable&apos;[39m,
  sessionId: [32m&apos;session_1770159299405_y5lcej202&apos;[39m
}
[AUDIT: LOW] data_create {
  id: [32m&apos;audit_1770159301120_5ex7zz5lp&apos;[39m,
  timestamp: [32m&apos;2026-02-03T22:55:01.120Z&apos;[39m,
  action: [32m&apos;data_create&apos;[39m,
  details: {
    entityType: [32m&apos;transaction&apos;[39m,
    entityId: [32m&apos;cc19d73a-5e96-4ce2-b672-e01aa26737b0&apos;[39m,
    amount: [33m557.8652042129058[39m,
    category: [32m&apos;Test&apos;[39m,
    accountId: [32m&apos;main&apos;[39m
  },
  userId: [32m&apos;test-user-123&apos;[39m,
  severity: [32m&apos;low&apos;[39m,
  userAgent: [32m&apos;Mozilla/5.0 (win32) AppleWebKit/537.36 (KHTML, like Gecko) jsdom/27.3.0&apos;[39m,
  ip: [32m&apos;client_ip_unavailable&apos;[39m,
  sessionId: [32m&apos;session_1770159299405_y5lcej202&apos;[39m
}
[AUDIT: LOW] data_create {
  id: [32m&apos;audit_1770159301124_lw6iatgxm&apos;[39m,
  timestamp: [32m&apos;2026-02-03T22:55:01.124Z&apos;[39m,
  action: [32m&apos;data_create&apos;[39m,
  details: {
    entityType: [32m&apos;transaction&apos;[39m,
    entityId: [32m&apos;66e3c688-8b8a-4623-92f4-ab0bf1cd9685&apos;[39m,
    amount: [33m695.5488889559331[39m,
    category: [32m&apos;Test&apos;[39m,
    accountId: [32m&apos;main&apos;[39m
  },
  userId: [32m&apos;test-user-123&apos;[39m,
  severity: [32m&apos;low&apos;[39m,
  userAgent: [32m&apos;Mozilla/5.0 (win32) AppleWebKit/537.36 (KHTML, like Gecko) jsdom/27.3.0&apos;[39m,
  ip: [32m&apos;client_ip_unavailable&apos;[39m,
  sessionId: [32m&apos;session_1770159299405_y5lcej202&apos;[39m
}
[AUDIT: LOW] data_create {
  id: [32m&apos;audit_1770159301128_j96pw4x0t&apos;[39m,
  timestamp: [32m&apos;2026-02-03T22:55:01.128Z&apos;[39m,
  action: [32m&apos;data_create&apos;[39m,
  details: {
    entityType: [32m&apos;transaction&apos;[39m,
    entityId: [32m&apos;57cdbf52-2133-471a-9954-f3373a26f8f8&apos;[39m,
    amount: [33m300.19193143791034[39m,
    category: [32m&apos;Test&apos;[39m,
    accountId: [32m&apos;main&apos;[39m
  },
  userId: [32m&apos;test-user-123&apos;[39m,
  severity: [32m&apos;low&apos;[39m,
  userAgent: [32m&apos;Mozilla/5.0 (win32) AppleWebKit/537.36 (KHTML, like Gecko) jsdom/27.3.0&apos;[39m,
  ip: [32m&apos;client_ip_unavailable&apos;[39m,
  sessionId: [32m&apos;session_1770159299405_y5lcej202&apos;[39m
}
[AUDIT: LOW] data_create {
  id: [32m&apos;audit_1770159301133_jnht317ly&apos;[39m,
  timestamp: [32m&apos;2026-02-03T22:55:01.133Z&apos;[39m,
  action: [32m&apos;data_create&apos;[39m,
  details: {
    entityType: [32m&apos;transaction&apos;[39m,
    entityId: [32m&apos;b1f9e84c-9708-453f-9f28-cac556dfb009&apos;[39m,
    amount: [33m809.9714748316844[39m,
    category: [32m&apos;Test&apos;[39m,
    accountId: [32m&apos;main&apos;[39m
  },
  userId: [32m&apos;test-user-123&apos;[39m,
  severity: [32m&apos;low&apos;[39m,
  userAgent: [32m&apos;Mozilla/5.0 (win32) AppleWebKit/537.36 (KHTML, like Gecko) jsdom/27.3.0&apos;[39m,
  ip: [32m&apos;client_ip_unavailable&apos;[39m,
  sessionId: [32m&apos;session_1770159299405_y5lcej202&apos;[39m
}
[AUDIT: LOW] data_create {
  id: [32m&apos;audit_1770159301138_k6d0nic54&apos;[39m,
  timestamp: [32m&apos;2026-02-03T22:55:01.138Z&apos;[39m,
  action: [32m&apos;data_create&apos;[39m,
  details: {
    entityType: [32m&apos;transaction&apos;[39m,
    entityId: [32m&apos;4a865524-6925-41da-b158-67112d5c1f82&apos;[39m,
    amount: [33m609.9522261188163[39m,
    category: [32m&apos;Test&apos;[39m,
    accountId: [32m&apos;main&apos;[39m
  },
  userId: [32m&apos;test-user-123&apos;[39m,
  severity: [32m&apos;low&apos;[39m,
  userAgent: [32m&apos;Mozilla/5.0 (win32) AppleWebKit/537.36 (KHTML, like Gecko) jsdom/27.3.0&apos;[39m,
  ip: [32m&apos;client_ip_unavailable&apos;[39m,
  sessionId: [32m&apos;session_1770159299405_y5lcej202&apos;[39m
}
[AUDIT: LOW] data_create {
  id: [32m&apos;audit_1770159301144_zsahbsmw4&apos;[39m,
  timestamp: [32m&apos;2026-02-03T22:55:01.144Z&apos;[39m,
  action: [32m&apos;data_create&apos;[39m,
  details: {
    entityType: [32m&apos;transaction&apos;[39m,
    entityId: [32m&apos;46f80d5b-13ee-4d19-ada9-52d3080385cc&apos;[39m,
    amount: [33m756.8652121087558[39m,
    category: [32m&apos;Test&apos;[39m,
    accountId: [32m&apos;main&apos;[39m
  },
  userId: [32m&apos;test-user-123&apos;[39m,
  severity: [32m&apos;low&apos;[39m,
  userAgent: [32m&apos;Mozilla/5.0 (win32) AppleWebKit/537.36 (KHTML, like Gecko) jsdom/27.3.0&apos;[39m,
  ip: [32m&apos;client_ip_unavailable&apos;[39m,
  sessionId: [32m&apos;session_1770159299405_y5lcej202&apos;[39m
}
[AUDIT: LOW] data_create {
  id: [32m&apos;audit_1770159301147_y7s8mwdz7&apos;[39m,
  timestamp: [32m&apos;2026-02-03T22:55:01.147Z&apos;[39m,
  action: [32m&apos;data_create&apos;[39m,
  details: {
    entityType: [32m&apos;transaction&apos;[39m,
    entityId: [32m&apos;2594593d-3d0e-4248-918f-496797cf9175&apos;[39m,
    amount: [33m864.7113445798087[39m,
    category: [32m&apos;Test&apos;[39m,
    accountId: [32m&apos;main&apos;[39m
  },
  userId: [32m&apos;test-user-123&apos;[39m,
  severity: [32m&apos;low&apos;[39m,
  userAgent: [32m&apos;Mozilla/5.0 (win32) AppleWebKit/537.36 (KHTML, like Gecko) jsdom/27.3.0&apos;[39m,
  ip: [32m&apos;client_ip_unavailable&apos;[39m,
  sessionId: [32m&apos;session_1770159299405_y5lcej202&apos;[39m
}
[AUDIT: LOW] data_create {
  id: [32m&apos;audit_1770159301150_cucmhybwm&apos;[39m,
  timestamp: [32m&apos;2026-02-03T22:55:01.150Z&apos;[39m,
  action: [32m&apos;data_create&apos;[39m,
  details: {
    entityType: [32m&apos;transaction&apos;[39m,
    entityId: [32m&apos;8b622a46-1bb0-49d0-b9aa-96bf907cba67&apos;[39m,
    amount: [33m64.53753081192038[39m,
    category: [32m&apos;Test&apos;[39m,
    accountId: [32m&apos;main&apos;[39m
  },
  userId: [32m&apos;test-user-123&apos;[39m,
  severity: [32m&apos;low&apos;[39m,
  userAgent: [32m&apos;Mozilla/5.0 (win32) AppleWebKit/537.36 (KHTML, like Gecko) jsdom/27.3.0&apos;[39m,
  ip: [32m&apos;client_ip_unavailable&apos;[39m,
  sessionId: [32m&apos;session_1770159299405_y5lcej202&apos;[39m
}
[AUDIT: LOW] data_create {
  id: [32m&apos;audit_1770159301153_kur5n9ag3&apos;[39m,
  timestamp: [32m&apos;2026-02-03T22:55:01.153Z&apos;[39m,
  action: [32m&apos;data_create&apos;[39m,
  details: {
    entityType: [32m&apos;transaction&apos;[39m,
    entityId: [32m&apos;c7d1dd99-d970-4c78-8cdb-9de568af7b9a&apos;[39m,
    amount: [33m826.380147755016[39m,
    category: [32m&apos;Test&apos;[39m,
    accountId: [32m&apos;main&apos;[39m
  },
  userId: [32m&apos;test-user-123&apos;[39m,
  severity: [32m&apos;low&apos;[39m,
  userAgent: [32m&apos;Mozilla/5.0 (win32) AppleWebKit/537.36 (KHTML, like Gecko) jsdom/27.3.0&apos;[39m,
  ip: [32m&apos;client_ip_unavailable&apos;[39m,
  sessionId: [32m&apos;session_1770159299405_y5lcej202&apos;[39m
}
[AUDIT: LOW] data_create {
  id: [32m&apos;audit_1770159301156_ei8bahdgp&apos;[39m,
  timestamp: [32m&apos;2026-02-03T22:55:01.156Z&apos;[39m,
  action: [32m&apos;data_create&apos;[39m,
  details: {
    entityType: [32m&apos;transaction&apos;[39m,
    entityId: [32m&apos;bfb660e7-6708-4699-92d9-15a8ee76ab08&apos;[39m,
    amount: [33m145.0803159599754[39m,
    category: [32m&apos;Test&apos;[39m,
    accountId: [32m&apos;main&apos;[39m
  },
  userId: [32m&apos;test-user-123&apos;[39m,
  severity: [32m&apos;low&apos;[39m,
  userAgent: [32m&apos;Mozilla/5.0 (win32) AppleWebKit/537.36 (KHTML, like Gecko) jsdom/27.3.0&apos;[39m,
  ip: [32m&apos;client_ip_unavailable&apos;[39m,
  sessionId: [32m&apos;session_1770159299405_y5lcej202&apos;[39m
}
[AUDIT: LOW] data_create {
  id: [32m&apos;audit_1770159301160_tqadhuely&apos;[39m,
  timestamp: [32m&apos;2026-02-03T22:55:01.160Z&apos;[39m,
  action: [32m&apos;data_create&apos;[39m,
  details: {
    entityType: [32m&apos;transaction&apos;[39m,
    entityId: [32m&apos;78e44e33-5af4-49a5-abed-636aa7f770a5&apos;[39m,
    amount: [33m12.355322730522754[39m,
    category: [32m&apos;Test&apos;[39m,
    accountId: [32m&apos;main&apos;[39m
  },
  userId: [32m&apos;test-user-123&apos;[39m,
  severity: [32m&apos;low&apos;[39m,
  userAgent: [32m&apos;Mozilla/5.0 (win32) AppleWebKit/537.36 (KHTML, like Gecko) jsdom/27.3.0&apos;[39m,
  ip: [32m&apos;client_ip_unavailable&apos;[39m,
  sessionId: [32m&apos;session_1770159299405_y5lcej202&apos;[39m
}
[AUDIT: LOW] data_create {
  id: [32m&apos;audit_1770159301164_c736lsj8s&apos;[39m,
  timestamp: [32m&apos;2026-02-03T22:55:01.164Z&apos;[39m,
  action: [32m&apos;data_create&apos;[39m,
  details: {
    entityType: [32m&apos;transaction&apos;[39m,
    entityId: [32m&apos;3df6a0dd-cf61-4261-b6ee-0cee1bb93ce6&apos;[39m,
    amount: [33m64.50297987813724[39m,
    category: [32m&apos;Test&apos;[39m,
    accountId: [32m&apos;main&apos;[39m
  },
  userId: [32m&apos;test-user-123&apos;[39m,
  severity: [32m&apos;low&apos;[39m,
  userAgent: [32m&apos;Mozilla/5.0 (win32) AppleWebKit/537.36 (KHTML, like Gecko) jsdom/27.3.0&apos;[39m,
  ip: [32m&apos;client_ip_unavailable&apos;[39m,
  sessionId: [32m&apos;session_1770159299405_y5lcej202&apos;[39m
}
[AUDIT: LOW] data_create {
  id: [32m&apos;audit_1770159301169_cbvxluccz&apos;[39m,
  timestamp: [32m&apos;2026-02-03T22:55:01.169Z&apos;[39m,
  action: [32m&apos;data_create&apos;[39m,
  details: {
    entityType: [32m&apos;transaction&apos;[39m,
    entityId: [32m&apos;4ef298a9-f642-48d1-9b94-57e6c07a698c&apos;[39m,
    amount: [33m577.2331359029815[39m,
    category: [32m&apos;Test&apos;[39m,
    accountId: [32m&apos;main&apos;[39m
  },
  userId: [32m&apos;test-user-123&apos;[39m,
  severity: [32m&apos;low&apos;[39m,
  userAgent: [32m&apos;Mozilla/5.0 (win32) AppleWebKit/537.36 (KHTML, like Gecko) jsdom/27.3.0&apos;[39m,
  ip: [32m&apos;client_ip_unavailable&apos;[39m,
  sessionId: [32m&apos;session_1770159299405_y5lcej202&apos;[39m
}
[AUDIT: LOW] data_create {
  id: [32m&apos;audit_1770159301173_apegeuvip&apos;[39m,
  timestamp: [32m&apos;2026-02-03T22:55:01.173Z&apos;[39m,
  action: [32m&apos;data_create&apos;[39m,
  details: {
    entityType: [32m&apos;transaction&apos;[39m,
    entityId: [32m&apos;10b65468-b1ec-496a-a485-9c68e80df058&apos;[39m,
    amount: [33m395.85398419904396[39m,
    category: [32m&apos;Test&apos;[39m,
    accountId: [32m&apos;main&apos;[39m
  },
  userId: [32m&apos;test-user-123&apos;[39m,
  severity: [32m&apos;low&apos;[39m,
  userAgent: [32m&apos;Mozilla/5.0 (win32) AppleWebKit/537.36 (KHTML, like Gecko) jsdom/27.3.0&apos;[39m,
  ip: [32m&apos;client_ip_unavailable&apos;[39m,
  sessionId: [32m&apos;session_1770159299405_y5lcej202&apos;[39m
}
[AUDIT: LOW] data_create {
  id: [32m&apos;audit_1770159301180_99x0rm2ia&apos;[39m,
  timestamp: [32m&apos;2026-02-03T22:55:01.180Z&apos;[39m,
  action: [32m&apos;data_create&apos;[39m,
  details: {
    entityType: [32m&apos;transaction&apos;[39m,
    entityId: [32m&apos;92abed50-be30-4e67-8c92-2f2d2af3d836&apos;[39m,
    amount: [33m485.5038574217085[39m,
    category: [32m&apos;Test&apos;[39m,
    accountId: [32m&apos;main&apos;[39m
  },
  userId: [32m&apos;test-user-123&apos;[39m,
  severity: [32m&apos;low&apos;[39m,
  userAgent: [32m&apos;Mozilla/5.0 (win32) AppleWebKit/537.36 (KHTML, like Gecko) jsdom/27.3.0&apos;[39m,
  ip: [32m&apos;client_ip_unavailable&apos;[39m,
  sessionId: [32m&apos;session_1770159299405_y5lcej202&apos;[39m
}
[AUDIT: LOW] data_create {
  id: [32m&apos;audit_1770159301182_2ywvwbn68&apos;[39m,
  timestamp: [32m&apos;2026-02-03T22:55:01.182Z&apos;[39m,
  action: [32m&apos;data_create&apos;[39m,
  details: {
    entityType: [32m&apos;transaction&apos;[39m,
    entityId: [32m&apos;9dce7d97-eb21-4cca-8bdc-a44359cd47b8&apos;[39m,
    amount: [33m493.38059468101756[39m,
    category: [32m&apos;Test&apos;[39m,
    accountId: [32m&apos;main&apos;[39m
  },
  userId: [32m&apos;test-user-123&apos;[39m,
  severity: [32m&apos;low&apos;[39m,
  userAgent: [32m&apos;Mozilla/5.0 (win32) AppleWebKit/537.36 (KHTML, like Gecko) jsdom/27.3.0&apos;[39m,
  ip: [32m&apos;client_ip_unavailable&apos;[39m,
  sessionId: [32m&apos;session_1770159299405_y5lcej202&apos;[39m
}
[AUDIT: LOW] data_create {
  id: [32m&apos;audit_1770159301186_izy33yp79&apos;[39m,
  timestamp: [32m&apos;2026-02-03T22:55:01.186Z&apos;[39m,
  action: [32m&apos;data_create&apos;[39m,
  details: {
    entityType: [32m&apos;transaction&apos;[39m,
    entityId: [32m&apos;aaa00327-bb30-448f-b86b-d3f6039fe719&apos;[39m,
    amount: [33m525.1421352886452[39m,
    category: [32m&apos;Test&apos;[39m,
    accountId: [32m&apos;main&apos;[39m
  },
  userId: [32m&apos;test-user-123&apos;[39m,
  severity: [32m&apos;low&apos;[39m,
  userAgent: [32m&apos;Mozilla/5.0 (win32) AppleWebKit/537.36 (KHTML, like Gecko) jsdom/27.3.0&apos;[39m,
  ip: [32m&apos;client_ip_unavailable&apos;[39m,
  sessionId: [32m&apos;session_1770159299405_y5lcej202&apos;[39m
}
[AUDIT: LOW] data_create {
  id: [32m&apos;audit_1770159301189_i9rywn6oa&apos;[39m,
  timestamp: [32m&apos;2026-02-03T22:55:01.189Z&apos;[39m,
  action: [32m&apos;data_create&apos;[39m,
  details: {
    entityType: [32m&apos;transaction&apos;[39m,
    entityId: [32m&apos;2b07ece3-b59b-4982-9319-a6f66470deb9&apos;[39m,
    amount: [33m209.92121734274193[39m,
    category: [32m&apos;Test&apos;[39m,
    accountId: [32m&apos;main&apos;[39m
  },
  userId: [32m&apos;test-user-123&apos;[39m,
  severity: [32m&apos;low&apos;[39m,
  userAgent: [32m&apos;Mozilla/5.0 (win32) AppleWebKit/537.36 (KHTML, like Gecko) jsdom/27.3.0&apos;[39m,
  ip: [32m&apos;client_ip_unavailable&apos;[39m,
  sessionId: [32m&apos;session_1770159299405_y5lcej202&apos;[39m
}
[AUDIT: LOW] data_create {
  id: [32m&apos;audit_1770159301192_lowp750om&apos;[39m,
  timestamp: [32m&apos;2026-02-03T22:55:01.192Z&apos;[39m,
  action: [32m&apos;data_create&apos;[39m,
  details: {
    entityType: [32m&apos;transaction&apos;[39m,
    entityId: [32m&apos;d32faf55-3188-4b4a-b9a6-68a65c35172b&apos;[39m,
    amount: [33m469.39620933121427[39m,
    category: [32m&apos;Test&apos;[39m,
    accountId: [32m&apos;main&apos;[39m
  },
  userId: [32m&apos;test-user-123&apos;[39m,
  severity: [32m&apos;low&apos;[39m,
  userAgent: [32m&apos;Mozilla/5.0 (win32) AppleWebKit/537.36 (KHTML, like Gecko) jsdom/27.3.0&apos;[39m,
  ip: [32m&apos;client_ip_unavailable&apos;[39m,
  sessionId: [32m&apos;session_1770159299405_y5lcej202&apos;[39m
}
[AUDIT: LOW] data_create {
  id: [32m&apos;audit_1770159301197_eyne1qupy&apos;[39m,
  timestamp: [32m&apos;2026-02-03T22:55:01.197Z&apos;[39m,
  action: [32m&apos;data_create&apos;[39m,
  details: {
    entityType: [32m&apos;transaction&apos;[39m,
    entityId: [32m&apos;5bf5b95d-ffec-4d51-ae65-9a1b62d82c9a&apos;[39m,
    amount: [33m842.4708369333439[39m,
    category: [32m&apos;Test&apos;[39m,
    accountId: [32m&apos;main&apos;[39m
  },
  userId: [32m&apos;test-user-123&apos;[39m,
  severity: [32m&apos;low&apos;[39m,
  userAgent: [32m&apos;Mozilla/5.0 (win32) AppleWebKit/537.36 (KHTML, like Gecko) jsdom/27.3.0&apos;[39m,
  ip: [32m&apos;client_ip_unavailable&apos;[39m,
  sessionId: [32m&apos;session_1770159299405_y5lcej202&apos;[39m
}
[AUDIT: LOW] data_create {
  id: [32m&apos;audit_1770159301202_n0qh920v3&apos;[39m,
  timestamp: [32m&apos;2026-02-03T22:55:01.202Z&apos;[39m,
  action: [32m&apos;data_create&apos;[39m,
  details: {
    entityType: [32m&apos;transaction&apos;[39m,
    entityId: [32m&apos;28af4002-3935-44da-a2b0-5049ded8bb73&apos;[39m,
    amount: [33m621.9381320724096[39m,
    category: [32m&apos;Test&apos;[39m,
    accountId: [32m&apos;main&apos;[39m
  },
  userId: [32m&apos;test-user-123&apos;[39m,
  severity: [32m&apos;low&apos;[39m,
  userAgent: [32m&apos;Mozilla/5.0 (win32) AppleWebKit/537.36 (KHTML, like Gecko) jsdom/27.3.0&apos;[39m,
  ip: [32m&apos;client_ip_unavailable&apos;[39m,
  sessionId: [32m&apos;session_1770159299405_y5lcej202&apos;[39m
}
[AUDIT: LOW] data_create {
  id: [32m&apos;audit_1770159301210_93rc032xx&apos;[39m,
  timestamp: [32m&apos;2026-02-03T22:55:01.210Z&apos;[39m,
  action: [32m&apos;data_create&apos;[39m,
  details: {
    entityType: [32m&apos;transaction&apos;[39m,
    entityId: [32m&apos;20b57e71-0313-44a8-b6c5-23abd30fd1dd&apos;[39m,
    amount: [33m199.65737849980613[39m,
    category: [32m&apos;Test&apos;[39m,
    accountId: [32m&apos;main&apos;[39m
  },
  userId: [32m&apos;test-user-123&apos;[39m,
  severity: [32m&apos;low&apos;[39m,
  userAgent: [32m&apos;Mozilla/5.0 (win32) AppleWebKit/537.36 (KHTML, like Gecko) jsdom/27.3.0&apos;[39m,
  ip: [32m&apos;client_ip_unavailable&apos;[39m,
  sessionId: [32m&apos;session_1770159299405_y5lcej202&apos;[39m
}
[AUDIT: LOW] data_create {
  id: [32m&apos;audit_1770159301214_h50q1bpvk&apos;[39m,
  timestamp: [32m&apos;2026-02-03T22:55:01.214Z&apos;[39m,
  action: [32m&apos;data_create&apos;[39m,
  details: {
    entityType: [32m&apos;transaction&apos;[39m,
    entityId: [32m&apos;33abe62e-c3c7-4365-a29d-7ebd927b6a57&apos;[39m,
    amount: [33m579.9960160241042[39m,
    category: [32m&apos;Test&apos;[39m,
    accountId: [32m&apos;main&apos;[39m
  },
  userId: [32m&apos;test-user-123&apos;[39m,
  severity: [32m&apos;low&apos;[39m,
  userAgent: [32m&apos;Mozilla/5.0 (win32) AppleWebKit/537.36 (KHTML, like Gecko) jsdom/27.3.0&apos;[39m,
  ip: [32m&apos;client_ip_unavailable&apos;[39m,
  sessionId: [32m&apos;session_1770159299405_y5lcej202&apos;[39m
}
[AUDIT: LOW] data_create {
  id: [32m&apos;audit_1770159301217_gwn9xdfu7&apos;[39m,
  timestamp: [32m&apos;2026-02-03T22:55:01.217Z&apos;[39m,
  action: [32m&apos;data_create&apos;[39m,
  details: {
    entityType: [32m&apos;transaction&apos;[39m,
    entityId: [32m&apos;cdcff27a-4086-4a47-a16e-b9edea9d1d50&apos;[39m,
    amount: [33m383.47837575895903[39m,
    category: [32m&apos;Test&apos;[39m,
    accountId: [32m&apos;main&apos;[39m
  },
  userId: [32m&apos;test-user-123&apos;[39m,
  severity: [32m&apos;low&apos;[39m,
  userAgent: [32m&apos;Mozilla/5.0 (win32) AppleWebKit/537.36 (KHTML, like Gecko) jsdom/27.3.0&apos;[39m,
  ip: [32m&apos;client_ip_unavailable&apos;[39m,
  sessionId: [32m&apos;session_1770159299405_y5lcej202&apos;[39m
}
[AUDIT: LOW] data_create {
  id: [32m&apos;audit_1770159301220_4jslukvz0&apos;[39m,
  timestamp: [32m&apos;2026-02-03T22:55:01.220Z&apos;[39m,
  action: [32m&apos;data_create&apos;[39m,
  details: {
    entityType: [32m&apos;transaction&apos;[39m,
    entityId: [32m&apos;9fbd0d29-dd94-400c-bfc6-9d56723f6e80&apos;[39m,
    amount: [33m857.8863357237663[39m,
    category: [32m&apos;Test&apos;[39m,
    accountId: [32m&apos;main&apos;[39m
  },
  userId: [32m&apos;test-user-123&apos;[39m,
  severity: [32m&apos;low&apos;[39m,
  userAgent: [32m&apos;Mozilla/5.0 (win32) AppleWebKit/537.36 (KHTML, like Gecko) jsdom/27.3.0&apos;[39m,
  ip: [32m&apos;client_ip_unavailable&apos;[39m,
  sessionId: [32m&apos;session_1770159299405_y5lcej202&apos;[39m
}
[AUDIT: LOW] data_create {
  id: [32m&apos;audit_1770159301223_n1jp63i9o&apos;[39m,
  timestamp: [32m&apos;2026-02-03T22:55:01.223Z&apos;[39m,
  action: [32m&apos;data_create&apos;[39m,
  details: {
    entityType: [32m&apos;transaction&apos;[39m,
    entityId: [32m&apos;6baf49c6-2832-4b4d-9c02-7dead2e80190&apos;[39m,
    amount: [33m513.3195197511731[39m,
    category: [32m&apos;Test&apos;[39m,
    accountId: [32m&apos;main&apos;[39m
  },
  userId: [32m&apos;test-user-123&apos;[39m,
  severity: [32m&apos;low&apos;[39m,
  userAgent: [32m&apos;Mozilla/5.0 (win32) AppleWebKit/537.36 (KHTML, like Gecko) jsdom/27.3.0&apos;[39m,
  ip: [32m&apos;client_ip_unavailable&apos;[39m,
  sessionId: [32m&apos;session_1770159299405_y5lcej202&apos;[39m
}
[AUDIT: LOW] data_create {
  id: [32m&apos;audit_1770159301227_1bfs90t36&apos;[39m,
  timestamp: [32m&apos;2026-02-03T22:55:01.227Z&apos;[39m,
  action: [32m&apos;data_create&apos;[39m,
  details: {
    entityType: [32m&apos;transaction&apos;[39m,
    entityId: [32m&apos;ba234a8e-3d07-4049-b2e4-7bc97ccd2029&apos;[39m,
    amount: [33m739.8017521865208[39m,
    category: [32m&apos;Test&apos;[39m,
    accountId: [32m&apos;main&apos;[39m
  },
  userId: [32m&apos;test-user-123&apos;[39m,
  severity: [32m&apos;low&apos;[39m,
  userAgent: [32m&apos;Mozilla/5.0 (win32) AppleWebKit/537.36 (KHTML, like Gecko) jsdom/27.3.0&apos;[39m,
  ip: [32m&apos;client_ip_unavailable&apos;[39m,
  sessionId: [32m&apos;session_1770159299405_y5lcej202&apos;[39m
}
[AUDIT: LOW] data_create {
  id: [32m&apos;audit_1770159301230_pi9dveybk&apos;[39m,
  timestamp: [32m&apos;2026-02-03T22:55:01.230Z&apos;[39m,
  action: [32m&apos;data_create&apos;[39m,
  details: {
    entityType: [32m&apos;transaction&apos;[39m,
    entityId: [32m&apos;e2af3d24-b436-492e-b5e9-7bdb29bc2c20&apos;[39m,
    amount: [33m873.6642457718583[39m,
    category: [32m&apos;Test&apos;[39m,
    accountId: [32m&apos;main&apos;[39m
  },
  userId: [32m&apos;test-user-123&apos;[39m,
  severity: [32m&apos;low&apos;[39m,
  userAgent: [32m&apos;Mozilla/5.0 (win32) AppleWebKit/537.36 (KHTML, like Gecko) jsdom/27.3.0&apos;[39m,
  ip: [32m&apos;client_ip_unavailable&apos;[39m,
  sessionId: [32m&apos;session_1770159299405_y5lcej202&apos;[39m
}
[AUDIT: LOW] data_create {
  id: [32m&apos;audit_1770159301233_8g5f32x66&apos;[39m,
  timestamp: [32m&apos;2026-02-03T22:55:01.233Z&apos;[39m,
  action: [32m&apos;data_create&apos;[39m,
  details: {
    entityType: [32m&apos;transaction&apos;[39m,
    entityId: [32m&apos;fc570e12-2029-4b11-86a4-b9efb6979762&apos;[39m,
    amount: [33m725.7348017835136[39m,
    category: [32m&apos;Test&apos;[39m,
    accountId: [32m&apos;main&apos;[39m
  },
  userId: [32m&apos;test-user-123&apos;[39m,
  severity: [32m&apos;low&apos;[39m,
  userAgent: [32m&apos;Mozilla/5.0 (win32) AppleWebKit/537.36 (KHTML, like Gecko) jsdom/27.3.0&apos;[39m,
  ip: [32m&apos;client_ip_unavailable&apos;[39m,
  sessionId: [32m&apos;session_1770159299405_y5lcej202&apos;[39m
}
[AUDIT: LOW] data_create {
  id: [32m&apos;audit_1770159301237_w9vuufhrs&apos;[39m,
  timestamp: [32m&apos;2026-02-03T22:55:01.237Z&apos;[39m,
  action: [32m&apos;data_create&apos;[39m,
  details: {
    entityType: [32m&apos;transaction&apos;[39m,
    entityId: [32m&apos;1c4c072e-d04d-40b2-95e1-2d6e40a89344&apos;[39m,
    amount: [33m7.140026448082093[39m,
    category: [32m&apos;Test&apos;[39m,
    accountId: [32m&apos;main&apos;[39m
  },
  userId: [32m&apos;test-user-123&apos;[39m,
  severity: [32m&apos;low&apos;[39m,
  userAgent: [32m&apos;Mozilla/5.0 (win32) AppleWebKit/537.36 (KHTML, like Gecko) jsdom/27.3.0&apos;[39m,
  ip: [32m&apos;client_ip_unavailable&apos;[39m,
  sessionId: [32m&apos;session_1770159299405_y5lcej202&apos;[39m
}
[AUDIT: LOW] data_create {
  id: [32m&apos;audit_1770159301241_v2st6pkax&apos;[39m,
  timestamp: [32m&apos;2026-02-03T22:55:01.241Z&apos;[39m,
  action: [32m&apos;data_create&apos;[39m,
  details: {
    entityType: [32m&apos;transaction&apos;[39m,
    entityId: [32m&apos;55cbe284-d56f-4956-b0c8-306b28ad3148&apos;[39m,
    amount: [33m580.0883977696861[39m,
    category: [32m&apos;Test&apos;[39m,
    accountId: [32m&apos;main&apos;[39m
  },
  userId: [32m&apos;test-user-123&apos;[39m,
  severity: [32m&apos;low&apos;[39m,
  userAgent: [32m&apos;Mozilla/5.0 (win32) AppleWebKit/537.36 (KHTML, like Gecko) jsdom/27.3.0&apos;[39m,
  ip: [32m&apos;client_ip_unavailable&apos;[39m,
  sessionId: [32m&apos;session_1770159299405_y5lcej202&apos;[39m
}
[AUDIT: LOW] data_create {
  id: [32m&apos;audit_1770159301244_ctn09n17w&apos;[39m,
  timestamp: [32m&apos;2026-02-03T22:55:01.244Z&apos;[39m,
  action: [32m&apos;data_create&apos;[39m,
  details: {
    entityType: [32m&apos;transaction&apos;[39m,
    entityId: [32m&apos;0a970ae5-90ce-40e3-ad28-6193ff410f20&apos;[39m,
    amount: [33m230.58529865494603[39m,
    category: [32m&apos;Test&apos;[39m,
    accountId: [32m&apos;main&apos;[39m
  },
  userId: [32m&apos;test-user-123&apos;[39m,
  severity: [32m&apos;low&apos;[39m,
  userAgent: [32m&apos;Mozilla/5.0 (win32) AppleWebKit/537.36 (KHTML, like Gecko) jsdom/27.3.0&apos;[39m,
  ip: [32m&apos;client_ip_unavailable&apos;[39m,
  sessionId: [32m&apos;session_1770159299405_y5lcej202&apos;[39m
}
[AUDIT: LOW] data_create {
  id: [32m&apos;audit_1770159301249_s97c4y80q&apos;[39m,
  timestamp: [32m&apos;2026-02-03T22:55:01.249Z&apos;[39m,
  action: [32m&apos;data_create&apos;[39m,
  details: {
    entityType: [32m&apos;transaction&apos;[39m,
    entityId: [32m&apos;9ed4256c-e131-4427-8c5e-e9a96d2f6b4b&apos;[39m,
    amount: [33m801.3407451288831[39m,
    category: [32m&apos;Test&apos;[39m,
    accountId: [32m&apos;main&apos;[39m
  },
  userId: [32m&apos;test-user-123&apos;[39m,
  severity: [32m&apos;low&apos;[39m,
  userAgent: [32m&apos;Mozilla/5.0 (win32) AppleWebKit/537.36 (KHTML, like Gecko) jsdom/27.3.0&apos;[39m,
  ip: [32m&apos;client_ip_unavailable&apos;[39m,
  sessionId: [32m&apos;session_1770159299405_y5lcej202&apos;[39m
}
[AUDIT: LOW] data_create {
  id: [32m&apos;audit_1770159301252_rdas3qlxy&apos;[39m,
  timestamp: [32m&apos;2026-02-03T22:55:01.252Z&apos;[39m,
  action: [32m&apos;data_create&apos;[39m,
  details: {
    entityType: [32m&apos;transaction&apos;[39m,
    entityId: [32m&apos;4435bd26-9039-4b33-96f2-e37990874ae5&apos;[39m,
    amount: [33m267.2855492267122[39m,
    category: [32m&apos;Test&apos;[39m,
    accountId: [32m&apos;main&apos;[39m
  },
  userId: [32m&apos;test-user-123&apos;[39m,
  severity: [32m&apos;low&apos;[39m,
  userAgent: [32m&apos;Mozilla/5.0 (win32) AppleWebKit/537.36 (KHTML, like Gecko) jsdom/27.3.0&apos;[39m,
  ip: [32m&apos;client_ip_unavailable&apos;[39m,
  sessionId: [32m&apos;session_1770159299405_y5lcej202&apos;[39m
}
[AUDIT: LOW] data_create {
  id: [32m&apos;audit_1770159301255_vmroydci9&apos;[39m,
  timestamp: [32m&apos;2026-02-03T22:55:01.255Z&apos;[39m,
  action: [32m&apos;data_create&apos;[39m,
  details: {
    entityType: [32m&apos;transaction&apos;[39m,
    entityId: [32m&apos;4c84c7c4-912d-4155-88b5-00d678e8fbf1&apos;[39m,
    amount: [33m280.63879098008135[39m,
    category: [32m&apos;Test&apos;[39m,
    accountId: [32m&apos;main&apos;[39m
  },
  userId: [32m&apos;test-user-123&apos;[39m,
  severity: [32m&apos;low&apos;[39m,
  userAgent: [32m&apos;Mozilla/5.0 (win32) AppleWebKit/537.36 (KHTML, like Gecko) jsdom/27.3.0&apos;[39m,
  ip: [32m&apos;client_ip_unavailable&apos;[39m,
  sessionId: [32m&apos;session_1770159299405_y5lcej202&apos;[39m
}
[AUDIT: LOW] data_create {
  id: [32m&apos;audit_1770159301259_ocnny3e0h&apos;[39m,
  timestamp: [32m&apos;2026-02-03T22:55:01.259Z&apos;[39m,
  action: [32m&apos;data_create&apos;[39m,
  details: {
    entityType: [32m&apos;transaction&apos;[39m,
    entityId: [32m&apos;e312fe7a-bf7a-4704-98cc-50f73f147495&apos;[39m,
    amount: [33m574.9014097229838[39m,
    category: [32m&apos;Test&apos;[39m,
    accountId: [32m&apos;main&apos;[39m
  },
  userId: [32m&apos;test-user-123&apos;[39m,
  severity: [32m&apos;low&apos;[39m,
  userAgent: [32m&apos;Mozilla/5.0 (win32) AppleWebKit/537.36 (KHTML, like Gecko) jsdom/27.3.0&apos;[39m,
  ip: [32m&apos;client_ip_unavailable&apos;[39m,
  sessionId: [32m&apos;session_1770159299405_y5lcej202&apos;[39m
}
[AUDIT: LOW] data_create {
  id: [32m&apos;audit_1770159301262_q7e9kyx4s&apos;[39m,
  timestamp: [32m&apos;2026-02-03T22:55:01.262Z&apos;[39m,
  action: [32m&apos;data_create&apos;[39m,
  details: {
    entityType: [32m&apos;transaction&apos;[39m,
    entityId: [32m&apos;62090355-ce58-48a3-8668-bd28e6301307&apos;[39m,
    amount: [33m577.4857137243742[39m,
    category: [32m&apos;Test&apos;[39m,
    accountId: [32m&apos;main&apos;[39m
  },
  userId: [32m&apos;test-user-123&apos;[39m,
  severity: [32m&apos;low&apos;[39m,
  userAgent: [32m&apos;Mozilla/5.0 (win32) AppleWebKit/537.36 (KHTML, like Gecko) jsdom/27.3.0&apos;[39m,
  ip: [32m&apos;client_ip_unavailable&apos;[39m,
  sessionId: [32m&apos;session_1770159299405_y5lcej202&apos;[39m
}
[AUDIT: LOW] data_create {
  id: [32m&apos;audit_1770159301265_5ucqq9in2&apos;[39m,
  timestamp: [32m&apos;2026-02-03T22:55:01.265Z&apos;[39m,
  action: [32m&apos;data_create&apos;[39m,
  details: {
    entityType: [32m&apos;transaction&apos;[39m,
    entityId: [32m&apos;d2d1b002-da64-4482-82eb-270d6084ca22&apos;[39m,
    amount: [33m714.5573748705132[39m,
    category: [32m&apos;Test&apos;[39m,
    accountId: [32m&apos;main&apos;[39m
  },
  userId: [32m&apos;test-user-123&apos;[39m,
  severity: [32m&apos;low&apos;[39m,
  userAgent: [32m&apos;Mozilla/5.0 (win32) AppleWebKit/537.36 (KHTML, like Gecko) jsdom/27.3.0&apos;[39m,
  ip: [32m&apos;client_ip_unavailable&apos;[39m,
  sessionId: [32m&apos;session_1770159299405_y5lcej202&apos;[39m
}
[AUDIT: LOW] data_create {
  id: [32m&apos;audit_1770159301270_1wsi2tooa&apos;[39m,
  timestamp: [32m&apos;2026-02-03T22:55:01.270Z&apos;[39m,
  action: [32m&apos;data_create&apos;[39m,
  details: {
    entityType: [32m&apos;transaction&apos;[39m,
    entityId: [32m&apos;8f454ad4-c5ef-49d9-bdc0-a7ad769633a0&apos;[39m,
    amount: [33m34.44864503867273[39m,
    category: [32m&apos;Test&apos;[39m,
    accountId: [32m&apos;main&apos;[39m
  },
  userId: [32m&apos;test-user-123&apos;[39m,
  severity: [32m&apos;low&apos;[39m,
  userAgent: [32m&apos;Mozilla/5.0 (win32) AppleWebKit/537.36 (KHTML, like Gecko) jsdom/27.3.0&apos;[39m,
  ip: [32m&apos;client_ip_unavailable&apos;[39m,
  sessionId: [32m&apos;session_1770159299405_y5lcej202&apos;[39m
}
[AUDIT: LOW] data_create {
  id: [32m&apos;audit_1770159301274_4mz8ojela&apos;[39m,
  timestamp: [32m&apos;2026-02-03T22:55:01.274Z&apos;[39m,
  action: [32m&apos;data_create&apos;[39m,
  details: {
    entityType: [32m&apos;transaction&apos;[39m,
    entityId: [32m&apos;92dce42b-9435-4f36-a808-0a66866b178c&apos;[39m,
    amount: [33m71.84918799692808[39m,
    category: [32m&apos;Test&apos;[39m,
    accountId: [32m&apos;main&apos;[39m
  },
  userId: [32m&apos;test-user-123&apos;[39m,
  severity: [32m&apos;low&apos;[39m,
  userAgent: [32m&apos;Mozilla/5.0 (win32) AppleWebKit/537.36 (KHTML, like Gecko) jsdom/27.3.0&apos;[39m,
  ip: [32m&apos;client_ip_unavailable&apos;[39m,
  sessionId: [32m&apos;session_1770159299405_y5lcej202&apos;[39m
}
[AUDIT: LOW] data_create {
  id: [32m&apos;audit_1770159301277_ybj26f40s&apos;[39m,
  timestamp: [32m&apos;2026-02-03T22:55:01.277Z&apos;[39m,
  action: [32m&apos;data_create&apos;[39m,
  details: {
    entityType: [32m&apos;transaction&apos;[39m,
    entityId: [32m&apos;dfb23199-d0fc-401d-a802-3c7550b26e3f&apos;[39m,
    amount: [33m948.5127815944704[39m,
    category: [32m&apos;Test&apos;[39m,
    accountId: [32m&apos;main&apos;[39m
  },
  userId: [32m&apos;test-user-123&apos;[39m,
  severity: [32m&apos;low&apos;[39m,
  userAgent: [32m&apos;Mozilla/5.0 (win32) AppleWebKit/537.36 (KHTML, like Gecko) jsdom/27.3.0&apos;[39m,
  ip: [32m&apos;client_ip_unavailable&apos;[39m,
  sessionId: [32m&apos;session_1770159299405_y5lcej202&apos;[39m
}
[AUDIT: LOW] data_create {
  id: [32m&apos;audit_1770159301280_359nip2rx&apos;[39m,
  timestamp: [32m&apos;2026-02-03T22:55:01.280Z&apos;[39m,
  action: [32m&apos;data_create&apos;[39m,
  details: {
    entityType: [32m&apos;transaction&apos;[39m,
    entityId: [32m&apos;0c0b2fa2-6059-4488-a571-7064fdf86385&apos;[39m,
    amount: [33m607.5077630537045[39m,
    category: [32m&apos;Test&apos;[39m,
    accountId: [32m&apos;main&apos;[39m
  },
  userId: [32m&apos;test-user-123&apos;[39m,
  severity: [32m&apos;low&apos;[39m,
  userAgent: [32m&apos;Mozilla/5.0 (win32) AppleWebKit/537.36 (KHTML, like Gecko) jsdom/27.3.0&apos;[39m,
  ip: [32m&apos;client_ip_unavailable&apos;[39m,
  sessionId: [32m&apos;session_1770159299405_y5lcej202&apos;[39m
}
[AUDIT: LOW] data_create {
  id: [32m&apos;audit_1770159301284_ns7q7n1zt&apos;[39m,
  timestamp: [32m&apos;2026-02-03T22:55:01.284Z&apos;[39m,
  action: [32m&apos;data_create&apos;[39m,
  details: {
    entityType: [32m&apos;transaction&apos;[39m,
    entityId: [32m&apos;6cb224f8-c188-4557-8d37-50da27a86021&apos;[39m,
    amount: [33m195.32088717939976[39m,
    category: [32m&apos;Test&apos;[39m,
    accountId: [32m&apos;main&apos;[39m
  },
  userId: [32m&apos;test-user-123&apos;[39m,
  severity: [32m&apos;low&apos;[39m,
  userAgent: [32m&apos;Mozilla/5.0 (win32) AppleWebKit/537.36 (KHTML, like Gecko) jsdom/27.3.0&apos;[39m,
  ip: [32m&apos;client_ip_unavailable&apos;[39m,
  sessionId: [32m&apos;session_1770159299405_y5lcej202&apos;[39m
}
[AUDIT: LOW] data_create {
  id: [32m&apos;audit_1770159301288_dr47p80vs&apos;[39m,
  timestamp: [32m&apos;2026-02-03T22:55:01.288Z&apos;[39m,
  action: [32m&apos;data_create&apos;[39m,
  details: {
    entityType: [32m&apos;transaction&apos;[39m,
    entityId: [32m&apos;7f0c3b56-b992-4d84-9396-0be736ac6978&apos;[39m,
    amount: [33m474.4334001753655[39m,
    category: [32m&apos;Test&apos;[39m,
    accountId: [32m&apos;main&apos;[39m
  },
  userId: [32m&apos;test-user-123&apos;[39m,
  severity: [32m&apos;low&apos;[39m,
  userAgent: [32m&apos;Mozilla/5.0 (win32) AppleWebKit/537.36 (KHTML, like Gecko) jsdom/27.3.0&apos;[39m,
  ip: [32m&apos;client_ip_unavailable&apos;[39m,
  sessionId: [32m&apos;session_1770159299405_y5lcej202&apos;[39m
}
[AUDIT: LOW] data_create {
  id: [32m&apos;audit_1770159301291_xcc7edith&apos;[39m,
  timestamp: [32m&apos;2026-02-03T22:55:01.291Z&apos;[39m,
  action: [32m&apos;data_create&apos;[39m,
  details: {
    entityType: [32m&apos;transaction&apos;[39m,
    entityId: [32m&apos;4200f05e-f81c-42e0-a003-83e92eed544f&apos;[39m,
    amount: [33m117.26478740784852[39m,
    category: [32m&apos;Test&apos;[39m,
    accountId: [32m&apos;main&apos;[39m
  },
  userId: [32m&apos;test-user-123&apos;[39m,
  severity: [32m&apos;low&apos;[39m,
  userAgent: [32m&apos;Mozilla/5.0 (win32) AppleWebKit/537.36 (KHTML, like Gecko) jsdom/27.3.0&apos;[39m,
  ip: [32m&apos;client_ip_unavailable&apos;[39m,
  sessionId: [32m&apos;session_1770159299405_y5lcej202&apos;[39m
}
[AUDIT: LOW] data_create {
  id: [32m&apos;audit_1770159301294_iuprpfrlj&apos;[39m,
  timestamp: [32m&apos;2026-02-03T22:55:01.294Z&apos;[39m,
  action: [32m&apos;data_create&apos;[39m,
  details: {
    entityType: [32m&apos;transaction&apos;[39m,
    entityId: [32m&apos;d9d9eb74-a0f1-43f0-a0cd-575130220af3&apos;[39m,
    amount: [33m163.5681757157823[39m,
    category: [32m&apos;Test&apos;[39m,
    accountId: [32m&apos;main&apos;[39m
  },
  userId: [32m&apos;test-user-123&apos;[39m,
  severity: [32m&apos;low&apos;[39m,
  userAgent: [32m&apos;Mozilla/5.0 (win32) AppleWebKit/537.36 (KHTML, like Gecko) jsdom/27.3.0&apos;[39m,
  ip: [32m&apos;client_ip_unavailable&apos;[39m,
  sessionId: [32m&apos;session_1770159299405_y5lcej202&apos;[39m
}
[AUDIT: LOW] data_create {
  id: [32m&apos;audit_1770159301299_b6wy6iy30&apos;[39m,
  timestamp: [32m&apos;2026-02-03T22:55:01.299Z&apos;[39m,
  action: [32m&apos;data_create&apos;[39m,
  details: {
    entityType: [32m&apos;transaction&apos;[39m,
    entityId: [32m&apos;2d031aee-1e18-4b13-90c5-e5eda48715f7&apos;[39m,
    amount: [33m492.5665006781461[39m,
    category: [32m&apos;Test&apos;[39m,
    accountId: [32m&apos;main&apos;[39m
  },
  userId: [32m&apos;test-user-123&apos;[39m,
  severity: [32m&apos;low&apos;[39m,
  userAgent: [32m&apos;Mozilla/5.0 (win32) AppleWebKit/537.36 (KHTML, like Gecko) jsdom/27.3.0&apos;[39m,
  ip: [32m&apos;client_ip_unavailable&apos;[39m,
  sessionId: [32m&apos;session_1770159299405_y5lcej202&apos;[39m
}
[AUDIT: LOW] data_create {
  id: [32m&apos;audit_1770159301303_d5sanu4ke&apos;[39m,
  timestamp: [32m&apos;2026-02-03T22:55:01.303Z&apos;[39m,
  action: [32m&apos;data_create&apos;[39m,
  details: {
    entityType: [32m&apos;transaction&apos;[39m,
    entityId: [32m&apos;4d24b704-20e5-47ac-8630-411e28531532&apos;[39m,
    amount: [33m184.261855168522[39m,
    category: [32m&apos;Test&apos;[39m,
    accountId: [32m&apos;main&apos;[39m
  },
  userId: [32m&apos;test-user-123&apos;[39m,
  severity: [32m&apos;low&apos;[39m,
  userAgent: [32m&apos;Mozilla/5.0 (win32) AppleWebKit/537.36 (KHTML, like Gecko) jsdom/27.3.0&apos;[39m,
  ip: [32m&apos;client_ip_unavailable&apos;[39m,
  sessionId: [32m&apos;session_1770159299405_y5lcej202&apos;[39m
}
[AUDIT: LOW] data_create {
  id: [32m&apos;audit_1770159301306_7ak8tkfgb&apos;[39m,
  timestamp: [32m&apos;2026-02-03T22:55:01.306Z&apos;[39m,
  action: [32m&apos;data_create&apos;[39m,
  details: {
    entityType: [32m&apos;transaction&apos;[39m,
    entityId: [32m&apos;81ab3398-334f-4b18-8113-c56dd264bcb7&apos;[39m,
    amount: [33m530.2102372678331[39m,
    category: [32m&apos;Test&apos;[39m,
    accountId: [32m&apos;main&apos;[39m
  },
  userId: [32m&apos;test-user-123&apos;[39m,
  severity: [32m&apos;low&apos;[39m,
  userAgent: [32m&apos;Mozilla/5.0 (win32) AppleWebKit/537.36 (KHTML, like Gecko) jsdom/27.3.0&apos;[39m,
  ip: [32m&apos;client_ip_unavailable&apos;[39m,
  sessionId: [32m&apos;session_1770159299405_y5lcej202&apos;[39m
}
[AUDIT: LOW] data_create {
  id: [32m&apos;audit_1770159301311_hd527a7mg&apos;[39m,
  timestamp: [32m&apos;2026-02-03T22:55:01.311Z&apos;[39m,
  action: [32m&apos;data_create&apos;[39m,
  details: {
    entityType: [32m&apos;transaction&apos;[39m,
    entityId: [32m&apos;650a799f-3d13-4406-ae5c-6a56886f8403&apos;[39m,
    amount: [33m28.97187321460426[39m,
    category: [32m&apos;Test&apos;[39m,
    accountId: [32m&apos;main&apos;[39m
  },
  userId: [32m&apos;test-user-123&apos;[39m,
  severity: [32m&apos;low&apos;[39m,
  userAgent: [32m&apos;Mozilla/5.0 (win32) AppleWebKit/537.36 (KHTML, like Gecko) jsdom/27.3.0&apos;[39m,
  ip: [32m&apos;client_ip_unavailable&apos;[39m,
  sessionId: [32m&apos;session_1770159299405_y5lcej202&apos;[39m
}
[AUDIT: LOW] data_create {
  id: [32m&apos;audit_1770159301314_a0acnkgl9&apos;[39m,
  timestamp: [32m&apos;2026-02-03T22:55:01.314Z&apos;[39m,
  action: [32m&apos;data_create&apos;[39m,
  details: {
    entityType: [32m&apos;transaction&apos;[39m,
    entityId: [32m&apos;e91febf8-1d33-4fa7-bc2b-1f6e131a7b8f&apos;[39m,
    amount: [33m87.27271413711225[39m,
    category: [32m&apos;Test&apos;[39m,
    accountId: [32m&apos;main&apos;[39m
  },
  userId: [32m&apos;test-user-123&apos;[39m,
  severity: [32m&apos;low&apos;[39m,
  userAgent: [32m&apos;Mozilla/5.0 (win32) AppleWebKit/537.36 (KHTML, like Gecko) jsdom/27.3.0&apos;[39m,
  ip: [32m&apos;client_ip_unavailable&apos;[39m,
  sessionId: [32m&apos;session_1770159299405_y5lcej202&apos;[39m
}
[AUDIT: LOW] data_create {
  id: [32m&apos;audit_1770159301320_60fjkyfdf&apos;[39m,
  timestamp: [32m&apos;2026-02-03T22:55:01.320Z&apos;[39m,
  action: [32m&apos;data_create&apos;[39m,
  details: {
    entityType: [32m&apos;transaction&apos;[39m,
    entityId: [32m&apos;66097425-ae53-4ed3-8cc6-5e6a9e6bd5c4&apos;[39m,
    amount: [33m653.2581700136541[39m,
    category: [32m&apos;Test&apos;[39m,
    accountId: [32m&apos;main&apos;[39m
  },
  userId: [32m&apos;test-user-123&apos;[39m,
  severity: [32m&apos;low&apos;[39m,
  userAgent: [32m&apos;Mozilla/5.0 (win32) AppleWebKit/537.36 (KHTML, like Gecko) jsdom/27.3.0&apos;[39m,
  ip: [32m&apos;client_ip_unavailable&apos;[39m,
  sessionId: [32m&apos;session_1770159299405_y5lcej202&apos;[39m
}
[AUDIT: LOW] data_create {
  id: [32m&apos;audit_1770159301324_bc065yb4y&apos;[39m,
  timestamp: [32m&apos;2026-02-03T22:55:01.324Z&apos;[39m,
  action: [32m&apos;data_create&apos;[39m,
  details: {
    entityType: [32m&apos;transaction&apos;[39m,
    entityId: [32m&apos;af725ea2-d968-44ef-8e79-e2f248d15038&apos;[39m,
    amount: [33m796.4897726396043[39m,
    category: [32m&apos;Test&apos;[39m,
    accountId: [32m&apos;main&apos;[39m
  },
  userId: [32m&apos;test-user-123&apos;[39m,
  severity: [32m&apos;low&apos;[39m,
  userAgent: [32m&apos;Mozilla/5.0 (win32) AppleWebKit/537.36 (KHTML, like Gecko) jsdom/27.3.0&apos;[39m,
  ip: [32m&apos;client_ip_unavailable&apos;[39m,
  sessionId: [32m&apos;session_1770159299405_y5lcej202&apos;[39m
}
[AUDIT: LOW] data_create {
  id: [32m&apos;audit_1770159301331_bnzl09knf&apos;[39m,
  timestamp: [32m&apos;2026-02-03T22:55:01.331Z&apos;[39m,
  action: [32m&apos;data_create&apos;[39m,
  details: {
    entityType: [32m&apos;transaction&apos;[39m,
    entityId: [32m&apos;6bcb30df-e07d-49fb-996e-35d618756b85&apos;[39m,
    amount: [33m983.0141772905201[39m,
    category: [32m&apos;Test&apos;[39m,
    accountId: [32m&apos;main&apos;[39m
  },
  userId: [32m&apos;test-user-123&apos;[39m,
  severity: [32m&apos;low&apos;[39m,
  userAgent: [32m&apos;Mozilla/5.0 (win32) AppleWebKit/537.36 (KHTML, like Gecko) jsdom/27.3.0&apos;[39m,
  ip: [32m&apos;client_ip_unavailable&apos;[39m,
  sessionId: [32m&apos;session_1770159299405_y5lcej202&apos;[39m
}
[AUDIT: LOW] data_create {
  id: [32m&apos;audit_1770159301334_ejc3gcdwq&apos;[39m,
  timestamp: [32m&apos;2026-02-03T22:55:01.334Z&apos;[39m,
  action: [32m&apos;data_create&apos;[39m,
  details: {
    entityType: [32m&apos;transaction&apos;[39m,
    entityId: [32m&apos;94b03bcd-208f-45ff-9e94-26de006c71ed&apos;[39m,
    amount: [33m7.333540184089604[39m,
    category: [32m&apos;Test&apos;[39m,
    accountId: [32m&apos;main&apos;[39m
  },
  userId: [32m&apos;test-user-123&apos;[39m,
  severity: [32m&apos;low&apos;[39m,
  userAgent: [32m&apos;Mozilla/5.0 (win32) AppleWebKit/537.36 (KHTML, like Gecko) jsdom/27.3.0&apos;[39m,
  ip: [32m&apos;client_ip_unavailable&apos;[39m,
  sessionId: [32m&apos;session_1770159299405_y5lcej202&apos;[39m
}
[AUDIT: LOW] data_create {
  id: [32m&apos;audit_1770159301337_5uvenro20&apos;[39m,
  timestamp: [32m&apos;2026-02-03T22:55:01.337Z&apos;[39m,
  action: [32m&apos;data_create&apos;[39m,
  details: {
    entityType: [32m&apos;transaction&apos;[39m,
    entityId: [32m&apos;2d958620-04de-4689-a1b4-83d6b44b0cbf&apos;[39m,
    amount: [33m465.429729491628[39m,
    category: [32m&apos;Test&apos;[39m,
    accountId: [32m&apos;main&apos;[39m
  },
  userId: [32m&apos;test-user-123&apos;[39m,
  severity: [32m&apos;low&apos;[39m,
  userAgent: [32m&apos;Mozilla/5.0 (win32) AppleWebKit/537.36 (KHTML, like Gecko) jsdom/27.3.0&apos;[39m,
  ip: [32m&apos;client_ip_unavailable&apos;[39m,
  sessionId: [32m&apos;session_1770159299405_y5lcej202&apos;[39m
}
[AUDIT: LOW] data_create {
  id: [32m&apos;audit_1770159301341_t51gihxad&apos;[39m,
  timestamp: [32m&apos;2026-02-03T22:55:01.341Z&apos;[39m,
  action: [32m&apos;data_create&apos;[39m,
  details: {
    entityType: [32m&apos;transaction&apos;[39m,
    entityId: [32m&apos;a1604fa6-a85a-44fd-ba08-8680441d7e90&apos;[39m,
    amount: [33m534.4400397003708[39m,
    category: [32m&apos;Test&apos;[39m,
    accountId: [32m&apos;main&apos;[39m
  },
  userId: [32m&apos;test-user-123&apos;[39m,
  severity: [32m&apos;low&apos;[39m,
  userAgent: [32m&apos;Mozilla/5.0 (win32) AppleWebKit/537.36 (KHTML, like Gecko) jsdom/27.3.0&apos;[39m,
  ip: [32m&apos;client_ip_unavailable&apos;[39m,
  sessionId: [32m&apos;session_1770159299405_y5lcej202&apos;[39m
}
[AUDIT: LOW] data_create {
  id: [32m&apos;audit_1770159301344_krn3c93q2&apos;[39m,
  timestamp: [32m&apos;2026-02-03T22:55:01.344Z&apos;[39m,
  action: [32m&apos;data_create&apos;[39m,
  details: {
    entityType: [32m&apos;transaction&apos;[39m,
    entityId: [32m&apos;2aa62da9-0c87-4a1d-8ee4-00e228dd9c9d&apos;[39m,
    amount: [33m195.44801767908837[39m,
    category: [32m&apos;Test&apos;[39m,
    accountId: [32m&apos;main&apos;[39m
  },
  userId: [32m&apos;test-user-123&apos;[39m,
  severity: [32m&apos;low&apos;[39m,
  userAgent: [32m&apos;Mozilla/5.0 (win32) AppleWebKit/537.36 (KHTML, like Gecko) jsdom/27.3.0&apos;[39m,
  ip: [32m&apos;client_ip_unavailable&apos;[39m,
  sessionId: [32m&apos;session_1770159299405_y5lcej202&apos;[39m
}
[AUDIT: LOW] data_create {
  id: [32m&apos;audit_1770159301347_6wbj28uv9&apos;[39m,
  timestamp: [32m&apos;2026-02-03T22:55:01.347Z&apos;[39m,
  action: [32m&apos;data_create&apos;[39m,
  details: {
    entityType: [32m&apos;transaction&apos;[39m,
    entityId: [32m&apos;0943f061-fc38-4f15-8312-e4805e6cc9e8&apos;[39m,
    amount: [33m492.4139701022664[39m,
    category: [32m&apos;Test&apos;[39m,
    accountId: [32m&apos;main&apos;[39m
  },
  userId: [32m&apos;test-user-123&apos;[39m,
  severity: [32m&apos;low&apos;[39m,
  userAgent: [32m&apos;Mozilla/5.0 (win32) AppleWebKit/537.36 (KHTML, like Gecko) jsdom/27.3.0&apos;[39m,
  ip: [32m&apos;client_ip_unavailable&apos;[39m,
  sessionId: [32m&apos;session_1770159299405_y5lcej202&apos;[39m
}
[AUDIT: LOW] data_create {
  id: [32m&apos;audit_1770159301349_zjnyeakhb&apos;[39m,
  timestamp: [32m&apos;2026-02-03T22:55:01.349Z&apos;[39m,
  action: [32m&apos;data_create&apos;[39m,
  details: {
    entityType: [32m&apos;transaction&apos;[39m,
    entityId: [32m&apos;f1d4a590-5cb0-4823-b0e2-3494238c2fa0&apos;[39m,
    amount: [33m991.7962187324422[39m,
    category: [32m&apos;Test&apos;[39m,
    accountId: [32m&apos;main&apos;[39m
  },
  userId: [32m&apos;test-user-123&apos;[39m,
  severity: [32m&apos;low&apos;[39m,
  userAgent: [32m&apos;Mozilla/5.0 (win32) AppleWebKit/537.36 (KHTML, like Gecko) jsdom/27.3.0&apos;[39m,
  ip: [32m&apos;client_ip_unavailable&apos;[39m,
  sessionId: [32m&apos;session_1770159299405_y5lcej202&apos;[39m
}
[AUDIT: LOW] data_create {
  id: [32m&apos;audit_1770159301355_ojra3aji7&apos;[39m,
  timestamp: [32m&apos;2026-02-03T22:55:01.355Z&apos;[39m,
  action: [32m&apos;data_create&apos;[39m,
  details: {
    entityType: [32m&apos;transaction&apos;[39m,
    entityId: [32m&apos;6535c58d-4430-4d6d-ac65-6c6c93c3751b&apos;[39m,
    amount: [33m479.87186591522016[39m,
    category: [32m&apos;Test&apos;[39m,
    accountId: [32m&apos;main&apos;[39m
  },
  userId: [32m&apos;test-user-123&apos;[39m,
  severity: [32m&apos;low&apos;[39m,
  userAgent: [32m&apos;Mozilla/5.0 (win32) AppleWebKit/537.36 (KHTML, like Gecko) jsdom/27.3.0&apos;[39m,
  ip: [32m&apos;client_ip_unavailable&apos;[39m,
  sessionId: [32m&apos;session_1770159299405_y5lcej202&apos;[39m
}
[AUDIT: LOW] data_create {
  id: [32m&apos;audit_1770159301358_69woijbqm&apos;[39m,
  timestamp: [32m&apos;2026-02-03T22:55:01.358Z&apos;[39m,
  action: [32m&apos;data_create&apos;[39m,
  details: {
    entityType: [32m&apos;transaction&apos;[39m,
    entityId: [32m&apos;0a18c634-4c52-41c6-97ee-7b490ae46bb4&apos;[39m,
    amount: [33m759.3921745892629[39m,
    category: [32m&apos;Test&apos;[39m,
    accountId: [32m&apos;main&apos;[39m
  },
  userId: [32m&apos;test-user-123&apos;[39m,
  severity: [32m&apos;low&apos;[39m,
  userAgent: [32m&apos;Mozilla/5.0 (win32) AppleWebKit/537.36 (KHTML, like Gecko) jsdom/27.3.0&apos;[39m,
  ip: [32m&apos;client_ip_unavailable&apos;[39m,
  sessionId: [32m&apos;session_1770159299405_y5lcej202&apos;[39m
}
[AUDIT: LOW] data_create {
  id: [32m&apos;audit_1770159301361_x0ddyii2j&apos;[39m,
  timestamp: [32m&apos;2026-02-03T22:55:01.361Z&apos;[39m,
  action: [32m&apos;data_create&apos;[39m,
  details: {
    entityType: [32m&apos;transaction&apos;[39m,
    entityId: [32m&apos;935863d4-588c-4395-9d88-5728f203c704&apos;[39m,
    amount: [33m22.493212245808692[39m,
    category: [32m&apos;Test&apos;[39m,
    accountId: [32m&apos;main&apos;[39m
  },
  userId: [32m&apos;test-user-123&apos;[39m,
  severity: [32m&apos;low&apos;[39m,
  userAgent: [32m&apos;Mozilla/5.0 (win32) AppleWebKit/537.36 (KHTML, like Gecko) jsdom/27.3.0&apos;[39m,
  ip: [32m&apos;client_ip_unavailable&apos;[39m,
  sessionId: [32m&apos;session_1770159299405_y5lcej202&apos;[39m
}
[AUDIT: LOW] data_create {
  id: [32m&apos;audit_1770159301364_3edngieuh&apos;[39m,
  timestamp: [32m&apos;2026-02-03T22:55:01.364Z&apos;[39m,
  action: [32m&apos;data_create&apos;[39m,
  details: {
    entityType: [32m&apos;transaction&apos;[39m,
    entityId: [32m&apos;6a564293-3434-48d5-abff-8f967874f64c&apos;[39m,
    amount: [33m510.1152980697823[39m,
    category: [32m&apos;Test&apos;[39m,
    accountId: [32m&apos;main&apos;[39m
  },
  userId: [32m&apos;test-user-123&apos;[39m,
  severity: [32m&apos;low&apos;[39m,
  userAgent: [32m&apos;Mozilla/5.0 (win32) AppleWebKit/537.36 (KHTML, like Gecko) jsdom/27.3.0&apos;[39m,
  ip: [32m&apos;client_ip_unavailable&apos;[39m,
  sessionId: [32m&apos;session_1770159299405_y5lcej202&apos;[39m
}
[AUDIT: LOW] data_create {
  id: [32m&apos;audit_1770159301368_fnam3v58h&apos;[39m,
  timestamp: [32m&apos;2026-02-03T22:55:01.368Z&apos;[39m,
  action: [32m&apos;data_create&apos;[39m,
  details: {
    entityType: [32m&apos;transaction&apos;[39m,
    entityId: [32m&apos;015c3116-d3e6-4f0f-9668-3c82ede0cc32&apos;[39m,
    amount: [33m238.18227447412033[39m,
    category: [32m&apos;Test&apos;[39m,
    accountId: [32m&apos;main&apos;[39m
  },
  userId: [32m&apos;test-user-123&apos;[39m,
  severity: [32m&apos;low&apos;[39m,
  userAgent: [32m&apos;Mozilla/5.0 (win32) AppleWebKit/537.36 (KHTML, like Gecko) jsdom/27.3.0&apos;[39m,
  ip: [32m&apos;client_ip_unavailable&apos;[39m,
  sessionId: [32m&apos;session_1770159299405_y5lcej202&apos;[39m
}
[AUDIT: LOW] data_create {
  id: [32m&apos;audit_1770159301371_0gv6qt8h1&apos;[39m,
  timestamp: [32m&apos;2026-02-03T22:55:01.371Z&apos;[39m,
  action: [32m&apos;data_create&apos;[39m,
  details: {
    entityType: [32m&apos;transaction&apos;[39m,
    entityId: [32m&apos;bbc4fa1f-fcb0-4c5a-8fe5-275a4d1db74e&apos;[39m,
    amount: [33m541.7911060465362[39m,
    category: [32m&apos;Test&apos;[39m,
    accountId: [32m&apos;main&apos;[39m
  },
  userId: [32m&apos;test-user-123&apos;[39m,
  severity: [32m&apos;low&apos;[39m,
  userAgent: [32m&apos;Mozilla/5.0 (win32) AppleWebKit/537.36 (KHTML, like Gecko) jsdom/27.3.0&apos;[39m,
  ip: [32m&apos;client_ip_unavailable&apos;[39m,
  sessionId: [32m&apos;session_1770159299405_y5lcej202&apos;[39m
}
[AUDIT: LOW] data_create {
  id: [32m&apos;audit_1770159301376_ro2y4sgte&apos;[39m,
  timestamp: [32m&apos;2026-02-03T22:55:01.376Z&apos;[39m,
  action: [32m&apos;data_create&apos;[39m,
  details: {
    entityType: [32m&apos;transaction&apos;[39m,
    entityId: [32m&apos;7f4ef12a-fc09-47d5-8a1b-7363f9269587&apos;[39m,
    amount: [33m459.8811585198036[39m,
    category: [32m&apos;Test&apos;[39m,
    accountId: [32m&apos;main&apos;[39m
  },
  userId: [32m&apos;test-user-123&apos;[39m,
  severity: [32m&apos;low&apos;[39m,
  userAgent: [32m&apos;Mozilla/5.0 (win32) AppleWebKit/537.36 (KHTML, like Gecko) jsdom/27.3.0&apos;[39m,
  ip: [32m&apos;client_ip_unavailable&apos;[39m,
  sessionId: [32m&apos;session_1770159299405_y5lcej202&apos;[39m
}
[AUDIT: LOW] data_create {
  id: [32m&apos;audit_1770159301380_dfw2fokkv&apos;[39m,
  timestamp: [32m&apos;2026-02-03T22:55:01.380Z&apos;[39m,
  action: [32m&apos;data_create&apos;[39m,
  details: {
    entityType: [32m&apos;transaction&apos;[39m,
    entityId: [32m&apos;4380556e-636d-456e-8a2a-08c4ea633de7&apos;[39m,
    amount: [33m897.0950965893838[39m,
    category: [32m&apos;Test&apos;[39m,
    accountId: [32m&apos;main&apos;[39m
  },
  userId: [32m&apos;test-user-123&apos;[39m,
  severity: [32m&apos;low&apos;[39m,
  userAgent: [32m&apos;Mozilla/5.0 (win32) AppleWebKit/537.36 (KHTML, like Gecko) jsdom/27.3.0&apos;[39m,
  ip: [32m&apos;client_ip_unavailable&apos;[39m,
  sessionId: [32m&apos;session_1770159299405_y5lcej202&apos;[39m
}
[AUDIT: LOW] data_create {
  id: [32m&apos;audit_1770159301383_hvcfz3itg&apos;[39m,
  timestamp: [32m&apos;2026-02-03T22:55:01.383Z&apos;[39m,
  action: [32m&apos;data_create&apos;[39m,
  details: {
    entityType: [32m&apos;transaction&apos;[39m,
    entityId: [32m&apos;e1e299a9-beea-4801-a8a3-ce6b9d61598c&apos;[39m,
    amount: [33m553.2881159865732[39m,
    category: [32m&apos;Test&apos;[39m,
    accountId: [32m&apos;main&apos;[39m
  },
  userId: [32m&apos;test-user-123&apos;[39m,
  severity: [32m&apos;low&apos;[39m,
  userAgent: [32m&apos;Mozilla/5.0 (win32) AppleWebKit/537.36 (KHTML, like Gecko) jsdom/27.3.0&apos;[39m,
  ip: [32m&apos;client_ip_unavailable&apos;[39m,
  sessionId: [32m&apos;session_1770159299405_y5lcej202&apos;[39m
}
[AUDIT: LOW] data_create {
  id: [32m&apos;audit_1770159301387_1gc7qm5mb&apos;[39m,
  timestamp: [32m&apos;2026-02-03T22:55:01.387Z&apos;[39m,
  action: [32m&apos;data_create&apos;[39m,
  details: {
    entityType: [32m&apos;transaction&apos;[39m,
    entityId: [32m&apos;94c75771-2a3d-4017-95e7-7727c882db66&apos;[39m,
    amount: [33m300.2331428295717[39m,
    category: [32m&apos;Test&apos;[39m,
    accountId: [32m&apos;main&apos;[39m
  },
  userId: [32m&apos;test-user-123&apos;[39m,
  severity: [32m&apos;low&apos;[39m,
  userAgent: [32m&apos;Mozilla/5.0 (win32) AppleWebKit/537.36 (KHTML, like Gecko) jsdom/27.3.0&apos;[39m,
  ip: [32m&apos;client_ip_unavailable&apos;[39m,
  sessionId: [32m&apos;session_1770159299405_y5lcej202&apos;[39m
}
[AUDIT: LOW] data_create {
  id: [32m&apos;audit_1770159301390_aej0b05gb&apos;[39m,
  timestamp: [32m&apos;2026-02-03T22:55:01.390Z&apos;[39m,
  action: [32m&apos;data_create&apos;[39m,
  details: {
    entityType: [32m&apos;transaction&apos;[39m,
    entityId: [32m&apos;7c9a6dbb-aeaa-4edb-b143-8a6f1316d0d9&apos;[39m,
    amount: [33m727.209506240514[39m,
    category: [32m&apos;Test&apos;[39m,
    accountId: [32m&apos;main&apos;[39m
  },
  userId: [32m&apos;test-user-123&apos;[39m,
  severity: [32m&apos;low&apos;[39m,
  userAgent: [32m&apos;Mozilla/5.0 (win32) AppleWebKit/537.36 (KHTML, like Gecko) jsdom/27.3.0&apos;[39m,
  ip: [32m&apos;client_ip_unavailable&apos;[39m,
  sessionId: [32m&apos;session_1770159299405_y5lcej202&apos;[39m
}
[AUDIT: LOW] data_create {
  id: [32m&apos;audit_1770159301395_wdf79d7r2&apos;[39m,
  timestamp: [32m&apos;2026-02-03T22:55:01.395Z&apos;[39m,
  action: [32m&apos;data_create&apos;[39m,
  details: {
    entityType: [32m&apos;transaction&apos;[39m,
    entityId: [32m&apos;790b34e0-9922-4234-a774-f0e12baed66a&apos;[39m,
    amount: [33m98.95776940403923[39m,
    category: [32m&apos;Test&apos;[39m,
    accountId: [32m&apos;main&apos;[39m
  },
  userId: [32m&apos;test-user-123&apos;[39m,
  severity: [32m&apos;low&apos;[39m,
  userAgent: [32m&apos;Mozilla/5.0 (win32) AppleWebKit/537.36 (KHTML, like Gecko) jsdom/27.3.0&apos;[39m,
  ip: [32m&apos;client_ip_unavailable&apos;[39m,
  sessionId: [32m&apos;session_1770159299405_y5lcej202&apos;[39m
}
[AUDIT: LOW] data_create {
  id: [32m&apos;audit_1770159301399_zlndoruqi&apos;[39m,
  timestamp: [32m&apos;2026-02-03T22:55:01.399Z&apos;[39m,
  action: [32m&apos;data_create&apos;[39m,
  details: {
    entityType: [32m&apos;transaction&apos;[39m,
    entityId: [32m&apos;cabe8b18-635f-4821-be3c-d6244b3237de&apos;[39m,
    amount: [33m347.3651388550777[39m,
    category: [32m&apos;Test&apos;[39m,
    accountId: [32m&apos;main&apos;[39m
  },
  userId: [32m&apos;test-user-123&apos;[39m,
  severity: [32m&apos;low&apos;[39m,
  userAgent: [32m&apos;Mozilla/5.0 (win32) AppleWebKit/537.36 (KHTML, like Gecko) jsdom/27.3.0&apos;[39m,
  ip: [32m&apos;client_ip_unavailable&apos;[39m,
  sessionId: [32m&apos;session_1770159299405_y5lcej202&apos;[39m
}
[AUDIT: LOW] data_create {
  id: [32m&apos;audit_1770159301403_ptoyhs8n1&apos;[39m,
  timestamp: [32m&apos;2026-02-03T22:55:01.403Z&apos;[39m,
  action: [32m&apos;data_create&apos;[39m,
  details: {
    entityType: [32m&apos;transaction&apos;[39m,
    entityId: [32m&apos;78109ced-6a58-4104-a518-e124249b458c&apos;[39m,
    amount: [33m459.6548322923619[39m,
    category: [32m&apos;Test&apos;[39m,
    accountId: [32m&apos;main&apos;[39m
  },
  userId: [32m&apos;test-user-123&apos;[39m,
  severity: [32m&apos;low&apos;[39m,
  userAgent: [32m&apos;Mozilla/5.0 (win32) AppleWebKit/537.36 (KHTML, like Gecko) jsdom/27.3.0&apos;[39m,
  ip: [32m&apos;client_ip_unavailable&apos;[39m,
  sessionId: [32m&apos;session_1770159299405_y5lcej202&apos;[39m
}
[AUDIT: LOW] data_create {
  id: [32m&apos;audit_1770159301406_bwvaii275&apos;[39m,
  timestamp: [32m&apos;2026-02-03T22:55:01.406Z&apos;[39m,
  action: [32m&apos;data_create&apos;[39m,
  details: {
    entityType: [32m&apos;transaction&apos;[39m,
    entityId: [32m&apos;4cb8c542-b66b-4f4a-83c0-115efd261024&apos;[39m,
    amount: [33m437.7267795095008[39m,
    category: [32m&apos;Test&apos;[39m,
    accountId: [32m&apos;main&apos;[39m
  },
  userId: [32m&apos;test-user-123&apos;[39m,
  severity: [32m&apos;low&apos;[39m,
  userAgent: [32m&apos;Mozilla/5.0 (win32) AppleWebKit/537.36 (KHTML, like Gecko) jsdom/27.3.0&apos;[39m,
  ip: [32m&apos;client_ip_unavailable&apos;[39m,
  sessionId: [32m&apos;session_1770159299405_y5lcej202&apos;[39m
}
[AUDIT: LOW] data_create {
  id: [32m&apos;audit_1770159301410_763f11600&apos;[39m,
  timestamp: [32m&apos;2026-02-03T22:55:01.410Z&apos;[39m,
  action: [32m&apos;data_create&apos;[39m,
  details: {
    entityType: [32m&apos;transaction&apos;[39m,
    entityId: [32m&apos;ee7a2231-945b-4c65-bf57-548d1ed9737e&apos;[39m,
    amount: [33m798.8826973137119[39m,
    category: [32m&apos;Test&apos;[39m,
    accountId: [32m&apos;main&apos;[39m
  },
  userId: [32m&apos;test-user-123&apos;[39m,
  severity: [32m&apos;low&apos;[39m,
  userAgent: [32m&apos;Mozilla/5.0 (win32) AppleWebKit/537.36 (KHTML, like Gecko) jsdom/27.3.0&apos;[39m,
  ip: [32m&apos;client_ip_unavailable&apos;[39m,
  sessionId: [32m&apos;session_1770159299405_y5lcej202&apos;[39m
}
[AUDIT: LOW] data_create {
  id: [32m&apos;audit_1770159301414_hbl44xnrt&apos;[39m,
  timestamp: [32m&apos;2026-02-03T22:55:01.414Z&apos;[39m,
  action: [32m&apos;data_create&apos;[39m,
  details: {
    entityType: [32m&apos;transaction&apos;[39m,
    entityId: [32m&apos;1c209d6a-0bb6-483d-bdd7-fc390da292a0&apos;[39m,
    amount: [33m559.7167256137909[39m,
    category: [32m&apos;Test&apos;[39m,
    accountId: [32m&apos;main&apos;[39m
  },
  userId: [32m&apos;test-user-123&apos;[39m,
  severity: [32m&apos;low&apos;[39m,
  userAgent: [32m&apos;Mozilla/5.0 (win32) AppleWebKit/537.36 (KHTML, like Gecko) jsdom/27.3.0&apos;[39m,
  ip: [32m&apos;client_ip_unavailable&apos;[39m,
  sessionId: [32m&apos;session_1770159299405_y5lcej202&apos;[39m
}
[AUDIT: LOW] data_create {
  id: [32m&apos;audit_1770159301417_xfxyd6fzz&apos;[39m,
  timestamp: [32m&apos;2026-02-03T22:55:01.417Z&apos;[39m,
  action: [32m&apos;data_create&apos;[39m,
  details: {
    entityType: [32m&apos;transaction&apos;[39m,
    entityId: [32m&apos;ae95630a-4c42-4655-9990-93c5d91b0055&apos;[39m,
    amount: [33m898.8247689909164[39m,
    category: [32m&apos;Test&apos;[39m,
    accountId: [32m&apos;main&apos;[39m
  },
  userId: [32m&apos;test-user-123&apos;[39m,
  severity: [32m&apos;low&apos;[39m,
  userAgent: [32m&apos;Mozilla/5.0 (win32) AppleWebKit/537.36 (KHTML, like Gecko) jsdom/27.3.0&apos;[39m,
  ip: [32m&apos;client_ip_unavailable&apos;[39m,
  sessionId: [32m&apos;session_1770159299405_y5lcej202&apos;[39m
}
[AUDIT: LOW] data_create {
  id: [32m&apos;audit_1770159301421_5h70zeg71&apos;[39m,
  timestamp: [32m&apos;2026-02-03T22:55:01.421Z&apos;[39m,
  action: [32m&apos;data_create&apos;[39m,
  details: {
    entityType: [32m&apos;transaction&apos;[39m,
    entityId: [32m&apos;715ffec0-6c99-4a8a-8f92-78970e23aa95&apos;[39m,
    amount: [33m233.40300590008022[39m,
    category: [32m&apos;Test&apos;[39m,
    accountId: [32m&apos;main&apos;[39m
  },
  userId: [32m&apos;test-user-123&apos;[39m,
  severity: [32m&apos;low&apos;[39m,
  userAgent: [32m&apos;Mozilla/5.0 (win32) AppleWebKit/537.36 (KHTML, like Gecko) jsdom/27.3.0&apos;[39m,
  ip: [32m&apos;client_ip_unavailable&apos;[39m,
  sessionId: [32m&apos;session_1770159299405_y5lcej202&apos;[39m
}
[AUDIT: LOW] data_create {
  id: [32m&apos;audit_1770159301424_csfeqg43l&apos;[39m,
  timestamp: [32m&apos;2026-02-03T22:55:01.424Z&apos;[39m,
  action: [32m&apos;data_create&apos;[39m,
  details: {
    entityType: [32m&apos;transaction&apos;[39m,
    entityId: [32m&apos;288ef638-a133-4aea-87b5-c836b9c292b7&apos;[39m,
    amount: [33m230.55290005277664[39m,
    category: [32m&apos;Test&apos;[39m,
    accountId: [32m&apos;main&apos;[39m
  },
  userId: [32m&apos;test-user-123&apos;[39m,
  severity: [32m&apos;low&apos;[39m,
  userAgent: [32m&apos;Mozilla/5.0 (win32) AppleWebKit/537.36 (KHTML, like Gecko) jsdom/27.3.0&apos;[39m,
  ip: [32m&apos;client_ip_unavailable&apos;[39m,
  sessionId: [32m&apos;session_1770159299405_y5lcej202&apos;[39m
}
[AUDIT: LOW] data_create {
  id: [32m&apos;audit_1770159301426_2dtkqduyt&apos;[39m,
  timestamp: [32m&apos;2026-02-03T22:55:01.426Z&apos;[39m,
  action: [32m&apos;data_create&apos;[39m,
  details: {
    entityType: [32m&apos;transaction&apos;[39m,
    entityId: [32m&apos;91af207e-b285-4f43-96c1-1fc3ace120f1&apos;[39m,
    amount: [33m770.7175936237757[39m,
    category: [32m&apos;Test&apos;[39m,
    accountId: [32m&apos;main&apos;[39m
  },
  userId: [32m&apos;test-user-123&apos;[39m,
  severity: [32m&apos;low&apos;[39m,
  userAgent: [32m&apos;Mozilla/5.0 (win32) AppleWebKit/537.36 (KHTML, like Gecko) jsdom/27.3.0&apos;[39m,
  ip: [32m&apos;client_ip_unavailable&apos;[39m,
  sessionId: [32m&apos;session_1770159299405_y5lcej202&apos;[39m
}
[AUDIT: LOW] data_create {
  id: [32m&apos;audit_1770159301431_wrudqlg2r&apos;[39m,
  timestamp: [32m&apos;2026-02-03T22:55:01.431Z&apos;[39m,
  action: [32m&apos;data_create&apos;[39m,
  details: {
    entityType: [32m&apos;transaction&apos;[39m,
    entityId: [32m&apos;51cb6af8-dbb5-4a58-81a4-9c7c50a6cadc&apos;[39m,
    amount: [33m949.2311539517237[39m,
    category: [32m&apos;Test&apos;[39m,
    accountId: [32m&apos;main&apos;[39m
  },
  userId: [32m&apos;test-user-123&apos;[39m,
  severity: [32m&apos;low&apos;[39m,
  userAgent: [32m&apos;Mozilla/5.0 (win32) AppleWebKit/537.36 (KHTML, like Gecko) jsdom/27.3.0&apos;[39m,
  ip: [32m&apos;client_ip_unavailable&apos;[39m,
  sessionId: [32m&apos;session_1770159299405_y5lcej202&apos;[39m
}
[AUDIT: LOW] data_create {
  id: [32m&apos;audit_1770159301436_2trkxuoqw&apos;[39m,
  timestamp: [32m&apos;2026-02-03T22:55:01.436Z&apos;[39m,
  action: [32m&apos;data_create&apos;[39m,
  details: {
    entityType: [32m&apos;transaction&apos;[39m,
    entityId: [32m&apos;8853fc35-2db2-480d-8cad-a9ff099c3bf3&apos;[39m,
    amount: [33m930.1366621222884[39m,
    category: [32m&apos;Test&apos;[39m,
    accountId: [32m&apos;main&apos;[39m
  },
  userId: [32m&apos;test-user-123&apos;[39m,
  severity: [32m&apos;low&apos;[39m,
  userAgent: [32m&apos;Mozilla/5.0 (win32) AppleWebKit/537.36 (KHTML, like Gecko) jsdom/27.3.0&apos;[39m,
  ip: [32m&apos;client_ip_unavailable&apos;[39m,
  sessionId: [32m&apos;session_1770159299405_y5lcej202&apos;[39m
}
[AUDIT: LOW] data_create {
  id: [32m&apos;audit_1770159301439_o0iqd1uih&apos;[39m,
  timestamp: [32m&apos;2026-02-03T22:55:01.439Z&apos;[39m,
  action: [32m&apos;data_create&apos;[39m,
  details: {
    entityType: [32m&apos;transaction&apos;[39m,
    entityId: [32m&apos;83dd917e-c2ce-48e2-84f2-4854e58c5f66&apos;[39m,
    amount: [33m740.0028260551775[39m,
    category: [32m&apos;Test&apos;[39m,
    accountId: [32m&apos;main&apos;[39m
  },
  userId: [32m&apos;test-user-123&apos;[39m,
  severity: [32m&apos;low&apos;[39m,
  userAgent: [32m&apos;Mozilla/5.0 (win32) AppleWebKit/537.36 (KHTML, like Gecko) jsdom/27.3.0&apos;[39m,
  ip: [32m&apos;client_ip_unavailable&apos;[39m,
  sessionId: [32m&apos;session_1770159299405_y5lcej202&apos;[39m
}
[AUDIT: LOW] data_create {
  id: [32m&apos;audit_1770159301443_4t8qr8jrt&apos;[39m,
  timestamp: [32m&apos;2026-02-03T22:55:01.443Z&apos;[39m,
  action: [32m&apos;data_create&apos;[39m,
  details: {
    entityType: [32m&apos;transaction&apos;[39m,
    entityId: [32m&apos;d0facb37-3b0f-4085-92f5-0c414f171472&apos;[39m,
    amount: [33m361.0789845738044[39m,
    category: [32m&apos;Test&apos;[39m,
    accountId: [32m&apos;main&apos;[39m
  },
  userId: [32m&apos;test-user-123&apos;[39m,
  severity: [32m&apos;low&apos;[39m,
  userAgent: [32m&apos;Mozilla/5.0 (win32) AppleWebKit/537.36 (KHTML, like Gecko) jsdom/27.3.0&apos;[39m,
  ip: [32m&apos;client_ip_unavailable&apos;[39m,
  sessionId: [32m&apos;session_1770159299405_y5lcej202&apos;[39m
}
[AUDIT: LOW] data_create {
  id: [32m&apos;audit_1770159301447_t0xxh6j4d&apos;[39m,
  timestamp: [32m&apos;2026-02-03T22:55:01.447Z&apos;[39m,
  action: [32m&apos;data_create&apos;[39m,
  details: {
    entityType: [32m&apos;transaction&apos;[39m,
    entityId: [32m&apos;633e6fd2-ddaf-4156-bbb4-4f12491dca10&apos;[39m,
    amount: [33m623.6544245491531[39m,
    category: [32m&apos;Test&apos;[39m,
    accountId: [32m&apos;main&apos;[39m
  },
  userId: [32m&apos;test-user-123&apos;[39m,
  severity: [32m&apos;low&apos;[39m,
  userAgent: [32m&apos;Mozilla/5.0 (win32) AppleWebKit/537.36 (KHTML, like Gecko) jsdom/27.3.0&apos;[39m,
  ip: [32m&apos;client_ip_unavailable&apos;[39m,
  sessionId: [32m&apos;session_1770159299405_y5lcej202&apos;[39m
}
[AUDIT: LOW] data_create {
  id: [32m&apos;audit_1770159301451_5vqb8wlis&apos;[39m,
  timestamp: [32m&apos;2026-02-03T22:55:01.451Z&apos;[39m,
  action: [32m&apos;data_create&apos;[39m,
  details: {
    entityType: [32m&apos;transaction&apos;[39m,
    entityId: [32m&apos;e387e17b-435d-4b49-b1df-66fe3655217e&apos;[39m,
    amount: [33m407.94046765737204[39m,
    category: [32m&apos;Test&apos;[39m,
    accountId: [32m&apos;main&apos;[39m
  },
  userId: [32m&apos;test-user-123&apos;[39m,
  severity: [32m&apos;low&apos;[39m,
  userAgent: [32m&apos;Mozilla/5.0 (win32) AppleWebKit/537.36 (KHTML, like Gecko) jsdom/27.3.0&apos;[39m,
  ip: [32m&apos;client_ip_unavailable&apos;[39m,
  sessionId: [32m&apos;session_1770159299405_y5lcej202&apos;[39m
}
[AUDIT: LOW] data_create {
  id: [32m&apos;audit_1770159301455_lt6z8ju6i&apos;[39m,
  timestamp: [32m&apos;2026-02-03T22:55:01.455Z&apos;[39m,
  action: [32m&apos;data_create&apos;[39m,
  details: {
    entityType: [32m&apos;transaction&apos;[39m,
    entityId: [32m&apos;492abbde-b830-43e6-bc69-73ff94ea905b&apos;[39m,
    amount: [33m485.613172685186[39m,
    category: [32m&apos;Test&apos;[39m,
    accountId: [32m&apos;main&apos;[39m
  },
  userId: [32m&apos;test-user-123&apos;[39m,
  severity: [32m&apos;low&apos;[39m,
  userAgent: [32m&apos;Mozilla/5.0 (win32) AppleWebKit/537.36 (KHTML, like Gecko) jsdom/27.3.0&apos;[39m,
  ip: [32m&apos;client_ip_unavailable&apos;[39m,
  sessionId: [32m&apos;session_1770159299405_y5lcej202&apos;[39m
}
[AUDIT: LOW] data_create {
  id: [32m&apos;audit_1770159301459_51f83rb2m&apos;[39m,
  timestamp: [32m&apos;2026-02-03T22:55:01.459Z&apos;[39m,
  action: [32m&apos;data_create&apos;[39m,
  details: {
    entityType: [32m&apos;transaction&apos;[39m,
    entityId: [32m&apos;b32878f7-0fb1-46ef-8197-a6723e66ce90&apos;[39m,
    amount: [33m923.6527645469414[39m,
    category: [32m&apos;Test&apos;[39m,
    accountId: [32m&apos;main&apos;[39m
  },
  userId: [32m&apos;test-user-123&apos;[39m,
  severity: [32m&apos;low&apos;[39m,
  userAgent: [32m&apos;Mozilla/5.0 (win32) AppleWebKit/537.36 (KHTML, like Gecko) jsdom/27.3.0&apos;[39m,
  ip: [32m&apos;client_ip_unavailable&apos;[39m,
  sessionId: [32m&apos;session_1770159299405_y5lcej202&apos;[39m
}
[AUDIT: LOW] data_create {
  id: [32m&apos;audit_1770159301464_mwo3293nq&apos;[39m,
  timestamp: [32m&apos;2026-02-03T22:55:01.464Z&apos;[39m,
  action: [32m&apos;data_create&apos;[39m,
  details: {
    entityType: [32m&apos;transaction&apos;[39m,
    entityId: [32m&apos;1599a463-6fac-4e2b-9232-2971f6c39a32&apos;[39m,
    amount: [33m345.69833071557355[39m,
    category: [32m&apos;Test&apos;[39m,
    accountId: [32m&apos;main&apos;[39m
  },
  userId: [32m&apos;test-user-123&apos;[39m,
  severity: [32m&apos;low&apos;[39m,
  userAgent: [32m&apos;Mozilla/5.0 (win32) AppleWebKit/537.36 (KHTML, like Gecko) jsdom/27.3.0&apos;[39m,
  ip: [32m&apos;client_ip_unavailable&apos;[39m,
  sessionId: [32m&apos;session_1770159299405_y5lcej202&apos;[39m
}
[AUDIT: LOW] data_create {
  id: [32m&apos;audit_1770159301469_gzgis5ptx&apos;[39m,
  timestamp: [32m&apos;2026-02-03T22:55:01.469Z&apos;[39m,
  action: [32m&apos;data_create&apos;[39m,
  details: {
    entityType: [32m&apos;transaction&apos;[39m,
    entityId: [32m&apos;8decdd5a-3287-4e4a-b880-a6b439311e34&apos;[39m,
    amount: [33m450.351331036117[39m,
    category: [32m&apos;Test&apos;[39m,
    accountId: [32m&apos;main&apos;[39m
  },
  userId: [32m&apos;test-user-123&apos;[39m,
  severity: [32m&apos;low&apos;[39m,
  userAgent: [32m&apos;Mozilla/5.0 (win32) AppleWebKit/537.36 (KHTML, like Gecko) jsdom/27.3.0&apos;[39m,
  ip: [32m&apos;client_ip_unavailable&apos;[39m,
  sessionId: [32m&apos;session_1770159299405_y5lcej202&apos;[39m
}
[AUDIT: LOW] data_create {
  id: [32m&apos;audit_1770159301473_n0pj8qtrl&apos;[39m,
  timestamp: [32m&apos;2026-02-03T22:55:01.473Z&apos;[39m,
  action: [32m&apos;data_create&apos;[39m,
  details: {
    entityType: [32m&apos;transaction&apos;[39m,
    entityId: [32m&apos;b8c5b8e0-8655-434d-a589-38b2d910fc57&apos;[39m,
    amount: [33m166.42260629884896[39m,
    category: [32m&apos;Test&apos;[39m,
    accountId: [32m&apos;main&apos;[39m
  },
  userId: [32m&apos;test-user-123&apos;[39m,
  severity: [32m&apos;low&apos;[39m,
  userAgent: [32m&apos;Mozilla/5.0 (win32) AppleWebKit/537.36 (KHTML, like Gecko) jsdom/27.3.0&apos;[39m,
  ip: [32m&apos;client_ip_unavailable&apos;[39m,
  sessionId: [32m&apos;session_1770159299405_y5lcej202&apos;[39m
}
[AUDIT: LOW] data_create {
  id: [32m&apos;audit_1770159301477_f0e3uf4bf&apos;[39m,
  timestamp: [32m&apos;2026-02-03T22:55:01.477Z&apos;[39m,
  action: [32m&apos;data_create&apos;[39m,
  details: {
    entityType: [32m&apos;transaction&apos;[39m,
    entityId: [32m&apos;3153239b-a0e3-4ad0-ba59-7cea4291b842&apos;[39m,
    amount: [33m676.5748341744502[39m,
    category: [32m&apos;Test&apos;[39m,
    accountId: [32m&apos;main&apos;[39m
  },
  userId: [32m&apos;test-user-123&apos;[39m,
  severity: [32m&apos;low&apos;[39m,
  userAgent: [32m&apos;Mozilla/5.0 (win32) AppleWebKit/537.36 (KHTML, like Gecko) jsdom/27.3.0&apos;[39m,
  ip: [32m&apos;client_ip_unavailable&apos;[39m,
  sessionId: [32m&apos;session_1770159299405_y5lcej202&apos;[39m
}
[AUDIT: LOW] data_create {
  id: [32m&apos;audit_1770159301481_mgt2xb0lw&apos;[39m,
  timestamp: [32m&apos;2026-02-03T22:55:01.481Z&apos;[39m,
  action: [32m&apos;data_create&apos;[39m,
  details: {
    entityType: [32m&apos;transaction&apos;[39m,
    entityId: [32m&apos;1ebc996a-ddff-43e0-b2c9-65a1c0e1aea5&apos;[39m,
    amount: [33m372.84441346127574[39m,
    category: [32m&apos;Test&apos;[39m,
    accountId: [32m&apos;main&apos;[39m
  },
  userId: [32m&apos;test-user-123&apos;[39m,
  severity: [32m&apos;low&apos;[39m,
  userAgent: [32m&apos;Mozilla/5.0 (win32) AppleWebKit/537.36 (KHTML, like Gecko) jsdom/27.3.0&apos;[39m,
  ip: [32m&apos;client_ip_unavailable&apos;[39m,
  sessionId: [32m&apos;session_1770159299405_y5lcej202&apos;[39m
}
[AUDIT: LOW] data_create {
  id: [32m&apos;audit_1770159301486_ywj9q1w22&apos;[39m,
  timestamp: [32m&apos;2026-02-03T22:55:01.486Z&apos;[39m,
  action: [32m&apos;data_create&apos;[39m,
  details: {
    entityType: [32m&apos;transaction&apos;[39m,
    entityId: [32m&apos;78f49fbb-8487-4173-a048-503cb49349ed&apos;[39m,
    amount: [33m90.87823565104436[39m,
    category: [32m&apos;Test&apos;[39m,
    accountId: [32m&apos;main&apos;[39m
  },
  userId: [32m&apos;test-user-123&apos;[39m,
  severity: [32m&apos;low&apos;[39m,
  userAgent: [32m&apos;Mozilla/5.0 (win32) AppleWebKit/537.36 (KHTML, like Gecko) jsdom/27.3.0&apos;[39m,
  ip: [32m&apos;client_ip_unavailable&apos;[39m,
  sessionId: [32m&apos;session_1770159299405_y5lcej202&apos;[39m
}
[AUDIT: LOW] data_create {
  id: [32m&apos;audit_1770159301489_byaflub3e&apos;[39m,
  timestamp: [32m&apos;2026-02-03T22:55:01.489Z&apos;[39m,
  action: [32m&apos;data_create&apos;[39m,
  details: {
    entityType: [32m&apos;transaction&apos;[39m,
    entityId: [32m&apos;52484969-78ae-44d0-8d7e-95af516febe6&apos;[39m,
    amount: [33m393.60406107591075[39m,
    category: [32m&apos;Test&apos;[39m,
    accountId: [32m&apos;main&apos;[39m
  },
  userId: [32m&apos;test-user-123&apos;[39m,
  severity: [32m&apos;low&apos;[39m,
  userAgent: [32m&apos;Mozilla/5.0 (win32) AppleWebKit/537.36 (KHTML, like Gecko) jsdom/27.3.0&apos;[39m,
  ip: [32m&apos;client_ip_unavailable&apos;[39m,
  sessionId: [32m&apos;session_1770159299405_y5lcej202&apos;[39m
}
[AUDIT: LOW] data_create {
  id: [32m&apos;audit_1770159301493_q9ihwghz8&apos;[39m,
  timestamp: [32m&apos;2026-02-03T22:55:01.493Z&apos;[39m,
  action: [32m&apos;data_create&apos;[39m,
  details: {
    entityType: [32m&apos;transaction&apos;[39m,
    entityId: [32m&apos;7dd2d004-10aa-4406-808b-b04a424647cc&apos;[39m,
    amount: [33m427.7243758544277[39m,
    category: [32m&apos;Test&apos;[39m,
    accountId: [32m&apos;main&apos;[39m
  },
  userId: [32m&apos;test-user-123&apos;[39m,
  severity: [32m&apos;low&apos;[39m,
  userAgent: [32m&apos;Mozilla/5.0 (win32) AppleWebKit/537.36 (KHTML, like Gecko) jsdom/27.3.0&apos;[39m,
  ip: [32m&apos;client_ip_unavailable&apos;[39m,
  sessionId: [32m&apos;session_1770159299405_y5lcej202&apos;[39m
}
[AUDIT: LOW] data_create {
  id: [32m&apos;audit_1770159301498_m53sub5m2&apos;[39m,
  timestamp: [32m&apos;2026-02-03T22:55:01.498Z&apos;[39m,
  action: [32m&apos;data_create&apos;[39m,
  details: {
    entityType: [32m&apos;transaction&apos;[39m,
    entityId: [32m&apos;e914cacd-062f-4795-a4ee-a62f8fb3478a&apos;[39m,
    amount: [33m662.4773294397377[39m,
    category: [32m&apos;Test&apos;[39m,
    accountId: [32m&apos;main&apos;[39m
  },
  userId: [32m&apos;test-user-123&apos;[39m,
  severity: [32m&apos;low&apos;[39m,
  userAgent: [32m&apos;Mozilla/5.0 (win32) AppleWebKit/537.36 (KHTML, like Gecko) jsdom/27.3.0&apos;[39m,
  ip: [32m&apos;client_ip_unavailable&apos;[39m,
  sessionId: [32m&apos;session_1770159299405_y5lcej202&apos;[39m
}
[AUDIT: LOW] data_create {
  id: [32m&apos;audit_1770159301502_vzkvun2nl&apos;[39m,
  timestamp: [32m&apos;2026-02-03T22:55:01.502Z&apos;[39m,
  action: [32m&apos;data_create&apos;[39m,
  details: {
    entityType: [32m&apos;transaction&apos;[39m,
    entityId: [32m&apos;937c8f38-ba7b-40c3-9f17-eb295a6a7e03&apos;[39m,
    amount: [33m756.7065978958082[39m,
    category: [32m&apos;Test&apos;[39m,
    accountId: [32m&apos;main&apos;[39m
  },
  userId: [32m&apos;test-user-123&apos;[39m,
  severity: [32m&apos;low&apos;[39m,
  userAgent: [32m&apos;Mozilla/5.0 (win32) AppleWebKit/537.36 (KHTML, like Gecko) jsdom/27.3.0&apos;[39m,
  ip: [32m&apos;client_ip_unavailable&apos;[39m,
  sessionId: [32m&apos;session_1770159299405_y5lcej202&apos;[39m
}
[AUDIT: LOW] data_create {
  id: [32m&apos;audit_1770159301505_c7xy3xfjy&apos;[39m,
  timestamp: [32m&apos;2026-02-03T22:55:01.505Z&apos;[39m,
  action: [32m&apos;data_create&apos;[39m,
  details: {
    entityType: [32m&apos;transaction&apos;[39m,
    entityId: [32m&apos;45296a35-90b8-4614-b3c2-2ab5b3a91976&apos;[39m,
    amount: [33m452.12317796898094[39m,
    category: [32m&apos;Test&apos;[39m,
    accountId: [32m&apos;main&apos;[39m
  },
  userId: [32m&apos;test-user-123&apos;[39m,
  severity: [32m&apos;low&apos;[39m,
  userAgent: [32m&apos;Mozilla/5.0 (win32) AppleWebKit/537.36 (KHTML, like Gecko) jsdom/27.3.0&apos;[39m,
  ip: [32m&apos;client_ip_unavailable&apos;[39m,
  sessionId: [32m&apos;session_1770159299405_y5lcej202&apos;[39m
}
[AUDIT: LOW] data_create {
  id: [32m&apos;audit_1770159301508_u31czd8t2&apos;[39m,
  timestamp: [32m&apos;2026-02-03T22:55:01.508Z&apos;[39m,
  action: [32m&apos;data_create&apos;[39m,
  details: {
    entityType: [32m&apos;transaction&apos;[39m,
    entityId: [32m&apos;81c16496-63a1-4e82-800b-abbfec212ee9&apos;[39m,
    amount: [33m172.61238313554438[39m,
    category: [32m&apos;Test&apos;[39m,
    accountId: [32m&apos;main&apos;[39m
  },
  userId: [32m&apos;test-user-123&apos;[39m,
  severity: [32m&apos;low&apos;[39m,
  userAgent: [32m&apos;Mozilla/5.0 (win32) AppleWebKit/537.36 (KHTML, like Gecko) jsdom/27.3.0&apos;[39m,
  ip: [32m&apos;client_ip_unavailable&apos;[39m,
  sessionId: [32m&apos;session_1770159299405_y5lcej202&apos;[39m
}
[AUDIT: LOW] data_create {
  id: [32m&apos;audit_1770159301513_top27f1ue&apos;[39m,
  timestamp: [32m&apos;2026-02-03T22:55:01.513Z&apos;[39m,
  action: [32m&apos;data_create&apos;[39m,
  details: {
    entityType: [32m&apos;transaction&apos;[39m,
    entityId: [32m&apos;b4f471d9-a99e-44e2-89f7-da10d76600d6&apos;[39m,
    amount: [33m281.23069947577727[39m,
    category: [32m&apos;Test&apos;[39m,
    accountId: [32m&apos;main&apos;[39m
  },
  userId: [32m&apos;test-user-123&apos;[39m,
  severity: [32m&apos;low&apos;[39m,
  userAgent: [32m&apos;Mozilla/5.0 (win32) AppleWebKit/537.36 (KHTML, like Gecko) jsdom/27.3.0&apos;[39m,
  ip: [32m&apos;client_ip_unavailable&apos;[39m,
  sessionId: [32m&apos;session_1770159299405_y5lcej202&apos;[39m
}
[AUDIT: LOW] data_create {
  id: [32m&apos;audit_1770159301520_szccn2xmi&apos;[39m,
  timestamp: [32m&apos;2026-02-03T22:55:01.520Z&apos;[39m,
  action: [32m&apos;data_create&apos;[39m,
  details: {
    entityType: [32m&apos;transaction&apos;[39m,
    entityId: [32m&apos;524d3071-6a1a-4a34-96f7-ce4cb2a670d9&apos;[39m,
    amount: [33m886.4859981666051[39m,
    category: [32m&apos;Test&apos;[39m,
    accountId: [32m&apos;main&apos;[39m
  },
  userId: [32m&apos;test-user-123&apos;[39m,
  severity: [32m&apos;low&apos;[39m,
  userAgent: [32m&apos;Mozilla/5.0 (win32) AppleWebKit/537.36 (KHTML, like Gecko) jsdom/27.3.0&apos;[39m,
  ip: [32m&apos;client_ip_unavailable&apos;[39m,
  sessionId: [32m&apos;session_1770159299405_y5lcej202&apos;[39m
}
[AUDIT: LOW] data_create {
  id: [32m&apos;audit_1770159301526_bw6sybs1r&apos;[39m,
  timestamp: [32m&apos;2026-02-03T22:55:01.526Z&apos;[39m,
  action: [32m&apos;data_create&apos;[39m,
  details: {
    entityType: [32m&apos;transaction&apos;[39m,
    entityId: [32m&apos;a065d9fe-98eb-42d0-b8bc-072dcb7294c5&apos;[39m,
    amount: [33m704.70596170672[39m,
    category: [32m&apos;Test&apos;[39m,
    accountId: [32m&apos;main&apos;[39m
  },
  userId: [32m&apos;test-user-123&apos;[39m,
  severity: [32m&apos;low&apos;[39m,
  userAgent: [32m&apos;Mozilla/5.0 (win32) AppleWebKit/537.36 (KHTML, like Gecko) jsdom/27.3.0&apos;[39m,
  ip: [32m&apos;client_ip_unavailable&apos;[39m,
  sessionId: [32m&apos;session_1770159299405_y5lcej202&apos;[39m
}
[AUDIT: LOW] data_create {
  id: [32m&apos;audit_1770159301529_95qd5fdqb&apos;[39m,
  timestamp: [32m&apos;2026-02-03T22:55:01.529Z&apos;[39m,
  action: [32m&apos;data_create&apos;[39m,
  details: {
    entityType: [32m&apos;transaction&apos;[39m,
    entityId: [32m&apos;ed040148-049e-49ae-b49d-42f5d05628a1&apos;[39m,
    amount: [33m320.85836152838255[39m,
    category: [32m&apos;Test&apos;[39m,
    accountId: [32m&apos;main&apos;[39m
  },
  userId: [32m&apos;test-user-123&apos;[39m,
  severity: [32m&apos;low&apos;[39m,
  userAgent: [32m&apos;Mozilla/5.0 (win32) AppleWebKit/537.36 (KHTML, like Gecko) jsdom/27.3.0&apos;[39m,
  ip: [32m&apos;client_ip_unavailable&apos;[39m,
  sessionId: [32m&apos;session_1770159299405_y5lcej202&apos;[39m
}
[AUDIT: LOW] data_create {
  id: [32m&apos;audit_1770159301531_oyuelf2v2&apos;[39m,
  timestamp: [32m&apos;2026-02-03T22:55:01.531Z&apos;[39m,
  action: [32m&apos;data_create&apos;[39m,
  details: {
    entityType: [32m&apos;transaction&apos;[39m,
    entityId: [32m&apos;32c4fc9c-58b5-4192-8074-0ecce473c503&apos;[39m,
    amount: [33m362.5234042019401[39m,
    category: [32m&apos;Test&apos;[39m,
    accountId: [32m&apos;main&apos;[39m
  },
  userId: [32m&apos;test-user-123&apos;[39m,
  severity: [32m&apos;low&apos;[39m,
  userAgent: [32m&apos;Mozilla/5.0 (win32) AppleWebKit/537.36 (KHTML, like Gecko) jsdom/27.3.0&apos;[39m,
  ip: [32m&apos;client_ip_unavailable&apos;[39m,
  sessionId: [32m&apos;session_1770159299405_y5lcej202&apos;[39m
}
[AUDIT: LOW] data_create {
  id: [32m&apos;audit_1770159301536_ddi1czvmz&apos;[39m,
  timestamp: [32m&apos;2026-02-03T22:55:01.536Z&apos;[39m,
  action: [32m&apos;data_create&apos;[39m,
  details: {
    entityType: [32m&apos;transaction&apos;[39m,
    entityId: [32m&apos;758fe309-a4e2-4523-bd06-d489f42dbcb9&apos;[39m,
    amount: [33m985.6822428851044[39m,
    category: [32m&apos;Test&apos;[39m,
    accountId: [32m&apos;main&apos;[39m
  },
  userId: [32m&apos;test-user-123&apos;[39m,
  severity: [32m&apos;low&apos;[39m,
  userAgent: [32m&apos;Mozilla/5.0 (win32) AppleWebKit/537.36 (KHTML, like Gecko) jsdom/27.3.0&apos;[39m,
  ip: [32m&apos;client_ip_unavailable&apos;[39m,
  sessionId: [32m&apos;session_1770159299405_y5lcej202&apos;[39m
}
[AUDIT: LOW] data_create {
  id: [32m&apos;audit_1770159301540_2hq8yitqr&apos;[39m,
  timestamp: [32m&apos;2026-02-03T22:55:01.540Z&apos;[39m,
  action: [32m&apos;data_create&apos;[39m,
  details: {
    entityType: [32m&apos;transaction&apos;[39m,
    entityId: [32m&apos;ce02d2eb-2c2f-4412-96f0-1ab45cdb60cc&apos;[39m,
    amount: [33m949.9416741106065[39m,
    category: [32m&apos;Test&apos;[39m,
    accountId: [32m&apos;main&apos;[39m
  },
  userId: [32m&apos;test-user-123&apos;[39m,
  severity: [32m&apos;low&apos;[39m,
  userAgent: [32m&apos;Mozilla/5.0 (win32) AppleWebKit/537.36 (KHTML, like Gecko) jsdom/27.3.0&apos;[39m,
  ip: [32m&apos;client_ip_unavailable&apos;[39m,
  sessionId: [32m&apos;session_1770159299405_y5lcej202&apos;[39m
}
[AUDIT: LOW] data_create {
  id: [32m&apos;audit_1770159301543_e4d8q8zln&apos;[39m,
  timestamp: [32m&apos;2026-02-03T22:55:01.544Z&apos;[39m,
  action: [32m&apos;data_create&apos;[39m,
  details: {
    entityType: [32m&apos;transaction&apos;[39m,
    entityId: [32m&apos;4f9f3d25-38cb-418b-9e45-c1d2b0e43ebc&apos;[39m,
    amount: [33m799.8181300830344[39m,
    category: [32m&apos;Test&apos;[39m,
    accountId: [32m&apos;main&apos;[39m
  },
  userId: [32m&apos;test-user-123&apos;[39m,
  severity: [32m&apos;low&apos;[39m,
  userAgent: [32m&apos;Mozilla/5.0 (win32) AppleWebKit/537.36 (KHTML, like Gecko) jsdom/27.3.0&apos;[39m,
  ip: [32m&apos;client_ip_unavailable&apos;[39m,
  sessionId: [32m&apos;session_1770159299405_y5lcej202&apos;[39m
}
[AUDIT: LOW] data_create {
  id: [32m&apos;audit_1770159301547_ns8656h0r&apos;[39m,
  timestamp: [32m&apos;2026-02-03T22:55:01.547Z&apos;[39m,
  action: [32m&apos;data_create&apos;[39m,
  details: {
    entityType: [32m&apos;transaction&apos;[39m,
    entityId: [32m&apos;e32e1eb5-5384-46a5-8bb8-f48ccb2b2c81&apos;[39m,
    amount: [33m286.1266689433679[39m,
    category: [32m&apos;Test&apos;[39m,
    accountId: [32m&apos;main&apos;[39m
  },
  userId: [32m&apos;test-user-123&apos;[39m,
  severity: [32m&apos;low&apos;[39m,
  userAgent: [32m&apos;Mozilla/5.0 (win32) AppleWebKit/537.36 (KHTML, like Gecko) jsdom/27.3.0&apos;[39m,
  ip: [32m&apos;client_ip_unavailable&apos;[39m,
  sessionId: [32m&apos;session_1770159299405_y5lcej202&apos;[39m
}
[AUDIT: LOW] data_create {
  id: [32m&apos;audit_1770159301552_6nnnw262j&apos;[39m,
  timestamp: [32m&apos;2026-02-03T22:55:01.552Z&apos;[39m,
  action: [32m&apos;data_create&apos;[39m,
  details: {
    entityType: [32m&apos;transaction&apos;[39m,
    entityId: [32m&apos;9476c65d-6023-4e0c-a543-c3a392fae7aa&apos;[39m,
    amount: [33m557.2663598399683[39m,
    category: [32m&apos;Test&apos;[39m,
    accountId: [32m&apos;main&apos;[39m
  },
  userId: [32m&apos;test-user-123&apos;[39m,
  severity: [32m&apos;low&apos;[39m,
  userAgent: [32m&apos;Mozilla/5.0 (win32) AppleWebKit/537.36 (KHTML, like Gecko) jsdom/27.3.0&apos;[39m,
  ip: [32m&apos;client_ip_unavailable&apos;[39m,
  sessionId: [32m&apos;session_1770159299405_y5lcej202&apos;[39m
}
[AUDIT: LOW] data_create {
  id: [32m&apos;audit_1770159301555_sy7qw7h5d&apos;[39m,
  timestamp: [32m&apos;2026-02-03T22:55:01.555Z&apos;[39m,
  action: [32m&apos;data_create&apos;[39m,
  details: {
    entityType: [32m&apos;transaction&apos;[39m,
    entityId: [32m&apos;df9217ff-ee72-49d1-ad1e-86190a96d8f3&apos;[39m,
    amount: [33m844.5416836277329[39m,
    category: [32m&apos;Test&apos;[39m,
    accountId: [32m&apos;main&apos;[39m
  },
  userId: [32m&apos;test-user-123&apos;[39m,
  severity: [32m&apos;low&apos;[39m,
  userAgent: [32m&apos;Mozilla/5.0 (win32) AppleWebKit/537.36 (KHTML, like Gecko) jsdom/27.3.0&apos;[39m,
  ip: [32m&apos;client_ip_unavailable&apos;[39m,
  sessionId: [32m&apos;session_1770159299405_y5lcej202&apos;[39m
}
[AUDIT: LOW] data_create {
  id: [32m&apos;audit_1770159301558_wh56dgygc&apos;[39m,
  timestamp: [32m&apos;2026-02-03T22:55:01.558Z&apos;[39m,
  action: [32m&apos;data_create&apos;[39m,
  details: {
    entityType: [32m&apos;transaction&apos;[39m,
    entityId: [32m&apos;8a858a65-4beb-4ffb-8332-c3fd94217157&apos;[39m,
    amount: [33m825.5310681648377[39m,
    category: [32m&apos;Test&apos;[39m,
    accountId: [32m&apos;main&apos;[39m
  },
  userId: [32m&apos;test-user-123&apos;[39m,
  severity: [32m&apos;low&apos;[39m,
  userAgent: [32m&apos;Mozilla/5.0 (win32) AppleWebKit/537.36 (KHTML, like Gecko) jsdom/27.3.0&apos;[39m,
  ip: [32m&apos;client_ip_unavailable&apos;[39m,
  sessionId: [32m&apos;session_1770159299405_y5lcej202&apos;[39m
}
[AUDIT: LOW] data_create {
  id: [32m&apos;audit_1770159301562_2nrl89iv8&apos;[39m,
  timestamp: [32m&apos;2026-02-03T22:55:01.562Z&apos;[39m,
  action: [32m&apos;data_create&apos;[39m,
  details: {
    entityType: [32m&apos;transaction&apos;[39m,
    entityId: [32m&apos;f4c0cac6-ad32-4445-8a40-dda08a5bba2b&apos;[39m,
    amount: [33m651.5290353845409[39m,
    category: [32m&apos;Test&apos;[39m,
    accountId: [32m&apos;main&apos;[39m
  },
  userId: [32m&apos;test-user-123&apos;[39m,
  severity: [32m&apos;low&apos;[39m,
  userAgent: [32m&apos;Mozilla/5.0 (win32) AppleWebKit/537.36 (KHTML, like Gecko) jsdom/27.3.0&apos;[39m,
  ip: [32m&apos;client_ip_unavailable&apos;[39m,
  sessionId: [32m&apos;session_1770159299405_y5lcej202&apos;[39m
}
[AUDIT: LOW] data_create {
  id: [32m&apos;audit_1770159301565_he80oh10e&apos;[39m,
  timestamp: [32m&apos;2026-02-03T22:55:01.565Z&apos;[39m,
  action: [32m&apos;data_create&apos;[39m,
  details: {
    entityType: [32m&apos;transaction&apos;[39m,
    entityId: [32m&apos;a4c5110c-57b4-42ae-8f87-22265711a0d1&apos;[39m,
    amount: [33m653.6775616910479[39m,
    category: [32m&apos;Test&apos;[39m,
    accountId: [32m&apos;main&apos;[39m
  },
  userId: [32m&apos;test-user-123&apos;[39m,
  severity: [32m&apos;low&apos;[39m,
  userAgent: [32m&apos;Mozilla/5.0 (win32) AppleWebKit/537.36 (KHTML, like Gecko) jsdom/27.3.0&apos;[39m,
  ip: [32m&apos;client_ip_unavailable&apos;[39m,
  sessionId: [32m&apos;session_1770159299405_y5lcej202&apos;[39m
}
[AUDIT: LOW] data_create {
  id: [32m&apos;audit_1770159301575_0ewvolmv0&apos;[39m,
  timestamp: [32m&apos;2026-02-03T22:55:01.575Z&apos;[39m,
  action: [32m&apos;data_create&apos;[39m,
  details: {
    entityType: [32m&apos;transaction&apos;[39m,
    entityId: [32m&apos;fb44108f-7311-4505-8477-e147434edae7&apos;[39m,
    amount: [33m836.1424019396942[39m,
    category: [32m&apos;Test&apos;[39m,
    accountId: [32m&apos;main&apos;[39m
  },
  userId: [32m&apos;test-user-123&apos;[39m,
  severity: [32m&apos;low&apos;[39m,
  userAgent: [32m&apos;Mozilla/5.0 (win32) AppleWebKit/537.36 (KHTML, like Gecko) jsdom/27.3.0&apos;[39m,
  ip: [32m&apos;client_ip_unavailable&apos;[39m,
  sessionId: [32m&apos;session_1770159299405_y5lcej202&apos;[39m
}
[AUDIT: LOW] data_create {
  id: [32m&apos;audit_1770159301579_1c64di7o8&apos;[39m,
  timestamp: [32m&apos;2026-02-03T22:55:01.579Z&apos;[39m,
  action: [32m&apos;data_create&apos;[39m,
  details: {
    entityType: [32m&apos;transaction&apos;[39m,
    entityId: [32m&apos;1f3efbe7-ecaf-4708-b8cf-24217d95b6aa&apos;[39m,
    amount: [33m960.7145211982669[39m,
    category: [32m&apos;Test&apos;[39m,
    accountId: [32m&apos;main&apos;[39m
  },
  userId: [32m&apos;test-user-123&apos;[39m,
  severity: [32m&apos;low&apos;[39m,
  userAgent: [32m&apos;Mozilla/5.0 (win32) AppleWebKit/537.36 (KHTML, like Gecko) jsdom/27.3.0&apos;[39m,
  ip: [32m&apos;client_ip_unavailable&apos;[39m,
  sessionId: [32m&apos;session_1770159299405_y5lcej202&apos;[39m
}
[AUDIT: LOW] data_create {
  id: [32m&apos;audit_1770159301584_674ttt586&apos;[39m,
  timestamp: [32m&apos;2026-02-03T22:55:01.584Z&apos;[39m,
  action: [32m&apos;data_create&apos;[39m,
  details: {
    entityType: [32m&apos;transaction&apos;[39m,
    entityId: [32m&apos;fa4c8214-35de-4130-9ea8-ecf382e01281&apos;[39m,
    amount: [33m92.6958565959598[39m,
    category: [32m&apos;Test&apos;[39m,
    accountId: [32m&apos;main&apos;[39m
  },
  userId: [32m&apos;test-user-123&apos;[39m,
  severity: [32m&apos;low&apos;[39m,
  userAgent: [32m&apos;Mozilla/5.0 (win32) AppleWebKit/537.36 (KHTML, like Gecko) jsdom/27.3.0&apos;[39m,
  ip: [32m&apos;client_ip_unavailable&apos;[39m,
  sessionId: [32m&apos;session_1770159299405_y5lcej202&apos;[39m
}
[AUDIT: LOW] data_create {
  id: [32m&apos;audit_1770159301587_76efq9sf6&apos;[39m,
  timestamp: [32m&apos;2026-02-03T22:55:01.587Z&apos;[39m,
  action: [32m&apos;data_create&apos;[39m,
  details: {
    entityType: [32m&apos;transaction&apos;[39m,
    entityId: [32m&apos;0aad0aa0-eb2e-46c4-b3ff-5dd5c5d715cc&apos;[39m,
    amount: [33m87.46909545089676[39m,
    category: [32m&apos;Test&apos;[39m,
    accountId: [32m&apos;main&apos;[39m
  },
  userId: [32m&apos;test-user-123&apos;[39m,
  severity: [32m&apos;low&apos;[39m,
  userAgent: [32m&apos;Mozilla/5.0 (win32) AppleWebKit/537.36 (KHTML, like Gecko) jsdom/27.3.0&apos;[39m,
  ip: [32m&apos;client_ip_unavailable&apos;[39m,
  sessionId: [32m&apos;session_1770159299405_y5lcej202&apos;[39m
}
[AUDIT: LOW] data_create {
  id: [32m&apos;audit_1770159301590_tam74hz55&apos;[39m,
  timestamp: [32m&apos;2026-02-03T22:55:01.590Z&apos;[39m,
  action: [32m&apos;data_create&apos;[39m,
  details: {
    entityType: [32m&apos;transaction&apos;[39m,
    entityId: [32m&apos;8f3e3283-61c4-4ea4-b977-c473a9c9fea4&apos;[39m,
    amount: [33m353.46548055897995[39m,
    category: [32m&apos;Test&apos;[39m,
    accountId: [32m&apos;main&apos;[39m
  },
  userId: [32m&apos;test-user-123&apos;[39m,
  severity: [32m&apos;low&apos;[39m,
  userAgent: [32m&apos;Mozilla/5.0 (win32) AppleWebKit/537.36 (KHTML, like Gecko) jsdom/27.3.0&apos;[39m,
  ip: [32m&apos;client_ip_unavailable&apos;[39m,
  sessionId: [32m&apos;session_1770159299405_y5lcej202&apos;[39m
}
[AUDIT: LOW] data_create {
  id: [32m&apos;audit_1770159301597_ylh2rfg6a&apos;[39m,
  timestamp: [32m&apos;2026-02-03T22:55:01.597Z&apos;[39m,
  action: [32m&apos;data_create&apos;[39m,
  details: {
    entityType: [32m&apos;transaction&apos;[39m,
    entityId: [32m&apos;2d8f29af-ac7d-4749-aa68-bbb5592b5998&apos;[39m,
    amount: [33m13.739384530053966[39m,
    category: [32m&apos;Test&apos;[39m,
    accountId: [32m&apos;main&apos;[39m
  },
  userId: [32m&apos;test-user-123&apos;[39m,
  severity: [32m&apos;low&apos;[39m,
  userAgent: [32m&apos;Mozilla/5.0 (win32) AppleWebKit/537.36 (KHTML, like Gecko) jsdom/27.3.0&apos;[39m,
  ip: [32m&apos;client_ip_unavailable&apos;[39m,
  sessionId: [32m&apos;session_1770159299405_y5lcej202&apos;[39m
}
[AUDIT: LOW] data_create {
  id: [32m&apos;audit_1770159301600_5fr14vgq7&apos;[39m,
  timestamp: [32m&apos;2026-02-03T22:55:01.600Z&apos;[39m,
  action: [32m&apos;data_create&apos;[39m,
  details: {
    entityType: [32m&apos;transaction&apos;[39m,
    entityId: [32m&apos;4d71e5d6-0cae-4f8a-804d-e0be6cea15bd&apos;[39m,
    amount: [33m395.89205227429625[39m,
    category: [32m&apos;Test&apos;[39m,
    accountId: [32m&apos;main&apos;[39m
  },
  userId: [32m&apos;test-user-123&apos;[39m,
  severity: [32m&apos;low&apos;[39m,
  userAgent: [32m&apos;Mozilla/5.0 (win32) AppleWebKit/537.36 (KHTML, like Gecko) jsdom/27.3.0&apos;[39m,
  ip: [32m&apos;client_ip_unavailable&apos;[39m,
  sessionId: [32m&apos;session_1770159299405_y5lcej202&apos;[39m
}
[AUDIT: LOW] data_create {
  id: [32m&apos;audit_1770159301605_hdx01xsrv&apos;[39m,
  timestamp: [32m&apos;2026-02-03T22:55:01.605Z&apos;[39m,
  action: [32m&apos;data_create&apos;[39m,
  details: {
    entityType: [32m&apos;transaction&apos;[39m,
    entityId: [32m&apos;c64b23d0-2558-491a-8e24-45a28c4265e8&apos;[39m,
    amount: [33m752.7281820943789[39m,
    category: [32m&apos;Test&apos;[39m,
    accountId: [32m&apos;main&apos;[39m
  },
  userId: [32m&apos;test-user-123&apos;[39m,
  severity: [32m&apos;low&apos;[39m,
  userAgent: [32m&apos;Mozilla/5.0 (win32) AppleWebKit/537.36 (KHTML, like Gecko) jsdom/27.3.0&apos;[39m,
  ip: [32m&apos;client_ip_unavailable&apos;[39m,
  sessionId: [32m&apos;session_1770159299405_y5lcej202&apos;[39m
}
[AUDIT: LOW] data_create {
  id: [32m&apos;audit_1770159301610_g40zoh5l4&apos;[39m,
  timestamp: [32m&apos;2026-02-03T22:55:01.610Z&apos;[39m,
  action: [32m&apos;data_create&apos;[39m,
  details: {
    entityType: [32m&apos;transaction&apos;[39m,
    entityId: [32m&apos;7e1266f0-7adc-4350-8032-673fb5be695c&apos;[39m,
    amount: [33m859.7059817948818[39m,
    category: [32m&apos;Test&apos;[39m,
    accountId: [32m&apos;main&apos;[39m
  },
  userId: [32m&apos;test-user-123&apos;[39m,
  severity: [32m&apos;low&apos;[39m,
  userAgent: [32m&apos;Mozilla/5.0 (win32) AppleWebKit/537.36 (KHTML, like Gecko) jsdom/27.3.0&apos;[39m,
  ip: [32m&apos;client_ip_unavailable&apos;[39m,
  sessionId: [32m&apos;session_1770159299405_y5lcej202&apos;[39m
}
[AUDIT: LOW] data_create {
  id: [32m&apos;audit_1770159301613_cuubewcfl&apos;[39m,
  timestamp: [32m&apos;2026-02-03T22:55:01.613Z&apos;[39m,
  action: [32m&apos;data_create&apos;[39m,
  details: {
    entityType: [32m&apos;transaction&apos;[39m,
    entityId: [32m&apos;3c4559b2-c290-475c-8d1b-d44d4b22fbbd&apos;[39m,
    amount: [33m385.3726973770587[39m,
    category: [32m&apos;Test&apos;[39m,
    accountId: [32m&apos;main&apos;[39m
  },
  userId: [32m&apos;test-user-123&apos;[39m,
  severity: [32m&apos;low&apos;[39m,
  userAgent: [32m&apos;Mozilla/5.0 (win32) AppleWebKit/537.36 (KHTML, like Gecko) jsdom/27.3.0&apos;[39m,
  ip: [32m&apos;client_ip_unavailable&apos;[39m,
  sessionId: [32m&apos;session_1770159299405_y5lcej202&apos;[39m
}
[AUDIT: LOW] data_create {
  id: [32m&apos;audit_1770159301617_hxydh7jd7&apos;[39m,
  timestamp: [32m&apos;2026-02-03T22:55:01.617Z&apos;[39m,
  action: [32m&apos;data_create&apos;[39m,
  details: {
    entityType: [32m&apos;transaction&apos;[39m,
    entityId: [32m&apos;a2c5e63c-61dc-4be1-8a2c-809163b506af&apos;[39m,
    amount: [33m299.57150761504647[39m,
    category: [32m&apos;Test&apos;[39m,
    accountId: [32m&apos;main&apos;[39m
  },
  userId: [32m&apos;test-user-123&apos;[39m,
  severity: [32m&apos;low&apos;[39m,
  userAgent: [32m&apos;Mozilla/5.0 (win32) AppleWebKit/537.36 (KHTML, like Gecko) jsdom/27.3.0&apos;[39m,
  ip: [32m&apos;client_ip_unavailable&apos;[39m,
  sessionId: [32m&apos;session_1770159299405_y5lcej202&apos;[39m
}
[AUDIT: LOW] data_create {
  id: [32m&apos;audit_1770159301620_5dpir2ij0&apos;[39m,
  timestamp: [32m&apos;2026-02-03T22:55:01.620Z&apos;[39m,
  action: [32m&apos;data_create&apos;[39m,
  details: {
    entityType: [32m&apos;transaction&apos;[39m,
    entityId: [32m&apos;1deaf62d-c7d1-46a5-929c-989eb5d59119&apos;[39m,
    amount: [33m521.3634574019702[39m,
    category: [32m&apos;Test&apos;[39m,
    accountId: [32m&apos;main&apos;[39m
  },
  userId: [32m&apos;test-user-123&apos;[39m,
  severity: [32m&apos;low&apos;[39m,
  userAgent: [32m&apos;Mozilla/5.0 (win32) AppleWebKit/537.36 (KHTML, like Gecko) jsdom/27.3.0&apos;[39m,
  ip: [32m&apos;client_ip_unavailable&apos;[39m,
  sessionId: [32m&apos;session_1770159299405_y5lcej202&apos;[39m
}
[AUDIT: LOW] data_create {
  id: [32m&apos;audit_1770159301624_xlnsqlrt6&apos;[39m,
  timestamp: [32m&apos;2026-02-03T22:55:01.624Z&apos;[39m,
  action: [32m&apos;data_create&apos;[39m,
  details: {
    entityType: [32m&apos;transaction&apos;[39m,
    entityId: [32m&apos;ebd4434d-dd89-47ec-afe5-cb5def9eb5a9&apos;[39m,
    amount: [33m773.1125411272928[39m,
    category: [32m&apos;Test&apos;[39m,
    accountId: [32m&apos;main&apos;[39m
  },
  userId: [32m&apos;test-user-123&apos;[39m,
  severity: [32m&apos;low&apos;[39m,
  userAgent: [32m&apos;Mozilla/5.0 (win32) AppleWebKit/537.36 (KHTML, like Gecko) jsdom/27.3.0&apos;[39m,
  ip: [32m&apos;client_ip_unavailable&apos;[39m,
  sessionId: [32m&apos;session_1770159299405_y5lcej202&apos;[39m
}
[AUDIT: LOW] data_create {
  id: [32m&apos;audit_1770159301628_qsgnh35d4&apos;[39m,
  timestamp: [32m&apos;2026-02-03T22:55:01.628Z&apos;[39m,
  action: [32m&apos;data_create&apos;[39m,
  details: {
    entityType: [32m&apos;transaction&apos;[39m,
    entityId: [32m&apos;336581fd-8721-410f-860e-472d86e587a0&apos;[39m,
    amount: [33m823.5408748752495[39m,
    category: [32m&apos;Test&apos;[39m,
    accountId: [32m&apos;main&apos;[39m
  },
  userId: [32m&apos;test-user-123&apos;[39m,
  severity: [32m&apos;low&apos;[39m,
  userAgent: [32m&apos;Mozilla/5.0 (win32) AppleWebKit/537.36 (KHTML, like Gecko) jsdom/27.3.0&apos;[39m,
  ip: [32m&apos;client_ip_unavailable&apos;[39m,
  sessionId: [32m&apos;session_1770159299405_y5lcej202&apos;[39m
}
[AUDIT: LOW] data_create {
  id: [32m&apos;audit_1770159301632_sh1e8y7uv&apos;[39m,
  timestamp: [32m&apos;2026-02-03T22:55:01.632Z&apos;[39m,
  action: [32m&apos;data_create&apos;[39m,
  details: {
    entityType: [32m&apos;transaction&apos;[39m,
    entityId: [32m&apos;03877081-23ff-4a28-adc0-5bea51e0f45f&apos;[39m,
    amount: [33m801.9845310918123[39m,
    category: [32m&apos;Test&apos;[39m,
    accountId: [32m&apos;main&apos;[39m
  },
  userId: [32m&apos;test-user-123&apos;[39m,
  severity: [32m&apos;low&apos;[39m,
  userAgent: [32m&apos;Mozilla/5.0 (win32) AppleWebKit/537.36 (KHTML, like Gecko) jsdom/27.3.0&apos;[39m,
  ip: [32m&apos;client_ip_unavailable&apos;[39m,
  sessionId: [32m&apos;session_1770159299405_y5lcej202&apos;[39m
}
[AUDIT: LOW] data_create {
  id: [32m&apos;audit_1770159301636_8n9cfn09w&apos;[39m,
  timestamp: [32m&apos;2026-02-03T22:55:01.636Z&apos;[39m,
  action: [32m&apos;data_create&apos;[39m,
  details: {
    entityType: [32m&apos;transaction&apos;[39m,
    entityId: [32m&apos;79e35246-3ad1-4ab2-a7b9-b1104488f098&apos;[39m,
    amount: [33m221.44915497781258[39m,
    category: [32m&apos;Test&apos;[39m,
    accountId: [32m&apos;main&apos;[39m
  },
  userId: [32m&apos;test-user-123&apos;[39m,
  severity: [32m&apos;low&apos;[39m,
  userAgent: [32m&apos;Mozilla/5.0 (win32) AppleWebKit/537.36 (KHTML, like Gecko) jsdom/27.3.0&apos;[39m,
  ip: [32m&apos;client_ip_unavailable&apos;[39m,
  sessionId: [32m&apos;session_1770159299405_y5lcej202&apos;[39m
}
[AUDIT: LOW] data_create {
  id: [32m&apos;audit_1770159301640_sv57lcec2&apos;[39m,
  timestamp: [32m&apos;2026-02-03T22:55:01.640Z&apos;[39m,
  action: [32m&apos;data_create&apos;[39m,
  details: {
    entityType: [32m&apos;transaction&apos;[39m,
    entityId: [32m&apos;f9d96d8b-e957-4470-91ab-3daf9102d07b&apos;[39m,
    amount: [33m259.32022538571[39m,
    category: [32m&apos;Test&apos;[39m,
    accountId: [32m&apos;main&apos;[39m
  },
  userId: [32m&apos;test-user-123&apos;[39m,
  severity: [32m&apos;low&apos;[39m,
  userAgent: [32m&apos;Mozilla/5.0 (win32) AppleWebKit/537.36 (KHTML, like Gecko) jsdom/27.3.0&apos;[39m,
  ip: [32m&apos;client_ip_unavailable&apos;[39m,
  sessionId: [32m&apos;session_1770159299405_y5lcej202&apos;[39m
}
[AUDIT: LOW] data_create {
  id: [32m&apos;audit_1770159301644_sor71zaci&apos;[39m,
  timestamp: [32m&apos;2026-02-03T22:55:01.644Z&apos;[39m,
  action: [32m&apos;data_create&apos;[39m,
  details: {
    entityType: [32m&apos;transaction&apos;[39m,
    entityId: [32m&apos;3015341d-5a57-429b-9c2d-dc0e07208c17&apos;[39m,
    amount: [33m116.24436409356476[39m,
    category: [32m&apos;Test&apos;[39m,
    accountId: [32m&apos;main&apos;[39m
  },
  userId: [32m&apos;test-user-123&apos;[39m,
  severity: [32m&apos;low&apos;[39m,
  userAgent: [32m&apos;Mozilla/5.0 (win32) AppleWebKit/537.36 (KHTML, like Gecko) jsdom/27.3.0&apos;[39m,
  ip: [32m&apos;client_ip_unavailable&apos;[39m,
  sessionId: [32m&apos;session_1770159299405_y5lcej202&apos;[39m
}
[AUDIT: LOW] data_create {
  id: [32m&apos;audit_1770159301649_kbjnfo2bj&apos;[39m,
  timestamp: [32m&apos;2026-02-03T22:55:01.649Z&apos;[39m,
  action: [32m&apos;data_create&apos;[39m,
  details: {
    entityType: [32m&apos;transaction&apos;[39m,
    entityId: [32m&apos;183b7705-7019-4511-833e-d8a42d3c557f&apos;[39m,
    amount: [33m817.7284668026304[39m,
    category: [32m&apos;Test&apos;[39m,
    accountId: [32m&apos;main&apos;[39m
  },
  userId: [32m&apos;test-user-123&apos;[39m,
  severity: [32m&apos;low&apos;[39m,
  userAgent: [32m&apos;Mozilla/5.0 (win32) AppleWebKit/537.36 (KHTML, like Gecko) jsdom/27.3.0&apos;[39m,
  ip: [32m&apos;client_ip_unavailable&apos;[39m,
  sessionId: [32m&apos;session_1770159299405_y5lcej202&apos;[39m
}
[AUDIT: LOW] data_create {
  id: [32m&apos;audit_1770159301653_dk1atnpcb&apos;[39m,
  timestamp: [32m&apos;2026-02-03T22:55:01.653Z&apos;[39m,
  action: [32m&apos;data_create&apos;[39m,
  details: {
    entityType: [32m&apos;transaction&apos;[39m,
    entityId: [32m&apos;aacbc082-eeb1-411c-b5b1-39e8ab1051e1&apos;[39m,
    amount: [33m160.63116749124896[39m,
    category: [32m&apos;Test&apos;[39m,
    accountId: [32m&apos;main&apos;[39m
  },
  userId: [32m&apos;test-user-123&apos;[39m,
  severity: [32m&apos;low&apos;[39m,
  userAgent: [32m&apos;Mozilla/5.0 (win32) AppleWebKit/537.36 (KHTML, like Gecko) jsdom/27.3.0&apos;[39m,
  ip: [32m&apos;client_ip_unavailable&apos;[39m,
  sessionId: [32m&apos;session_1770159299405_y5lcej202&apos;[39m
}
[AUDIT: LOW] data_create {
  id: [32m&apos;audit_1770159301658_cv67d6nj2&apos;[39m,
  timestamp: [32m&apos;2026-02-03T22:55:01.658Z&apos;[39m,
  action: [32m&apos;data_create&apos;[39m,
  details: {
    entityType: [32m&apos;transaction&apos;[39m,
    entityId: [32m&apos;14552b38-f513-42a3-bf20-2c62fa93d88b&apos;[39m,
    amount: [33m959.156042784378[39m,
    category: [32m&apos;Test&apos;[39m,
    accountId: [32m&apos;main&apos;[39m
  },
  userId: [32m&apos;test-user-123&apos;[39m,
  severity: [32m&apos;low&apos;[39m,
  userAgent: [32m&apos;Mozilla/5.0 (win32) AppleWebKit/537.36 (KHTML, like Gecko) jsdom/27.3.0&apos;[39m,
  ip: [32m&apos;client_ip_unavailable&apos;[39m,
  sessionId: [32m&apos;session_1770159299405_y5lcej202&apos;[39m
}
[AUDIT: LOW] data_create {
  id: [32m&apos;audit_1770159301665_7frrmddho&apos;[39m,
  timestamp: [32m&apos;2026-02-03T22:55:01.665Z&apos;[39m,
  action: [32m&apos;data_create&apos;[39m,
  details: {
    entityType: [32m&apos;transaction&apos;[39m,
    entityId: [32m&apos;38765434-7aa0-48d2-a503-d50760d8091c&apos;[39m,
    amount: [33m692.6895891086494[39m,
    category: [32m&apos;Test&apos;[39m,
    accountId: [32m&apos;main&apos;[39m
  },
  userId: [32m&apos;test-user-123&apos;[39m,
  severity: [32m&apos;low&apos;[39m,
  userAgent: [32m&apos;Mozilla/5.0 (win32) AppleWebKit/537.36 (KHTML, like Gecko) jsdom/27.3.0&apos;[39m,
  ip: [32m&apos;client_ip_unavailable&apos;[39m,
  sessionId: [32m&apos;session_1770159299405_y5lcej202&apos;[39m
}
[AUDIT: LOW] data_create {
  id: [32m&apos;audit_1770159301670_98w0122tg&apos;[39m,
  timestamp: [32m&apos;2026-02-03T22:55:01.670Z&apos;[39m,
  action: [32m&apos;data_create&apos;[39m,
  details: {
    entityType: [32m&apos;transaction&apos;[39m,
    entityId: [32m&apos;b48ef41e-74cf-4825-9023-786530152c32&apos;[39m,
    amount: [33m104.67462152254991[39m,
    category: [32m&apos;Test&apos;[39m,
    accountId: [32m&apos;main&apos;[39m
  },
  userId: [32m&apos;test-user-123&apos;[39m,
  severity: [32m&apos;low&apos;[39m,
  userAgent: [32m&apos;Mozilla/5.0 (win32) AppleWebKit/537.36 (KHTML, like Gecko) jsdom/27.3.0&apos;[39m,
  ip: [32m&apos;client_ip_unavailable&apos;[39m,
  sessionId: [32m&apos;session_1770159299405_y5lcej202&apos;[39m
}
[AUDIT: LOW] data_create {
  id: [32m&apos;audit_1770159301675_yn29kipso&apos;[39m,
  timestamp: [32m&apos;2026-02-03T22:55:01.675Z&apos;[39m,
  action: [32m&apos;data_create&apos;[39m,
  details: {
    entityType: [32m&apos;transaction&apos;[39m,
    entityId: [32m&apos;d64b55ea-4d29-4b7d-a08d-0f5c7c45c350&apos;[39m,
    amount: [33m305.24121491898194[39m,
    category: [32m&apos;Test&apos;[39m,
    accountId: [32m&apos;main&apos;[39m
  },
  userId: [32m&apos;test-user-123&apos;[39m,
  severity: [32m&apos;low&apos;[39m,
  userAgent: [32m&apos;Mozilla/5.0 (win32) AppleWebKit/537.36 (KHTML, like Gecko) jsdom/27.3.0&apos;[39m,
  ip: [32m&apos;client_ip_unavailable&apos;[39m,
  sessionId: [32m&apos;session_1770159299405_y5lcej202&apos;[39m
}
[AUDIT: LOW] data_create {
  id: [32m&apos;audit_1770159301681_ehgolmpe6&apos;[39m,
  timestamp: [32m&apos;2026-02-03T22:55:01.681Z&apos;[39m,
  action: [32m&apos;data_create&apos;[39m,
  details: {
    entityType: [32m&apos;transaction&apos;[39m,
    entityId: [32m&apos;cf37884e-81f9-483b-ab55-066e323e89d1&apos;[39m,
    amount: [33m60.06459685150134[39m,
    category: [32m&apos;Test&apos;[39m,
    accountId: [32m&apos;main&apos;[39m
  },
  userId: [32m&apos;test-user-123&apos;[39m,
  severity: [32m&apos;low&apos;[39m,
  userAgent: [32m&apos;Mozilla/5.0 (win32) AppleWebKit/537.36 (KHTML, like Gecko) jsdom/27.3.0&apos;[39m,
  ip: [32m&apos;client_ip_unavailable&apos;[39m,
  sessionId: [32m&apos;session_1770159299405_y5lcej202&apos;[39m
}
[AUDIT: LOW] data_create {
  id: [32m&apos;audit_1770159301686_i01la0h92&apos;[39m,
  timestamp: [32m&apos;2026-02-03T22:55:01.686Z&apos;[39m,
  action: [32m&apos;data_create&apos;[39m,
  details: {
    entityType: [32m&apos;transaction&apos;[39m,
    entityId: [32m&apos;5962620e-e260-40ae-bf95-d8143b05088b&apos;[39m,
    amount: [33m698.8711299731721[39m,
    category: [32m&apos;Test&apos;[39m,
    accountId: [32m&apos;main&apos;[39m
  },
  userId: [32m&apos;test-user-123&apos;[39m,
  severity: [32m&apos;low&apos;[39m,
  userAgent: [32m&apos;Mozilla/5.0 (win32) AppleWebKit/537.36 (KHTML, like Gecko) jsdom/27.3.0&apos;[39m,
  ip: [32m&apos;client_ip_unavailable&apos;[39m,
  sessionId: [32m&apos;session_1770159299405_y5lcej202&apos;[39m
}
[AUDIT: LOW] data_create {
  id: [32m&apos;audit_1770159301690_wvdwsu6ft&apos;[39m,
  timestamp: [32m&apos;2026-02-03T22:55:01.690Z&apos;[39m,
  action: [32m&apos;data_create&apos;[39m,
  details: {
    entityType: [32m&apos;transaction&apos;[39m,
    entityId: [32m&apos;1a25a9b0-061d-4823-8c02-630f916ee703&apos;[39m,
    amount: [33m873.4100321867223[39m,
    category: [32m&apos;Test&apos;[39m,
    accountId: [32m&apos;main&apos;[39m
  },
  userId: [32m&apos;test-user-123&apos;[39m,
  severity: [32m&apos;low&apos;[39m,
  userAgent: [32m&apos;Mozilla/5.0 (win32) AppleWebKit/537.36 (KHTML, like Gecko) jsdom/27.3.0&apos;[39m,
  ip: [32m&apos;client_ip_unavailable&apos;[39m,
  sessionId: [32m&apos;session_1770159299405_y5lcej202&apos;[39m
}
[AUDIT: LOW] data_create {
  id: [32m&apos;audit_1770159301694_dkrtuzh3f&apos;[39m,
  timestamp: [32m&apos;2026-02-03T22:55:01.694Z&apos;[39m,
  action: [32m&apos;data_create&apos;[39m,
  details: {
    entityType: [32m&apos;transaction&apos;[39m,
    entityId: [32m&apos;dbcd2337-cec1-44dd-bf47-ca12d7ce815c&apos;[39m,
    amount: [33m667.9900616866813[39m,
    category: [32m&apos;Test&apos;[39m,
    accountId: [32m&apos;main&apos;[39m
  },
  userId: [32m&apos;test-user-123&apos;[39m,
  severity: [32m&apos;low&apos;[39m,
  userAgent: [32m&apos;Mozilla/5.0 (win32) AppleWebKit/537.36 (KHTML, like Gecko) jsdom/27.3.0&apos;[39m,
  ip: [32m&apos;client_ip_unavailable&apos;[39m,
  sessionId: [32m&apos;session_1770159299405_y5lcej202&apos;[39m
}
[AUDIT: LOW] data_create {
  id: [32m&apos;audit_1770159301697_4oztk0uv4&apos;[39m,
  timestamp: [32m&apos;2026-02-03T22:55:01.697Z&apos;[39m,
  action: [32m&apos;data_create&apos;[39m,
  details: {
    entityType: [32m&apos;transaction&apos;[39m,
    entityId: [32m&apos;58b4f3cc-e370-4572-8949-355a2b2155c2&apos;[39m,
    amount: [33m235.11675402926159[39m,
    category: [32m&apos;Test&apos;[39m,
    accountId: [32m&apos;main&apos;[39m
  },
  userId: [32m&apos;test-user-123&apos;[39m,
  severity: [32m&apos;low&apos;[39m,
  userAgent: [32m&apos;Mozilla/5.0 (win32) AppleWebKit/537.36 (KHTML, like Gecko) jsdom/27.3.0&apos;[39m,
  ip: [32m&apos;client_ip_unavailable&apos;[39m,
  sessionId: [32m&apos;session_1770159299405_y5lcej202&apos;[39m
}
[AUDIT: LOW] data_create {
  id: [32m&apos;audit_1770159301701_18i7b8r7u&apos;[39m,
  timestamp: [32m&apos;2026-02-03T22:55:01.701Z&apos;[39m,
  action: [32m&apos;data_create&apos;[39m,
  details: {
    entityType: [32m&apos;transaction&apos;[39m,
    entityId: [32m&apos;1e3bd22a-7692-4626-9225-5f948a16de5c&apos;[39m,
    amount: [33m595.1788497260862[39m,
    category: [32m&apos;Test&apos;[39m,
    accountId: [32m&apos;main&apos;[39m
  },
  userId: [32m&apos;test-user-123&apos;[39m,
  severity: [32m&apos;low&apos;[39m,
  userAgent: [32m&apos;Mozilla/5.0 (win32) AppleWebKit/537.36 (KHTML, like Gecko) jsdom/27.3.0&apos;[39m,
  ip: [32m&apos;client_ip_unavailable&apos;[39m,
  sessionId: [32m&apos;session_1770159299405_y5lcej202&apos;[39m
}
[AUDIT: LOW] data_create {
  id: [32m&apos;audit_1770159301705_ltfmtx3gr&apos;[39m,
  timestamp: [32m&apos;2026-02-03T22:55:01.705Z&apos;[39m,
  action: [32m&apos;data_create&apos;[39m,
  details: {
    entityType: [32m&apos;transaction&apos;[39m,
    entityId: [32m&apos;f1e2e339-fd19-4e42-bca5-1fe1c2d90ed8&apos;[39m,
    amount: [33m853.6053294820531[39m,
    category: [32m&apos;Test&apos;[39m,
    accountId: [32m&apos;main&apos;[39m
  },
  userId: [32m&apos;test-user-123&apos;[39m,
  severity: [32m&apos;low&apos;[39m,
  userAgent: [32m&apos;Mozilla/5.0 (win32) AppleWebKit/537.36 (KHTML, like Gecko) jsdom/27.3.0&apos;[39m,
  ip: [32m&apos;client_ip_unavailable&apos;[39m,
  sessionId: [32m&apos;session_1770159299405_y5lcej202&apos;[39m
}
[AUDIT: LOW] data_create {
  id: [32m&apos;audit_1770159301709_usk3o27hm&apos;[39m,
  timestamp: [32m&apos;2026-02-03T22:55:01.709Z&apos;[39m,
  action: [32m&apos;data_create&apos;[39m,
  details: {
    entityType: [32m&apos;transaction&apos;[39m,
    entityId: [32m&apos;7784cad2-9feb-45b6-a2c1-3ee6a4d1c9ab&apos;[39m,
    amount: [33m850.4511841734835[39m,
    category: [32m&apos;Test&apos;[39m,
    accountId: [32m&apos;main&apos;[39m
  },
  userId: [32m&apos;test-user-123&apos;[39m,
  severity: [32m&apos;low&apos;[39m,
  userAgent: [32m&apos;Mozilla/5.0 (win32) AppleWebKit/537.36 (KHTML, like Gecko) jsdom/27.3.0&apos;[39m,
  ip: [32m&apos;client_ip_unavailable&apos;[39m,
  sessionId: [32m&apos;session_1770159299405_y5lcej202&apos;[39m
}
[AUDIT: LOW] data_create {
  id: [32m&apos;audit_1770159301713_rpmk5v8xj&apos;[39m,
  timestamp: [32m&apos;2026-02-03T22:55:01.713Z&apos;[39m,
  action: [32m&apos;data_create&apos;[39m,
  details: {
    entityType: [32m&apos;transaction&apos;[39m,
    entityId: [32m&apos;87c1dca7-ef8b-4a7e-a6a7-52363d447a42&apos;[39m,
    amount: [33m454.6386559122235[39m,
    category: [32m&apos;Test&apos;[39m,
    accountId: [32m&apos;main&apos;[39m
  },
  userId: [32m&apos;test-user-123&apos;[39m,
  severity: [32m&apos;low&apos;[39m,
  userAgent: [32m&apos;Mozilla/5.0 (win32) AppleWebKit/537.36 (KHTML, like Gecko) jsdom/27.3.0&apos;[39m,
  ip: [32m&apos;client_ip_unavailable&apos;[39m,
  sessionId: [32m&apos;session_1770159299405_y5lcej202&apos;[39m
}
[AUDIT: LOW] data_create {
  id: [32m&apos;audit_1770159301717_huwhfa0zu&apos;[39m,
  timestamp: [32m&apos;2026-02-03T22:55:01.717Z&apos;[39m,
  action: [32m&apos;data_create&apos;[39m,
  details: {
    entityType: [32m&apos;transaction&apos;[39m,
    entityId: [32m&apos;f9e09414-5527-4b41-bea2-ddcabbea2773&apos;[39m,
    amount: [33m992.8257856474512[39m,
    category: [32m&apos;Test&apos;[39m,
    accountId: [32m&apos;main&apos;[39m
  },
  userId: [32m&apos;test-user-123&apos;[39m,
  severity: [32m&apos;low&apos;[39m,
  userAgent: [32m&apos;Mozilla/5.0 (win32) AppleWebKit/537.36 (KHTML, like Gecko) jsdom/27.3.0&apos;[39m,
  ip: [32m&apos;client_ip_unavailable&apos;[39m,
  sessionId: [32m&apos;session_1770159299405_y5lcej202&apos;[39m
}
[AUDIT: LOW] data_create {
  id: [32m&apos;audit_1770159301722_vsx8mxqdf&apos;[39m,
  timestamp: [32m&apos;2026-02-03T22:55:01.722Z&apos;[39m,
  action: [32m&apos;data_create&apos;[39m,
  details: {
    entityType: [32m&apos;transaction&apos;[39m,
    entityId: [32m&apos;6d395fba-c766-4556-b7eb-e77ce852ce99&apos;[39m,
    amount: [33m596.0873453069372[39m,
    category: [32m&apos;Test&apos;[39m,
    accountId: [32m&apos;main&apos;[39m
  },
  userId: [32m&apos;test-user-123&apos;[39m,
  severity: [32m&apos;low&apos;[39m,
  userAgent: [32m&apos;Mozilla/5.0 (win32) AppleWebKit/537.36 (KHTML, like Gecko) jsdom/27.3.0&apos;[39m,
  ip: [32m&apos;client_ip_unavailable&apos;[39m,
  sessionId: [32m&apos;session_1770159299405_y5lcej202&apos;[39m
}
[AUDIT: LOW] data_create {
  id: [32m&apos;audit_1770159301728_5hzey0z38&apos;[39m,
  timestamp: [32m&apos;2026-02-03T22:55:01.728Z&apos;[39m,
  action: [32m&apos;data_create&apos;[39m,
  details: {
    entityType: [32m&apos;transaction&apos;[39m,
    entityId: [32m&apos;30401aed-7fac-4a50-b592-3908a22a360a&apos;[39m,
    amount: [33m525.2727124762674[39m,
    category: [32m&apos;Test&apos;[39m,
    accountId: [32m&apos;main&apos;[39m
  },
  userId: [32m&apos;test-user-123&apos;[39m,
  severity: [32m&apos;low&apos;[39m,
  userAgent: [32m&apos;Mozilla/5.0 (win32) AppleWebKit/537.36 (KHTML, like Gecko) jsdom/27.3.0&apos;[39m,
  ip: [32m&apos;client_ip_unavailable&apos;[39m,
  sessionId: [32m&apos;session_1770159299405_y5lcej202&apos;[39m
}
[AUDIT: LOW] data_create {
  id: [32m&apos;audit_1770159301732_z9l01ap9d&apos;[39m,
  timestamp: [32m&apos;2026-02-03T22:55:01.732Z&apos;[39m,
  action: [32m&apos;data_create&apos;[39m,
  details: {
    entityType: [32m&apos;transaction&apos;[39m,
    entityId: [32m&apos;3282e14a-36ab-4226-88fc-1a34aa137b50&apos;[39m,
    amount: [33m120.7504272622707[39m,
    category: [32m&apos;Test&apos;[39m,
    accountId: [32m&apos;main&apos;[39m
  },
  userId: [32m&apos;test-user-123&apos;[39m,
  severity: [32m&apos;low&apos;[39m,
  userAgent: [32m&apos;Mozilla/5.0 (win32) AppleWebKit/537.36 (KHTML, like Gecko) jsdom/27.3.0&apos;[39m,
  ip: [32m&apos;client_ip_unavailable&apos;[39m,
  sessionId: [32m&apos;session_1770159299405_y5lcej202&apos;[39m
}
[AUDIT: LOW] data_create {
  id: [32m&apos;audit_1770159301736_atj63qw3w&apos;[39m,
  timestamp: [32m&apos;2026-02-03T22:55:01.736Z&apos;[39m,
  action: [32m&apos;data_create&apos;[39m,
  details: {
    entityType: [32m&apos;transaction&apos;[39m,
    entityId: [32m&apos;c08056b5-d779-4006-a1da-0cbcc0dfa7c8&apos;[39m,
    amount: [33m767.1424583295106[39m,
    category: [32m&apos;Test&apos;[39m,
    accountId: [32m&apos;main&apos;[39m
  },
  userId: [32m&apos;test-user-123&apos;[39m,
  severity: [32m&apos;low&apos;[39m,
  userAgent: [32m&apos;Mozilla/5.0 (win32) AppleWebKit/537.36 (KHTML, like Gecko) jsdom/27.3.0&apos;[39m,
  ip: [32m&apos;client_ip_unavailable&apos;[39m,
  sessionId: [32m&apos;session_1770159299405_y5lcej202&apos;[39m
}
[AUDIT: LOW] data_create {
  id: [32m&apos;audit_1770159301740_ayddv064u&apos;[39m,
  timestamp: [32m&apos;2026-02-03T22:55:01.740Z&apos;[39m,
  action: [32m&apos;data_create&apos;[39m,
  details: {
    entityType: [32m&apos;transaction&apos;[39m,
    entityId: [32m&apos;df2c9123-8fee-4197-917c-28bcaf073e8b&apos;[39m,
    amount: [33m385.4654692827547[39m,
    category: [32m&apos;Test&apos;[39m,
    accountId: [32m&apos;main&apos;[39m
  },
  userId: [32m&apos;test-user-123&apos;[39m,
  severity: [32m&apos;low&apos;[39m,
  userAgent: [32m&apos;Mozilla/5.0 (win32) AppleWebKit/537.36 (KHTML, like Gecko) jsdom/27.3.0&apos;[39m,
  ip: [32m&apos;client_ip_unavailable&apos;[39m,
  sessionId: [32m&apos;session_1770159299405_y5lcej202&apos;[39m
}
[AUDIT: LOW] data_create {
  id: [32m&apos;audit_1770159301743_xy4n7ibe2&apos;[39m,
  timestamp: [32m&apos;2026-02-03T22:55:01.743Z&apos;[39m,
  action: [32m&apos;data_create&apos;[39m,
  details: {
    entityType: [32m&apos;transaction&apos;[39m,
    entityId: [32m&apos;2acf158d-580b-488a-ac67-57cf1185b547&apos;[39m,
    amount: [33m126.06543607250642[39m,
    category: [32m&apos;Test&apos;[39m,
    accountId: [32m&apos;main&apos;[39m
  },
  userId: [32m&apos;test-user-123&apos;[39m,
  severity: [32m&apos;low&apos;[39m,
  userAgent: [32m&apos;Mozilla/5.0 (win32) AppleWebKit/537.36 (KHTML, like Gecko) jsdom/27.3.0&apos;[39m,
  ip: [32m&apos;client_ip_unavailable&apos;[39m,
  sessionId: [32m&apos;session_1770159299405_y5lcej202&apos;[39m
}
[AUDIT: LOW] data_create {
  id: [32m&apos;audit_1770159301746_z1omhrzuq&apos;[39m,
  timestamp: [32m&apos;2026-02-03T22:55:01.746Z&apos;[39m,
  action: [32m&apos;data_create&apos;[39m,
  details: {
    entityType: [32m&apos;transaction&apos;[39m,
    entityId: [32m&apos;d4f3c396-b500-44ef-8cd5-a8469bc5ec58&apos;[39m,
    amount: [33m351.8290636008543[39m,
    category: [32m&apos;Test&apos;[39m,
    accountId: [32m&apos;main&apos;[39m
  },
  userId: [32m&apos;test-user-123&apos;[39m,
  severity: [32m&apos;low&apos;[39m,
  userAgent: [32m&apos;Mozilla/5.0 (win32) AppleWebKit/537.36 (KHTML, like Gecko) jsdom/27.3.0&apos;[39m,
  ip: [32m&apos;client_ip_unavailable&apos;[39m,
  sessionId: [32m&apos;session_1770159299405_y5lcej202&apos;[39m
}
[AUDIT: LOW] data_create {
  id: [32m&apos;audit_1770159301749_spcvn3ofh&apos;[39m,
  timestamp: [32m&apos;2026-02-03T22:55:01.749Z&apos;[39m,
  action: [32m&apos;data_create&apos;[39m,
  details: {
    entityType: [32m&apos;transaction&apos;[39m,
    entityId: [32m&apos;79bf5970-f743-4596-a47b-8fc2fb1a7050&apos;[39m,
    amount: [33m586.7482363213211[39m,
    category: [32m&apos;Test&apos;[39m,
    accountId: [32m&apos;main&apos;[39m
  },
  userId: [32m&apos;test-user-123&apos;[39m,
  severity: [32m&apos;low&apos;[39m,
  userAgent: [32m&apos;Mozilla/5.0 (win32) AppleWebKit/537.36 (KHTML, like Gecko) jsdom/27.3.0&apos;[39m,
  ip: [32m&apos;client_ip_unavailable&apos;[39m,
  sessionId: [32m&apos;session_1770159299405_y5lcej202&apos;[39m
}
[AUDIT: LOW] data_create {
  id: [32m&apos;audit_1770159301754_60jnctfqj&apos;[39m,
  timestamp: [32m&apos;2026-02-03T22:55:01.754Z&apos;[39m,
  action: [32m&apos;data_create&apos;[39m,
  details: {
    entityType: [32m&apos;transaction&apos;[39m,
    entityId: [32m&apos;093fe77d-d103-4136-8bd8-0e8e761a3ea3&apos;[39m,
    amount: [33m484.1496238984053[39m,
    category: [32m&apos;Test&apos;[39m,
    accountId: [32m&apos;main&apos;[39m
  },
  userId: [32m&apos;test-user-123&apos;[39m,
  severity: [32m&apos;low&apos;[39m,
  userAgent: [32m&apos;Mozilla/5.0 (win32) AppleWebKit/537.36 (KHTML, like Gecko) jsdom/27.3.0&apos;[39m,
  ip: [32m&apos;client_ip_unavailable&apos;[39m,
  sessionId: [32m&apos;session_1770159299405_y5lcej202&apos;[39m
}
[AUDIT: LOW] data_create {
  id: [32m&apos;audit_1770159301758_aoy6fapdo&apos;[39m,
  timestamp: [32m&apos;2026-02-03T22:55:01.758Z&apos;[39m,
  action: [32m&apos;data_create&apos;[39m,
  details: {
    entityType: [32m&apos;transaction&apos;[39m,
    entityId: [32m&apos;8eddbfc1-9b7b-417c-863b-7559264f99a4&apos;[39m,
    amount: [33m82.78298050059773[39m,
    category: [32m&apos;Test&apos;[39m,
    accountId: [32m&apos;main&apos;[39m
  },
  userId: [32m&apos;test-user-123&apos;[39m,
  severity: [32m&apos;low&apos;[39m,
  userAgent: [32m&apos;Mozilla/5.0 (win32) AppleWebKit/537.36 (KHTML, like Gecko) jsdom/27.3.0&apos;[39m,
  ip: [32m&apos;client_ip_unavailable&apos;[39m,
  sessionId: [32m&apos;session_1770159299405_y5lcej202&apos;[39m
}
[AUDIT: LOW] data_create {
  id: [32m&apos;audit_1770159301762_us7fn6jnn&apos;[39m,
  timestamp: [32m&apos;2026-02-03T22:55:01.762Z&apos;[39m,
  action: [32m&apos;data_create&apos;[39m,
  details: {
    entityType: [32m&apos;transaction&apos;[39m,
    entityId: [32m&apos;7f52709f-4b1a-43f6-88bf-a3e81c457a61&apos;[39m,
    amount: [33m998.1355151494525[39m,
    category: [32m&apos;Test&apos;[39m,
    accountId: [32m&apos;main&apos;[39m
  },
  userId: [32m&apos;test-user-123&apos;[39m,
  severity: [32m&apos;low&apos;[39m,
  userAgent: [32m&apos;Mozilla/5.0 (win32) AppleWebKit/537.36 (KHTML, like Gecko) jsdom/27.3.0&apos;[39m,
  ip: [32m&apos;client_ip_unavailable&apos;[39m,
  sessionId: [32m&apos;session_1770159299405_y5lcej202&apos;[39m
}
[AUDIT: LOW] data_create {
  id: [32m&apos;audit_1770159301768_6t28y0iu4&apos;[39m,
  timestamp: [32m&apos;2026-02-03T22:55:01.768Z&apos;[39m,
  action: [32m&apos;data_create&apos;[39m,
  details: {
    entityType: [32m&apos;transaction&apos;[39m,
    entityId: [32m&apos;efbb7253-755c-442a-a923-1cc6714ef541&apos;[39m,
    amount: [33m699.5774924934822[39m,
    category: [32m&apos;Test&apos;[39m,
    accountId: [32m&apos;main&apos;[39m
  },
  userId: [32m&apos;test-user-123&apos;[39m,
  severity: [32m&apos;low&apos;[39m,
  userAgent: [32m&apos;Mozilla/5.0 (win32) AppleWebKit/537.36 (KHTML, like Gecko) jsdom/27.3.0&apos;[39m,
  ip: [32m&apos;client_ip_unavailable&apos;[39m,
  sessionId: [32m&apos;session_1770159299405_y5lcej202&apos;[39m
}
[AUDIT: LOW] data_create {
  id: [32m&apos;audit_1770159301772_kp2qzsntb&apos;[39m,
  timestamp: [32m&apos;2026-02-03T22:55:01.772Z&apos;[39m,
  action: [32m&apos;data_create&apos;[39m,
  details: {
    entityType: [32m&apos;transaction&apos;[39m,
    entityId: [32m&apos;d9a8f293-cd85-46a2-9606-3be45fd95973&apos;[39m,
    amount: [33m169.38571995472685[39m,
    category: [32m&apos;Test&apos;[39m,
    accountId: [32m&apos;main&apos;[39m
  },
  userId: [32m&apos;test-user-123&apos;[39m,
  severity: [32m&apos;low&apos;[39m,
  userAgent: [32m&apos;Mozilla/5.0 (win32) AppleWebKit/537.36 (KHTML, like Gecko) jsdom/27.3.0&apos;[39m,
  ip: [32m&apos;client_ip_unavailable&apos;[39m,
  sessionId: [32m&apos;session_1770159299405_y5lcej202&apos;[39m
}
[AUDIT: LOW] data_create {
  id: [32m&apos;audit_1770159301776_ci01z5os6&apos;[39m,
  timestamp: [32m&apos;2026-02-03T22:55:01.777Z&apos;[39m,
  action: [32m&apos;data_create&apos;[39m,
  details: {
    entityType: [32m&apos;transaction&apos;[39m,
    entityId: [32m&apos;3ba4fb24-c9aa-4184-98d3-738635f08ae0&apos;[39m,
    amount: [33m73.44919933259509[39m,
    category: [32m&apos;Test&apos;[39m,
    accountId: [32m&apos;main&apos;[39m
  },
  userId: [32m&apos;test-user-123&apos;[39m,
  severity: [32m&apos;low&apos;[39m,
  userAgent: [32m&apos;Mozilla/5.0 (win32) AppleWebKit/537.36 (KHTML, like Gecko) jsdom/27.3.0&apos;[39m,
  ip: [32m&apos;client_ip_unavailable&apos;[39m,
  sessionId: [32m&apos;session_1770159299405_y5lcej202&apos;[39m
}
[AUDIT: LOW] data_create {
  id: [32m&apos;audit_1770159301780_86i8vlw1g&apos;[39m,
  timestamp: [32m&apos;2026-02-03T22:55:01.780Z&apos;[39m,
  action: [32m&apos;data_create&apos;[39m,
  details: {
    entityType: [32m&apos;transaction&apos;[39m,
    entityId: [32m&apos;59fbb1c1-11d0-4e7d-a465-cf34e02939e2&apos;[39m,
    amount: [33m298.3486009502768[39m,
    category: [32m&apos;Test&apos;[39m,
    accountId: [32m&apos;main&apos;[39m
  },
  userId: [32m&apos;test-user-123&apos;[39m,
  severity: [32m&apos;low&apos;[39m,
  userAgent: [32m&apos;Mozilla/5.0 (win32) AppleWebKit/537.36 (KHTML, like Gecko) jsdom/27.3.0&apos;[39m,
  ip: [32m&apos;client_ip_unavailable&apos;[39m,
  sessionId: [32m&apos;session_1770159299405_y5lcej202&apos;[39m
}
[AUDIT: LOW] data_create {
  id: [32m&apos;audit_1770159301784_huoeucfa3&apos;[39m,
  timestamp: [32m&apos;2026-02-03T22:55:01.784Z&apos;[39m,
  action: [32m&apos;data_create&apos;[39m,
  details: {
    entityType: [32m&apos;transaction&apos;[39m,
    entityId: [32m&apos;250d687f-99af-4ee1-8386-cd2f84beb211&apos;[39m,
    amount: [33m110.53565278641197[39m,
    category: [32m&apos;Test&apos;[39m,
    accountId: [32m&apos;main&apos;[39m
  },
  userId: [32m&apos;test-user-123&apos;[39m,
  severity: [32m&apos;low&apos;[39m,
  userAgent: [32m&apos;Mozilla/5.0 (win32) AppleWebKit/537.36 (KHTML, like Gecko) jsdom/27.3.0&apos;[39m,
  ip: [32m&apos;client_ip_unavailable&apos;[39m,
  sessionId: [32m&apos;session_1770159299405_y5lcej202&apos;[39m
}
[AUDIT: LOW] data_create {
  id: [32m&apos;audit_1770159301789_zsbix4a50&apos;[39m,
  timestamp: [32m&apos;2026-02-03T22:55:01.789Z&apos;[39m,
  action: [32m&apos;data_create&apos;[39m,
  details: {
    entityType: [32m&apos;transaction&apos;[39m,
    entityId: [32m&apos;95a7038f-d7ee-408e-bb18-db87d7c25b7e&apos;[39m,
    amount: [33m417.45808485235636[39m,
    category: [32m&apos;Test&apos;[39m,
    accountId: [32m&apos;main&apos;[39m
  },
  userId: [32m&apos;test-user-123&apos;[39m,
  severity: [32m&apos;low&apos;[39m,
  userAgent: [32m&apos;Mozilla/5.0 (win32) AppleWebKit/537.36 (KHTML, like Gecko) jsdom/27.3.0&apos;[39m,
  ip: [32m&apos;client_ip_unavailable&apos;[39m,
  sessionId: [32m&apos;session_1770159299405_y5lcej202&apos;[39m
}
[AUDIT: LOW] data_create {
  id: [32m&apos;audit_1770159301792_9not6hs71&apos;[39m,
  timestamp: [32m&apos;2026-02-03T22:55:01.792Z&apos;[39m,
  action: [32m&apos;data_create&apos;[39m,
  details: {
    entityType: [32m&apos;transaction&apos;[39m,
    entityId: [32m&apos;06a4fa45-2a03-4b34-bdf7-799ee25039b5&apos;[39m,
    amount: [33m258.6291081518637[39m,
    category: [32m&apos;Test&apos;[39m,
    accountId: [32m&apos;main&apos;[39m
  },
  userId: [32m&apos;test-user-123&apos;[39m,
  severity: [32m&apos;low&apos;[39m,
  userAgent: [32m&apos;Mozilla/5.0 (win32) AppleWebKit/537.36 (KHTML, like Gecko) jsdom/27.3.0&apos;[39m,
  ip: [32m&apos;client_ip_unavailable&apos;[39m,
  sessionId: [32m&apos;session_1770159299405_y5lcej202&apos;[39m
}
[AUDIT: LOW] data_create {
  id: [32m&apos;audit_1770159301795_7l25ng1jj&apos;[39m,
  timestamp: [32m&apos;2026-02-03T22:55:01.795Z&apos;[39m,
  action: [32m&apos;data_create&apos;[39m,
  details: {
    entityType: [32m&apos;transaction&apos;[39m,
    entityId: [32m&apos;cd7ff9ed-86ba-4b52-af8b-f5b484a8e319&apos;[39m,
    amount: [33m530.3718667372204[39m,
    category: [32m&apos;Test&apos;[39m,
    accountId: [32m&apos;main&apos;[39m
  },
  userId: [32m&apos;test-user-123&apos;[39m,
  severity: [32m&apos;low&apos;[39m,
  userAgent: [32m&apos;Mozilla/5.0 (win32) AppleWebKit/537.36 (KHTML, like Gecko) jsdom/27.3.0&apos;[39m,
  ip: [32m&apos;client_ip_unavailable&apos;[39m,
  sessionId: [32m&apos;session_1770159299405_y5lcej202&apos;[39m
}
[AUDIT: LOW] data_create {
  id: [32m&apos;audit_1770159301800_urloqxd8o&apos;[39m,
  timestamp: [32m&apos;2026-02-03T22:55:01.800Z&apos;[39m,
  action: [32m&apos;data_create&apos;[39m,
  details: {
    entityType: [32m&apos;transaction&apos;[39m,
    entityId: [32m&apos;a19a24b2-0404-405d-9cad-1c6b945a943d&apos;[39m,
    amount: [33m581.0611626147398[39m,
    category: [32m&apos;Test&apos;[39m,
    accountId: [32m&apos;main&apos;[39m
  },
  userId: [32m&apos;test-user-123&apos;[39m,
  severity: [32m&apos;low&apos;[39m,
  userAgent: [32m&apos;Mozilla/5.0 (win32) AppleWebKit/537.36 (KHTML, like Gecko) jsdom/27.3.0&apos;[39m,
  ip: [32m&apos;client_ip_unavailable&apos;[39m,
  sessionId: [32m&apos;session_1770159299405_y5lcej202&apos;[39m
}
[AUDIT: LOW] data_create {
  id: [32m&apos;audit_1770159301805_lgcuvbchj&apos;[39m,
  timestamp: [32m&apos;2026-02-03T22:55:01.805Z&apos;[39m,
  action: [32m&apos;data_create&apos;[39m,
  details: {
    entityType: [32m&apos;transaction&apos;[39m,
    entityId: [32m&apos;c1977ddc-8c41-43de-bb5a-f52d5fc7defb&apos;[39m,
    amount: [33m506.80346169208326[39m,
    category: [32m&apos;Test&apos;[39m,
    accountId: [32m&apos;main&apos;[39m
  },
  userId: [32m&apos;test-user-123&apos;[39m,
  severity: [32m&apos;low&apos;[39m,
  userAgent: [32m&apos;Mozilla/5.0 (win32) AppleWebKit/537.36 (KHTML, like Gecko) jsdom/27.3.0&apos;[39m,
  ip: [32m&apos;client_ip_unavailable&apos;[39m,
  sessionId: [32m&apos;session_1770159299405_y5lcej202&apos;[39m
}
[AUDIT: LOW] data_create {
  id: [32m&apos;audit_1770159301808_vbv55kjnw&apos;[39m,
  timestamp: [32m&apos;2026-02-03T22:55:01.808Z&apos;[39m,
  action: [32m&apos;data_create&apos;[39m,
  details: {
    entityType: [32m&apos;transaction&apos;[39m,
    entityId: [32m&apos;01d0c453-6f48-4238-9f2a-02d7c52dd286&apos;[39m,
    amount: [33m275.70656869111855[39m,
    category: [32m&apos;Test&apos;[39m,
    accountId: [32m&apos;main&apos;[39m
  },
  userId: [32m&apos;test-user-123&apos;[39m,
  severity: [32m&apos;low&apos;[39m,
  userAgent: [32m&apos;Mozilla/5.0 (win32) AppleWebKit/537.36 (KHTML, like Gecko) jsdom/27.3.0&apos;[39m,
  ip: [32m&apos;client_ip_unavailable&apos;[39m,
  sessionId: [32m&apos;session_1770159299405_y5lcej202&apos;[39m
}
[AUDIT: LOW] data_create {
  id: [32m&apos;audit_1770159301812_kfw5ue5sz&apos;[39m,
  timestamp: [32m&apos;2026-02-03T22:55:01.812Z&apos;[39m,
  action: [32m&apos;data_create&apos;[39m,
  details: {
    entityType: [32m&apos;transaction&apos;[39m,
    entityId: [32m&apos;244290ce-7a7a-43f2-8de9-b3f10eec0eb4&apos;[39m,
    amount: [33m119.18042305401644[39m,
    category: [32m&apos;Test&apos;[39m,
    accountId: [32m&apos;main&apos;[39m
  },
  userId: [32m&apos;test-user-123&apos;[39m,
  severity: [32m&apos;low&apos;[39m,
  userAgent: [32m&apos;Mozilla/5.0 (win32) AppleWebKit/537.36 (KHTML, like Gecko) jsdom/27.3.0&apos;[39m,
  ip: [32m&apos;client_ip_unavailable&apos;[39m,
  sessionId: [32m&apos;session_1770159299405_y5lcej202&apos;[39m
}
[AUDIT: LOW] data_create {
  id: [32m&apos;audit_1770159301815_w7jnh2vz7&apos;[39m,
  timestamp: [32m&apos;2026-02-03T22:55:01.815Z&apos;[39m,
  action: [32m&apos;data_create&apos;[39m,
  details: {
    entityType: [32m&apos;transaction&apos;[39m,
    entityId: [32m&apos;27d103a0-a54d-4120-a667-3bffbfa2c0cb&apos;[39m,
    amount: [33m433.1441181503483[39m,
    category: [32m&apos;Test&apos;[39m,
    accountId: [32m&apos;main&apos;[39m
  },
  userId: [32m&apos;test-user-123&apos;[39m,
  severity: [32m&apos;low&apos;[39m,
  userAgent: [32m&apos;Mozilla/5.0 (win32) AppleWebKit/537.36 (KHTML, like Gecko) jsdom/27.3.0&apos;[39m,
  ip: [32m&apos;client_ip_unavailable&apos;[39m,
  sessionId: [32m&apos;session_1770159299405_y5lcej202&apos;[39m
}
[AUDIT: LOW] data_create {
  id: [32m&apos;audit_1770159301819_ah98hufbp&apos;[39m,
  timestamp: [32m&apos;2026-02-03T22:55:01.819Z&apos;[39m,
  action: [32m&apos;data_create&apos;[39m,
  details: {
    entityType: [32m&apos;transaction&apos;[39m,
    entityId: [32m&apos;2b2270f6-ecad-44fc-9838-facd3c173c15&apos;[39m,
    amount: [33m807.943313712631[39m,
    category: [32m&apos;Test&apos;[39m,
    accountId: [32m&apos;main&apos;[39m
  },
  userId: [32m&apos;test-user-123&apos;[39m,
  severity: [32m&apos;low&apos;[39m,
  userAgent: [32m&apos;Mozilla/5.0 (win32) AppleWebKit/537.36 (KHTML, like Gecko) jsdom/27.3.0&apos;[39m,
  ip: [32m&apos;client_ip_unavailable&apos;[39m,
  sessionId: [32m&apos;session_1770159299405_y5lcej202&apos;[39m
}
[AUDIT: LOW] data_create {
  id: [32m&apos;audit_1770159301822_0qaxkykx9&apos;[39m,
  timestamp: [32m&apos;2026-02-03T22:55:01.822Z&apos;[39m,
  action: [32m&apos;data_create&apos;[39m,
  details: {
    entityType: [32m&apos;transaction&apos;[39m,
    entityId: [32m&apos;be2136fc-b1c9-400e-b520-4a36dd4ad5c0&apos;[39m,
    amount: [33m171.49907900757577[39m,
    category: [32m&apos;Test&apos;[39m,
    accountId: [32m&apos;main&apos;[39m
  },
  userId: [32m&apos;test-user-123&apos;[39m,
  severity: [32m&apos;low&apos;[39m,
  userAgent: [32m&apos;Mozilla/5.0 (win32) AppleWebKit/537.36 (KHTML, like Gecko) jsdom/27.3.0&apos;[39m,
  ip: [32m&apos;client_ip_unavailable&apos;[39m,
  sessionId: [32m&apos;session_1770159299405_y5lcej202&apos;[39m
}
[AUDIT: LOW] data_create {
  id: [32m&apos;audit_1770159301827_44iskagv7&apos;[39m,
  timestamp: [32m&apos;2026-02-03T22:55:01.827Z&apos;[39m,
  action: [32m&apos;data_create&apos;[39m,
  details: {
    entityType: [32m&apos;transaction&apos;[39m,
    entityId: [32m&apos;66f1d785-8fd2-483d-ae10-702b7868cf65&apos;[39m,
    amount: [33m226.64330863195846[39m,
    category: [32m&apos;Test&apos;[39m,
    accountId: [32m&apos;main&apos;[39m
  },
  userId: [32m&apos;test-user-123&apos;[39m,
  severity: [32m&apos;low&apos;[39m,
  userAgent: [32m&apos;Mozilla/5.0 (win32) AppleWebKit/537.36 (KHTML, like Gecko) jsdom/27.3.0&apos;[39m,
  ip: [32m&apos;client_ip_unavailable&apos;[39m,
  sessionId: [32m&apos;session_1770159299405_y5lcej202&apos;[39m
}
[AUDIT: LOW] data_create {
  id: [32m&apos;audit_1770159301832_kxvzoukni&apos;[39m,
  timestamp: [32m&apos;2026-02-03T22:55:01.832Z&apos;[39m,
  action: [32m&apos;data_create&apos;[39m,
  details: {
    entityType: [32m&apos;transaction&apos;[39m,
    entityId: [32m&apos;80c47c0f-0081-4bdf-a4c9-aa7949cf3591&apos;[39m,
    amount: [33m988.4531409067957[39m,
    category: [32m&apos;Test&apos;[39m,
    accountId: [32m&apos;main&apos;[39m
  },
  userId: [32m&apos;test-user-123&apos;[39m,
  severity: [32m&apos;low&apos;[39m,
  userAgent: [32m&apos;Mozilla/5.0 (win32) AppleWebKit/537.36 (KHTML, like Gecko) jsdom/27.3.0&apos;[39m,
  ip: [32m&apos;client_ip_unavailable&apos;[39m,
  sessionId: [32m&apos;session_1770159299405_y5lcej202&apos;[39m
}
[AUDIT: LOW] data_create {
  id: [32m&apos;audit_1770159301836_j89h3nmdy&apos;[39m,
  timestamp: [32m&apos;2026-02-03T22:55:01.836Z&apos;[39m,
  action: [32m&apos;data_create&apos;[39m,
  details: {
    entityType: [32m&apos;transaction&apos;[39m,
    entityId: [32m&apos;ba4908a0-daf2-47e0-909a-23320c7f4c6d&apos;[39m,
    amount: [33m533.0058706412703[39m,
    category: [32m&apos;Test&apos;[39m,
    accountId: [32m&apos;main&apos;[39m
  },
  userId: [32m&apos;test-user-123&apos;[39m,
  severity: [32m&apos;low&apos;[39m,
  userAgent: [32m&apos;Mozilla/5.0 (win32) AppleWebKit/537.36 (KHTML, like Gecko) jsdom/27.3.0&apos;[39m,
  ip: [32m&apos;client_ip_unavailable&apos;[39m,
  sessionId: [32m&apos;session_1770159299405_y5lcej202&apos;[39m
}
[AUDIT: LOW] data_create {
  id: [32m&apos;audit_1770159301840_y4eve5c0d&apos;[39m,
  timestamp: [32m&apos;2026-02-03T22:55:01.840Z&apos;[39m,
  action: [32m&apos;data_create&apos;[39m,
  details: {
    entityType: [32m&apos;transaction&apos;[39m,
    entityId: [32m&apos;e0c279e1-5d5f-422a-9d38-e88a887b7fab&apos;[39m,
    amount: [33m966.4666066277111[39m,
    category: [32m&apos;Test&apos;[39m,
    accountId: [32m&apos;main&apos;[39m
  },
  userId: [32m&apos;test-user-123&apos;[39m,
  severity: [32m&apos;low&apos;[39m,
  userAgent: [32m&apos;Mozilla/5.0 (win32) AppleWebKit/537.36 (KHTML, like Gecko) jsdom/27.3.0&apos;[39m,
  ip: [32m&apos;client_ip_unavailable&apos;[39m,
  sessionId: [32m&apos;session_1770159299405_y5lcej202&apos;[39m
}
[AUDIT: LOW] data_create {
  id: [32m&apos;audit_1770159301844_hxmqcbfcd&apos;[39m,
  timestamp: [32m&apos;2026-02-03T22:55:01.844Z&apos;[39m,
  action: [32m&apos;data_create&apos;[39m,
  details: {
    entityType: [32m&apos;transaction&apos;[39m,
    entityId: [32m&apos;e00c9071-e7ba-43fc-a785-5608520522f5&apos;[39m,
    amount: [33m388.37803735401667[39m,
    category: [32m&apos;Test&apos;[39m,
    accountId: [32m&apos;main&apos;[39m
  },
  userId: [32m&apos;test-user-123&apos;[39m,
  severity: [32m&apos;low&apos;[39m,
  userAgent: [32m&apos;Mozilla/5.0 (win32) AppleWebKit/537.36 (KHTML, like Gecko) jsdom/27.3.0&apos;[39m,
  ip: [32m&apos;client_ip_unavailable&apos;[39m,
  sessionId: [32m&apos;session_1770159299405_y5lcej202&apos;[39m
}
[AUDIT: LOW] data_create {
  id: [32m&apos;audit_1770159301849_29a7nox2m&apos;[39m,
  timestamp: [32m&apos;2026-02-03T22:55:01.849Z&apos;[39m,
  action: [32m&apos;data_create&apos;[39m,
  details: {
    entityType: [32m&apos;transaction&apos;[39m,
    entityId: [32m&apos;3ce976d8-edba-44c3-a11a-e0abf2571ca4&apos;[39m,
    amount: [33m419.81184459000673[39m,
    category: [32m&apos;Test&apos;[39m,
    accountId: [32m&apos;main&apos;[39m
  },
  userId: [32m&apos;test-user-123&apos;[39m,
  severity: [32m&apos;low&apos;[39m,
  userAgent: [32m&apos;Mozilla/5.0 (win32) AppleWebKit/537.36 (KHTML, like Gecko) jsdom/27.3.0&apos;[39m,
  ip: [32m&apos;client_ip_unavailable&apos;[39m,
  sessionId: [32m&apos;session_1770159299405_y5lcej202&apos;[39m
}
[AUDIT: LOW] data_create {
  id: [32m&apos;audit_1770159301853_37jd1k68w&apos;[39m,
  timestamp: [32m&apos;2026-02-03T22:55:01.853Z&apos;[39m,
  action: [32m&apos;data_create&apos;[39m,
  details: {
    entityType: [32m&apos;transaction&apos;[39m,
    entityId: [32m&apos;63627d4e-8526-4cd0-8e3d-520737abe658&apos;[39m,
    amount: [33m780.8676734321288[39m,
    category: [32m&apos;Test&apos;[39m,
    accountId: [32m&apos;main&apos;[39m
  },
  userId: [32m&apos;test-user-123&apos;[39m,
  severity: [32m&apos;low&apos;[39m,
  userAgent: [32m&apos;Mozilla/5.0 (win32) AppleWebKit/537.36 (KHTML, like Gecko) jsdom/27.3.0&apos;[39m,
  ip: [32m&apos;client_ip_unavailable&apos;[39m,
  sessionId: [32m&apos;session_1770159299405_y5lcej202&apos;[39m
}
[AUDIT: LOW] data_create {
  id: [32m&apos;audit_1770159301857_v1psd90za&apos;[39m,
  timestamp: [32m&apos;2026-02-03T22:55:01.857Z&apos;[39m,
  action: [32m&apos;data_create&apos;[39m,
  details: {
    entityType: [32m&apos;transaction&apos;[39m,
    entityId: [32m&apos;209b3a09-9f26-481b-b7a6-5fb14cd2d8f2&apos;[39m,
    amount: [33m32.01027432758485[39m,
    category: [32m&apos;Test&apos;[39m,
    accountId: [32m&apos;main&apos;[39m
  },
  userId: [32m&apos;test-user-123&apos;[39m,
  severity: [32m&apos;low&apos;[39m,
  userAgent: [32m&apos;Mozilla/5.0 (win32) AppleWebKit/537.36 (KHTML, like Gecko) jsdom/27.3.0&apos;[39m,
  ip: [32m&apos;client_ip_unavailable&apos;[39m,
  sessionId: [32m&apos;session_1770159299405_y5lcej202&apos;[39m
}
[AUDIT: LOW] data_create {
  id: [32m&apos;audit_1770159301862_kk5skzrve&apos;[39m,
  timestamp: [32m&apos;2026-02-03T22:55:01.862Z&apos;[39m,
  action: [32m&apos;data_create&apos;[39m,
  details: {
    entityType: [32m&apos;transaction&apos;[39m,
    entityId: [32m&apos;a77a688d-f2e5-47e8-8f30-e7040a5b27bb&apos;[39m,
    amount: [33m37.42310696505547[39m,
    category: [32m&apos;Test&apos;[39m,
    accountId: [32m&apos;main&apos;[39m
  },
  userId: [32m&apos;test-user-123&apos;[39m,
  severity: [32m&apos;low&apos;[39m,
  userAgent: [32m&apos;Mozilla/5.0 (win32) AppleWebKit/537.36 (KHTML, like Gecko) jsdom/27.3.0&apos;[39m,
  ip: [32m&apos;client_ip_unavailable&apos;[39m,
  sessionId: [32m&apos;session_1770159299405_y5lcej202&apos;[39m
}
[AUDIT: LOW] data_create {
  id: [32m&apos;audit_1770159301866_vg1e8vu7x&apos;[39m,
  timestamp: [32m&apos;2026-02-03T22:55:01.866Z&apos;[39m,
  action: [32m&apos;data_create&apos;[39m,
  details: {
    entityType: [32m&apos;transaction&apos;[39m,
    entityId: [32m&apos;854185df-6de7-4667-8680-57a6792410f1&apos;[39m,
    amount: [33m636.9895500627316[39m,
    category: [32m&apos;Test&apos;[39m,
    accountId: [32m&apos;main&apos;[39m
  },
  userId: [32m&apos;test-user-123&apos;[39m,
  severity: [32m&apos;low&apos;[39m,
  userAgent: [32m&apos;Mozilla/5.0 (win32) AppleWebKit/537.36 (KHTML, like Gecko) jsdom/27.3.0&apos;[39m,
  ip: [32m&apos;client_ip_unavailable&apos;[39m,
  sessionId: [32m&apos;session_1770159299405_y5lcej202&apos;[39m
}
[AUDIT: LOW] data_create {
  id: [32m&apos;audit_1770159301870_jj12ztcso&apos;[39m,
  timestamp: [32m&apos;2026-02-03T22:55:01.870Z&apos;[39m,
  action: [32m&apos;data_create&apos;[39m,
  details: {
    entityType: [32m&apos;transaction&apos;[39m,
    entityId: [32m&apos;896a64f5-e31a-4a6e-8d85-14f26c3345ca&apos;[39m,
    amount: [33m54.543692363885455[39m,
    category: [32m&apos;Test&apos;[39m,
    accountId: [32m&apos;main&apos;[39m
  },
  userId: [32m&apos;test-user-123&apos;[39m,
  severity: [32m&apos;low&apos;[39m,
  userAgent: [32m&apos;Mozilla/5.0 (win32) AppleWebKit/537.36 (KHTML, like Gecko) jsdom/27.3.0&apos;[39m,
  ip: [32m&apos;client_ip_unavailable&apos;[39m,
  sessionId: [32m&apos;session_1770159299405_y5lcej202&apos;[39m
}
[AUDIT: LOW] data_create {
  id: [32m&apos;audit_1770159301874_f3464wo8c&apos;[39m,
  timestamp: [32m&apos;2026-02-03T22:55:01.874Z&apos;[39m,
  action: [32m&apos;data_create&apos;[39m,
  details: {
    entityType: [32m&apos;transaction&apos;[39m,
    entityId: [32m&apos;f6c43b6f-2b74-4219-aaeb-0f65e942b94b&apos;[39m,
    amount: [33m566.0840561860781[39m,
    category: [32m&apos;Test&apos;[39m,
    accountId: [32m&apos;main&apos;[39m
  },
  userId: [32m&apos;test-user-123&apos;[39m,
  severity: [32m&apos;low&apos;[39m,
  userAgent: [32m&apos;Mozilla/5.0 (win32) AppleWebKit/537.36 (KHTML, like Gecko) jsdom/27.3.0&apos;[39m,
  ip: [32m&apos;client_ip_unavailable&apos;[39m,
  sessionId: [32m&apos;session_1770159299405_y5lcej202&apos;[39m
}
[AUDIT: LOW] data_create {
  id: [32m&apos;audit_1770159301877_x7ejd6wp4&apos;[39m,
  timestamp: [32m&apos;2026-02-03T22:55:01.877Z&apos;[39m,
  action: [32m&apos;data_create&apos;[39m,
  details: {
    entityType: [32m&apos;transaction&apos;[39m,
    entityId: [32m&apos;893ca9d6-c196-42a4-8278-542147af66da&apos;[39m,
    amount: [33m595.9650303940803[39m,
    category: [32m&apos;Test&apos;[39m,
    accountId: [32m&apos;main&apos;[39m
  },
  userId: [32m&apos;test-user-123&apos;[39m,
  severity: [32m&apos;low&apos;[39m,
  userAgent: [32m&apos;Mozilla/5.0 (win32) AppleWebKit/537.36 (KHTML, like Gecko) jsdom/27.3.0&apos;[39m,
  ip: [32m&apos;client_ip_unavailable&apos;[39m,
  sessionId: [32m&apos;session_1770159299405_y5lcej202&apos;[39m
}
[AUDIT: LOW] data_create {
  id: [32m&apos;audit_1770159301882_vfkwj6u2k&apos;[39m,
  timestamp: [32m&apos;2026-02-03T22:55:01.882Z&apos;[39m,
  action: [32m&apos;data_create&apos;[39m,
  details: {
    entityType: [32m&apos;transaction&apos;[39m,
    entityId: [32m&apos;96309047-b29e-479c-b7a6-0066aad7493c&apos;[39m,
    amount: [33m299.0149580727098[39m,
    category: [32m&apos;Test&apos;[39m,
    accountId: [32m&apos;main&apos;[39m
  },
  userId: [32m&apos;test-user-123&apos;[39m,
  severity: [32m&apos;low&apos;[39m,
  userAgent: [32m&apos;Mozilla/5.0 (win32) AppleWebKit/537.36 (KHTML, like Gecko) jsdom/27.3.0&apos;[39m,
  ip: [32m&apos;client_ip_unavailable&apos;[39m,
  sessionId: [32m&apos;session_1770159299405_y5lcej202&apos;[39m
}
[AUDIT: LOW] data_create {
  id: [32m&apos;audit_1770159301891_t5q9f0hy0&apos;[39m,
  timestamp: [32m&apos;2026-02-03T22:55:01.891Z&apos;[39m,
  action: [32m&apos;data_create&apos;[39m,
  details: {
    entityType: [32m&apos;transaction&apos;[39m,
    entityId: [32m&apos;dc11062e-2e6f-4015-acb0-e9cc775d72a3&apos;[39m,
    amount: [33m146.25894344549894[39m,
    category: [32m&apos;Test&apos;[39m,
    accountId: [32m&apos;main&apos;[39m
  },
  userId: [32m&apos;test-user-123&apos;[39m,
  severity: [32m&apos;low&apos;[39m,
  userAgent: [32m&apos;Mozilla/5.0 (win32) AppleWebKit/537.36 (KHTML, like Gecko) jsdom/27.3.0&apos;[39m,
  ip: [32m&apos;client_ip_unavailable&apos;[39m,
  sessionId: [32m&apos;session_1770159299405_y5lcej202&apos;[39m
}
[AUDIT: LOW] data_create {
  id: [32m&apos;audit_1770159301895_8w64n0ldm&apos;[39m,
  timestamp: [32m&apos;2026-02-03T22:55:01.895Z&apos;[39m,
  action: [32m&apos;data_create&apos;[39m,
  details: {
    entityType: [32m&apos;transaction&apos;[39m,
    entityId: [32m&apos;6342f818-0e51-4ed8-b012-5854de86fa42&apos;[39m,
    amount: [33m420.81105815206564[39m,
    category: [32m&apos;Test&apos;[39m,
    accountId: [32m&apos;main&apos;[39m
  },
  userId: [32m&apos;test-user-123&apos;[39m,
  severity: [32m&apos;low&apos;[39m,
  userAgent: [32m&apos;Mozilla/5.0 (win32) AppleWebKit/537.36 (KHTML, like Gecko) jsdom/27.3.0&apos;[39m,
  ip: [32m&apos;client_ip_unavailable&apos;[39m,
  sessionId: [32m&apos;session_1770159299405_y5lcej202&apos;[39m
}
[AUDIT: LOW] data_create {
  id: [32m&apos;audit_1770159301899_tt3bspkh6&apos;[39m,
  timestamp: [32m&apos;2026-02-03T22:55:01.899Z&apos;[39m,
  action: [32m&apos;data_create&apos;[39m,
  details: {
    entityType: [32m&apos;transaction&apos;[39m,
    entityId: [32m&apos;61f4083a-058e-4162-ac8d-7c7312e8a966&apos;[39m,
    amount: [33m197.14766587114508[39m,
    category: [32m&apos;Test&apos;[39m,
    accountId: [32m&apos;main&apos;[39m
  },
  userId: [32m&apos;test-user-123&apos;[39m,
  severity: [32m&apos;low&apos;[39m,
  userAgent: [32m&apos;Mozilla/5.0 (win32) AppleWebKit/537.36 (KHTML, like Gecko) jsdom/27.3.0&apos;[39m,
  ip: [32m&apos;client_ip_unavailable&apos;[39m,
  sessionId: [32m&apos;session_1770159299405_y5lcej202&apos;[39m
}
[AUDIT: LOW] data_create {
  id: [32m&apos;audit_1770159301904_wf9wuih1n&apos;[39m,
  timestamp: [32m&apos;2026-02-03T22:55:01.904Z&apos;[39m,
  action: [32m&apos;data_create&apos;[39m,
  details: {
    entityType: [32m&apos;transaction&apos;[39m,
    entityId: [32m&apos;08c79699-f7ad-41f0-b826-cc3b5c113749&apos;[39m,
    amount: [33m931.0691019502818[39m,
    category: [32m&apos;Test&apos;[39m,
    accountId: [32m&apos;main&apos;[39m
  },
  userId: [32m&apos;test-user-123&apos;[39m,
  severity: [32m&apos;low&apos;[39m,
  userAgent: [32m&apos;Mozilla/5.0 (win32) AppleWebKit/537.36 (KHTML, like Gecko) jsdom/27.3.0&apos;[39m,
  ip: [32m&apos;client_ip_unavailable&apos;[39m,
  sessionId: [32m&apos;session_1770159299405_y5lcej202&apos;[39m
}
[AUDIT: LOW] data_create {
  id: [32m&apos;audit_1770159301907_tyr0eyasr&apos;[39m,
  timestamp: [32m&apos;2026-02-03T22:55:01.907Z&apos;[39m,
  action: [32m&apos;data_create&apos;[39m,
  details: {
    entityType: [32m&apos;transaction&apos;[39m,
    entityId: [32m&apos;a278ce53-befe-4b2b-807f-efcdb23583ff&apos;[39m,
    amount: [33m660.7956239227472[39m,
    category: [32m&apos;Test&apos;[39m,
    accountId: [32m&apos;main&apos;[39m
  },
  userId: [32m&apos;test-user-123&apos;[39m,
  severity: [32m&apos;low&apos;[39m,
  userAgent: [32m&apos;Mozilla/5.0 (win32) AppleWebKit/537.36 (KHTML, like Gecko) jsdom/27.3.0&apos;[39m,
  ip: [32m&apos;client_ip_unavailable&apos;[39m,
  sessionId: [32m&apos;session_1770159299405_y5lcej202&apos;[39m
}
[AUDIT: LOW] data_create {
  id: [32m&apos;audit_1770159301911_ub1qlecjf&apos;[39m,
  timestamp: [32m&apos;2026-02-03T22:55:01.911Z&apos;[39m,
  action: [32m&apos;data_create&apos;[39m,
  details: {
    entityType: [32m&apos;transaction&apos;[39m,
    entityId: [32m&apos;6cd255e7-6a27-4ab5-b04b-2e6961179eac&apos;[39m,
    amount: [33m933.747608435363[39m,
    category: [32m&apos;Test&apos;[39m,
    accountId: [32m&apos;main&apos;[39m
  },
  userId: [32m&apos;test-user-123&apos;[39m,
  severity: [32m&apos;low&apos;[39m,
  userAgent: [32m&apos;Mozilla/5.0 (win32) AppleWebKit/537.36 (KHTML, like Gecko) jsdom/27.3.0&apos;[39m,
  ip: [32m&apos;client_ip_unavailable&apos;[39m,
  sessionId: [32m&apos;session_1770159299405_y5lcej202&apos;[39m
}
[AUDIT: LOW] data_create {
  id: [32m&apos;audit_1770159301915_4do8hy8qf&apos;[39m,
  timestamp: [32m&apos;2026-02-03T22:55:01.915Z&apos;[39m,
  action: [32m&apos;data_create&apos;[39m,
  details: {
    entityType: [32m&apos;transaction&apos;[39m,
    entityId: [32m&apos;1a26fdc2-befc-4a8e-bdc5-91f22280cdc6&apos;[39m,
    amount: [33m292.1587288896783[39m,
    category: [32m&apos;Test&apos;[39m,
    accountId: [32m&apos;main&apos;[39m
  },
  userId: [32m&apos;test-user-123&apos;[39m,
  severity: [32m&apos;low&apos;[39m,
  userAgent: [32m&apos;Mozilla/5.0 (win32) AppleWebKit/537.36 (KHTML, like Gecko) jsdom/27.3.0&apos;[39m,
  ip: [32m&apos;client_ip_unavailable&apos;[39m,
  sessionId: [32m&apos;session_1770159299405_y5lcej202&apos;[39m
}
[AUDIT: LOW] data_create {
  id: [32m&apos;audit_1770159301918_jhs4nyijs&apos;[39m,
  timestamp: [32m&apos;2026-02-03T22:55:01.918Z&apos;[39m,
  action: [32m&apos;data_create&apos;[39m,
  details: {
    entityType: [32m&apos;transaction&apos;[39m,
    entityId: [32m&apos;c4771aec-c7af-4c5d-a186-c88aafc825eb&apos;[39m,
    amount: [33m276.26417739078937[39m,
    category: [32m&apos;Test&apos;[39m,
    accountId: [32m&apos;main&apos;[39m
  },
  userId: [32m&apos;test-user-123&apos;[39m,
  severity: [32m&apos;low&apos;[39m,
  userAgent: [32m&apos;Mozilla/5.0 (win32) AppleWebKit/537.36 (KHTML, like Gecko) jsdom/27.3.0&apos;[39m,
  ip: [32m&apos;client_ip_unavailable&apos;[39m,
  sessionId: [32m&apos;session_1770159299405_y5lcej202&apos;[39m
}
[AUDIT: LOW] data_create {
  id: [32m&apos;audit_1770159301921_bmtpd3tce&apos;[39m,
  timestamp: [32m&apos;2026-02-03T22:55:01.921Z&apos;[39m,
  action: [32m&apos;data_create&apos;[39m,
  details: {
    entityType: [32m&apos;transaction&apos;[39m,
    entityId: [32m&apos;2fb8b345-971a-441c-b23c-2a2e1c601631&apos;[39m,
    amount: [33m614.8472507874404[39m,
    category: [32m&apos;Test&apos;[39m,
    accountId: [32m&apos;main&apos;[39m
  },
  userId: [32m&apos;test-user-123&apos;[39m,
  severity: [32m&apos;low&apos;[39m,
  userAgent: [32m&apos;Mozilla/5.0 (win32) AppleWebKit/537.36 (KHTML, like Gecko) jsdom/27.3.0&apos;[39m,
  ip: [32m&apos;client_ip_unavailable&apos;[39m,
  sessionId: [32m&apos;session_1770159299405_y5lcej202&apos;[39m
}
[AUDIT: LOW] data_create {
  id: [32m&apos;audit_1770159301924_0reitupam&apos;[39m,
  timestamp: [32m&apos;2026-02-03T22:55:01.924Z&apos;[39m,
  action: [32m&apos;data_create&apos;[39m,
  details: {
    entityType: [32m&apos;transaction&apos;[39m,
    entityId: [32m&apos;272be966-bc88-4792-b9de-5a9f135575d1&apos;[39m,
    amount: [33m518.6088528071165[39m,
    category: [32m&apos;Test&apos;[39m,
    accountId: [32m&apos;main&apos;[39m
  },
  userId: [32m&apos;test-user-123&apos;[39m,
  severity: [32m&apos;low&apos;[39m,
  userAgent: [32m&apos;Mozilla/5.0 (win32) AppleWebKit/537.36 (KHTML, like Gecko) jsdom/27.3.0&apos;[39m,
  ip: [32m&apos;client_ip_unavailable&apos;[39m,
  sessionId: [32m&apos;session_1770159299405_y5lcej202&apos;[39m
}
[AUDIT: LOW] data_create {
  id: [32m&apos;audit_1770159301928_6k0fohqff&apos;[39m,
  timestamp: [32m&apos;2026-02-03T22:55:01.928Z&apos;[39m,
  action: [32m&apos;data_create&apos;[39m,
  details: {
    entityType: [32m&apos;transaction&apos;[39m,
    entityId: [32m&apos;e6b7c8cd-9ce2-4acb-91f8-b844bc9c60a6&apos;[39m,
    amount: [33m188.73252438407374[39m,
    category: [32m&apos;Test&apos;[39m,
    accountId: [32m&apos;main&apos;[39m
  },
  userId: [32m&apos;test-user-123&apos;[39m,
  severity: [32m&apos;low&apos;[39m,
  userAgent: [32m&apos;Mozilla/5.0 (win32) AppleWebKit/537.36 (KHTML, like Gecko) jsdom/27.3.0&apos;[39m,
  ip: [32m&apos;client_ip_unavailable&apos;[39m,
  sessionId: [32m&apos;session_1770159299405_y5lcej202&apos;[39m
}
[AUDIT: LOW] data_create {
  id: [32m&apos;audit_1770159301933_kcs72qzm3&apos;[39m,
  timestamp: [32m&apos;2026-02-03T22:55:01.933Z&apos;[39m,
  action: [32m&apos;data_create&apos;[39m,
  details: {
    entityType: [32m&apos;transaction&apos;[39m,
    entityId: [32m&apos;5176adf6-cea4-45a9-bd6b-a1fbe0c7095f&apos;[39m,
    amount: [33m857.1316525338549[39m,
    category: [32m&apos;Test&apos;[39m,
    accountId: [32m&apos;main&apos;[39m
  },
  userId: [32m&apos;test-user-123&apos;[39m,
  severity: [32m&apos;low&apos;[39m,
  userAgent: [32m&apos;Mozilla/5.0 (win32) AppleWebKit/537.36 (KHTML, like Gecko) jsdom/27.3.0&apos;[39m,
  ip: [32m&apos;client_ip_unavailable&apos;[39m,
  sessionId: [32m&apos;session_1770159299405_y5lcej202&apos;[39m
}
[AUDIT: LOW] data_create {
  id: [32m&apos;audit_1770159301937_ht9537zo9&apos;[39m,
  timestamp: [32m&apos;2026-02-03T22:55:01.937Z&apos;[39m,
  action: [32m&apos;data_create&apos;[39m,
  details: {
    entityType: [32m&apos;transaction&apos;[39m,
    entityId: [32m&apos;d452a114-a2fe-49ea-896b-dd68cb9e5b30&apos;[39m,
    amount: [33m922.6695331896846[39m,
    category: [32m&apos;Test&apos;[39m,
    accountId: [32m&apos;main&apos;[39m
  },
  userId: [32m&apos;test-user-123&apos;[39m,
  severity: [32m&apos;low&apos;[39m,
  userAgent: [32m&apos;Mozilla/5.0 (win32) AppleWebKit/537.36 (KHTML, like Gecko) jsdom/27.3.0&apos;[39m,
  ip: [32m&apos;client_ip_unavailable&apos;[39m,
  sessionId: [32m&apos;session_1770159299405_y5lcej202&apos;[39m
}
[AUDIT: LOW] data_create {
  id: [32m&apos;audit_1770159301940_vxaykx72p&apos;[39m,
  timestamp: [32m&apos;2026-02-03T22:55:01.940Z&apos;[39m,
  action: [32m&apos;data_create&apos;[39m,
  details: {
    entityType: [32m&apos;transaction&apos;[39m,
    entityId: [32m&apos;26a8fcad-9071-4264-9a0c-713af3c00324&apos;[39m,
    amount: [33m785.7867472078135[39m,
    category: [32m&apos;Test&apos;[39m,
    accountId: [32m&apos;main&apos;[39m
  },
  userId: [32m&apos;test-user-123&apos;[39m,
  severity: [32m&apos;low&apos;[39m,
  userAgent: [32m&apos;Mozilla/5.0 (win32) AppleWebKit/537.36 (KHTML, like Gecko) jsdom/27.3.0&apos;[39m,
  ip: [32m&apos;client_ip_unavailable&apos;[39m,
  sessionId: [32m&apos;session_1770159299405_y5lcej202&apos;[39m
}
[AUDIT: LOW] data_create {
  id: [32m&apos;audit_1770159301945_f5k390ath&apos;[39m,
  timestamp: [32m&apos;2026-02-03T22:55:01.945Z&apos;[39m,
  action: [32m&apos;data_create&apos;[39m,
  details: {
    entityType: [32m&apos;transaction&apos;[39m,
    entityId: [32m&apos;39fe3170-afbc-4710-9b49-9f5fcf3d115a&apos;[39m,
    amount: [33m592.6829216318777[39m,
    category: [32m&apos;Test&apos;[39m,
    accountId: [32m&apos;main&apos;[39m
  },
  userId: [32m&apos;test-user-123&apos;[39m,
  severity: [32m&apos;low&apos;[39m,
  userAgent: [32m&apos;Mozilla/5.0 (win32) AppleWebKit/537.36 (KHTML, like Gecko) jsdom/27.3.0&apos;[39m,
  ip: [32m&apos;client_ip_unavailable&apos;[39m,
  sessionId: [32m&apos;session_1770159299405_y5lcej202&apos;[39m
}
[AUDIT: LOW] data_create {
  id: [32m&apos;audit_1770159301952_i9p1s2n82&apos;[39m,
  timestamp: [32m&apos;2026-02-03T22:55:01.952Z&apos;[39m,
  action: [32m&apos;data_create&apos;[39m,
  details: {
    entityType: [32m&apos;transaction&apos;[39m,
    entityId: [32m&apos;50cbdbc2-a29b-41b0-990f-402f3b73b9fd&apos;[39m,
    amount: [33m266.4977436258891[39m,
    category: [32m&apos;Test&apos;[39m,
    accountId: [32m&apos;main&apos;[39m
  },
  userId: [32m&apos;test-user-123&apos;[39m,
  severity: [32m&apos;low&apos;[39m,
  userAgent: [32m&apos;Mozilla/5.0 (win32) AppleWebKit/537.36 (KHTML, like Gecko) jsdom/27.3.0&apos;[39m,
  ip: [32m&apos;client_ip_unavailable&apos;[39m,
  sessionId: [32m&apos;session_1770159299405_y5lcej202&apos;[39m
}
[AUDIT: LOW] data_create {
  id: [32m&apos;audit_1770159301957_jmhkrq76y&apos;[39m,
  timestamp: [32m&apos;2026-02-03T22:55:01.957Z&apos;[39m,
  action: [32m&apos;data_create&apos;[39m,
  details: {
    entityType: [32m&apos;transaction&apos;[39m,
    entityId: [32m&apos;9189d99b-4779-4af2-b378-e11c8b606927&apos;[39m,
    amount: [33m325.55490770911535[39m,
    category: [32m&apos;Test&apos;[39m,
    accountId: [32m&apos;main&apos;[39m
  },
  userId: [32m&apos;test-user-123&apos;[39m,
  severity: [32m&apos;low&apos;[39m,
  userAgent: [32m&apos;Mozilla/5.0 (win32) AppleWebKit/537.36 (KHTML, like Gecko) jsdom/27.3.0&apos;[39m,
  ip: [32m&apos;client_ip_unavailable&apos;[39m,
  sessionId: [32m&apos;session_1770159299405_y5lcej202&apos;[39m
}
[AUDIT: LOW] data_create {
  id: [32m&apos;audit_1770159301960_6a5bzwqbc&apos;[39m,
  timestamp: [32m&apos;2026-02-03T22:55:01.960Z&apos;[39m,
  action: [32m&apos;data_create&apos;[39m,
  details: {
    entityType: [32m&apos;transaction&apos;[39m,
    entityId: [32m&apos;c8808b71-dde7-4da0-ba13-fdeaf55ba36b&apos;[39m,
    amount: [33m513.7096144841403[39m,
    category: [32m&apos;Test&apos;[39m,
    accountId: [32m&apos;main&apos;[39m
  },
  userId: [32m&apos;test-user-123&apos;[39m,
  severity: [32m&apos;low&apos;[39m,
  userAgent: [32m&apos;Mozilla/5.0 (win32) AppleWebKit/537.36 (KHTML, like Gecko) jsdom/27.3.0&apos;[39m,
  ip: [32m&apos;client_ip_unavailable&apos;[39m,
  sessionId: [32m&apos;session_1770159299405_y5lcej202&apos;[39m
}
[AUDIT: LOW] data_create {
  id: [32m&apos;audit_1770159301965_cdapw4phm&apos;[39m,
  timestamp: [32m&apos;2026-02-03T22:55:01.965Z&apos;[39m,
  action: [32m&apos;data_create&apos;[39m,
  details: {
    entityType: [32m&apos;transaction&apos;[39m,
    entityId: [32m&apos;f8e0191c-7ab2-4376-a777-8ff0f7ad614b&apos;[39m,
    amount: [33m151.02946315230915[39m,
    category: [32m&apos;Test&apos;[39m,
    accountId: [32m&apos;main&apos;[39m
  },
  userId: [32m&apos;test-user-123&apos;[39m,
  severity: [32m&apos;low&apos;[39m,
  userAgent: [32m&apos;Mozilla/5.0 (win32) AppleWebKit/537.36 (KHTML, like Gecko) jsdom/27.3.0&apos;[39m,
  ip: [32m&apos;client_ip_unavailable&apos;[39m,
  sessionId: [32m&apos;session_1770159299405_y5lcej202&apos;[39m
}
[AUDIT: LOW] data_create {
  id: [32m&apos;audit_1770159301970_aelae1wwe&apos;[39m,
  timestamp: [32m&apos;2026-02-03T22:55:01.970Z&apos;[39m,
  action: [32m&apos;data_create&apos;[39m,
  details: {
    entityType: [32m&apos;transaction&apos;[39m,
    entityId: [32m&apos;270bcafb-a4ff-4df4-b11b-5d926936bfe7&apos;[39m,
    amount: [33m380.16650289024636[39m,
    category: [32m&apos;Test&apos;[39m,
    accountId: [32m&apos;main&apos;[39m
  },
  userId: [32m&apos;test-user-123&apos;[39m,
  severity: [32m&apos;low&apos;[39m,
  userAgent: [32m&apos;Mozilla/5.0 (win32) AppleWebKit/537.36 (KHTML, like Gecko) jsdom/27.3.0&apos;[39m,
  ip: [32m&apos;client_ip_unavailable&apos;[39m,
  sessionId: [32m&apos;session_1770159299405_y5lcej202&apos;[39m
}
[AUDIT: LOW] data_create {
  id: [32m&apos;audit_1770159301977_q00yqwm2r&apos;[39m,
  timestamp: [32m&apos;2026-02-03T22:55:01.977Z&apos;[39m,
  action: [32m&apos;data_create&apos;[39m,
  details: {
    entityType: [32m&apos;transaction&apos;[39m,
    entityId: [32m&apos;fb708fd0-ce18-4719-ae17-d8b7f4e2097f&apos;[39m,
    amount: [33m927.1187384962249[39m,
    category: [32m&apos;Test&apos;[39m,
    accountId: [32m&apos;main&apos;[39m
  },
  userId: [32m&apos;test-user-123&apos;[39m,
  severity: [32m&apos;low&apos;[39m,
  userAgent: [32m&apos;Mozilla/5.0 (win32) AppleWebKit/537.36 (KHTML, like Gecko) jsdom/27.3.0&apos;[39m,
  ip: [32m&apos;client_ip_unavailable&apos;[39m,
  sessionId: [32m&apos;session_1770159299405_y5lcej202&apos;[39m
}
[AUDIT: LOW] data_create {
  id: [32m&apos;audit_1770159301981_26xk6ck77&apos;[39m,
  timestamp: [32m&apos;2026-02-03T22:55:01.981Z&apos;[39m,
  action: [32m&apos;data_create&apos;[39m,
  details: {
    entityType: [32m&apos;transaction&apos;[39m,
    entityId: [32m&apos;d72accb0-a6c3-4148-9d02-e7149edba8a1&apos;[39m,
    amount: [33m505.15866900857264[39m,
    category: [32m&apos;Test&apos;[39m,
    accountId: [32m&apos;main&apos;[39m
  },
  userId: [32m&apos;test-user-123&apos;[39m,
  severity: [32m&apos;low&apos;[39m,
  userAgent: [32m&apos;Mozilla/5.0 (win32) AppleWebKit/537.36 (KHTML, like Gecko) jsdom/27.3.0&apos;[39m,
  ip: [32m&apos;client_ip_unavailable&apos;[39m,
  sessionId: [32m&apos;session_1770159299405_y5lcej202&apos;[39m
}
[AUDIT: LOW] data_create {
  id: [32m&apos;audit_1770159301990_90zwnfuof&apos;[39m,
  timestamp: [32m&apos;2026-02-03T22:55:01.990Z&apos;[39m,
  action: [32m&apos;data_create&apos;[39m,
  details: {
    entityType: [32m&apos;transaction&apos;[39m,
    entityId: [32m&apos;336dddd7-26bb-45c8-ac6b-48d774b88e38&apos;[39m,
    amount: [33m133.2846051581522[39m,
    category: [32m&apos;Test&apos;[39m,
    accountId: [32m&apos;main&apos;[39m
  },
  userId: [32m&apos;test-user-123&apos;[39m,
  severity: [32m&apos;low&apos;[39m,
  userAgent: [32m&apos;Mozilla/5.0 (win32) AppleWebKit/537.36 (KHTML, like Gecko) jsdom/27.3.0&apos;[39m,
  ip: [32m&apos;client_ip_unavailable&apos;[39m,
  sessionId: [32m&apos;session_1770159299405_y5lcej202&apos;[39m
}
[AUDIT: LOW] data_create {
  id: [32m&apos;audit_1770159301994_6t7abhmlg&apos;[39m,
  timestamp: [32m&apos;2026-02-03T22:55:01.994Z&apos;[39m,
  action: [32m&apos;data_create&apos;[39m,
  details: {
    entityType: [32m&apos;transaction&apos;[39m,
    entityId: [32m&apos;5fe491c7-b3c1-4764-b083-8dec11ca5cbc&apos;[39m,
    amount: [33m694.6405259064011[39m,
    category: [32m&apos;Test&apos;[39m,
    accountId: [32m&apos;main&apos;[39m
  },
  userId: [32m&apos;test-user-123&apos;[39m,
  severity: [32m&apos;low&apos;[39m,
  userAgent: [32m&apos;Mozilla/5.0 (win32) AppleWebKit/537.36 (KHTML, like Gecko) jsdom/27.3.0&apos;[39m,
  ip: [32m&apos;client_ip_unavailable&apos;[39m,
  sessionId: [32m&apos;session_1770159299405_y5lcej202&apos;[39m
}
[AUDIT: LOW] data_create {
  id: [32m&apos;audit_1770159302000_kjiucxhop&apos;[39m,
  timestamp: [32m&apos;2026-02-03T22:55:02.000Z&apos;[39m,
  action: [32m&apos;data_create&apos;[39m,
  details: {
    entityType: [32m&apos;transaction&apos;[39m,
    entityId: [32m&apos;7051eb05-22a1-4cbc-8ec4-e132fbb9ee26&apos;[39m,
    amount: [33m300.7829034710653[39m,
    category: [32m&apos;Test&apos;[39m,
    accountId: [32m&apos;main&apos;[39m
  },
  userId: [32m&apos;test-user-123&apos;[39m,
  severity: [32m&apos;low&apos;[39m,
  userAgent: [32m&apos;Mozilla/5.0 (win32) AppleWebKit/537.36 (KHTML, like Gecko) jsdom/27.3.0&apos;[39m,
  ip: [32m&apos;client_ip_unavailable&apos;[39m,
  sessionId: [32m&apos;session_1770159299405_y5lcej202&apos;[39m
}
[AUDIT: LOW] data_create {
  id: [32m&apos;audit_1770159302005_95xd1gy9j&apos;[39m,
  timestamp: [32m&apos;2026-02-03T22:55:02.005Z&apos;[39m,
  action: [32m&apos;data_create&apos;[39m,
  details: {
    entityType: [32m&apos;transaction&apos;[39m,
    entityId: [32m&apos;74829f44-8129-4614-8113-18fd771f3cc7&apos;[39m,
    amount: [33m71.21276059737791[39m,
    category: [32m&apos;Test&apos;[39m,
    accountId: [32m&apos;main&apos;[39m
  },
  userId: [32m&apos;test-user-123&apos;[39m,
  severity: [32m&apos;low&apos;[39m,
  userAgent: [32m&apos;Mozilla/5.0 (win32) AppleWebKit/537.36 (KHTML, like Gecko) jsdom/27.3.0&apos;[39m,
  ip: [32m&apos;client_ip_unavailable&apos;[39m,
  sessionId: [32m&apos;session_1770159299405_y5lcej202&apos;[39m
}
[AUDIT: LOW] data_create {
  id: [32m&apos;audit_1770159302010_2bp33f1k2&apos;[39m,
  timestamp: [32m&apos;2026-02-03T22:55:02.010Z&apos;[39m,
  action: [32m&apos;data_create&apos;[39m,
  details: {
    entityType: [32m&apos;transaction&apos;[39m,
    entityId: [32m&apos;e21159e2-b010-46db-8570-05be1c180747&apos;[39m,
    amount: [33m72.49943060305509[39m,
    category: [32m&apos;Test&apos;[39m,
    accountId: [32m&apos;main&apos;[39m
  },
  userId: [32m&apos;test-user-123&apos;[39m,
  severity: [32m&apos;low&apos;[39m,
  userAgent: [32m&apos;Mozilla/5.0 (win32) AppleWebKit/537.36 (KHTML, like Gecko) jsdom/27.3.0&apos;[39m,
  ip: [32m&apos;client_ip_unavailable&apos;[39m,
  sessionId: [32m&apos;session_1770159299405_y5lcej202&apos;[39m
}
[AUDIT: LOW] data_create {
  id: [32m&apos;audit_1770159302014_kzfizlr5t&apos;[39m,
  timestamp: [32m&apos;2026-02-03T22:55:02.014Z&apos;[39m,
  action: [32m&apos;data_create&apos;[39m,
  details: {
    entityType: [32m&apos;transaction&apos;[39m,
    entityId: [32m&apos;28500a83-3bbe-41fa-ba00-0a761233172e&apos;[39m,
    amount: [33m71.9101516826387[39m,
    category: [32m&apos;Test&apos;[39m,
    accountId: [32m&apos;main&apos;[39m
  },
  userId: [32m&apos;test-user-123&apos;[39m,
  severity: [32m&apos;low&apos;[39m,
  userAgent: [32m&apos;Mozilla/5.0 (win32) AppleWebKit/537.36 (KHTML, like Gecko) jsdom/27.3.0&apos;[39m,
  ip: [32m&apos;client_ip_unavailable&apos;[39m,
  sessionId: [32m&apos;session_1770159299405_y5lcej202&apos;[39m
}
[AUDIT: LOW] data_create {
  id: [32m&apos;audit_1770159302017_59mlwrp3n&apos;[39m,
  timestamp: [32m&apos;2026-02-03T22:55:02.017Z&apos;[39m,
  action: [32m&apos;data_create&apos;[39m,
  details: {
    entityType: [32m&apos;transaction&apos;[39m,
    entityId: [32m&apos;309d5373-5a52-4de8-bb14-1f9714c96082&apos;[39m,
    amount: [33m244.96474783862755[39m,
    category: [32m&apos;Test&apos;[39m,
    accountId: [32m&apos;main&apos;[39m
  },
  userId: [32m&apos;test-user-123&apos;[39m,
  severity: [32m&apos;low&apos;[39m,
  userAgent: [32m&apos;Mozilla/5.0 (win32) AppleWebKit/537.36 (KHTML, like Gecko) jsdom/27.3.0&apos;[39m,
  ip: [32m&apos;client_ip_unavailable&apos;[39m,
  sessionId: [32m&apos;session_1770159299405_y5lcej202&apos;[39m
}
[AUDIT: LOW] data_create {
  id: [32m&apos;audit_1770159302023_09xxvesqg&apos;[39m,
  timestamp: [32m&apos;2026-02-03T22:55:02.023Z&apos;[39m,
  action: [32m&apos;data_create&apos;[39m,
  details: {
    entityType: [32m&apos;transaction&apos;[39m,
    entityId: [32m&apos;3f7279cd-7508-46c2-9e36-c0b863867023&apos;[39m,
    amount: [33m935.0101666103948[39m,
    category: [32m&apos;Test&apos;[39m,
    accountId: [32m&apos;main&apos;[39m
  },
  userId: [32m&apos;test-user-123&apos;[39m,
  severity: [32m&apos;low&apos;[39m,
  userAgent: [32m&apos;Mozilla/5.0 (win32) AppleWebKit/537.36 (KHTML, like Gecko) jsdom/27.3.0&apos;[39m,
  ip: [32m&apos;client_ip_unavailable&apos;[39m,
  sessionId: [32m&apos;session_1770159299405_y5lcej202&apos;[39m
}
[AUDIT: LOW] data_create {
  id: [32m&apos;audit_1770159302026_ydvot26dp&apos;[39m,
  timestamp: [32m&apos;2026-02-03T22:55:02.026Z&apos;[39m,
  action: [32m&apos;data_create&apos;[39m,
  details: {
    entityType: [32m&apos;transaction&apos;[39m,
    entityId: [32m&apos;09e37c30-2adf-4f82-bc09-e680e62a67cd&apos;[39m,
    amount: [33m325.7022511888876[39m,
    category: [32m&apos;Test&apos;[39m,
    accountId: [32m&apos;main&apos;[39m
  },
  userId: [32m&apos;test-user-123&apos;[39m,
  severity: [32m&apos;low&apos;[39m,
  userAgent: [32m&apos;Mozilla/5.0 (win32) AppleWebKit/537.36 (KHTML, like Gecko) jsdom/27.3.0&apos;[39m,
  ip: [32m&apos;client_ip_unavailable&apos;[39m,
  sessionId: [32m&apos;session_1770159299405_y5lcej202&apos;[39m
}
[AUDIT: LOW] data_create {
  id: [32m&apos;audit_1770159302031_4e83nxuz3&apos;[39m,
  timestamp: [32m&apos;2026-02-03T22:55:02.031Z&apos;[39m,
  action: [32m&apos;data_create&apos;[39m,
  details: {
    entityType: [32m&apos;transaction&apos;[39m,
    entityId: [32m&apos;85db1160-fec1-4a38-9f90-a0b19307b4f7&apos;[39m,
    amount: [33m821.9889178894015[39m,
    category: [32m&apos;Test&apos;[39m,
    accountId: [32m&apos;main&apos;[39m
  },
  userId: [32m&apos;test-user-123&apos;[39m,
  severity: [32m&apos;low&apos;[39m,
  userAgent: [32m&apos;Mozilla/5.0 (win32) AppleWebKit/537.36 (KHTML, like Gecko) jsdom/27.3.0&apos;[39m,
  ip: [32m&apos;client_ip_unavailable&apos;[39m,
  sessionId: [32m&apos;session_1770159299405_y5lcej202&apos;[39m
}
[AUDIT: LOW] data_create {
  id: [32m&apos;audit_1770159302038_j43fw5u5w&apos;[39m,
  timestamp: [32m&apos;2026-02-03T22:55:02.038Z&apos;[39m,
  action: [32m&apos;data_create&apos;[39m,
  details: {
    entityType: [32m&apos;transaction&apos;[39m,
    entityId: [32m&apos;0b7675a1-a3e8-4198-9789-83f385744f11&apos;[39m,
    amount: [33m436.1234445885218[39m,
    category: [32m&apos;Test&apos;[39m,
    accountId: [32m&apos;main&apos;[39m
  },
  userId: [32m&apos;test-user-123&apos;[39m,
  severity: [32m&apos;low&apos;[39m,
  userAgent: [32m&apos;Mozilla/5.0 (win32) AppleWebKit/537.36 (KHTML, like Gecko) jsdom/27.3.0&apos;[39m,
  ip: [32m&apos;client_ip_unavailable&apos;[39m,
  sessionId: [32m&apos;session_1770159299405_y5lcej202&apos;[39m
}
[AUDIT: LOW] data_create {
  id: [32m&apos;audit_1770159302042_kieorc2a9&apos;[39m,
  timestamp: [32m&apos;2026-02-03T22:55:02.042Z&apos;[39m,
  action: [32m&apos;data_create&apos;[39m,
  details: {
    entityType: [32m&apos;transaction&apos;[39m,
    entityId: [32m&apos;ddd24fb6-bcb3-49fb-af37-690277cf98fe&apos;[39m,
    amount: [33m890.327020614129[39m,
    category: [32m&apos;Test&apos;[39m,
    accountId: [32m&apos;main&apos;[39m
  },
  userId: [32m&apos;test-user-123&apos;[39m,
  severity: [32m&apos;low&apos;[39m,
  userAgent: [32m&apos;Mozilla/5.0 (win32) AppleWebKit/537.36 (KHTML, like Gecko) jsdom/27.3.0&apos;[39m,
  ip: [32m&apos;client_ip_unavailable&apos;[39m,
  sessionId: [32m&apos;session_1770159299405_y5lcej202&apos;[39m
}
[AUDIT: LOW] data_create {
  id: [32m&apos;audit_1770159302045_s17fqzem9&apos;[39m,
  timestamp: [32m&apos;2026-02-03T22:55:02.045Z&apos;[39m,
  action: [32m&apos;data_create&apos;[39m,
  details: {
    entityType: [32m&apos;transaction&apos;[39m,
    entityId: [32m&apos;641e9478-cd87-4fbe-bf42-0d048b837893&apos;[39m,
    amount: [33m559.3305842371423[39m,
    category: [32m&apos;Test&apos;[39m,
    accountId: [32m&apos;main&apos;[39m
  },
  userId: [32m&apos;test-user-123&apos;[39m,
  severity: [32m&apos;low&apos;[39m,
  userAgent: [32m&apos;Mozilla/5.0 (win32) AppleWebKit/537.36 (KHTML, like Gecko) jsdom/27.3.0&apos;[39m,
  ip: [32m&apos;client_ip_unavailable&apos;[39m,
  sessionId: [32m&apos;session_1770159299405_y5lcej202&apos;[39m
}
[AUDIT: LOW] data_create {
  id: [32m&apos;audit_1770159302050_vnb1aszvy&apos;[39m,
  timestamp: [32m&apos;2026-02-03T22:55:02.050Z&apos;[39m,
  action: [32m&apos;data_create&apos;[39m,
  details: {
    entityType: [32m&apos;transaction&apos;[39m,
    entityId: [32m&apos;58bcb2ed-8a36-4b61-b7c2-d6883a6d7af0&apos;[39m,
    amount: [33m981.3498965918075[39m,
    category: [32m&apos;Test&apos;[39m,
    accountId: [32m&apos;main&apos;[39m
  },
  userId: [32m&apos;test-user-123&apos;[39m,
  severity: [32m&apos;low&apos;[39m,
  userAgent: [32m&apos;Mozilla/5.0 (win32) AppleWebKit/537.36 (KHTML, like Gecko) jsdom/27.3.0&apos;[39m,
  ip: [32m&apos;client_ip_unavailable&apos;[39m,
  sessionId: [32m&apos;session_1770159299405_y5lcej202&apos;[39m
}
[AUDIT: LOW] data_create {
  id: [32m&apos;audit_1770159302062_mk26x0ve7&apos;[39m,
  timestamp: [32m&apos;2026-02-03T22:55:02.062Z&apos;[39m,
  action: [32m&apos;data_create&apos;[39m,
  details: {
    entityType: [32m&apos;transaction&apos;[39m,
    entityId: [32m&apos;b9531f5a-fa05-42a0-bc1d-5d1ddbbcc4de&apos;[39m,
    amount: [33m310.5694332784125[39m,
    category: [32m&apos;Test&apos;[39m,
    accountId: [32m&apos;main&apos;[39m
  },
  userId: [32m&apos;test-user-123&apos;[39m,
  severity: [32m&apos;low&apos;[39m,
  userAgent: [32m&apos;Mozilla/5.0 (win32) AppleWebKit/537.36 (KHTML, like Gecko) jsdom/27.3.0&apos;[39m,
  ip: [32m&apos;client_ip_unavailable&apos;[39m,
  sessionId: [32m&apos;session_1770159299405_y5lcej202&apos;[39m
}
[AUDIT: LOW] data_create {
  id: [32m&apos;audit_1770159302066_uhvpq24y7&apos;[39m,
  timestamp: [32m&apos;2026-02-03T22:55:02.066Z&apos;[39m,
  action: [32m&apos;data_create&apos;[39m,
  details: {
    entityType: [32m&apos;transaction&apos;[39m,
    entityId: [32m&apos;588995b8-bfb7-47e3-b05b-af8088fc0613&apos;[39m,
    amount: [33m158.52708936589133[39m,
    category: [32m&apos;Test&apos;[39m,
    accountId: [32m&apos;main&apos;[39m
  },
  userId: [32m&apos;test-user-123&apos;[39m,
  severity: [32m&apos;low&apos;[39m,
  userAgent: [32m&apos;Mozilla/5.0 (win32) AppleWebKit/537.36 (KHTML, like Gecko) jsdom/27.3.0&apos;[39m,
  ip: [32m&apos;client_ip_unavailable&apos;[39m,
  sessionId: [32m&apos;session_1770159299405_y5lcej202&apos;[39m
}
[AUDIT: LOW] data_create {
  id: [32m&apos;audit_1770159302070_6wuhejeah&apos;[39m,
  timestamp: [32m&apos;2026-02-03T22:55:02.070Z&apos;[39m,
  action: [32m&apos;data_create&apos;[39m,
  details: {
    entityType: [32m&apos;transaction&apos;[39m,
    entityId: [32m&apos;b492b576-43f8-490b-896d-80409e8e2a6c&apos;[39m,
    amount: [33m986.033869661284[39m,
    category: [32m&apos;Test&apos;[39m,
    accountId: [32m&apos;main&apos;[39m
  },
  userId: [32m&apos;test-user-123&apos;[39m,
  severity: [32m&apos;low&apos;[39m,
  userAgent: [32m&apos;Mozilla/5.0 (win32) AppleWebKit/537.36 (KHTML, like Gecko) jsdom/27.3.0&apos;[39m,
  ip: [32m&apos;client_ip_unavailable&apos;[39m,
  sessionId: [32m&apos;session_1770159299405_y5lcej202&apos;[39m
}
[AUDIT: LOW] data_create {
  id: [32m&apos;audit_1770159302074_f5bzfhpx6&apos;[39m,
  timestamp: [32m&apos;2026-02-03T22:55:02.074Z&apos;[39m,
  action: [32m&apos;data_create&apos;[39m,
  details: {
    entityType: [32m&apos;transaction&apos;[39m,
    entityId: [32m&apos;b49ec9b8-a6c6-45cf-98d4-754308ee240e&apos;[39m,
    amount: [33m758.4534989798923[39m,
    category: [32m&apos;Test&apos;[39m,
    accountId: [32m&apos;main&apos;[39m
  },
  userId: [32m&apos;test-user-123&apos;[39m,
  severity: [32m&apos;low&apos;[39m,
  userAgent: [32m&apos;Mozilla/5.0 (win32) AppleWebKit/537.36 (KHTML, like Gecko) jsdom/27.3.0&apos;[39m,
  ip: [32m&apos;client_ip_unavailable&apos;[39m,
  sessionId: [32m&apos;session_1770159299405_y5lcej202&apos;[39m
}
[AUDIT: LOW] data_create {
  id: [32m&apos;audit_1770159302078_c2ivyvta6&apos;[39m,
  timestamp: [32m&apos;2026-02-03T22:55:02.078Z&apos;[39m,
  action: [32m&apos;data_create&apos;[39m,
  details: {
    entityType: [32m&apos;transaction&apos;[39m,
    entityId: [32m&apos;0164715e-189d-4213-8f7e-9b2abd44f30b&apos;[39m,
    amount: [33m770.5312944147237[39m,
    category: [32m&apos;Test&apos;[39m,
    accountId: [32m&apos;main&apos;[39m
  },
  userId: [32m&apos;test-user-123&apos;[39m,
  severity: [32m&apos;low&apos;[39m,
  userAgent: [32m&apos;Mozilla/5.0 (win32) AppleWebKit/537.36 (KHTML, like Gecko) jsdom/27.3.0&apos;[39m,
  ip: [32m&apos;client_ip_unavailable&apos;[39m,
  sessionId: [32m&apos;session_1770159299405_y5lcej202&apos;[39m
}
[AUDIT: LOW] data_create {
  id: [32m&apos;audit_1770159302081_dgmuoiegp&apos;[39m,
  timestamp: [32m&apos;2026-02-03T22:55:02.081Z&apos;[39m,
  action: [32m&apos;data_create&apos;[39m,
  details: {
    entityType: [32m&apos;transaction&apos;[39m,
    entityId: [32m&apos;75f1aed7-cd93-489d-bf87-9f35b78aba10&apos;[39m,
    amount: [33m621.5310806712852[39m,
    category: [32m&apos;Test&apos;[39m,
    accountId: [32m&apos;main&apos;[39m
  },
  userId: [32m&apos;test-user-123&apos;[39m,
  severity: [32m&apos;low&apos;[39m,
  userAgent: [32m&apos;Mozilla/5.0 (win32) AppleWebKit/537.36 (KHTML, like Gecko) jsdom/27.3.0&apos;[39m,
  ip: [32m&apos;client_ip_unavailable&apos;[39m,
  sessionId: [32m&apos;session_1770159299405_y5lcej202&apos;[39m
}
[AUDIT: LOW] data_create {
  id: [32m&apos;audit_1770159302085_6iqlcou3u&apos;[39m,
  timestamp: [32m&apos;2026-02-03T22:55:02.085Z&apos;[39m,
  action: [32m&apos;data_create&apos;[39m,
  details: {
    entityType: [32m&apos;transaction&apos;[39m,
    entityId: [32m&apos;9054f0ab-5996-4102-b49c-cd1864a69f72&apos;[39m,
    amount: [33m570.559118083369[39m,
    category: [32m&apos;Test&apos;[39m,
    accountId: [32m&apos;main&apos;[39m
  },
  userId: [32m&apos;test-user-123&apos;[39m,
  severity: [32m&apos;low&apos;[39m,
  userAgent: [32m&apos;Mozilla/5.0 (win32) AppleWebKit/537.36 (KHTML, like Gecko) jsdom/27.3.0&apos;[39m,
  ip: [32m&apos;client_ip_unavailable&apos;[39m,
  sessionId: [32m&apos;session_1770159299405_y5lcej202&apos;[39m
}
[AUDIT: LOW] data_create {
  id: [32m&apos;audit_1770159302090_b6npfca9a&apos;[39m,
  timestamp: [32m&apos;2026-02-03T22:55:02.090Z&apos;[39m,
  action: [32m&apos;data_create&apos;[39m,
  details: {
    entityType: [32m&apos;transaction&apos;[39m,
    entityId: [32m&apos;efc7b38b-ec01-4618-99ae-45e2fbde15c8&apos;[39m,
    amount: [33m356.57541000546667[39m,
    category: [32m&apos;Test&apos;[39m,
    accountId: [32m&apos;main&apos;[39m
  },
  userId: [32m&apos;test-user-123&apos;[39m,
  severity: [32m&apos;low&apos;[39m,
  userAgent: [32m&apos;Mozilla/5.0 (win32) AppleWebKit/537.36 (KHTML, like Gecko) jsdom/27.3.0&apos;[39m,
  ip: [32m&apos;client_ip_unavailable&apos;[39m,
  sessionId: [32m&apos;session_1770159299405_y5lcej202&apos;[39m
}
[AUDIT: LOW] data_create {
  id: [32m&apos;audit_1770159302095_t6hdgfkf0&apos;[39m,
  timestamp: [32m&apos;2026-02-03T22:55:02.095Z&apos;[39m,
  action: [32m&apos;data_create&apos;[39m,
  details: {
    entityType: [32m&apos;transaction&apos;[39m,
    entityId: [32m&apos;1ef7f298-f5f1-4ffd-980a-226fb0aeca2e&apos;[39m,
    amount: [33m800.6533410795495[39m,
    category: [32m&apos;Test&apos;[39m,
    accountId: [32m&apos;main&apos;[39m
  },
  userId: [32m&apos;test-user-123&apos;[39m,
  severity: [32m&apos;low&apos;[39m,
  userAgent: [32m&apos;Mozilla/5.0 (win32) AppleWebKit/537.36 (KHTML, like Gecko) jsdom/27.3.0&apos;[39m,
  ip: [32m&apos;client_ip_unavailable&apos;[39m,
  sessionId: [32m&apos;session_1770159299405_y5lcej202&apos;[39m
}
[AUDIT: LOW] data_create {
  id: [32m&apos;audit_1770159302099_2yry705xk&apos;[39m,
  timestamp: [32m&apos;2026-02-03T22:55:02.099Z&apos;[39m,
  action: [32m&apos;data_create&apos;[39m,
  details: {
    entityType: [32m&apos;transaction&apos;[39m,
    entityId: [32m&apos;a0c90aea-32e6-4378-b228-033f87754578&apos;[39m,
    amount: [33m168.31824028068488[39m,
    category: [32m&apos;Test&apos;[39m,
    accountId: [32m&apos;main&apos;[39m
  },
  userId: [32m&apos;test-user-123&apos;[39m,
  severity: [32m&apos;low&apos;[39m,
  userAgent: [32m&apos;Mozilla/5.0 (win32) AppleWebKit/537.36 (KHTML, like Gecko) jsdom/27.3.0&apos;[39m,
  ip: [32m&apos;client_ip_unavailable&apos;[39m,
  sessionId: [32m&apos;session_1770159299405_y5lcej202&apos;[39m
}
[AUDIT: LOW] data_create {
  id: [32m&apos;audit_1770159302103_reliygqq1&apos;[39m,
  timestamp: [32m&apos;2026-02-03T22:55:02.103Z&apos;[39m,
  action: [32m&apos;data_create&apos;[39m,
  details: {
    entityType: [32m&apos;transaction&apos;[39m,
    entityId: [32m&apos;6685f0ca-495d-4743-a901-7be312f08143&apos;[39m,
    amount: [33m7.813799138824962[39m,
    category: [32m&apos;Test&apos;[39m,
    accountId: [32m&apos;main&apos;[39m
  },
  userId: [32m&apos;test-user-123&apos;[39m,
  severity: [32m&apos;low&apos;[39m,
  userAgent: [32m&apos;Mozilla/5.0 (win32) AppleWebKit/537.36 (KHTML, like Gecko) jsdom/27.3.0&apos;[39m,
  ip: [32m&apos;client_ip_unavailable&apos;[39m,
  sessionId: [32m&apos;session_1770159299405_y5lcej202&apos;[39m
}
[AUDIT: LOW] data_create {
  id: [32m&apos;audit_1770159302106_82gnypr01&apos;[39m,
  timestamp: [32m&apos;2026-02-03T22:55:02.106Z&apos;[39m,
  action: [32m&apos;data_create&apos;[39m,
  details: {
    entityType: [32m&apos;transaction&apos;[39m,
    entityId: [32m&apos;283b3619-e7c0-4209-ac8a-32ca89d46585&apos;[39m,
    amount: [33m990.6807935543012[39m,
    category: [32m&apos;Test&apos;[39m,
    accountId: [32m&apos;main&apos;[39m
  },
  userId: [32m&apos;test-user-123&apos;[39m,
  severity: [32m&apos;low&apos;[39m,
  userAgent: [32m&apos;Mozilla/5.0 (win32) AppleWebKit/537.36 (KHTML, like Gecko) jsdom/27.3.0&apos;[39m,
  ip: [32m&apos;client_ip_unavailable&apos;[39m,
  sessionId: [32m&apos;session_1770159299405_y5lcej202&apos;[39m
}
[AUDIT: LOW] data_create {
  id: [32m&apos;audit_1770159302111_5276p1cfo&apos;[39m,
  timestamp: [32m&apos;2026-02-03T22:55:02.111Z&apos;[39m,
  action: [32m&apos;data_create&apos;[39m,
  details: {
    entityType: [32m&apos;transaction&apos;[39m,
    entityId: [32m&apos;8ca04ab5-e0f1-4ace-861c-17f99543343b&apos;[39m,
    amount: [33m131.34191837653597[39m,
    category: [32m&apos;Test&apos;[39m,
    accountId: [32m&apos;main&apos;[39m
  },
  userId: [32m&apos;test-user-123&apos;[39m,
  severity: [32m&apos;low&apos;[39m,
  userAgent: [32m&apos;Mozilla/5.0 (win32) AppleWebKit/537.36 (KHTML, like Gecko) jsdom/27.3.0&apos;[39m,
  ip: [32m&apos;client_ip_unavailable&apos;[39m,
  sessionId: [32m&apos;session_1770159299405_y5lcej202&apos;[39m
}
[AUDIT: LOW] data_create {
  id: [32m&apos;audit_1770159302117_j79pyo8tn&apos;[39m,
  timestamp: [32m&apos;2026-02-03T22:55:02.117Z&apos;[39m,
  action: [32m&apos;data_create&apos;[39m,
  details: {
    entityType: [32m&apos;transaction&apos;[39m,
    entityId: [32m&apos;f480a132-87d4-4dab-acee-5d85d33b5db6&apos;[39m,
    amount: [33m452.24138338499563[39m,
    category: [32m&apos;Test&apos;[39m,
    accountId: [32m&apos;main&apos;[39m
  },
  userId: [32m&apos;test-user-123&apos;[39m,
  severity: [32m&apos;low&apos;[39m,
  userAgent: [32m&apos;Mozilla/5.0 (win32) AppleWebKit/537.36 (KHTML, like Gecko) jsdom/27.3.0&apos;[39m,
  ip: [32m&apos;client_ip_unavailable&apos;[39m,
  sessionId: [32m&apos;session_1770159299405_y5lcej202&apos;[39m
}
[AUDIT: LOW] data_create {
  id: [32m&apos;audit_1770159302120_3zmdvnga0&apos;[39m,
  timestamp: [32m&apos;2026-02-03T22:55:02.120Z&apos;[39m,
  action: [32m&apos;data_create&apos;[39m,
  details: {
    entityType: [32m&apos;transaction&apos;[39m,
    entityId: [32m&apos;ebe37174-13fd-452a-b5a2-ac53a9f8111f&apos;[39m,
    amount: [33m53.18860698825334[39m,
    category: [32m&apos;Test&apos;[39m,
    accountId: [32m&apos;main&apos;[39m
  },
  userId: [32m&apos;test-user-123&apos;[39m,
  severity: [32m&apos;low&apos;[39m,
  userAgent: [32m&apos;Mozilla/5.0 (win32) AppleWebKit/537.36 (KHTML, like Gecko) jsdom/27.3.0&apos;[39m,
  ip: [32m&apos;client_ip_unavailable&apos;[39m,
  sessionId: [32m&apos;session_1770159299405_y5lcej202&apos;[39m
}
[AUDIT: LOW] data_create {
  id: [32m&apos;audit_1770159302125_9qyj65axg&apos;[39m,
  timestamp: [32m&apos;2026-02-03T22:55:02.125Z&apos;[39m,
  action: [32m&apos;data_create&apos;[39m,
  details: {
    entityType: [32m&apos;transaction&apos;[39m,
    entityId: [32m&apos;9a287afe-b8fe-496a-81af-0cc916713642&apos;[39m,
    amount: [33m590.7271995129769[39m,
    category: [32m&apos;Test&apos;[39m,
    accountId: [32m&apos;main&apos;[39m
  },
  userId: [32m&apos;test-user-123&apos;[39m,
  severity: [32m&apos;low&apos;[39m,
  userAgent: [32m&apos;Mozilla/5.0 (win32) AppleWebKit/537.36 (KHTML, like Gecko) jsdom/27.3.0&apos;[39m,
  ip: [32m&apos;client_ip_unavailable&apos;[39m,
  sessionId: [32m&apos;session_1770159299405_y5lcej202&apos;[39m
}
[AUDIT: LOW] data_create {
  id: [32m&apos;audit_1770159302132_i0tskuvhz&apos;[39m,
  timestamp: [32m&apos;2026-02-03T22:55:02.132Z&apos;[39m,
  action: [32m&apos;data_create&apos;[39m,
  details: {
    entityType: [32m&apos;transaction&apos;[39m,
    entityId: [32m&apos;4dc71f34-3993-4acf-8586-a69cba9f45e0&apos;[39m,
    amount: [33m642.5701672471176[39m,
    category: [32m&apos;Test&apos;[39m,
    accountId: [32m&apos;main&apos;[39m
  },
  userId: [32m&apos;test-user-123&apos;[39m,
  severity: [32m&apos;low&apos;[39m,
  userAgent: [32m&apos;Mozilla/5.0 (win32) AppleWebKit/537.36 (KHTML, like Gecko) jsdom/27.3.0&apos;[39m,
  ip: [32m&apos;client_ip_unavailable&apos;[39m,
  sessionId: [32m&apos;session_1770159299405_y5lcej202&apos;[39m
}
[AUDIT: LOW] data_create {
  id: [32m&apos;audit_1770159302136_no66q8wyq&apos;[39m,
  timestamp: [32m&apos;2026-02-03T22:55:02.136Z&apos;[39m,
  action: [32m&apos;data_create&apos;[39m,
  details: {
    entityType: [32m&apos;transaction&apos;[39m,
    entityId: [32m&apos;323856c9-d7a6-49d6-b384-7c7f6f91fd2c&apos;[39m,
    amount: [33m619.1405864546588[39m,
    category: [32m&apos;Test&apos;[39m,
    accountId: [32m&apos;main&apos;[39m
  },
  userId: [32m&apos;test-user-123&apos;[39m,
  severity: [32m&apos;low&apos;[39m,
  userAgent: [32m&apos;Mozilla/5.0 (win32) AppleWebKit/537.36 (KHTML, like Gecko) jsdom/27.3.0&apos;[39m,
  ip: [32m&apos;client_ip_unavailable&apos;[39m,
  sessionId: [32m&apos;session_1770159299405_y5lcej202&apos;[39m
}
[AUDIT: LOW] data_create {
  id: [32m&apos;audit_1770159302141_fu67b16rw&apos;[39m,
  timestamp: [32m&apos;2026-02-03T22:55:02.141Z&apos;[39m,
  action: [32m&apos;data_create&apos;[39m,
  details: {
    entityType: [32m&apos;transaction&apos;[39m,
    entityId: [32m&apos;899daa5b-36aa-4001-b926-11e994c53193&apos;[39m,
    amount: [33m255.48225427304027[39m,
    category: [32m&apos;Test&apos;[39m,
    accountId: [32m&apos;main&apos;[39m
  },
  userId: [32m&apos;test-user-123&apos;[39m,
  severity: [32m&apos;low&apos;[39m,
  userAgent: [32m&apos;Mozilla/5.0 (win32) AppleWebKit/537.36 (KHTML, like Gecko) jsdom/27.3.0&apos;[39m,
  ip: [32m&apos;client_ip_unavailable&apos;[39m,
  sessionId: [32m&apos;session_1770159299405_y5lcej202&apos;[39m
}
[AUDIT: LOW] data_create {
  id: [32m&apos;audit_1770159302145_13e98fc4y&apos;[39m,
  timestamp: [32m&apos;2026-02-03T22:55:02.145Z&apos;[39m,
  action: [32m&apos;data_create&apos;[39m,
  details: {
    entityType: [32m&apos;transaction&apos;[39m,
    entityId: [32m&apos;64525b44-d996-47c7-acf7-5bd93251c4bd&apos;[39m,
    amount: [33m616.7157008199858[39m,
    category: [32m&apos;Test&apos;[39m,
    accountId: [32m&apos;main&apos;[39m
  },
  userId: [32m&apos;test-user-123&apos;[39m,
  severity: [32m&apos;low&apos;[39m,
  userAgent: [32m&apos;Mozilla/5.0 (win32) AppleWebKit/537.36 (KHTML, like Gecko) jsdom/27.3.0&apos;[39m,
  ip: [32m&apos;client_ip_unavailable&apos;[39m,
  sessionId: [32m&apos;session_1770159299405_y5lcej202&apos;[39m
}
[AUDIT: LOW] data_create {
  id: [32m&apos;audit_1770159302149_2hz3gq5dy&apos;[39m,
  timestamp: [32m&apos;2026-02-03T22:55:02.149Z&apos;[39m,
  action: [32m&apos;data_create&apos;[39m,
  details: {
    entityType: [32m&apos;transaction&apos;[39m,
    entityId: [32m&apos;d08f895f-4baa-4760-8863-23df65b54b37&apos;[39m,
    amount: [33m332.16149059941114[39m,
    category: [32m&apos;Test&apos;[39m,
    accountId: [32m&apos;main&apos;[39m
  },
  userId: [32m&apos;test-user-123&apos;[39m,
  severity: [32m&apos;low&apos;[39m,
  userAgent: [32m&apos;Mozilla/5.0 (win32) AppleWebKit/537.36 (KHTML, like Gecko) jsdom/27.3.0&apos;[39m,
  ip: [32m&apos;client_ip_unavailable&apos;[39m,
  sessionId: [32m&apos;session_1770159299405_y5lcej202&apos;[39m
}
[AUDIT: LOW] data_create {
  id: [32m&apos;audit_1770159302156_kmxhv6pn2&apos;[39m,
  timestamp: [32m&apos;2026-02-03T22:55:02.156Z&apos;[39m,
  action: [32m&apos;data_create&apos;[39m,
  details: {
    entityType: [32m&apos;transaction&apos;[39m,
    entityId: [32m&apos;82a9fd77-ee37-4d7b-b45f-39658e6bc83b&apos;[39m,
    amount: [33m566.09169766781[39m,
    category: [32m&apos;Test&apos;[39m,
    accountId: [32m&apos;main&apos;[39m
  },
  userId: [32m&apos;test-user-123&apos;[39m,
  severity: [32m&apos;low&apos;[39m,
  userAgent: [32m&apos;Mozilla/5.0 (win32) AppleWebKit/537.36 (KHTML, like Gecko) jsdom/27.3.0&apos;[39m,
  ip: [32m&apos;client_ip_unavailable&apos;[39m,
  sessionId: [32m&apos;session_1770159299405_y5lcej202&apos;[39m
}
[AUDIT: LOW] data_create {
  id: [32m&apos;audit_1770159302162_q6kjts3t4&apos;[39m,
  timestamp: [32m&apos;2026-02-03T22:55:02.162Z&apos;[39m,
  action: [32m&apos;data_create&apos;[39m,
  details: {
    entityType: [32m&apos;transaction&apos;[39m,
    entityId: [32m&apos;d285ad99-ca6d-4987-8f04-044e62979ced&apos;[39m,
    amount: [33m659.6389325524233[39m,
    category: [32m&apos;Test&apos;[39m,
    accountId: [32m&apos;main&apos;[39m
  },
  userId: [32m&apos;test-user-123&apos;[39m,
  severity: [32m&apos;low&apos;[39m,
  userAgent: [32m&apos;Mozilla/5.0 (win32) AppleWebKit/537.36 (KHTML, like Gecko) jsdom/27.3.0&apos;[39m,
  ip: [32m&apos;client_ip_unavailable&apos;[39m,
  sessionId: [32m&apos;session_1770159299405_y5lcej202&apos;[39m
}
[AUDIT: LOW] data_create {
  id: [32m&apos;audit_1770159302168_z87cxnisa&apos;[39m,
  timestamp: [32m&apos;2026-02-03T22:55:02.168Z&apos;[39m,
  action: [32m&apos;data_create&apos;[39m,
  details: {
    entityType: [32m&apos;transaction&apos;[39m,
    entityId: [32m&apos;fa18baeb-d993-4d2c-8bba-c8b4276c2569&apos;[39m,
    amount: [33m696.723525603597[39m,
    category: [32m&apos;Test&apos;[39m,
    accountId: [32m&apos;main&apos;[39m
  },
  userId: [32m&apos;test-user-123&apos;[39m,
  severity: [32m&apos;low&apos;[39m,
  userAgent: [32m&apos;Mozilla/5.0 (win32) AppleWebKit/537.36 (KHTML, like Gecko) jsdom/27.3.0&apos;[39m,
  ip: [32m&apos;client_ip_unavailable&apos;[39m,
  sessionId: [32m&apos;session_1770159299405_y5lcej202&apos;[39m
}
[AUDIT: LOW] data_create {
  id: [32m&apos;audit_1770159302176_6kfvp5jmr&apos;[39m,
  timestamp: [32m&apos;2026-02-03T22:55:02.176Z&apos;[39m,
  action: [32m&apos;data_create&apos;[39m,
  details: {
    entityType: [32m&apos;transaction&apos;[39m,
    entityId: [32m&apos;c215b9ff-9bda-4636-aa5d-de0616b35863&apos;[39m,
    amount: [33m789.4862669521174[39m,
    category: [32m&apos;Test&apos;[39m,
    accountId: [32m&apos;main&apos;[39m
  },
  userId: [32m&apos;test-user-123&apos;[39m,
  severity: [32m&apos;low&apos;[39m,
  userAgent: [32m&apos;Mozilla/5.0 (win32) AppleWebKit/537.36 (KHTML, like Gecko) jsdom/27.3.0&apos;[39m,
  ip: [32m&apos;client_ip_unavailable&apos;[39m,
  sessionId: [32m&apos;session_1770159299405_y5lcej202&apos;[39m
}
[AUDIT: LOW] data_create {
  id: [32m&apos;audit_1770159302181_tk8rftmcg&apos;[39m,
  timestamp: [32m&apos;2026-02-03T22:55:02.181Z&apos;[39m,
  action: [32m&apos;data_create&apos;[39m,
  details: {
    entityType: [32m&apos;transaction&apos;[39m,
    entityId: [32m&apos;cc82d30a-2a9a-4345-b207-77fb6dce9af6&apos;[39m,
    amount: [33m761.5875875069933[39m,
    category: [32m&apos;Test&apos;[39m,
    accountId: [32m&apos;main&apos;[39m
  },
  userId: [32m&apos;test-user-123&apos;[39m,
  severity: [32m&apos;low&apos;[39m,
  userAgent: [32m&apos;Mozilla/5.0 (win32) AppleWebKit/537.36 (KHTML, like Gecko) jsdom/27.3.0&apos;[39m,
  ip: [32m&apos;client_ip_unavailable&apos;[39m,
  sessionId: [32m&apos;session_1770159299405_y5lcej202&apos;[39m
}
[AUDIT: LOW] data_create {
  id: [32m&apos;audit_1770159302185_29x54p82k&apos;[39m,
  timestamp: [32m&apos;2026-02-03T22:55:02.185Z&apos;[39m,
  action: [32m&apos;data_create&apos;[39m,
  details: {
    entityType: [32m&apos;transaction&apos;[39m,
    entityId: [32m&apos;7d925d22-9cb8-4d2a-8001-d1b07eb66569&apos;[39m,
    amount: [33m33.62464926435793[39m,
    category: [32m&apos;Test&apos;[39m,
    accountId: [32m&apos;main&apos;[39m
  },
  userId: [32m&apos;test-user-123&apos;[39m,
  severity: [32m&apos;low&apos;[39m,
  userAgent: [32m&apos;Mozilla/5.0 (win32) AppleWebKit/537.36 (KHTML, like Gecko) jsdom/27.3.0&apos;[39m,
  ip: [32m&apos;client_ip_unavailable&apos;[39m,
  sessionId: [32m&apos;session_1770159299405_y5lcej202&apos;[39m
}
[AUDIT: LOW] data_create {
  id: [32m&apos;audit_1770159302190_6x3y4cbdh&apos;[39m,
  timestamp: [32m&apos;2026-02-03T22:55:02.190Z&apos;[39m,
  action: [32m&apos;data_create&apos;[39m,
  details: {
    entityType: [32m&apos;transaction&apos;[39m,
    entityId: [32m&apos;68a6e1c2-1798-45f6-a0a7-c610cef56ae5&apos;[39m,
    amount: [33m454.4243506270876[39m,
    category: [32m&apos;Test&apos;[39m,
    accountId: [32m&apos;main&apos;[39m
  },
  userId: [32m&apos;test-user-123&apos;[39m,
  severity: [32m&apos;low&apos;[39m,
  userAgent: [32m&apos;Mozilla/5.0 (win32) AppleWebKit/537.36 (KHTML, like Gecko) jsdom/27.3.0&apos;[39m,
  ip: [32m&apos;client_ip_unavailable&apos;[39m,
  sessionId: [32m&apos;session_1770159299405_y5lcej202&apos;[39m
}
[AUDIT: LOW] data_create {
  id: [32m&apos;audit_1770159302195_obdio73w8&apos;[39m,
  timestamp: [32m&apos;2026-02-03T22:55:02.195Z&apos;[39m,
  action: [32m&apos;data_create&apos;[39m,
  details: {
    entityType: [32m&apos;transaction&apos;[39m,
    entityId: [32m&apos;648bf93b-ce0f-4417-8081-c3269282f576&apos;[39m,
    amount: [33m519.880291933809[39m,
    category: [32m&apos;Test&apos;[39m,
    accountId: [32m&apos;main&apos;[39m
  },
  userId: [32m&apos;test-user-123&apos;[39m,
  severity: [32m&apos;low&apos;[39m,
  userAgent: [32m&apos;Mozilla/5.0 (win32) AppleWebKit/537.36 (KHTML, like Gecko) jsdom/27.3.0&apos;[39m,
  ip: [32m&apos;client_ip_unavailable&apos;[39m,
  sessionId: [32m&apos;session_1770159299405_y5lcej202&apos;[39m
}
[AUDIT: LOW] data_create {
  id: [32m&apos;audit_1770159302199_q5wln32go&apos;[39m,
  timestamp: [32m&apos;2026-02-03T22:55:02.199Z&apos;[39m,
  action: [32m&apos;data_create&apos;[39m,
  details: {
    entityType: [32m&apos;transaction&apos;[39m,
    entityId: [32m&apos;2b03c4c5-199d-435e-bc53-a9b4c60ab865&apos;[39m,
    amount: [33m21.041626171579896[39m,
    category: [32m&apos;Test&apos;[39m,
    accountId: [32m&apos;main&apos;[39m
  },
  userId: [32m&apos;test-user-123&apos;[39m,
  severity: [32m&apos;low&apos;[39m,
  userAgent: [32m&apos;Mozilla/5.0 (win32) AppleWebKit/537.36 (KHTML, like Gecko) jsdom/27.3.0&apos;[39m,
  ip: [32m&apos;client_ip_unavailable&apos;[39m,
  sessionId: [32m&apos;session_1770159299405_y5lcej202&apos;[39m
}
[AUDIT: LOW] data_create {
  id: [32m&apos;audit_1770159302207_unqkxbt73&apos;[39m,
  timestamp: [32m&apos;2026-02-03T22:55:02.207Z&apos;[39m,
  action: [32m&apos;data_create&apos;[39m,
  details: {
    entityType: [32m&apos;transaction&apos;[39m,
    entityId: [32m&apos;bdec0bcc-bf31-40b7-ab05-088f77f31dfd&apos;[39m,
    amount: [33m705.5500992183446[39m,
    category: [32m&apos;Test&apos;[39m,
    accountId: [32m&apos;main&apos;[39m
  },
  userId: [32m&apos;test-user-123&apos;[39m,
  severity: [32m&apos;low&apos;[39m,
  userAgent: [32m&apos;Mozilla/5.0 (win32) AppleWebKit/537.36 (KHTML, like Gecko) jsdom/27.3.0&apos;[39m,
  ip: [32m&apos;client_ip_unavailable&apos;[39m,
  sessionId: [32m&apos;session_1770159299405_y5lcej202&apos;[39m
}
[AUDIT: LOW] data_create {
  id: [32m&apos;audit_1770159302211_hwycde9hx&apos;[39m,
  timestamp: [32m&apos;2026-02-03T22:55:02.211Z&apos;[39m,
  action: [32m&apos;data_create&apos;[39m,
  details: {
    entityType: [32m&apos;transaction&apos;[39m,
    entityId: [32m&apos;1c466f26-6a7f-46af-b998-68c2e588c3a9&apos;[39m,
    amount: [33m483.6572158032536[39m,
    category: [32m&apos;Test&apos;[39m,
    accountId: [32m&apos;main&apos;[39m
  },
  userId: [32m&apos;test-user-123&apos;[39m,
  severity: [32m&apos;low&apos;[39m,
  userAgent: [32m&apos;Mozilla/5.0 (win32) AppleWebKit/537.36 (KHTML, like Gecko) jsdom/27.3.0&apos;[39m,
  ip: [32m&apos;client_ip_unavailable&apos;[39m,
  sessionId: [32m&apos;session_1770159299405_y5lcej202&apos;[39m
}
[AUDIT: LOW] data_create {
  id: [32m&apos;audit_1770159302216_m9nlg5mpe&apos;[39m,
  timestamp: [32m&apos;2026-02-03T22:55:02.216Z&apos;[39m,
  action: [32m&apos;data_create&apos;[39m,
  details: {
    entityType: [32m&apos;transaction&apos;[39m,
    entityId: [32m&apos;bdaa9a2b-e4a1-4bd9-a076-aa05f7e511e9&apos;[39m,
    amount: [33m481.05629738891173[39m,
    category: [32m&apos;Test&apos;[39m,
    accountId: [32m&apos;main&apos;[39m
  },
  userId: [32m&apos;test-user-123&apos;[39m,
  severity: [32m&apos;low&apos;[39m,
  userAgent: [32m&apos;Mozilla/5.0 (win32) AppleWebKit/537.36 (KHTML, like Gecko) jsdom/27.3.0&apos;[39m,
  ip: [32m&apos;client_ip_unavailable&apos;[39m,
  sessionId: [32m&apos;session_1770159299405_y5lcej202&apos;[39m
}
[AUDIT: LOW] data_create {
  id: [32m&apos;audit_1770159302222_bpho1lnde&apos;[39m,
  timestamp: [32m&apos;2026-02-03T22:55:02.222Z&apos;[39m,
  action: [32m&apos;data_create&apos;[39m,
  details: {
    entityType: [32m&apos;transaction&apos;[39m,
    entityId: [32m&apos;c16be06a-1abf-4dd0-9b44-ee70d98b52cb&apos;[39m,
    amount: [33m502.04509517143657[39m,
    category: [32m&apos;Test&apos;[39m,
    accountId: [32m&apos;main&apos;[39m
  },
  userId: [32m&apos;test-user-123&apos;[39m,
  severity: [32m&apos;low&apos;[39m,
  userAgent: [32m&apos;Mozilla/5.0 (win32) AppleWebKit/537.36 (KHTML, like Gecko) jsdom/27.3.0&apos;[39m,
  ip: [32m&apos;client_ip_unavailable&apos;[39m,
  sessionId: [32m&apos;session_1770159299405_y5lcej202&apos;[39m
}
[AUDIT: LOW] data_create {
  id: [32m&apos;audit_1770159302226_gx1gskrvj&apos;[39m,
  timestamp: [32m&apos;2026-02-03T22:55:02.226Z&apos;[39m,
  action: [32m&apos;data_create&apos;[39m,
  details: {
    entityType: [32m&apos;transaction&apos;[39m,
    entityId: [32m&apos;3523bb67-4b05-4ecb-b967-6ccc0f39d0e6&apos;[39m,
    amount: [33m65.2515790800997[39m,
    category: [32m&apos;Test&apos;[39m,
    accountId: [32m&apos;main&apos;[39m
  },
  userId: [32m&apos;test-user-123&apos;[39m,
  severity: [32m&apos;low&apos;[39m,
  userAgent: [32m&apos;Mozilla/5.0 (win32) AppleWebKit/537.36 (KHTML, like Gecko) jsdom/27.3.0&apos;[39m,
  ip: [32m&apos;client_ip_unavailable&apos;[39m,
  sessionId: [32m&apos;session_1770159299405_y5lcej202&apos;[39m
}
[AUDIT: LOW] data_create {
  id: [32m&apos;audit_1770159302230_0tet10387&apos;[39m,
  timestamp: [32m&apos;2026-02-03T22:55:02.230Z&apos;[39m,
  action: [32m&apos;data_create&apos;[39m,
  details: {
    entityType: [32m&apos;transaction&apos;[39m,
    entityId: [32m&apos;da43d0a3-b7dd-4179-98a6-664bcddb8c01&apos;[39m,
    amount: [33m367.47739376894606[39m,
    category: [32m&apos;Test&apos;[39m,
    accountId: [32m&apos;main&apos;[39m
  },
  userId: [32m&apos;test-user-123&apos;[39m,
  severity: [32m&apos;low&apos;[39m,
  userAgent: [32m&apos;Mozilla/5.0 (win32) AppleWebKit/537.36 (KHTML, like Gecko) jsdom/27.3.0&apos;[39m,
  ip: [32m&apos;client_ip_unavailable&apos;[39m,
  sessionId: [32m&apos;session_1770159299405_y5lcej202&apos;[39m
}
[AUDIT: LOW] data_create {
  id: [32m&apos;audit_1770159302235_pehwwjxun&apos;[39m,
  timestamp: [32m&apos;2026-02-03T22:55:02.235Z&apos;[39m,
  action: [32m&apos;data_create&apos;[39m,
  details: {
    entityType: [32m&apos;transaction&apos;[39m,
    entityId: [32m&apos;741464ca-b6aa-4c4e-bc00-139412b36830&apos;[39m,
    amount: [33m413.88108177232573[39m,
    category: [32m&apos;Test&apos;[39m,
    accountId: [32m&apos;main&apos;[39m
  },
  userId: [32m&apos;test-user-123&apos;[39m,
  severity: [32m&apos;low&apos;[39m,
  userAgent: [32m&apos;Mozilla/5.0 (win32) AppleWebKit/537.36 (KHTML, like Gecko) jsdom/27.3.0&apos;[39m,
  ip: [32m&apos;client_ip_unavailable&apos;[39m,
  sessionId: [32m&apos;session_1770159299405_y5lcej202&apos;[39m
}
[AUDIT: LOW] data_create {
  id: [32m&apos;audit_1770159302239_q97086b57&apos;[39m,
  timestamp: [32m&apos;2026-02-03T22:55:02.239Z&apos;[39m,
  action: [32m&apos;data_create&apos;[39m,
  details: {
    entityType: [32m&apos;transaction&apos;[39m,
    entityId: [32m&apos;5116d420-80a7-44bc-8bfa-ae2e6aab5f42&apos;[39m,
    amount: [33m599.9108173222779[39m,
    category: [32m&apos;Test&apos;[39m,
    accountId: [32m&apos;main&apos;[39m
  },
  userId: [32m&apos;test-user-123&apos;[39m,
  severity: [32m&apos;low&apos;[39m,
  userAgent: [32m&apos;Mozilla/5.0 (win32) AppleWebKit/537.36 (KHTML, like Gecko) jsdom/27.3.0&apos;[39m,
  ip: [32m&apos;client_ip_unavailable&apos;[39m,
  sessionId: [32m&apos;session_1770159299405_y5lcej202&apos;[39m
}
[AUDIT: LOW] data_create {
  id: [32m&apos;audit_1770159302243_jp225fc4a&apos;[39m,
  timestamp: [32m&apos;2026-02-03T22:55:02.243Z&apos;[39m,
  action: [32m&apos;data_create&apos;[39m,
  details: {
    entityType: [32m&apos;transaction&apos;[39m,
    entityId: [32m&apos;62fa32b4-76e3-465c-a1d7-9614e55184fe&apos;[39m,
    amount: [33m542.7543495722484[39m,
    category: [32m&apos;Test&apos;[39m,
    accountId: [32m&apos;main&apos;[39m
  },
  userId: [32m&apos;test-user-123&apos;[39m,
  severity: [32m&apos;low&apos;[39m,
  userAgent: [32m&apos;Mozilla/5.0 (win32) AppleWebKit/537.36 (KHTML, like Gecko) jsdom/27.3.0&apos;[39m,
  ip: [32m&apos;client_ip_unavailable&apos;[39m,
  sessionId: [32m&apos;session_1770159299405_y5lcej202&apos;[39m
}
[AUDIT: LOW] data_create {
  id: [32m&apos;audit_1770159302248_9egvn21d2&apos;[39m,
  timestamp: [32m&apos;2026-02-03T22:55:02.248Z&apos;[39m,
  action: [32m&apos;data_create&apos;[39m,
  details: {
    entityType: [32m&apos;transaction&apos;[39m,
    entityId: [32m&apos;40b6eec7-c32f-44a7-8ff2-6211a201fd44&apos;[39m,
    amount: [33m152.73501932755318[39m,
    category: [32m&apos;Test&apos;[39m,
    accountId: [32m&apos;main&apos;[39m
  },
  userId: [32m&apos;test-user-123&apos;[39m,
  severity: [32m&apos;low&apos;[39m,
  userAgent: [32m&apos;Mozilla/5.0 (win32) AppleWebKit/537.36 (KHTML, like Gecko) jsdom/27.3.0&apos;[39m,
  ip: [32m&apos;client_ip_unavailable&apos;[39m,
  sessionId: [32m&apos;session_1770159299405_y5lcej202&apos;[39m
}
[AUDIT: LOW] data_create {
  id: [32m&apos;audit_1770159302253_c9pdz12v8&apos;[39m,
  timestamp: [32m&apos;2026-02-03T22:55:02.253Z&apos;[39m,
  action: [32m&apos;data_create&apos;[39m,
  details: {
    entityType: [32m&apos;transaction&apos;[39m,
    entityId: [32m&apos;b9135024-199c-4fe5-b209-03d7b52546b7&apos;[39m,
    amount: [33m34.948664299727426[39m,
    category: [32m&apos;Test&apos;[39m,
    accountId: [32m&apos;main&apos;[39m
  },
  userId: [32m&apos;test-user-123&apos;[39m,
  severity: [32m&apos;low&apos;[39m,
  userAgent: [32m&apos;Mozilla/5.0 (win32) AppleWebKit/537.36 (KHTML, like Gecko) jsdom/27.3.0&apos;[39m,
  ip: [32m&apos;client_ip_unavailable&apos;[39m,
  sessionId: [32m&apos;session_1770159299405_y5lcej202&apos;[39m
}
[AUDIT: LOW] data_create {
  id: [32m&apos;audit_1770159302257_snaxuy9qo&apos;[39m,
  timestamp: [32m&apos;2026-02-03T22:55:02.257Z&apos;[39m,
  action: [32m&apos;data_create&apos;[39m,
  details: {
    entityType: [32m&apos;transaction&apos;[39m,
    entityId: [32m&apos;89a132f7-4f94-41a7-b9cd-8b991c051ac3&apos;[39m,
    amount: [33m59.0641652033993[39m,
    category: [32m&apos;Test&apos;[39m,
    accountId: [32m&apos;main&apos;[39m
  },
  userId: [32m&apos;test-user-123&apos;[39m,
  severity: [32m&apos;low&apos;[39m,
  userAgent: [32m&apos;Mozilla/5.0 (win32) AppleWebKit/537.36 (KHTML, like Gecko) jsdom/27.3.0&apos;[39m,
  ip: [32m&apos;client_ip_unavailable&apos;[39m,
  sessionId: [32m&apos;session_1770159299405_y5lcej202&apos;[39m
}
[AUDIT: LOW] data_create {
  id: [32m&apos;audit_1770159302263_blfoxta0i&apos;[39m,
  timestamp: [32m&apos;2026-02-03T22:55:02.263Z&apos;[39m,
  action: [32m&apos;data_create&apos;[39m,
  details: {
    entityType: [32m&apos;transaction&apos;[39m,
    entityId: [32m&apos;7c48f922-7070-4782-9c44-a3b7a8d60689&apos;[39m,
    amount: [33m170.7945076441507[39m,
    category: [32m&apos;Test&apos;[39m,
    accountId: [32m&apos;main&apos;[39m
  },
  userId: [32m&apos;test-user-123&apos;[39m,
  severity: [32m&apos;low&apos;[39m,
  userAgent: [32m&apos;Mozilla/5.0 (win32) AppleWebKit/537.36 (KHTML, like Gecko) jsdom/27.3.0&apos;[39m,
  ip: [32m&apos;client_ip_unavailable&apos;[39m,
  sessionId: [32m&apos;session_1770159299405_y5lcej202&apos;[39m
}
[AUDIT: LOW] data_create {
  id: [32m&apos;audit_1770159302267_55vbu8f73&apos;[39m,
  timestamp: [32m&apos;2026-02-03T22:55:02.267Z&apos;[39m,
  action: [32m&apos;data_create&apos;[39m,
  details: {
    entityType: [32m&apos;transaction&apos;[39m,
    entityId: [32m&apos;2a890000-7ec5-4b78-9446-33cbb653bc79&apos;[39m,
    amount: [33m72.26946491521014[39m,
    category: [32m&apos;Test&apos;[39m,
    accountId: [32m&apos;main&apos;[39m
  },
  userId: [32m&apos;test-user-123&apos;[39m,
  severity: [32m&apos;low&apos;[39m,
  userAgent: [32m&apos;Mozilla/5.0 (win32) AppleWebKit/537.36 (KHTML, like Gecko) jsdom/27.3.0&apos;[39m,
  ip: [32m&apos;client_ip_unavailable&apos;[39m,
  sessionId: [32m&apos;session_1770159299405_y5lcej202&apos;[39m
}
[AUDIT: LOW] data_create {
  id: [32m&apos;audit_1770159302271_8d4nfh11w&apos;[39m,
  timestamp: [32m&apos;2026-02-03T22:55:02.271Z&apos;[39m,
  action: [32m&apos;data_create&apos;[39m,
  details: {
    entityType: [32m&apos;transaction&apos;[39m,
    entityId: [32m&apos;b88a51b3-d4b5-4df0-b127-5d5023095c28&apos;[39m,
    amount: [33m698.1427127031432[39m,
    category: [32m&apos;Test&apos;[39m,
    accountId: [32m&apos;main&apos;[39m
  },
  userId: [32m&apos;test-user-123&apos;[39m,
  severity: [32m&apos;low&apos;[39m,
  userAgent: [32m&apos;Mozilla/5.0 (win32) AppleWebKit/537.36 (KHTML, like Gecko) jsdom/27.3.0&apos;[39m,
  ip: [32m&apos;client_ip_unavailable&apos;[39m,
  sessionId: [32m&apos;session_1770159299405_y5lcej202&apos;[39m
}
[AUDIT: LOW] data_create {
  id: [32m&apos;audit_1770159302277_vny6p1t1r&apos;[39m,
  timestamp: [32m&apos;2026-02-03T22:55:02.277Z&apos;[39m,
  action: [32m&apos;data_create&apos;[39m,
  details: {
    entityType: [32m&apos;transaction&apos;[39m,
    entityId: [32m&apos;dd267bac-8712-4120-bc78-6fe8c8c6e904&apos;[39m,
    amount: [33m83.99530766811924[39m,
    category: [32m&apos;Test&apos;[39m,
    accountId: [32m&apos;main&apos;[39m
  },
  userId: [32m&apos;test-user-123&apos;[39m,
  severity: [32m&apos;low&apos;[39m,
  userAgent: [32m&apos;Mozilla/5.0 (win32) AppleWebKit/537.36 (KHTML, like Gecko) jsdom/27.3.0&apos;[39m,
  ip: [32m&apos;client_ip_unavailable&apos;[39m,
  sessionId: [32m&apos;session_1770159299405_y5lcej202&apos;[39m
}
[AUDIT: LOW] data_create {
  id: [32m&apos;audit_1770159302283_jtnjmwblo&apos;[39m,
  timestamp: [32m&apos;2026-02-03T22:55:02.283Z&apos;[39m,
  action: [32m&apos;data_create&apos;[39m,
  details: {
    entityType: [32m&apos;transaction&apos;[39m,
    entityId: [32m&apos;ef322b96-72ce-416e-ac2b-b01d0fbab025&apos;[39m,
    amount: [33m332.0805962332827[39m,
    category: [32m&apos;Test&apos;[39m,
    accountId: [32m&apos;main&apos;[39m
  },
  userId: [32m&apos;test-user-123&apos;[39m,
  severity: [32m&apos;low&apos;[39m,
  userAgent: [32m&apos;Mozilla/5.0 (win32) AppleWebKit/537.36 (KHTML, like Gecko) jsdom/27.3.0&apos;[39m,
  ip: [32m&apos;client_ip_unavailable&apos;[39m,
  sessionId: [32m&apos;session_1770159299405_y5lcej202&apos;[39m
}
[AUDIT: LOW] data_create {
  id: [32m&apos;audit_1770159302287_80183dynm&apos;[39m,
  timestamp: [32m&apos;2026-02-03T22:55:02.287Z&apos;[39m,
  action: [32m&apos;data_create&apos;[39m,
  details: {
    entityType: [32m&apos;transaction&apos;[39m,
    entityId: [32m&apos;2d2c0549-2c76-4d69-ab33-4a04d8cac3ed&apos;[39m,
    amount: [33m944.3591466445704[39m,
    category: [32m&apos;Test&apos;[39m,
    accountId: [32m&apos;main&apos;[39m
  },
  userId: [32m&apos;test-user-123&apos;[39m,
  severity: [32m&apos;low&apos;[39m,
  userAgent: [32m&apos;Mozilla/5.0 (win32) AppleWebKit/537.36 (KHTML, like Gecko) jsdom/27.3.0&apos;[39m,
  ip: [32m&apos;client_ip_unavailable&apos;[39m,
  sessionId: [32m&apos;session_1770159299405_y5lcej202&apos;[39m
}
[AUDIT: LOW] data_create {
  id: [32m&apos;audit_1770159302291_5dglp9n8g&apos;[39m,
  timestamp: [32m&apos;2026-02-03T22:55:02.291Z&apos;[39m,
  action: [32m&apos;data_create&apos;[39m,
  details: {
    entityType: [32m&apos;transaction&apos;[39m,
    entityId: [32m&apos;ac59f20f-71f6-4d81-9532-be4db911efe7&apos;[39m,
    amount: [33m240.92717163065848[39m,
    category: [32m&apos;Test&apos;[39m,
    accountId: [32m&apos;main&apos;[39m
  },
  userId: [32m&apos;test-user-123&apos;[39m,
  severity: [32m&apos;low&apos;[39m,
  userAgent: [32m&apos;Mozilla/5.0 (win32) AppleWebKit/537.36 (KHTML, like Gecko) jsdom/27.3.0&apos;[39m,
  ip: [32m&apos;client_ip_unavailable&apos;[39m,
  sessionId: [32m&apos;session_1770159299405_y5lcej202&apos;[39m
}
[AUDIT: LOW] data_create {
  id: [32m&apos;audit_1770159302295_huretfsz1&apos;[39m,
  timestamp: [32m&apos;2026-02-03T22:55:02.295Z&apos;[39m,
  action: [32m&apos;data_create&apos;[39m,
  details: {
    entityType: [32m&apos;transaction&apos;[39m,
    entityId: [32m&apos;ac2f98e9-d37f-460c-9414-e51919495157&apos;[39m,
    amount: [33m553.2732316347968[39m,
    category: [32m&apos;Test&apos;[39m,
    accountId: [32m&apos;main&apos;[39m
  },
  userId: [32m&apos;test-user-123&apos;[39m,
  severity: [32m&apos;low&apos;[39m,
  userAgent: [32m&apos;Mozilla/5.0 (win32) AppleWebKit/537.36 (KHTML, like Gecko) jsdom/27.3.0&apos;[39m,
  ip: [32m&apos;client_ip_unavailable&apos;[39m,
  sessionId: [32m&apos;session_1770159299405_y5lcej202&apos;[39m
}
[AUDIT: LOW] data_create {
  id: [32m&apos;audit_1770159302299_ynl05xdei&apos;[39m,
  timestamp: [32m&apos;2026-02-03T22:55:02.299Z&apos;[39m,
  action: [32m&apos;data_create&apos;[39m,
  details: {
    entityType: [32m&apos;transaction&apos;[39m,
    entityId: [32m&apos;716435a9-2a8c-4cb5-91b8-f488d46f8d6e&apos;[39m,
    amount: [33m315.16645878002925[39m,
    category: [32m&apos;Test&apos;[39m,
    accountId: [32m&apos;main&apos;[39m
  },
  userId: [32m&apos;test-user-123&apos;[39m,
  severity: [32m&apos;low&apos;[39m,
  userAgent: [32m&apos;Mozilla/5.0 (win32) AppleWebKit/537.36 (KHTML, like Gecko) jsdom/27.3.0&apos;[39m,
  ip: [32m&apos;client_ip_unavailable&apos;[39m,
  sessionId: [32m&apos;session_1770159299405_y5lcej202&apos;[39m
}
[AUDIT: LOW] data_create {
  id: [32m&apos;audit_1770159302303_99tmbczlb&apos;[39m,
  timestamp: [32m&apos;2026-02-03T22:55:02.303Z&apos;[39m,
  action: [32m&apos;data_create&apos;[39m,
  details: {
    entityType: [32m&apos;transaction&apos;[39m,
    entityId: [32m&apos;9eb24749-c0cf-4690-8c40-f0fbcb325109&apos;[39m,
    amount: [33m566.21018703782[39m,
    category: [32m&apos;Test&apos;[39m,
    accountId: [32m&apos;main&apos;[39m
  },
  userId: [32m&apos;test-user-123&apos;[39m,
  severity: [32m&apos;low&apos;[39m,
  userAgent: [32m&apos;Mozilla/5.0 (win32) AppleWebKit/537.36 (KHTML, like Gecko) jsdom/27.3.0&apos;[39m,
  ip: [32m&apos;client_ip_unavailable&apos;[39m,
  sessionId: [32m&apos;session_1770159299405_y5lcej202&apos;[39m
}
[AUDIT: LOW] data_create {
  id: [32m&apos;audit_1770159302306_2bzrpfe9w&apos;[39m,
  timestamp: [32m&apos;2026-02-03T22:55:02.306Z&apos;[39m,
  action: [32m&apos;data_create&apos;[39m,
  details: {
    entityType: [32m&apos;transaction&apos;[39m,
    entityId: [32m&apos;6a028e81-b112-4685-8c38-97341c572796&apos;[39m,
    amount: [33m505.96228328373496[39m,
    category: [32m&apos;Test&apos;[39m,
    accountId: [32m&apos;main&apos;[39m
  },
  userId: [32m&apos;test-user-123&apos;[39m,
  severity: [32m&apos;low&apos;[39m,
  userAgent: [32m&apos;Mozilla/5.0 (win32) AppleWebKit/537.36 (KHTML, like Gecko) jsdom/27.3.0&apos;[39m,
  ip: [32m&apos;client_ip_unavailable&apos;[39m,
  sessionId: [32m&apos;session_1770159299405_y5lcej202&apos;[39m
}
[AUDIT: LOW] data_create {
  id: [32m&apos;audit_1770159302311_0hniguu88&apos;[39m,
  timestamp: [32m&apos;2026-02-03T22:55:02.311Z&apos;[39m,
  action: [32m&apos;data_create&apos;[39m,
  details: {
    entityType: [32m&apos;transaction&apos;[39m,
    entityId: [32m&apos;b05d187f-84ee-4fdd-80a9-7752e2fd4372&apos;[39m,
    amount: [33m658.1272748564397[39m,
    category: [32m&apos;Test&apos;[39m,
    accountId: [32m&apos;main&apos;[39m
  },
  userId: [32m&apos;test-user-123&apos;[39m,
  severity: [32m&apos;low&apos;[39m,
  userAgent: [32m&apos;Mozilla/5.0 (win32) AppleWebKit/537.36 (KHTML, like Gecko) jsdom/27.3.0&apos;[39m,
  ip: [32m&apos;client_ip_unavailable&apos;[39m,
  sessionId: [32m&apos;session_1770159299405_y5lcej202&apos;[39m
}
[AUDIT: LOW] data_create {
  id: [32m&apos;audit_1770159302315_d6u1qnij1&apos;[39m,
  timestamp: [32m&apos;2026-02-03T22:55:02.315Z&apos;[39m,
  action: [32m&apos;data_create&apos;[39m,
  details: {
    entityType: [32m&apos;transaction&apos;[39m,
    entityId: [32m&apos;bc7b1eff-22bd-4413-b625-39d4c56ff9c4&apos;[39m,
    amount: [33m443.50175208269303[39m,
    category: [32m&apos;Test&apos;[39m,
    accountId: [32m&apos;main&apos;[39m
  },
  userId: [32m&apos;test-user-123&apos;[39m,
  severity: [32m&apos;low&apos;[39m,
  userAgent: [32m&apos;Mozilla/5.0 (win32) AppleWebKit/537.36 (KHTML, like Gecko) jsdom/27.3.0&apos;[39m,
  ip: [32m&apos;client_ip_unavailable&apos;[39m,
  sessionId: [32m&apos;session_1770159299405_y5lcej202&apos;[39m
}
[AUDIT: LOW] data_create {
  id: [32m&apos;audit_1770159302321_326cwnsqx&apos;[39m,
  timestamp: [32m&apos;2026-02-03T22:55:02.321Z&apos;[39m,
  action: [32m&apos;data_create&apos;[39m,
  details: {
    entityType: [32m&apos;transaction&apos;[39m,
    entityId: [32m&apos;cc89a0f2-5984-4f54-bd46-20583c0c3f23&apos;[39m,
    amount: [33m760.283602088386[39m,
    category: [32m&apos;Test&apos;[39m,
    accountId: [32m&apos;main&apos;[39m
  },
  userId: [32m&apos;test-user-123&apos;[39m,
  severity: [32m&apos;low&apos;[39m,
  userAgent: [32m&apos;Mozilla/5.0 (win32) AppleWebKit/537.36 (KHTML, like Gecko) jsdom/27.3.0&apos;[39m,
  ip: [32m&apos;client_ip_unavailable&apos;[39m,
  sessionId: [32m&apos;session_1770159299405_y5lcej202&apos;[39m
}
[AUDIT: LOW] data_create {
  id: [32m&apos;audit_1770159302327_xdfqpcl3s&apos;[39m,
  timestamp: [32m&apos;2026-02-03T22:55:02.327Z&apos;[39m,
  action: [32m&apos;data_create&apos;[39m,
  details: {
    entityType: [32m&apos;transaction&apos;[39m,
    entityId: [32m&apos;706579df-c871-4a86-ba65-adf70a1bf915&apos;[39m,
    amount: [33m64.15923091892061[39m,
    category: [32m&apos;Test&apos;[39m,
    accountId: [32m&apos;main&apos;[39m
  },
  userId: [32m&apos;test-user-123&apos;[39m,
  severity: [32m&apos;low&apos;[39m,
  userAgent: [32m&apos;Mozilla/5.0 (win32) AppleWebKit/537.36 (KHTML, like Gecko) jsdom/27.3.0&apos;[39m,
  ip: [32m&apos;client_ip_unavailable&apos;[39m,
  sessionId: [32m&apos;session_1770159299405_y5lcej202&apos;[39m
}
[AUDIT: LOW] data_create {
  id: [32m&apos;audit_1770159302334_3eywq298s&apos;[39m,
  timestamp: [32m&apos;2026-02-03T22:55:02.334Z&apos;[39m,
  action: [32m&apos;data_create&apos;[39m,
  details: {
    entityType: [32m&apos;transaction&apos;[39m,
    entityId: [32m&apos;5594e88e-1e6c-4f8f-9472-669bdf736d8f&apos;[39m,
    amount: [33m881.0879230802332[39m,
    category: [32m&apos;Test&apos;[39m,
    accountId: [32m&apos;main&apos;[39m
  },
  userId: [32m&apos;test-user-123&apos;[39m,
  severity: [32m&apos;low&apos;[39m,
  userAgent: [32m&apos;Mozilla/5.0 (win32) AppleWebKit/537.36 (KHTML, like Gecko) jsdom/27.3.0&apos;[39m,
  ip: [32m&apos;client_ip_unavailable&apos;[39m,
  sessionId: [32m&apos;session_1770159299405_y5lcej202&apos;[39m
}
[AUDIT: LOW] data_create {
  id: [32m&apos;audit_1770159302339_cy1fcso43&apos;[39m,
  timestamp: [32m&apos;2026-02-03T22:55:02.339Z&apos;[39m,
  action: [32m&apos;data_create&apos;[39m,
  details: {
    entityType: [32m&apos;transaction&apos;[39m,
    entityId: [32m&apos;c23e1620-32f3-48b8-95e6-8c377469db93&apos;[39m,
    amount: [33m520.5958432779526[39m,
    category: [32m&apos;Test&apos;[39m,
    accountId: [32m&apos;main&apos;[39m
  },
  userId: [32m&apos;test-user-123&apos;[39m,
  severity: [32m&apos;low&apos;[39m,
  userAgent: [32m&apos;Mozilla/5.0 (win32) AppleWebKit/537.36 (KHTML, like Gecko) jsdom/27.3.0&apos;[39m,
  ip: [32m&apos;client_ip_unavailable&apos;[39m,
  sessionId: [32m&apos;session_1770159299405_y5lcej202&apos;[39m
}
[AUDIT: LOW] data_create {
  id: [32m&apos;audit_1770159302344_0f4kd729h&apos;[39m,
  timestamp: [32m&apos;2026-02-03T22:55:02.344Z&apos;[39m,
  action: [32m&apos;data_create&apos;[39m,
  details: {
    entityType: [32m&apos;transaction&apos;[39m,
    entityId: [32m&apos;bad9f820-cbc3-4ad3-aaed-c8ca0ea96a8c&apos;[39m,
    amount: [33m865.7853526794559[39m,
    category: [32m&apos;Test&apos;[39m,
    accountId: [32m&apos;main&apos;[39m
  },
  userId: [32m&apos;test-user-123&apos;[39m,
  severity: [32m&apos;low&apos;[39m,
  userAgent: [32m&apos;Mozilla/5.0 (win32) AppleWebKit/537.36 (KHTML, like Gecko) jsdom/27.3.0&apos;[39m,
  ip: [32m&apos;client_ip_unavailable&apos;[39m,
  sessionId: [32m&apos;session_1770159299405_y5lcej202&apos;[39m
}
[AUDIT: LOW] data_create {
  id: [32m&apos;audit_1770159302349_ifnvo2w44&apos;[39m,
  timestamp: [32m&apos;2026-02-03T22:55:02.349Z&apos;[39m,
  action: [32m&apos;data_create&apos;[39m,
  details: {
    entityType: [32m&apos;transaction&apos;[39m,
    entityId: [32m&apos;eea889dc-f255-4d57-aeeb-fdd2acf45ec5&apos;[39m,
    amount: [33m132.95488529084554[39m,
    category: [32m&apos;Test&apos;[39m,
    accountId: [32m&apos;main&apos;[39m
  },
  userId: [32m&apos;test-user-123&apos;[39m,
  severity: [32m&apos;low&apos;[39m,
  userAgent: [32m&apos;Mozilla/5.0 (win32) AppleWebKit/537.36 (KHTML, like Gecko) jsdom/27.3.0&apos;[39m,
  ip: [32m&apos;client_ip_unavailable&apos;[39m,
  sessionId: [32m&apos;session_1770159299405_y5lcej202&apos;[39m
}
[AUDIT: LOW] data_create {
  id: [32m&apos;audit_1770159302354_kzrs5da5u&apos;[39m,
  timestamp: [32m&apos;2026-02-03T22:55:02.354Z&apos;[39m,
  action: [32m&apos;data_create&apos;[39m,
  details: {
    entityType: [32m&apos;transaction&apos;[39m,
    entityId: [32m&apos;4287e84e-d57d-457b-91af-6019105a38db&apos;[39m,
    amount: [33m427.65052003905123[39m,
    category: [32m&apos;Test&apos;[39m,
    accountId: [32m&apos;main&apos;[39m
  },
  userId: [32m&apos;test-user-123&apos;[39m,
  severity: [32m&apos;low&apos;[39m,
  userAgent: [32m&apos;Mozilla/5.0 (win32) AppleWebKit/537.36 (KHTML, like Gecko) jsdom/27.3.0&apos;[39m,
  ip: [32m&apos;client_ip_unavailable&apos;[39m,
  sessionId: [32m&apos;session_1770159299405_y5lcej202&apos;[39m
}
[AUDIT: LOW] data_create {
  id: [32m&apos;audit_1770159302360_gbex47wd&apos;[39m,
  timestamp: [32m&apos;2026-02-03T22:55:02.360Z&apos;[39m,
  action: [32m&apos;data_create&apos;[39m,
  details: {
    entityType: [32m&apos;transaction&apos;[39m,
    entityId: [32m&apos;13788057-a264-4bb0-9a19-8b9cd494f21a&apos;[39m,
    amount: [33m766.5626459320355[39m,
    category: [32m&apos;Test&apos;[39m,
    accountId: [32m&apos;main&apos;[39m
  },
  userId: [32m&apos;test-user-123&apos;[39m,
  severity: [32m&apos;low&apos;[39m,
  userAgent: [32m&apos;Mozilla/5.0 (win32) AppleWebKit/537.36 (KHTML, like Gecko) jsdom/27.3.0&apos;[39m,
  ip: [32m&apos;client_ip_unavailable&apos;[39m,
  sessionId: [32m&apos;session_1770159299405_y5lcej202&apos;[39m
}
[AUDIT: LOW] data_create {
  id: [32m&apos;audit_1770159302373_1x9u8s3pw&apos;[39m,
  timestamp: [32m&apos;2026-02-03T22:55:02.373Z&apos;[39m,
  action: [32m&apos;data_create&apos;[39m,
  details: {
    entityType: [32m&apos;transaction&apos;[39m,
    entityId: [32m&apos;a0ee1168-1ed7-4eac-ba92-f6282b239d12&apos;[39m,
    amount: [33m685.7004197330999[39m,
    category: [32m&apos;Test&apos;[39m,
    accountId: [32m&apos;main&apos;[39m
  },
  userId: [32m&apos;test-user-123&apos;[39m,
  severity: [32m&apos;low&apos;[39m,
  userAgent: [32m&apos;Mozilla/5.0 (win32) AppleWebKit/537.36 (KHTML, like Gecko) jsdom/27.3.0&apos;[39m,
  ip: [32m&apos;client_ip_unavailable&apos;[39m,
  sessionId: [32m&apos;session_1770159299405_y5lcej202&apos;[39m
}
[AUDIT: LOW] data_create {
  id: [32m&apos;audit_1770159302377_v6lfnohzi&apos;[39m,
  timestamp: [32m&apos;2026-02-03T22:55:02.377Z&apos;[39m,
  action: [32m&apos;data_create&apos;[39m,
  details: {
    entityType: [32m&apos;transaction&apos;[39m,
    entityId: [32m&apos;8db7ed66-242d-4826-8da5-25441a8d2c06&apos;[39m,
    amount: [33m515.1344427878201[39m,
    category: [32m&apos;Test&apos;[39m,
    accountId: [32m&apos;main&apos;[39m
  },
  userId: [32m&apos;test-user-123&apos;[39m,
  severity: [32m&apos;low&apos;[39m,
  userAgent: [32m&apos;Mozilla/5.0 (win32) AppleWebKit/537.36 (KHTML, like Gecko) jsdom/27.3.0&apos;[39m,
  ip: [32m&apos;client_ip_unavailable&apos;[39m,
  sessionId: [32m&apos;session_1770159299405_y5lcej202&apos;[39m
}
[AUDIT: LOW] data_create {
  id: [32m&apos;audit_1770159302381_ekgsrrfv9&apos;[39m,
  timestamp: [32m&apos;2026-02-03T22:55:02.381Z&apos;[39m,
  action: [32m&apos;data_create&apos;[39m,
  details: {
    entityType: [32m&apos;transaction&apos;[39m,
    entityId: [32m&apos;368cbb0b-d4e4-4be5-bbf9-0389ff49f74d&apos;[39m,
    amount: [33m481.59651044300824[39m,
    category: [32m&apos;Test&apos;[39m,
    accountId: [32m&apos;main&apos;[39m
  },
  userId: [32m&apos;test-user-123&apos;[39m,
  severity: [32m&apos;low&apos;[39m,
  userAgent: [32m&apos;Mozilla/5.0 (win32) AppleWebKit/537.36 (KHTML, like Gecko) jsdom/27.3.0&apos;[39m,
  ip: [32m&apos;client_ip_unavailable&apos;[39m,
  sessionId: [32m&apos;session_1770159299405_y5lcej202&apos;[39m
}
[AUDIT: LOW] data_create {
  id: [32m&apos;audit_1770159302385_vxexegmki&apos;[39m,
  timestamp: [32m&apos;2026-02-03T22:55:02.385Z&apos;[39m,
  action: [32m&apos;data_create&apos;[39m,
  details: {
    entityType: [32m&apos;transaction&apos;[39m,
    entityId: [32m&apos;a50a7962-3ea1-4a5d-98fb-f05665b2a3b3&apos;[39m,
    amount: [33m645.3019816632346[39m,
    category: [32m&apos;Test&apos;[39m,
    accountId: [32m&apos;main&apos;[39m
  },
  userId: [32m&apos;test-user-123&apos;[39m,
  severity: [32m&apos;low&apos;[39m,
  userAgent: [32m&apos;Mozilla/5.0 (win32) AppleWebKit/537.36 (KHTML, like Gecko) jsdom/27.3.0&apos;[39m,
  ip: [32m&apos;client_ip_unavailable&apos;[39m,
  sessionId: [32m&apos;session_1770159299405_y5lcej202&apos;[39m
}
[AUDIT: LOW] data_create {
  id: [32m&apos;audit_1770159302394_5ezqjwpcq&apos;[39m,
  timestamp: [32m&apos;2026-02-03T22:55:02.394Z&apos;[39m,
  action: [32m&apos;data_create&apos;[39m,
  details: {
    entityType: [32m&apos;transaction&apos;[39m,
    entityId: [32m&apos;2fbc7867-4bef-4afb-9d96-18c69f40627f&apos;[39m,
    amount: [33m212.72932368157748[39m,
    category: [32m&apos;Test&apos;[39m,
    accountId: [32m&apos;main&apos;[39m
  },
  userId: [32m&apos;test-user-123&apos;[39m,
  severity: [32m&apos;low&apos;[39m,
  userAgent: [32m&apos;Mozilla/5.0 (win32) AppleWebKit/537.36 (KHTML, like Gecko) jsdom/27.3.0&apos;[39m,
  ip: [32m&apos;client_ip_unavailable&apos;[39m,
  sessionId: [32m&apos;session_1770159299405_y5lcej202&apos;[39m
}
[AUDIT: LOW] data_create {
  id: [32m&apos;audit_1770159302401_3gf88u27h&apos;[39m,
  timestamp: [32m&apos;2026-02-03T22:55:02.401Z&apos;[39m,
  action: [32m&apos;data_create&apos;[39m,
  details: {
    entityType: [32m&apos;transaction&apos;[39m,
    entityId: [32m&apos;0168537c-3cba-4943-a788-ec6aea3f02f3&apos;[39m,
    amount: [33m185.03746208668116[39m,
    category: [32m&apos;Test&apos;[39m,
    accountId: [32m&apos;main&apos;[39m
  },
  userId: [32m&apos;test-user-123&apos;[39m,
  severity: [32m&apos;low&apos;[39m,
  userAgent: [32m&apos;Mozilla/5.0 (win32) AppleWebKit/537.36 (KHTML, like Gecko) jsdom/27.3.0&apos;[39m,
  ip: [32m&apos;client_ip_unavailable&apos;[39m,
  sessionId: [32m&apos;session_1770159299405_y5lcej202&apos;[39m
}
[AUDIT: LOW] data_create {
  id: [32m&apos;audit_1770159302405_gv5dy1lgs&apos;[39m,
  timestamp: [32m&apos;2026-02-03T22:55:02.405Z&apos;[39m,
  action: [32m&apos;data_create&apos;[39m,
  details: {
    entityType: [32m&apos;transaction&apos;[39m,
    entityId: [32m&apos;20d5f523-ff65-4997-9d51-72e4eb1ab00c&apos;[39m,
    amount: [33m636.9200619643411[39m,
    category: [32m&apos;Test&apos;[39m,
    accountId: [32m&apos;main&apos;[39m
  },
  userId: [32m&apos;test-user-123&apos;[39m,
  severity: [32m&apos;low&apos;[39m,
  userAgent: [32m&apos;Mozilla/5.0 (win32) AppleWebKit/537.36 (KHTML, like Gecko) jsdom/27.3.0&apos;[39m,
  ip: [32m&apos;client_ip_unavailable&apos;[39m,
  sessionId: [32m&apos;session_1770159299405_y5lcej202&apos;[39m
}
[AUDIT: LOW] data_create {
  id: [32m&apos;audit_1770159302413_253ze1h70&apos;[39m,
  timestamp: [32m&apos;2026-02-03T22:55:02.413Z&apos;[39m,
  action: [32m&apos;data_create&apos;[39m,
  details: {
    entityType: [32m&apos;transaction&apos;[39m,
    entityId: [32m&apos;3b301ac6-ec15-427d-96e6-3c0bc8d4afc1&apos;[39m,
    amount: [33m293.807599411732[39m,
    category: [32m&apos;Test&apos;[39m,
    accountId: [32m&apos;main&apos;[39m
  },
  userId: [32m&apos;test-user-123&apos;[39m,
  severity: [32m&apos;low&apos;[39m,
  userAgent: [32m&apos;Mozilla/5.0 (win32) AppleWebKit/537.36 (KHTML, like Gecko) jsdom/27.3.0&apos;[39m,
  ip: [32m&apos;client_ip_unavailable&apos;[39m,
  sessionId: [32m&apos;session_1770159299405_y5lcej202&apos;[39m
}
[AUDIT: LOW] data_create {
  id: [32m&apos;audit_1770159302418_lga4ua1w5&apos;[39m,
  timestamp: [32m&apos;2026-02-03T22:55:02.418Z&apos;[39m,
  action: [32m&apos;data_create&apos;[39m,
  details: {
    entityType: [32m&apos;transaction&apos;[39m,
    entityId: [32m&apos;ff298096-9b8b-48f7-903b-15ea977bed0b&apos;[39m,
    amount: [33m845.5581889961406[39m,
    category: [32m&apos;Test&apos;[39m,
    accountId: [32m&apos;main&apos;[39m
  },
  userId: [32m&apos;test-user-123&apos;[39m,
  severity: [32m&apos;low&apos;[39m,
  userAgent: [32m&apos;Mozilla/5.0 (win32) AppleWebKit/537.36 (KHTML, like Gecko) jsdom/27.3.0&apos;[39m,
  ip: [32m&apos;client_ip_unavailable&apos;[39m,
  sessionId: [32m&apos;session_1770159299405_y5lcej202&apos;[39m
}
[AUDIT: LOW] data_create {
  id: [32m&apos;audit_1770159302422_yin8ac0n8&apos;[39m,
  timestamp: [32m&apos;2026-02-03T22:55:02.422Z&apos;[39m,
  action: [32m&apos;data_create&apos;[39m,
  details: {
    entityType: [32m&apos;transaction&apos;[39m,
    entityId: [32m&apos;be2f425c-17be-4fe3-a310-7559f37f705f&apos;[39m,
    amount: [33m158.65811513118223[39m,
    category: [32m&apos;Test&apos;[39m,
    accountId: [32m&apos;main&apos;[39m
  },
  userId: [32m&apos;test-user-123&apos;[39m,
  severity: [32m&apos;low&apos;[39m,
  userAgent: [32m&apos;Mozilla/5.0 (win32) AppleWebKit/537.36 (KHTML, like Gecko) jsdom/27.3.0&apos;[39m,
  ip: [32m&apos;client_ip_unavailable&apos;[39m,
  sessionId: [32m&apos;session_1770159299405_y5lcej202&apos;[39m
}
[AUDIT: LOW] data_create {
  id: [32m&apos;audit_1770159302427_ll8mpcwwe&apos;[39m,
  timestamp: [32m&apos;2026-02-03T22:55:02.427Z&apos;[39m,
  action: [32m&apos;data_create&apos;[39m,
  details: {
    entityType: [32m&apos;transaction&apos;[39m,
    entityId: [32m&apos;347bc85c-2773-4afd-8f74-3484313d2182&apos;[39m,
    amount: [33m550.3972154365156[39m,
    category: [32m&apos;Test&apos;[39m,
    accountId: [32m&apos;main&apos;[39m
  },
  userId: [32m&apos;test-user-123&apos;[39m,
  severity: [32m&apos;low&apos;[39m,
  userAgent: [32m&apos;Mozilla/5.0 (win32) AppleWebKit/537.36 (KHTML, like Gecko) jsdom/27.3.0&apos;[39m,
  ip: [32m&apos;client_ip_unavailable&apos;[39m,
  sessionId: [32m&apos;session_1770159299405_y5lcej202&apos;[39m
}
[AUDIT: LOW] data_create {
  id: [32m&apos;audit_1770159302431_j68dpm4gi&apos;[39m,
  timestamp: [32m&apos;2026-02-03T22:55:02.431Z&apos;[39m,
  action: [32m&apos;data_create&apos;[39m,
  details: {
    entityType: [32m&apos;transaction&apos;[39m,
    entityId: [32m&apos;7dfbe362-31e7-47a6-876d-0631dcc0fc7c&apos;[39m,
    amount: [33m291.3926760154645[39m,
    category: [32m&apos;Test&apos;[39m,
    accountId: [32m&apos;main&apos;[39m
  },
  userId: [32m&apos;test-user-123&apos;[39m,
  severity: [32m&apos;low&apos;[39m,
  userAgent: [32m&apos;Mozilla/5.0 (win32) AppleWebKit/537.36 (KHTML, like Gecko) jsdom/27.3.0&apos;[39m,
  ip: [32m&apos;client_ip_unavailable&apos;[39m,
  sessionId: [32m&apos;session_1770159299405_y5lcej202&apos;[39m
}
[AUDIT: LOW] data_create {
  id: [32m&apos;audit_1770159302436_nn9s9uf5z&apos;[39m,
  timestamp: [32m&apos;2026-02-03T22:55:02.436Z&apos;[39m,
  action: [32m&apos;data_create&apos;[39m,
  details: {
    entityType: [32m&apos;transaction&apos;[39m,
    entityId: [32m&apos;4bc1eb0a-2461-42b6-9a5e-916f98272ede&apos;[39m,
    amount: [33m495.1635267298931[39m,
    category: [32m&apos;Test&apos;[39m,
    accountId: [32m&apos;main&apos;[39m
  },
  userId: [32m&apos;test-user-123&apos;[39m,
  severity: [32m&apos;low&apos;[39m,
  userAgent: [32m&apos;Mozilla/5.0 (win32) AppleWebKit/537.36 (KHTML, like Gecko) jsdom/27.3.0&apos;[39m,
  ip: [32m&apos;client_ip_unavailable&apos;[39m,
  sessionId: [32m&apos;session_1770159299405_y5lcej202&apos;[39m
}
[AUDIT: LOW] data_create {
  id: [32m&apos;audit_1770159302441_k74l00031&apos;[39m,
  timestamp: [32m&apos;2026-02-03T22:55:02.441Z&apos;[39m,
  action: [32m&apos;data_create&apos;[39m,
  details: {
    entityType: [32m&apos;transaction&apos;[39m,
    entityId: [32m&apos;0dff2ae3-61c4-4462-ad74-cd1f5f06cf65&apos;[39m,
    amount: [33m676.0640858141163[39m,
    category: [32m&apos;Test&apos;[39m,
    accountId: [32m&apos;main&apos;[39m
  },
  userId: [32m&apos;test-user-123&apos;[39m,
  severity: [32m&apos;low&apos;[39m,
  userAgent: [32m&apos;Mozilla/5.0 (win32) AppleWebKit/537.36 (KHTML, like Gecko) jsdom/27.3.0&apos;[39m,
  ip: [32m&apos;client_ip_unavailable&apos;[39m,
  sessionId: [32m&apos;session_1770159299405_y5lcej202&apos;[39m
}
[AUDIT: LOW] data_create {
  id: [32m&apos;audit_1770159302445_p48yhdjy3&apos;[39m,
  timestamp: [32m&apos;2026-02-03T22:55:02.445Z&apos;[39m,
  action: [32m&apos;data_create&apos;[39m,
  details: {
    entityType: [32m&apos;transaction&apos;[39m,
    entityId: [32m&apos;e44bdc54-4aa8-4232-9406-d01a5e78cd0c&apos;[39m,
    amount: [33m880.7256457636604[39m,
    category: [32m&apos;Test&apos;[39m,
    accountId: [32m&apos;main&apos;[39m
  },
  userId: [32m&apos;test-user-123&apos;[39m,
  severity: [32m&apos;low&apos;[39m,
  userAgent: [32m&apos;Mozilla/5.0 (win32) AppleWebKit/537.36 (KHTML, like Gecko) jsdom/27.3.0&apos;[39m,
  ip: [32m&apos;client_ip_unavailable&apos;[39m,
  sessionId: [32m&apos;session_1770159299405_y5lcej202&apos;[39m
}
[AUDIT: LOW] data_create {
  id: [32m&apos;audit_1770159302449_a960ii67e&apos;[39m,
  timestamp: [32m&apos;2026-02-03T22:55:02.449Z&apos;[39m,
  action: [32m&apos;data_create&apos;[39m,
  details: {
    entityType: [32m&apos;transaction&apos;[39m,
    entityId: [32m&apos;3b700c17-d88a-4e6c-b4c6-72f371f42370&apos;[39m,
    amount: [33m661.2983817163537[39m,
    category: [32m&apos;Test&apos;[39m,
    accountId: [32m&apos;main&apos;[39m
  },
  userId: [32m&apos;test-user-123&apos;[39m,
  severity: [32m&apos;low&apos;[39m,
  userAgent: [32m&apos;Mozilla/5.0 (win32) AppleWebKit/537.36 (KHTML, like Gecko) jsdom/27.3.0&apos;[39m,
  ip: [32m&apos;client_ip_unavailable&apos;[39m,
  sessionId: [32m&apos;session_1770159299405_y5lcej202&apos;[39m
}
[AUDIT: LOW] data_create {
  id: [32m&apos;audit_1770159302452_jb2ioyumo&apos;[39m,
  timestamp: [32m&apos;2026-02-03T22:55:02.452Z&apos;[39m,
  action: [32m&apos;data_create&apos;[39m,
  details: {
    entityType: [32m&apos;transaction&apos;[39m,
    entityId: [32m&apos;9acc416a-023e-43fb-ac25-397b00f06647&apos;[39m,
    amount: [33m829.5957578186703[39m,
    category: [32m&apos;Test&apos;[39m,
    accountId: [32m&apos;main&apos;[39m
  },
  userId: [32m&apos;test-user-123&apos;[39m,
  severity: [32m&apos;low&apos;[39m,
  userAgent: [32m&apos;Mozilla/5.0 (win32) AppleWebKit/537.36 (KHTML, like Gecko) jsdom/27.3.0&apos;[39m,
  ip: [32m&apos;client_ip_unavailable&apos;[39m,
  sessionId: [32m&apos;session_1770159299405_y5lcej202&apos;[39m
}
[AUDIT: LOW] data_create {
  id: [32m&apos;audit_1770159302460_ydlvadbda&apos;[39m,
  timestamp: [32m&apos;2026-02-03T22:55:02.460Z&apos;[39m,
  action: [32m&apos;data_create&apos;[39m,
  details: {
    entityType: [32m&apos;transaction&apos;[39m,
    entityId: [32m&apos;371e5831-e167-4013-a19e-fa5807ee5d9a&apos;[39m,
    amount: [33m164.14574868384324[39m,
    category: [32m&apos;Test&apos;[39m,
    accountId: [32m&apos;main&apos;[39m
  },
  userId: [32m&apos;test-user-123&apos;[39m,
  severity: [32m&apos;low&apos;[39m,
  userAgent: [32m&apos;Mozilla/5.0 (win32) AppleWebKit/537.36 (KHTML, like Gecko) jsdom/27.3.0&apos;[39m,
  ip: [32m&apos;client_ip_unavailable&apos;[39m,
  sessionId: [32m&apos;session_1770159299405_y5lcej202&apos;[39m
}
[AUDIT: LOW] data_create {
  id: [32m&apos;audit_1770159302465_x4etp73ur&apos;[39m,
  timestamp: [32m&apos;2026-02-03T22:55:02.465Z&apos;[39m,
  action: [32m&apos;data_create&apos;[39m,
  details: {
    entityType: [32m&apos;transaction&apos;[39m,
    entityId: [32m&apos;73b196c4-c68e-464b-826e-007453651c8c&apos;[39m,
    amount: [33m86.43721429296735[39m,
    category: [32m&apos;Test&apos;[39m,
    accountId: [32m&apos;main&apos;[39m
  },
  userId: [32m&apos;test-user-123&apos;[39m,
  severity: [32m&apos;low&apos;[39m,
  userAgent: [32m&apos;Mozilla/5.0 (win32) AppleWebKit/537.36 (KHTML, like Gecko) jsdom/27.3.0&apos;[39m,
  ip: [32m&apos;client_ip_unavailable&apos;[39m,
  sessionId: [32m&apos;session_1770159299405_y5lcej202&apos;[39m
}
[AUDIT: LOW] data_create {
  id: [32m&apos;audit_1770159302469_spbn7c3d5&apos;[39m,
  timestamp: [32m&apos;2026-02-03T22:55:02.469Z&apos;[39m,
  action: [32m&apos;data_create&apos;[39m,
  details: {
    entityType: [32m&apos;transaction&apos;[39m,
    entityId: [32m&apos;143b3701-770a-4d72-a97b-0715cf8384e3&apos;[39m,
    amount: [33m509.54815667576327[39m,
    category: [32m&apos;Test&apos;[39m,
    accountId: [32m&apos;main&apos;[39m
  },
  userId: [32m&apos;test-user-123&apos;[39m,
  severity: [32m&apos;low&apos;[39m,
  userAgent: [32m&apos;Mozilla/5.0 (win32) AppleWebKit/537.36 (KHTML, like Gecko) jsdom/27.3.0&apos;[39m,
  ip: [32m&apos;client_ip_unavailable&apos;[39m,
  sessionId: [32m&apos;session_1770159299405_y5lcej202&apos;[39m
}
[AUDIT: LOW] data_create {
  id: [32m&apos;audit_1770159302475_vjhil6ylq&apos;[39m,
  timestamp: [32m&apos;2026-02-03T22:55:02.475Z&apos;[39m,
  action: [32m&apos;data_create&apos;[39m,
  details: {
    entityType: [32m&apos;transaction&apos;[39m,
    entityId: [32m&apos;9a5b2a6a-e726-4fc4-b7a7-433f57ead655&apos;[39m,
    amount: [33m29.238292564311763[39m,
    category: [32m&apos;Test&apos;[39m,
    accountId: [32m&apos;main&apos;[39m
  },
  userId: [32m&apos;test-user-123&apos;[39m,
  severity: [32m&apos;low&apos;[39m,
  userAgent: [32m&apos;Mozilla/5.0 (win32) AppleWebKit/537.36 (KHTML, like Gecko) jsdom/27.3.0&apos;[39m,
  ip: [32m&apos;client_ip_unavailable&apos;[39m,
  sessionId: [32m&apos;session_1770159299405_y5lcej202&apos;[39m
}
[AUDIT: LOW] data_create {
  id: [32m&apos;audit_1770159302480_exl6qr3hw&apos;[39m,
  timestamp: [32m&apos;2026-02-03T22:55:02.480Z&apos;[39m,
  action: [32m&apos;data_create&apos;[39m,
  details: {
    entityType: [32m&apos;transaction&apos;[39m,
    entityId: [32m&apos;c9932961-1b19-4710-b5f2-4c5e8766dc85&apos;[39m,
    amount: [33m42.15139885442731[39m,
    category: [32m&apos;Test&apos;[39m,
    accountId: [32m&apos;main&apos;[39m
  },
  userId: [32m&apos;test-user-123&apos;[39m,
  severity: [32m&apos;low&apos;[39m,
  userAgent: [32m&apos;Mozilla/5.0 (win32) AppleWebKit/537.36 (KHTML, like Gecko) jsdom/27.3.0&apos;[39m,
  ip: [32m&apos;client_ip_unavailable&apos;[39m,
  sessionId: [32m&apos;session_1770159299405_y5lcej202&apos;[39m
}
[AUDIT: LOW] data_create {
  id: [32m&apos;audit_1770159302488_jjoslpg0s&apos;[39m,
  timestamp: [32m&apos;2026-02-03T22:55:02.488Z&apos;[39m,
  action: [32m&apos;data_create&apos;[39m,
  details: {
    entityType: [32m&apos;transaction&apos;[39m,
    entityId: [32m&apos;f9da0aba-442a-44cf-9f51-a2d238417edc&apos;[39m,
    amount: [33m642.6113439746194[39m,
    category: [32m&apos;Test&apos;[39m,
    accountId: [32m&apos;main&apos;[39m
  },
  userId: [32m&apos;test-user-123&apos;[39m,
  severity: [32m&apos;low&apos;[39m,
  userAgent: [32m&apos;Mozilla/5.0 (win32) AppleWebKit/537.36 (KHTML, like Gecko) jsdom/27.3.0&apos;[39m,
  ip: [32m&apos;client_ip_unavailable&apos;[39m,
  sessionId: [32m&apos;session_1770159299405_y5lcej202&apos;[39m
}
[AUDIT: LOW] data_create {
  id: [32m&apos;audit_1770159302495_7g4owfbzc&apos;[39m,
  timestamp: [32m&apos;2026-02-03T22:55:02.495Z&apos;[39m,
  action: [32m&apos;data_create&apos;[39m,
  details: {
    entityType: [32m&apos;transaction&apos;[39m,
    entityId: [32m&apos;eaca56b7-164a-49ac-a7f6-c8bfecb11da2&apos;[39m,
    amount: [33m978.6886371498717[39m,
    category: [32m&apos;Test&apos;[39m,
    accountId: [32m&apos;main&apos;[39m
  },
  userId: [32m&apos;test-user-123&apos;[39m,
  severity: [32m&apos;low&apos;[39m,
  userAgent: [32m&apos;Mozilla/5.0 (win32) AppleWebKit/537.36 (KHTML, like Gecko) jsdom/27.3.0&apos;[39m,
  ip: [32m&apos;client_ip_unavailable&apos;[39m,
  sessionId: [32m&apos;session_1770159299405_y5lcej202&apos;[39m
}
[AUDIT: LOW] data_create {
  id: [32m&apos;audit_1770159302500_w98wp63jy&apos;[39m,
  timestamp: [32m&apos;2026-02-03T22:55:02.500Z&apos;[39m,
  action: [32m&apos;data_create&apos;[39m,
  details: {
    entityType: [32m&apos;transaction&apos;[39m,
    entityId: [32m&apos;34255dec-46f4-4b5a-8d1c-e2181a4aeafa&apos;[39m,
    amount: [33m269.731534187407[39m,
    category: [32m&apos;Test&apos;[39m,
    accountId: [32m&apos;main&apos;[39m
  },
  userId: [32m&apos;test-user-123&apos;[39m,
  severity: [32m&apos;low&apos;[39m,
  userAgent: [32m&apos;Mozilla/5.0 (win32) AppleWebKit/537.36 (KHTML, like Gecko) jsdom/27.3.0&apos;[39m,
  ip: [32m&apos;client_ip_unavailable&apos;[39m,
  sessionId: [32m&apos;session_1770159299405_y5lcej202&apos;[39m
}
[AUDIT: LOW] data_create {
  id: [32m&apos;audit_1770159302506_geqmmoh1v&apos;[39m,
  timestamp: [32m&apos;2026-02-03T22:55:02.506Z&apos;[39m,
  action: [32m&apos;data_create&apos;[39m,
  details: {
    entityType: [32m&apos;transaction&apos;[39m,
    entityId: [32m&apos;f1321254-b5b0-4fdf-a4da-30536d09fe30&apos;[39m,
    amount: [33m181.28831029526125[39m,
    category: [32m&apos;Test&apos;[39m,
    accountId: [32m&apos;main&apos;[39m
  },
  userId: [32m&apos;test-user-123&apos;[39m,
  severity: [32m&apos;low&apos;[39m,
  userAgent: [32m&apos;Mozilla/5.0 (win32) AppleWebKit/537.36 (KHTML, like Gecko) jsdom/27.3.0&apos;[39m,
  ip: [32m&apos;client_ip_unavailable&apos;[39m,
  sessionId: [32m&apos;session_1770159299405_y5lcej202&apos;[39m
}
[AUDIT: LOW] data_create {
  id: [32m&apos;audit_1770159302513_2if7o8lq2&apos;[39m,
  timestamp: [32m&apos;2026-02-03T22:55:02.513Z&apos;[39m,
  action: [32m&apos;data_create&apos;[39m,
  details: {
    entityType: [32m&apos;transaction&apos;[39m,
    entityId: [32m&apos;12438d58-9ea7-4619-8052-5566b754b60a&apos;[39m,
    amount: [33m460.28508184965176[39m,
    category: [32m&apos;Test&apos;[39m,
    accountId: [32m&apos;main&apos;[39m
  },
  userId: [32m&apos;test-user-123&apos;[39m,
  severity: [32m&apos;low&apos;[39m,
  userAgent: [32m&apos;Mozilla/5.0 (win32) AppleWebKit/537.36 (KHTML, like Gecko) jsdom/27.3.0&apos;[39m,
  ip: [32m&apos;client_ip_unavailable&apos;[39m,
  sessionId: [32m&apos;session_1770159299405_y5lcej202&apos;[39m
}
[AUDIT: LOW] data_create {
  id: [32m&apos;audit_1770159302517_yyazto1k1&apos;[39m,
  timestamp: [32m&apos;2026-02-03T22:55:02.517Z&apos;[39m,
  action: [32m&apos;data_create&apos;[39m,
  details: {
    entityType: [32m&apos;transaction&apos;[39m,
    entityId: [32m&apos;4e96af66-5fbf-4983-aac7-c2bd960ff360&apos;[39m,
    amount: [33m61.02232082561765[39m,
    category: [32m&apos;Test&apos;[39m,
    accountId: [32m&apos;main&apos;[39m
  },
  userId: [32m&apos;test-user-123&apos;[39m,
  severity: [32m&apos;low&apos;[39m,
  userAgent: [32m&apos;Mozilla/5.0 (win32) AppleWebKit/537.36 (KHTML, like Gecko) jsdom/27.3.0&apos;[39m,
  ip: [32m&apos;client_ip_unavailable&apos;[39m,
  sessionId: [32m&apos;session_1770159299405_y5lcej202&apos;[39m
}
[AUDIT: LOW] data_create {
  id: [32m&apos;audit_1770159302527_5zilzacal&apos;[39m,
  timestamp: [32m&apos;2026-02-03T22:55:02.527Z&apos;[39m,
  action: [32m&apos;data_create&apos;[39m,
  details: {
    entityType: [32m&apos;transaction&apos;[39m,
    entityId: [32m&apos;a57ed507-a1ef-4508-999f-45044defbac7&apos;[39m,
    amount: [33m131.64822569815027[39m,
    category: [32m&apos;Test&apos;[39m,
    accountId: [32m&apos;main&apos;[39m
  },
  userId: [32m&apos;test-user-123&apos;[39m,
  severity: [32m&apos;low&apos;[39m,
  userAgent: [32m&apos;Mozilla/5.0 (win32) AppleWebKit/537.36 (KHTML, like Gecko) jsdom/27.3.0&apos;[39m,
  ip: [32m&apos;client_ip_unavailable&apos;[39m,
  sessionId: [32m&apos;session_1770159299405_y5lcej202&apos;[39m
}
[AUDIT: LOW] data_create {
  id: [32m&apos;audit_1770159302533_iycwae5wf&apos;[39m,
  timestamp: [32m&apos;2026-02-03T22:55:02.533Z&apos;[39m,
  action: [32m&apos;data_create&apos;[39m,
  details: {
    entityType: [32m&apos;transaction&apos;[39m,
    entityId: [32m&apos;87e74588-f6b8-41a3-b2d4-5ad4328f1205&apos;[39m,
    amount: [33m57.265296819403844[39m,
    category: [32m&apos;Test&apos;[39m,
    accountId: [32m&apos;main&apos;[39m
  },
  userId: [32m&apos;test-user-123&apos;[39m,
  severity: [32m&apos;low&apos;[39m,
  userAgent: [32m&apos;Mozilla/5.0 (win32) AppleWebKit/537.36 (KHTML, like Gecko) jsdom/27.3.0&apos;[39m,
  ip: [32m&apos;client_ip_unavailable&apos;[39m,
  sessionId: [32m&apos;session_1770159299405_y5lcej202&apos;[39m
}
[AUDIT: LOW] data_create {
  id: [32m&apos;audit_1770159302541_nv8f65wvb&apos;[39m,
  timestamp: [32m&apos;2026-02-03T22:55:02.541Z&apos;[39m,
  action: [32m&apos;data_create&apos;[39m,
  details: {
    entityType: [32m&apos;transaction&apos;[39m,
    entityId: [32m&apos;54823db8-a141-4125-b77f-9c89f607c82e&apos;[39m,
    amount: [33m665.1602412396502[39m,
    category: [32m&apos;Test&apos;[39m,
    accountId: [32m&apos;main&apos;[39m
  },
  userId: [32m&apos;test-user-123&apos;[39m,
  severity: [32m&apos;low&apos;[39m,
  userAgent: [32m&apos;Mozilla/5.0 (win32) AppleWebKit/537.36 (KHTML, like Gecko) jsdom/27.3.0&apos;[39m,
  ip: [32m&apos;client_ip_unavailable&apos;[39m,
  sessionId: [32m&apos;session_1770159299405_y5lcej202&apos;[39m
}
[AUDIT: LOW] data_create {
  id: [32m&apos;audit_1770159302546_5g3lupbxx&apos;[39m,
  timestamp: [32m&apos;2026-02-03T22:55:02.546Z&apos;[39m,
  action: [32m&apos;data_create&apos;[39m,
  details: {
    entityType: [32m&apos;transaction&apos;[39m,
    entityId: [32m&apos;dadbf0a7-07a9-466c-8c13-e6bc712b56bd&apos;[39m,
    amount: [33m466.1208185077803[39m,
    category: [32m&apos;Test&apos;[39m,
    accountId: [32m&apos;main&apos;[39m
  },
  userId: [32m&apos;test-user-123&apos;[39m,
  severity: [32m&apos;low&apos;[39m,
  userAgent: [32m&apos;Mozilla/5.0 (win32) AppleWebKit/537.36 (KHTML, like Gecko) jsdom/27.3.0&apos;[39m,
  ip: [32m&apos;client_ip_unavailable&apos;[39m,
  sessionId: [32m&apos;session_1770159299405_y5lcej202&apos;[39m
}
[AUDIT: LOW] data_create {
  id: [32m&apos;audit_1770159302552_536mhyq6f&apos;[39m,
  timestamp: [32m&apos;2026-02-03T22:55:02.552Z&apos;[39m,
  action: [32m&apos;data_create&apos;[39m,
  details: {
    entityType: [32m&apos;transaction&apos;[39m,
    entityId: [32m&apos;4e5a8612-825e-48b8-9205-a7f6bf4284f6&apos;[39m,
    amount: [33m983.7122143958258[39m,
    category: [32m&apos;Test&apos;[39m,
    accountId: [32m&apos;main&apos;[39m
  },
  userId: [32m&apos;test-user-123&apos;[39m,
  severity: [32m&apos;low&apos;[39m,
  userAgent: [32m&apos;Mozilla/5.0 (win32) AppleWebKit/537.36 (KHTML, like Gecko) jsdom/27.3.0&apos;[39m,
  ip: [32m&apos;client_ip_unavailable&apos;[39m,
  sessionId: [32m&apos;session_1770159299405_y5lcej202&apos;[39m
}
[AUDIT: LOW] data_create {
  id: [32m&apos;audit_1770159302557_x3aeiujd7&apos;[39m,
  timestamp: [32m&apos;2026-02-03T22:55:02.557Z&apos;[39m,
  action: [32m&apos;data_create&apos;[39m,
  details: {
    entityType: [32m&apos;transaction&apos;[39m,
    entityId: [32m&apos;b2a47d6d-fc51-4f2a-8904-16faf884748b&apos;[39m,
    amount: [33m841.6068982131372[39m,
    category: [32m&apos;Test&apos;[39m,
    accountId: [32m&apos;main&apos;[39m
  },
  userId: [32m&apos;test-user-123&apos;[39m,
  severity: [32m&apos;low&apos;[39m,
  userAgent: [32m&apos;Mozilla/5.0 (win32) AppleWebKit/537.36 (KHTML, like Gecko) jsdom/27.3.0&apos;[39m,
  ip: [32m&apos;client_ip_unavailable&apos;[39m,
  sessionId: [32m&apos;session_1770159299405_y5lcej202&apos;[39m
}
[AUDIT: LOW] data_create {
  id: [32m&apos;audit_1770159302562_dou3btggh&apos;[39m,
  timestamp: [32m&apos;2026-02-03T22:55:02.562Z&apos;[39m,
  action: [32m&apos;data_create&apos;[39m,
  details: {
    entityType: [32m&apos;transaction&apos;[39m,
    entityId: [32m&apos;271d9b66-a8ec-48ee-966c-ad20835daee6&apos;[39m,
    amount: [33m515.7934020608351[39m,
    category: [32m&apos;Test&apos;[39m,
    accountId: [32m&apos;main&apos;[39m
  },
  userId: [32m&apos;test-user-123&apos;[39m,
  severity: [32m&apos;low&apos;[39m,
  userAgent: [32m&apos;Mozilla/5.0 (win32) AppleWebKit/537.36 (KHTML, like Gecko) jsdom/27.3.0&apos;[39m,
  ip: [32m&apos;client_ip_unavailable&apos;[39m,
  sessionId: [32m&apos;session_1770159299405_y5lcej202&apos;[39m
}
[AUDIT: LOW] data_create {
  id: [32m&apos;audit_1770159302565_70jywvipl&apos;[39m,
  timestamp: [32m&apos;2026-02-03T22:55:02.565Z&apos;[39m,
  action: [32m&apos;data_create&apos;[39m,
  details: {
    entityType: [32m&apos;transaction&apos;[39m,
    entityId: [32m&apos;9def44a6-f920-4b35-a337-f78921b8ecd2&apos;[39m,
    amount: [33m943.9274831049092[39m,
    category: [32m&apos;Test&apos;[39m,
    accountId: [32m&apos;main&apos;[39m
  },
  userId: [32m&apos;test-user-123&apos;[39m,
  severity: [32m&apos;low&apos;[39m,
  userAgent: [32m&apos;Mozilla/5.0 (win32) AppleWebKit/537.36 (KHTML, like Gecko) jsdom/27.3.0&apos;[39m,
  ip: [32m&apos;client_ip_unavailable&apos;[39m,
  sessionId: [32m&apos;session_1770159299405_y5lcej202&apos;[39m
}
[AUDIT: LOW] data_create {
  id: [32m&apos;audit_1770159302575_xsyes8tle&apos;[39m,
  timestamp: [32m&apos;2026-02-03T22:55:02.575Z&apos;[39m,
  action: [32m&apos;data_create&apos;[39m,
  details: {
    entityType: [32m&apos;transaction&apos;[39m,
    entityId: [32m&apos;bc00c0cb-9101-4236-ab54-c43f0bb70704&apos;[39m,
    amount: [33m212.55520161512086[39m,
    category: [32m&apos;Test&apos;[39m,
    accountId: [32m&apos;main&apos;[39m
  },
  userId: [32m&apos;test-user-123&apos;[39m,
  severity: [32m&apos;low&apos;[39m,
  userAgent: [32m&apos;Mozilla/5.0 (win32) AppleWebKit/537.36 (KHTML, like Gecko) jsdom/27.3.0&apos;[39m,
  ip: [32m&apos;client_ip_unavailable&apos;[39m,
  sessionId: [32m&apos;session_1770159299405_y5lcej202&apos;[39m
}
[AUDIT: LOW] data_create {
  id: [32m&apos;audit_1770159302581_ey4dx76cg&apos;[39m,
  timestamp: [32m&apos;2026-02-03T22:55:02.581Z&apos;[39m,
  action: [32m&apos;data_create&apos;[39m,
  details: {
    entityType: [32m&apos;transaction&apos;[39m,
    entityId: [32m&apos;37cb5b4a-81a4-4ab2-96b1-07b09297b5a6&apos;[39m,
    amount: [33m220.40259821200314[39m,
    category: [32m&apos;Test&apos;[39m,
    accountId: [32m&apos;main&apos;[39m
  },
  userId: [32m&apos;test-user-123&apos;[39m,
  severity: [32m&apos;low&apos;[39m,
  userAgent: [32m&apos;Mozilla/5.0 (win32) AppleWebKit/537.36 (KHTML, like Gecko) jsdom/27.3.0&apos;[39m,
  ip: [32m&apos;client_ip_unavailable&apos;[39m,
  sessionId: [32m&apos;session_1770159299405_y5lcej202&apos;[39m
}
[AUDIT: LOW] data_create {
  id: [32m&apos;audit_1770159302585_c98eiukoc&apos;[39m,
  timestamp: [32m&apos;2026-02-03T22:55:02.585Z&apos;[39m,
  action: [32m&apos;data_create&apos;[39m,
  details: {
    entityType: [32m&apos;transaction&apos;[39m,
    entityId: [32m&apos;7f316c91-43b8-4898-81ad-6e7be41593bf&apos;[39m,
    amount: [33m511.3911092863178[39m,
    category: [32m&apos;Test&apos;[39m,
    accountId: [32m&apos;main&apos;[39m
  },
  userId: [32m&apos;test-user-123&apos;[39m,
  severity: [32m&apos;low&apos;[39m,
  userAgent: [32m&apos;Mozilla/5.0 (win32) AppleWebKit/537.36 (KHTML, like Gecko) jsdom/27.3.0&apos;[39m,
  ip: [32m&apos;client_ip_unavailable&apos;[39m,
  sessionId: [32m&apos;session_1770159299405_y5lcej202&apos;[39m
}
[AUDIT: LOW] data_create {
  id: [32m&apos;audit_1770159302588_atvpsd60k&apos;[39m,
  timestamp: [32m&apos;2026-02-03T22:55:02.588Z&apos;[39m,
  action: [32m&apos;data_create&apos;[39m,
  details: {
    entityType: [32m&apos;transaction&apos;[39m,
    entityId: [32m&apos;a92fde1a-39cc-4d8d-9d0c-2428dbb230b2&apos;[39m,
    amount: [33m975.6354406811809[39m,
    category: [32m&apos;Test&apos;[39m,
    accountId: [32m&apos;main&apos;[39m
  },
  userId: [32m&apos;test-user-123&apos;[39m,
  severity: [32m&apos;low&apos;[39m,
  userAgent: [32m&apos;Mozilla/5.0 (win32) AppleWebKit/537.36 (KHTML, like Gecko) jsdom/27.3.0&apos;[39m,
  ip: [32m&apos;client_ip_unavailable&apos;[39m,
  sessionId: [32m&apos;session_1770159299405_y5lcej202&apos;[39m
}
[AUDIT: LOW] data_create {
  id: [32m&apos;audit_1770159302593_sn42dchy4&apos;[39m,
  timestamp: [32m&apos;2026-02-03T22:55:02.593Z&apos;[39m,
  action: [32m&apos;data_create&apos;[39m,
  details: {
    entityType: [32m&apos;transaction&apos;[39m,
    entityId: [32m&apos;a2a084e3-ef17-46c4-a8a9-feffae8733d5&apos;[39m,
    amount: [33m9.102758713274039[39m,
    category: [32m&apos;Test&apos;[39m,
    accountId: [32m&apos;main&apos;[39m
  },
  userId: [32m&apos;test-user-123&apos;[39m,
  severity: [32m&apos;low&apos;[39m,
  userAgent: [32m&apos;Mozilla/5.0 (win32) AppleWebKit/537.36 (KHTML, like Gecko) jsdom/27.3.0&apos;[39m,
  ip: [32m&apos;client_ip_unavailable&apos;[39m,
  sessionId: [32m&apos;session_1770159299405_y5lcej202&apos;[39m
}
[AUDIT: LOW] data_create {
  id: [32m&apos;audit_1770159302597_i1wbkv2hs&apos;[39m,
  timestamp: [32m&apos;2026-02-03T22:55:02.597Z&apos;[39m,
  action: [32m&apos;data_create&apos;[39m,
  details: {
    entityType: [32m&apos;transaction&apos;[39m,
    entityId: [32m&apos;9a33f014-d04b-4d03-b3d9-4f4b394e8b26&apos;[39m,
    amount: [33m785.4242560103859[39m,
    category: [32m&apos;Test&apos;[39m,
    accountId: [32m&apos;main&apos;[39m
  },
  userId: [32m&apos;test-user-123&apos;[39m,
  severity: [32m&apos;low&apos;[39m,
  userAgent: [32m&apos;Mozilla/5.0 (win32) AppleWebKit/537.36 (KHTML, like Gecko) jsdom/27.3.0&apos;[39m,
  ip: [32m&apos;client_ip_unavailable&apos;[39m,
  sessionId: [32m&apos;session_1770159299405_y5lcej202&apos;[39m
}
[AUDIT: LOW] data_create {
  id: [32m&apos;audit_1770159302601_zbek6p9lt&apos;[39m,
  timestamp: [32m&apos;2026-02-03T22:55:02.601Z&apos;[39m,
  action: [32m&apos;data_create&apos;[39m,
  details: {
    entityType: [32m&apos;transaction&apos;[39m,
    entityId: [32m&apos;44a9958f-1851-4820-9bba-41f6167cf3ce&apos;[39m,
    amount: [33m132.5855155962814[39m,
    category: [32m&apos;Test&apos;[39m,
    accountId: [32m&apos;main&apos;[39m
  },
  userId: [32m&apos;test-user-123&apos;[39m,
  severity: [32m&apos;low&apos;[39m,
  userAgent: [32m&apos;Mozilla/5.0 (win32) AppleWebKit/537.36 (KHTML, like Gecko) jsdom/27.3.0&apos;[39m,
  ip: [32m&apos;client_ip_unavailable&apos;[39m,
  sessionId: [32m&apos;session_1770159299405_y5lcej202&apos;[39m
}
[AUDIT: LOW] data_create {
  id: [32m&apos;audit_1770159302605_f9gmze74f&apos;[39m,
  timestamp: [32m&apos;2026-02-03T22:55:02.605Z&apos;[39m,
  action: [32m&apos;data_create&apos;[39m,
  details: {
    entityType: [32m&apos;transaction&apos;[39m,
    entityId: [32m&apos;1254804d-a2c0-4714-b0cb-5b094566d872&apos;[39m,
    amount: [33m472.8137934192269[39m,
    category: [32m&apos;Test&apos;[39m,
    accountId: [32m&apos;main&apos;[39m
  },
  userId: [32m&apos;test-user-123&apos;[39m,
  severity: [32m&apos;low&apos;[39m,
  userAgent: [32m&apos;Mozilla/5.0 (win32) AppleWebKit/537.36 (KHTML, like Gecko) jsdom/27.3.0&apos;[39m,
  ip: [32m&apos;client_ip_unavailable&apos;[39m,
  sessionId: [32m&apos;session_1770159299405_y5lcej202&apos;[39m
}
[AUDIT: LOW] data_create {
  id: [32m&apos;audit_1770159302610_4k6eiz0yt&apos;[39m,
  timestamp: [32m&apos;2026-02-03T22:55:02.610Z&apos;[39m,
  action: [32m&apos;data_create&apos;[39m,
  details: {
    entityType: [32m&apos;transaction&apos;[39m,
    entityId: [32m&apos;97dca11f-2b0d-4814-bf7c-3cf72c117021&apos;[39m,
    amount: [33m583.5382703692392[39m,
    category: [32m&apos;Test&apos;[39m,
    accountId: [32m&apos;main&apos;[39m
  },
  userId: [32m&apos;test-user-123&apos;[39m,
  severity: [32m&apos;low&apos;[39m,
  userAgent: [32m&apos;Mozilla/5.0 (win32) AppleWebKit/537.36 (KHTML, like Gecko) jsdom/27.3.0&apos;[39m,
  ip: [32m&apos;client_ip_unavailable&apos;[39m,
  sessionId: [32m&apos;session_1770159299405_y5lcej202&apos;[39m
}
[AUDIT: LOW] data_create {
  id: [32m&apos;audit_1770159302617_69kzteetf&apos;[39m,
  timestamp: [32m&apos;2026-02-03T22:55:02.617Z&apos;[39m,
  action: [32m&apos;data_create&apos;[39m,
  details: {
    entityType: [32m&apos;transaction&apos;[39m,
    entityId: [32m&apos;b3f73e2d-4fb7-4afe-b3b8-8a3f8efa351f&apos;[39m,
    amount: [33m290.6055031598519[39m,
    category: [32m&apos;Test&apos;[39m,
    accountId: [32m&apos;main&apos;[39m
  },
  userId: [32m&apos;test-user-123&apos;[39m,
  severity: [32m&apos;low&apos;[39m,
  userAgent: [32m&apos;Mozilla/5.0 (win32) AppleWebKit/537.36 (KHTML, like Gecko) jsdom/27.3.0&apos;[39m,
  ip: [32m&apos;client_ip_unavailable&apos;[39m,
  sessionId: [32m&apos;session_1770159299405_y5lcej202&apos;[39m
}
[AUDIT: LOW] data_create {
  id: [32m&apos;audit_1770159302622_84316tliz&apos;[39m,
  timestamp: [32m&apos;2026-02-03T22:55:02.622Z&apos;[39m,
  action: [32m&apos;data_create&apos;[39m,
  details: {
    entityType: [32m&apos;transaction&apos;[39m,
    entityId: [32m&apos;7b0c671b-087b-49b4-92f6-32138877ead0&apos;[39m,
    amount: [33m188.1883065992198[39m,
    category: [32m&apos;Test&apos;[39m,
    accountId: [32m&apos;main&apos;[39m
  },
  userId: [32m&apos;test-user-123&apos;[39m,
  severity: [32m&apos;low&apos;[39m,
  userAgent: [32m&apos;Mozilla/5.0 (win32) AppleWebKit/537.36 (KHTML, like Gecko) jsdom/27.3.0&apos;[39m,
  ip: [32m&apos;client_ip_unavailable&apos;[39m,
  sessionId: [32m&apos;session_1770159299405_y5lcej202&apos;[39m
}
[AUDIT: LOW] data_create {
  id: [32m&apos;audit_1770159302629_3r82vg47d&apos;[39m,
  timestamp: [32m&apos;2026-02-03T22:55:02.629Z&apos;[39m,
  action: [32m&apos;data_create&apos;[39m,
  details: {
    entityType: [32m&apos;transaction&apos;[39m,
    entityId: [32m&apos;5d742bdf-89bf-452a-b2d4-250a175a64f7&apos;[39m,
    amount: [33m934.8662593899672[39m,
    category: [32m&apos;Test&apos;[39m,
    accountId: [32m&apos;main&apos;[39m
  },
  userId: [32m&apos;test-user-123&apos;[39m,
  severity: [32m&apos;low&apos;[39m,
  userAgent: [32m&apos;Mozilla/5.0 (win32) AppleWebKit/537.36 (KHTML, like Gecko) jsdom/27.3.0&apos;[39m,
  ip: [32m&apos;client_ip_unavailable&apos;[39m,
  sessionId: [32m&apos;session_1770159299405_y5lcej202&apos;[39m
}
[AUDIT: LOW] data_create {
  id: [32m&apos;audit_1770159302637_gbv4rlnfv&apos;[39m,
  timestamp: [32m&apos;2026-02-03T22:55:02.637Z&apos;[39m,
  action: [32m&apos;data_create&apos;[39m,
  details: {
    entityType: [32m&apos;transaction&apos;[39m,
    entityId: [32m&apos;a1f00d26-8b4f-4829-95af-c1e7d5e9310d&apos;[39m,
    amount: [33m149.82354321685776[39m,
    category: [32m&apos;Test&apos;[39m,
    accountId: [32m&apos;main&apos;[39m
  },
  userId: [32m&apos;test-user-123&apos;[39m,
  severity: [32m&apos;low&apos;[39m,
  userAgent: [32m&apos;Mozilla/5.0 (win32) AppleWebKit/537.36 (KHTML, like Gecko) jsdom/27.3.0&apos;[39m,
  ip: [32m&apos;client_ip_unavailable&apos;[39m,
  sessionId: [32m&apos;session_1770159299405_y5lcej202&apos;[39m
}
[AUDIT: LOW] data_create {
  id: [32m&apos;audit_1770159302643_bsmvy78ue&apos;[39m,
  timestamp: [32m&apos;2026-02-03T22:55:02.643Z&apos;[39m,
  action: [32m&apos;data_create&apos;[39m,
  details: {
    entityType: [32m&apos;transaction&apos;[39m,
    entityId: [32m&apos;01062e52-2c77-4d43-abff-8fe824ace12a&apos;[39m,
    amount: [33m84.31266090400358[39m,
    category: [32m&apos;Test&apos;[39m,
    accountId: [32m&apos;main&apos;[39m
  },
  userId: [32m&apos;test-user-123&apos;[39m,
  severity: [32m&apos;low&apos;[39m,
  userAgent: [32m&apos;Mozilla/5.0 (win32) AppleWebKit/537.36 (KHTML, like Gecko) jsdom/27.3.0&apos;[39m,
  ip: [32m&apos;client_ip_unavailable&apos;[39m,
  sessionId: [32m&apos;session_1770159299405_y5lcej202&apos;[39m
}
[AUDIT: LOW] data_create {
  id: [32m&apos;audit_1770159302649_5bvsvsfiu&apos;[39m,
  timestamp: [32m&apos;2026-02-03T22:55:02.649Z&apos;[39m,
  action: [32m&apos;data_create&apos;[39m,
  details: {
    entityType: [32m&apos;transaction&apos;[39m,
    entityId: [32m&apos;ecf0af5c-5dbd-4920-911c-feb766b0c081&apos;[39m,
    amount: [33m365.5056275284313[39m,
    category: [32m&apos;Test&apos;[39m,
    accountId: [32m&apos;main&apos;[39m
  },
  userId: [32m&apos;test-user-123&apos;[39m,
  severity: [32m&apos;low&apos;[39m,
  userAgent: [32m&apos;Mozilla/5.0 (win32) AppleWebKit/537.36 (KHTML, like Gecko) jsdom/27.3.0&apos;[39m,
  ip: [32m&apos;client_ip_unavailable&apos;[39m,
  sessionId: [32m&apos;session_1770159299405_y5lcej202&apos;[39m
}
[AUDIT: LOW] data_create {
  id: [32m&apos;audit_1770159302653_byfe71j2o&apos;[39m,
  timestamp: [32m&apos;2026-02-03T22:55:02.653Z&apos;[39m,
  action: [32m&apos;data_create&apos;[39m,
  details: {
    entityType: [32m&apos;transaction&apos;[39m,
    entityId: [32m&apos;0d350b00-0371-4833-8952-30ccf52f7923&apos;[39m,
    amount: [33m793.264092454098[39m,
    category: [32m&apos;Test&apos;[39m,
    accountId: [32m&apos;main&apos;[39m
  },
  userId: [32m&apos;test-user-123&apos;[39m,
  severity: [32m&apos;low&apos;[39m,
  userAgent: [32m&apos;Mozilla/5.0 (win32) AppleWebKit/537.36 (KHTML, like Gecko) jsdom/27.3.0&apos;[39m,
  ip: [32m&apos;client_ip_unavailable&apos;[39m,
  sessionId: [32m&apos;session_1770159299405_y5lcej202&apos;[39m
}
[AUDIT: LOW] data_create {
  id: [32m&apos;audit_1770159302665_i5rr0vh84&apos;[39m,
  timestamp: [32m&apos;2026-02-03T22:55:02.665Z&apos;[39m,
  action: [32m&apos;data_create&apos;[39m,
  details: {
    entityType: [32m&apos;transaction&apos;[39m,
    entityId: [32m&apos;56e012dd-193a-423e-bdbb-7f2febe3d3a6&apos;[39m,
    amount: [33m828.523905294689[39m,
    category: [32m&apos;Test&apos;[39m,
    accountId: [32m&apos;main&apos;[39m
  },
  userId: [32m&apos;test-user-123&apos;[39m,
  severity: [32m&apos;low&apos;[39m,
  userAgent: [32m&apos;Mozilla/5.0 (win32) AppleWebKit/537.36 (KHTML, like Gecko) jsdom/27.3.0&apos;[39m,
  ip: [32m&apos;client_ip_unavailable&apos;[39m,
  sessionId: [32m&apos;session_1770159299405_y5lcej202&apos;[39m
}
[AUDIT: LOW] data_create {
  id: [32m&apos;audit_1770159302673_nc2p90m5t&apos;[39m,
  timestamp: [32m&apos;2026-02-03T22:55:02.673Z&apos;[39m,
  action: [32m&apos;data_create&apos;[39m,
  details: {
    entityType: [32m&apos;transaction&apos;[39m,
    entityId: [32m&apos;81f0344e-a4d4-4df8-9774-6be35f704366&apos;[39m,
    amount: [33m216.1245533980063[39m,
    category: [32m&apos;Test&apos;[39m,
    accountId: [32m&apos;main&apos;[39m
  },
  userId: [32m&apos;test-user-123&apos;[39m,
  severity: [32m&apos;low&apos;[39m,
  userAgent: [32m&apos;Mozilla/5.0 (win32) AppleWebKit/537.36 (KHTML, like Gecko) jsdom/27.3.0&apos;[39m,
  ip: [32m&apos;client_ip_unavailable&apos;[39m,
  sessionId: [32m&apos;session_1770159299405_y5lcej202&apos;[39m
}
[AUDIT: LOW] data_create {
  id: [32m&apos;audit_1770159302679_jekd1qvb9&apos;[39m,
  timestamp: [32m&apos;2026-02-03T22:55:02.679Z&apos;[39m,
  action: [32m&apos;data_create&apos;[39m,
  details: {
    entityType: [32m&apos;transaction&apos;[39m,
    entityId: [32m&apos;7560d552-3233-49ea-9274-c81c5d7e24d8&apos;[39m,
    amount: [33m934.996968168572[39m,
    category: [32m&apos;Test&apos;[39m,
    accountId: [32m&apos;main&apos;[39m
  },
  userId: [32m&apos;test-user-123&apos;[39m,
  severity: [32m&apos;low&apos;[39m,
  userAgent: [32m&apos;Mozilla/5.0 (win32) AppleWebKit/537.36 (KHTML, like Gecko) jsdom/27.3.0&apos;[39m,
  ip: [32m&apos;client_ip_unavailable&apos;[39m,
  sessionId: [32m&apos;session_1770159299405_y5lcej202&apos;[39m
}
[AUDIT: LOW] data_create {
  id: [32m&apos;audit_1770159302703_2nm5eux6o&apos;[39m,
  timestamp: [32m&apos;2026-02-03T22:55:02.703Z&apos;[39m,
  action: [32m&apos;data_create&apos;[39m,
  details: {
    entityType: [32m&apos;transaction&apos;[39m,
    entityId: [32m&apos;690fbe5b-e7c9-4435-af7c-53d19ab4363f&apos;[39m,
    amount: [33m934.17515940098[39m,
    category: [32m&apos;Test&apos;[39m,
    accountId: [32m&apos;main&apos;[39m
  },
  userId: [32m&apos;test-user-123&apos;[39m,
  severity: [32m&apos;low&apos;[39m,
  userAgent: [32m&apos;Mozilla/5.0 (win32) AppleWebKit/537.36 (KHTML, like Gecko) jsdom/27.3.0&apos;[39m,
  ip: [32m&apos;client_ip_unavailable&apos;[39m,
  sessionId: [32m&apos;session_1770159299405_y5lcej202&apos;[39m
}
[AUDIT: LOW] data_create {
  id: [32m&apos;audit_1770159302713_o0qvv3l6o&apos;[39m,
  timestamp: [32m&apos;2026-02-03T22:55:02.713Z&apos;[39m,
  action: [32m&apos;data_create&apos;[39m,
  details: {
    entityType: [32m&apos;transaction&apos;[39m,
    entityId: [32m&apos;669bdd99-d2e2-4a45-8cfa-bed5bb1c391a&apos;[39m,
    amount: [33m285.1648672903826[39m,
    category: [32m&apos;Test&apos;[39m,
    accountId: [32m&apos;main&apos;[39m
  },
  userId: [32m&apos;test-user-123&apos;[39m,
  severity: [32m&apos;low&apos;[39m,
  userAgent: [32m&apos;Mozilla/5.0 (win32) AppleWebKit/537.36 (KHTML, like Gecko) jsdom/27.3.0&apos;[39m,
  ip: [32m&apos;client_ip_unavailable&apos;[39m,
  sessionId: [32m&apos;session_1770159299405_y5lcej202&apos;[39m
}
[AUDIT: LOW] data_create {
  id: [32m&apos;audit_1770159302717_g9wlsl2l0&apos;[39m,
  timestamp: [32m&apos;2026-02-03T22:55:02.717Z&apos;[39m,
  action: [32m&apos;data_create&apos;[39m,
  details: {
    entityType: [32m&apos;transaction&apos;[39m,
    entityId: [32m&apos;f1f9faf3-832e-4efc-95a0-16c652fa51ae&apos;[39m,
    amount: [33m612.7581871030652[39m,
    category: [32m&apos;Test&apos;[39m,
    accountId: [32m&apos;main&apos;[39m
  },
  userId: [32m&apos;test-user-123&apos;[39m,
  severity: [32m&apos;low&apos;[39m,
  userAgent: [32m&apos;Mozilla/5.0 (win32) AppleWebKit/537.36 (KHTML, like Gecko) jsdom/27.3.0&apos;[39m,
  ip: [32m&apos;client_ip_unavailable&apos;[39m,
  sessionId: [32m&apos;session_1770159299405_y5lcej202&apos;[39m
}
[AUDIT: LOW] data_create {
  id: [32m&apos;audit_1770159302722_cdk4dxwpx&apos;[39m,
  timestamp: [32m&apos;2026-02-03T22:55:02.722Z&apos;[39m,
  action: [32m&apos;data_create&apos;[39m,
  details: {
    entityType: [32m&apos;transaction&apos;[39m,
    entityId: [32m&apos;0da791f7-ad13-4e0f-a05b-f378643a4a4c&apos;[39m,
    amount: [33m134.39774128097605[39m,
    category: [32m&apos;Test&apos;[39m,
    accountId: [32m&apos;main&apos;[39m
  },
  userId: [32m&apos;test-user-123&apos;[39m,
  severity: [32m&apos;low&apos;[39m,
  userAgent: [32m&apos;Mozilla/5.0 (win32) AppleWebKit/537.36 (KHTML, like Gecko) jsdom/27.3.0&apos;[39m,
  ip: [32m&apos;client_ip_unavailable&apos;[39m,
  sessionId: [32m&apos;session_1770159299405_y5lcej202&apos;[39m
}
[AUDIT: LOW] data_create {
  id: [32m&apos;audit_1770159302727_bbenm5ctf&apos;[39m,
  timestamp: [32m&apos;2026-02-03T22:55:02.727Z&apos;[39m,
  action: [32m&apos;data_create&apos;[39m,
  details: {
    entityType: [32m&apos;transaction&apos;[39m,
    entityId: [32m&apos;d9dba713-4b1e-4ed3-8ac8-ee3cb55321ba&apos;[39m,
    amount: [33m125.16851662269302[39m,
    category: [32m&apos;Test&apos;[39m,
    accountId: [32m&apos;main&apos;[39m
  },
  userId: [32m&apos;test-user-123&apos;[39m,
  severity: [32m&apos;low&apos;[39m,
  userAgent: [32m&apos;Mozilla/5.0 (win32) AppleWebKit/537.36 (KHTML, like Gecko) jsdom/27.3.0&apos;[39m,
  ip: [32m&apos;client_ip_unavailable&apos;[39m,
  sessionId: [32m&apos;session_1770159299405_y5lcej202&apos;[39m
}
[AUDIT: LOW] data_create {
  id: [32m&apos;audit_1770159302734_2627pkgs8&apos;[39m,
  timestamp: [32m&apos;2026-02-03T22:55:02.734Z&apos;[39m,
  action: [32m&apos;data_create&apos;[39m,
  details: {
    entityType: [32m&apos;transaction&apos;[39m,
    entityId: [32m&apos;4c5d4c4d-28b0-45dc-8647-fde5c63db613&apos;[39m,
    amount: [33m37.61887399522035[39m,
    category: [32m&apos;Test&apos;[39m,
    accountId: [32m&apos;main&apos;[39m
  },
  userId: [32m&apos;test-user-123&apos;[39m,
  severity: [32m&apos;low&apos;[39m,
  userAgent: [32m&apos;Mozilla/5.0 (win32) AppleWebKit/537.36 (KHTML, like Gecko) jsdom/27.3.0&apos;[39m,
  ip: [32m&apos;client_ip_unavailable&apos;[39m,
  sessionId: [32m&apos;session_1770159299405_y5lcej202&apos;[39m
}
[AUDIT: LOW] data_create {
  id: [32m&apos;audit_1770159302739_8fp074fyf&apos;[39m,
  timestamp: [32m&apos;2026-02-03T22:55:02.739Z&apos;[39m,
  action: [32m&apos;data_create&apos;[39m,
  details: {
    entityType: [32m&apos;transaction&apos;[39m,
    entityId: [32m&apos;498b2782-d7a5-4af4-b664-b83c8d2301ac&apos;[39m,
    amount: [33m918.0897083858821[39m,
    category: [32m&apos;Test&apos;[39m,
    accountId: [32m&apos;main&apos;[39m
  },
  userId: [32m&apos;test-user-123&apos;[39m,
  severity: [32m&apos;low&apos;[39m,
  userAgent: [32m&apos;Mozilla/5.0 (win32) AppleWebKit/537.36 (KHTML, like Gecko) jsdom/27.3.0&apos;[39m,
  ip: [32m&apos;client_ip_unavailable&apos;[39m,
  sessionId: [32m&apos;session_1770159299405_y5lcej202&apos;[39m
}
[AUDIT: LOW] data_create {
  id: [32m&apos;audit_1770159302744_5rvdvicb4&apos;[39m,
  timestamp: [32m&apos;2026-02-03T22:55:02.744Z&apos;[39m,
  action: [32m&apos;data_create&apos;[39m,
  details: {
    entityType: [32m&apos;transaction&apos;[39m,
    entityId: [32m&apos;b0ae4fe0-41af-48a5-a748-467138bcc29a&apos;[39m,
    amount: [33m898.1949125134588[39m,
    category: [32m&apos;Test&apos;[39m,
    accountId: [32m&apos;main&apos;[39m
  },
  userId: [32m&apos;test-user-123&apos;[39m,
  severity: [32m&apos;low&apos;[39m,
  userAgent: [32m&apos;Mozilla/5.0 (win32) AppleWebKit/537.36 (KHTML, like Gecko) jsdom/27.3.0&apos;[39m,
  ip: [32m&apos;client_ip_unavailable&apos;[39m,
  sessionId: [32m&apos;session_1770159299405_y5lcej202&apos;[39m
}
[AUDIT: LOW] data_create {
  id: [32m&apos;audit_1770159302752_68lhcjhv9&apos;[39m,
  timestamp: [32m&apos;2026-02-03T22:55:02.752Z&apos;[39m,
  action: [32m&apos;data_create&apos;[39m,
  details: {
    entityType: [32m&apos;transaction&apos;[39m,
    entityId: [32m&apos;e2f843e4-4744-4ad3-b744-c2848fc4bd19&apos;[39m,
    amount: [33m508.7882935913729[39m,
    category: [32m&apos;Test&apos;[39m,
    accountId: [32m&apos;main&apos;[39m
  },
  userId: [32m&apos;test-user-123&apos;[39m,
  severity: [32m&apos;low&apos;[39m,
  userAgent: [32m&apos;Mozilla/5.0 (win32) AppleWebKit/537.36 (KHTML, like Gecko) jsdom/27.3.0&apos;[39m,
  ip: [32m&apos;client_ip_unavailable&apos;[39m,
  sessionId: [32m&apos;session_1770159299405_y5lcej202&apos;[39m
}
[AUDIT: LOW] data_create {
  id: [32m&apos;audit_1770159302759_fykicswdv&apos;[39m,
  timestamp: [32m&apos;2026-02-03T22:55:02.759Z&apos;[39m,
  action: [32m&apos;data_create&apos;[39m,
  details: {
    entityType: [32m&apos;transaction&apos;[39m,
    entityId: [32m&apos;199ed6d2-d1b5-4ce3-95ca-60137357a387&apos;[39m,
    amount: [33m312.5871679702409[39m,
    category: [32m&apos;Test&apos;[39m,
    accountId: [32m&apos;main&apos;[39m
  },
  userId: [32m&apos;test-user-123&apos;[39m,
  severity: [32m&apos;low&apos;[39m,
  userAgent: [32m&apos;Mozilla/5.0 (win32) AppleWebKit/537.36 (KHTML, like Gecko) jsdom/27.3.0&apos;[39m,
  ip: [32m&apos;client_ip_unavailable&apos;[39m,
  sessionId: [32m&apos;session_1770159299405_y5lcej202&apos;[39m
}
[AUDIT: LOW] data_create {
  id: [32m&apos;audit_1770159302763_7foer70gd&apos;[39m,
  timestamp: [32m&apos;2026-02-03T22:55:02.763Z&apos;[39m,
  action: [32m&apos;data_create&apos;[39m,
  details: {
    entityType: [32m&apos;transaction&apos;[39m,
    entityId: [32m&apos;eb63c055-c227-49bd-829e-7e9eddc0ef2f&apos;[39m,
    amount: [33m688.0785683747968[39m,
    category: [32m&apos;Test&apos;[39m,
    accountId: [32m&apos;main&apos;[39m
  },
  userId: [32m&apos;test-user-123&apos;[39m,
  severity: [32m&apos;low&apos;[39m,
  userAgent: [32m&apos;Mozilla/5.0 (win32) AppleWebKit/537.36 (KHTML, like Gecko) jsdom/27.3.0&apos;[39m,
  ip: [32m&apos;client_ip_unavailable&apos;[39m,
  sessionId: [32m&apos;session_1770159299405_y5lcej202&apos;[39m
}
[AUDIT: LOW] data_create {
  id: [32m&apos;audit_1770159302769_8abid0z2i&apos;[39m,
  timestamp: [32m&apos;2026-02-03T22:55:02.769Z&apos;[39m,
  action: [32m&apos;data_create&apos;[39m,
  details: {
    entityType: [32m&apos;transaction&apos;[39m,
    entityId: [32m&apos;1e5f9ceb-7806-4528-b996-45b7f3659fcf&apos;[39m,
    amount: [33m950.2962918026205[39m,
    category: [32m&apos;Test&apos;[39m,
    accountId: [32m&apos;main&apos;[39m
  },
  userId: [32m&apos;test-user-123&apos;[39m,
  severity: [32m&apos;low&apos;[39m,
  userAgent: [32m&apos;Mozilla/5.0 (win32) AppleWebKit/537.36 (KHTML, like Gecko) jsdom/27.3.0&apos;[39m,
  ip: [32m&apos;client_ip_unavailable&apos;[39m,
  sessionId: [32m&apos;session_1770159299405_y5lcej202&apos;[39m
}
[AUDIT: LOW] data_create {
  id: [32m&apos;audit_1770159302775_ry0rhifdk&apos;[39m,
  timestamp: [32m&apos;2026-02-03T22:55:02.775Z&apos;[39m,
  action: [32m&apos;data_create&apos;[39m,
  details: {
    entityType: [32m&apos;transaction&apos;[39m,
    entityId: [32m&apos;7099749a-74c4-4989-a051-9015617c3355&apos;[39m,
    amount: [33m886.2138547660562[39m,
    category: [32m&apos;Test&apos;[39m,
    accountId: [32m&apos;main&apos;[39m
  },
  userId: [32m&apos;test-user-123&apos;[39m,
  severity: [32m&apos;low&apos;[39m,
  userAgent: [32m&apos;Mozilla/5.0 (win32) AppleWebKit/537.36 (KHTML, like Gecko) jsdom/27.3.0&apos;[39m,
  ip: [32m&apos;client_ip_unavailable&apos;[39m,
  sessionId: [32m&apos;session_1770159299405_y5lcej202&apos;[39m
}
[AUDIT: LOW] data_create {
  id: [32m&apos;audit_1770159302779_l0tl5en8a&apos;[39m,
  timestamp: [32m&apos;2026-02-03T22:55:02.779Z&apos;[39m,
  action: [32m&apos;data_create&apos;[39m,
  details: {
    entityType: [32m&apos;transaction&apos;[39m,
    entityId: [32m&apos;06a55962-5562-4e37-b3e5-1267c16a5eff&apos;[39m,
    amount: [33m141.49143808884878[39m,
    category: [32m&apos;Test&apos;[39m,
    accountId: [32m&apos;main&apos;[39m
  },
  userId: [32m&apos;test-user-123&apos;[39m,
  severity: [32m&apos;low&apos;[39m,
  userAgent: [32m&apos;Mozilla/5.0 (win32) AppleWebKit/537.36 (KHTML, like Gecko) jsdom/27.3.0&apos;[39m,
  ip: [32m&apos;client_ip_unavailable&apos;[39m,
  sessionId: [32m&apos;session_1770159299405_y5lcej202&apos;[39m
}
[AUDIT: LOW] data_create {
  id: [32m&apos;audit_1770159302784_g8tjh2dl2&apos;[39m,
  timestamp: [32m&apos;2026-02-03T22:55:02.784Z&apos;[39m,
  action: [32m&apos;data_create&apos;[39m,
  details: {
    entityType: [32m&apos;transaction&apos;[39m,
    entityId: [32m&apos;35da32b8-766c-4e99-81c8-0505fb5adef7&apos;[39m,
    amount: [33m752.922299481315[39m,
    category: [32m&apos;Test&apos;[39m,
    accountId: [32m&apos;main&apos;[39m
  },
  userId: [32m&apos;test-user-123&apos;[39m,
  severity: [32m&apos;low&apos;[39m,
  userAgent: [32m&apos;Mozilla/5.0 (win32) AppleWebKit/537.36 (KHTML, like Gecko) jsdom/27.3.0&apos;[39m,
  ip: [32m&apos;client_ip_unavailable&apos;[39m,
  sessionId: [32m&apos;session_1770159299405_y5lcej202&apos;[39m
}
[AUDIT: LOW] data_create {
  id: [32m&apos;audit_1770159302791_pu1ujnl7w&apos;[39m,
  timestamp: [32m&apos;2026-02-03T22:55:02.791Z&apos;[39m,
  action: [32m&apos;data_create&apos;[39m,
  details: {
    entityType: [32m&apos;transaction&apos;[39m,
    entityId: [32m&apos;bf259283-e4c0-4c6e-9e65-ceecc568e1c4&apos;[39m,
    amount: [33m954.1164714751475[39m,
    category: [32m&apos;Test&apos;[39m,
    accountId: [32m&apos;main&apos;[39m
  },
  userId: [32m&apos;test-user-123&apos;[39m,
  severity: [32m&apos;low&apos;[39m,
  userAgent: [32m&apos;Mozilla/5.0 (win32) AppleWebKit/537.36 (KHTML, like Gecko) jsdom/27.3.0&apos;[39m,
  ip: [32m&apos;client_ip_unavailable&apos;[39m,
  sessionId: [32m&apos;session_1770159299405_y5lcej202&apos;[39m
}
[AUDIT: LOW] data_create {
  id: [32m&apos;audit_1770159302816_b3twyaqf7&apos;[39m,
  timestamp: [32m&apos;2026-02-03T22:55:02.816Z&apos;[39m,
  action: [32m&apos;data_create&apos;[39m,
  details: {
    entityType: [32m&apos;transaction&apos;[39m,
    entityId: [32m&apos;41c166bd-2f62-4f00-9d01-b53506fc091d&apos;[39m,
    amount: [33m403.7572534939982[39m,
    category: [32m&apos;Test&apos;[39m,
    accountId: [32m&apos;main&apos;[39m
  },
  userId: [32m&apos;test-user-123&apos;[39m,
  severity: [32m&apos;low&apos;[39m,
  userAgent: [32m&apos;Mozilla/5.0 (win32) AppleWebKit/537.36 (KHTML, like Gecko) jsdom/27.3.0&apos;[39m,
  ip: [32m&apos;client_ip_unavailable&apos;[39m,
  sessionId: [32m&apos;session_1770159299405_y5lcej202&apos;[39m
}
[AUDIT: LOW] data_create {
  id: [32m&apos;audit_1770159302824_p6iycqb6a&apos;[39m,
  timestamp: [32m&apos;2026-02-03T22:55:02.824Z&apos;[39m,
  action: [32m&apos;data_create&apos;[39m,
  details: {
    entityType: [32m&apos;transaction&apos;[39m,
    entityId: [32m&apos;6606010a-7164-4d9a-b144-a8584a4e0497&apos;[39m,
    amount: [33m428.1771176048531[39m,
    category: [32m&apos;Test&apos;[39m,
    accountId: [32m&apos;main&apos;[39m
  },
  userId: [32m&apos;test-user-123&apos;[39m,
  severity: [32m&apos;low&apos;[39m,
  userAgent: [32m&apos;Mozilla/5.0 (win32) AppleWebKit/537.36 (KHTML, like Gecko) jsdom/27.3.0&apos;[39m,
  ip: [32m&apos;client_ip_unavailable&apos;[39m,
  sessionId: [32m&apos;session_1770159299405_y5lcej202&apos;[39m
}
[AUDIT: LOW] data_create {
  id: [32m&apos;audit_1770159302829_78rex97i6&apos;[39m,
  timestamp: [32m&apos;2026-02-03T22:55:02.829Z&apos;[39m,
  action: [32m&apos;data_create&apos;[39m,
  details: {
    entityType: [32m&apos;transaction&apos;[39m,
    entityId: [32m&apos;7ce50815-0962-4cab-8c68-1a4209e24e18&apos;[39m,
    amount: [33m37.36639177347556[39m,
    category: [32m&apos;Test&apos;[39m,
    accountId: [32m&apos;main&apos;[39m
  },
  userId: [32m&apos;test-user-123&apos;[39m,
  severity: [32m&apos;low&apos;[39m,
  userAgent: [32m&apos;Mozilla/5.0 (win32) AppleWebKit/537.36 (KHTML, like Gecko) jsdom/27.3.0&apos;[39m,
  ip: [32m&apos;client_ip_unavailable&apos;[39m,
  sessionId: [32m&apos;session_1770159299405_y5lcej202&apos;[39m
}
[AUDIT: LOW] data_create {
  id: [32m&apos;audit_1770159302835_p7wdcbu0n&apos;[39m,
  timestamp: [32m&apos;2026-02-03T22:55:02.835Z&apos;[39m,
  action: [32m&apos;data_create&apos;[39m,
  details: {
    entityType: [32m&apos;transaction&apos;[39m,
    entityId: [32m&apos;2d38b451-9a2a-42a0-ad48-9cbf21c6a299&apos;[39m,
    amount: [33m595.194099622475[39m,
    category: [32m&apos;Test&apos;[39m,
    accountId: [32m&apos;main&apos;[39m
  },
  userId: [32m&apos;test-user-123&apos;[39m,
  severity: [32m&apos;low&apos;[39m,
  userAgent: [32m&apos;Mozilla/5.0 (win32) AppleWebKit/537.36 (KHTML, like Gecko) jsdom/27.3.0&apos;[39m,
  ip: [32m&apos;client_ip_unavailable&apos;[39m,
  sessionId: [32m&apos;session_1770159299405_y5lcej202&apos;[39m
}
[AUDIT: LOW] data_create {
  id: [32m&apos;audit_1770159302840_xuef23tpe&apos;[39m,
  timestamp: [32m&apos;2026-02-03T22:55:02.840Z&apos;[39m,
  action: [32m&apos;data_create&apos;[39m,
  details: {
    entityType: [32m&apos;transaction&apos;[39m,
    entityId: [32m&apos;fce8a07a-56aa-483c-802f-2df60e694870&apos;[39m,
    amount: [33m753.5456796875736[39m,
    category: [32m&apos;Test&apos;[39m,
    accountId: [32m&apos;main&apos;[39m
  },
  userId: [32m&apos;test-user-123&apos;[39m,
  severity: [32m&apos;low&apos;[39m,
  userAgent: [32m&apos;Mozilla/5.0 (win32) AppleWebKit/537.36 (KHTML, like Gecko) jsdom/27.3.0&apos;[39m,
  ip: [32m&apos;client_ip_unavailable&apos;[39m,
  sessionId: [32m&apos;session_1770159299405_y5lcej202&apos;[39m
}
[AUDIT: LOW] data_create {
  id: [32m&apos;audit_1770159302847_5za6d7xgf&apos;[39m,
  timestamp: [32m&apos;2026-02-03T22:55:02.847Z&apos;[39m,
  action: [32m&apos;data_create&apos;[39m,
  details: {
    entityType: [32m&apos;transaction&apos;[39m,
    entityId: [32m&apos;7b6af3f9-e61e-432a-9b1b-bd2f1197ad8a&apos;[39m,
    amount: [33m813.4527842205453[39m,
    category: [32m&apos;Test&apos;[39m,
    accountId: [32m&apos;main&apos;[39m
  },
  userId: [32m&apos;test-user-123&apos;[39m,
  severity: [32m&apos;low&apos;[39m,
  userAgent: [32m&apos;Mozilla/5.0 (win32) AppleWebKit/537.36 (KHTML, like Gecko) jsdom/27.3.0&apos;[39m,
  ip: [32m&apos;client_ip_unavailable&apos;[39m,
  sessionId: [32m&apos;session_1770159299405_y5lcej202&apos;[39m
}
[AUDIT: LOW] data_create {
  id: [32m&apos;audit_1770159302852_oprkhkjn1&apos;[39m,
  timestamp: [32m&apos;2026-02-03T22:55:02.852Z&apos;[39m,
  action: [32m&apos;data_create&apos;[39m,
  details: {
    entityType: [32m&apos;transaction&apos;[39m,
    entityId: [32m&apos;21905a49-6fac-45fd-89cd-d249378eea3e&apos;[39m,
    amount: [33m629.6138400074976[39m,
    category: [32m&apos;Test&apos;[39m,
    accountId: [32m&apos;main&apos;[39m
  },
  userId: [32m&apos;test-user-123&apos;[39m,
  severity: [32m&apos;low&apos;[39m,
  userAgent: [32m&apos;Mozilla/5.0 (win32) AppleWebKit/537.36 (KHTML, like Gecko) jsdom/27.3.0&apos;[39m,
  ip: [32m&apos;client_ip_unavailable&apos;[39m,
  sessionId: [32m&apos;session_1770159299405_y5lcej202&apos;[39m
}
[AUDIT: LOW] data_create {
  id: [32m&apos;audit_1770159302856_qac9xygk7&apos;[39m,
  timestamp: [32m&apos;2026-02-03T22:55:02.856Z&apos;[39m,
  action: [32m&apos;data_create&apos;[39m,
  details: {
    entityType: [32m&apos;transaction&apos;[39m,
    entityId: [32m&apos;cf183a5c-8185-4f14-8f6e-337c081c7193&apos;[39m,
    amount: [33m929.1106000494544[39m,
    category: [32m&apos;Test&apos;[39m,
    accountId: [32m&apos;main&apos;[39m
  },
  userId: [32m&apos;test-user-123&apos;[39m,
  severity: [32m&apos;low&apos;[39m,
  userAgent: [32m&apos;Mozilla/5.0 (win32) AppleWebKit/537.36 (KHTML, like Gecko) jsdom/27.3.0&apos;[39m,
  ip: [32m&apos;client_ip_unavailable&apos;[39m,
  sessionId: [32m&apos;session_1770159299405_y5lcej202&apos;[39m
}
[AUDIT: LOW] data_create {
  id: [32m&apos;audit_1770159302861_lm0ud9umd&apos;[39m,
  timestamp: [32m&apos;2026-02-03T22:55:02.861Z&apos;[39m,
  action: [32m&apos;data_create&apos;[39m,
  details: {
    entityType: [32m&apos;transaction&apos;[39m,
    entityId: [32m&apos;e1d915ce-f893-4d7d-8d71-7c6ff449a2b7&apos;[39m,
    amount: [33m525.2051104464467[39m,
    category: [32m&apos;Test&apos;[39m,
    accountId: [32m&apos;main&apos;[39m
  },
  userId: [32m&apos;test-user-123&apos;[39m,
  severity: [32m&apos;low&apos;[39m,
  userAgent: [32m&apos;Mozilla/5.0 (win32) AppleWebKit/537.36 (KHTML, like Gecko) jsdom/27.3.0&apos;[39m,
  ip: [32m&apos;client_ip_unavailable&apos;[39m,
  sessionId: [32m&apos;session_1770159299405_y5lcej202&apos;[39m
}
[AUDIT: LOW] data_create {
  id: [32m&apos;audit_1770159302866_k0t6d48m6&apos;[39m,
  timestamp: [32m&apos;2026-02-03T22:55:02.866Z&apos;[39m,
  action: [32m&apos;data_create&apos;[39m,
  details: {
    entityType: [32m&apos;transaction&apos;[39m,
    entityId: [32m&apos;118e853c-1816-4b80-9390-a0d436c9b470&apos;[39m,
    amount: [33m692.5816363160843[39m,
    category: [32m&apos;Test&apos;[39m,
    accountId: [32m&apos;main&apos;[39m
  },
  userId: [32m&apos;test-user-123&apos;[39m,
  severity: [32m&apos;low&apos;[39m,
  userAgent: [32m&apos;Mozilla/5.0 (win32) AppleWebKit/537.36 (KHTML, like Gecko) jsdom/27.3.0&apos;[39m,
  ip: [32m&apos;client_ip_unavailable&apos;[39m,
  sessionId: [32m&apos;session_1770159299405_y5lcej202&apos;[39m
}
[AUDIT: LOW] data_create {
  id: [32m&apos;audit_1770159302872_kd8fp0pdt&apos;[39m,
  timestamp: [32m&apos;2026-02-03T22:55:02.872Z&apos;[39m,
  action: [32m&apos;data_create&apos;[39m,
  details: {
    entityType: [32m&apos;transaction&apos;[39m,
    entityId: [32m&apos;02b7298d-4b7f-415b-8f56-3fd684a13290&apos;[39m,
    amount: [33m291.3630593831116[39m,
    category: [32m&apos;Test&apos;[39m,
    accountId: [32m&apos;main&apos;[39m
  },
  userId: [32m&apos;test-user-123&apos;[39m,
  severity: [32m&apos;low&apos;[39m,
  userAgent: [32m&apos;Mozilla/5.0 (win32) AppleWebKit/537.36 (KHTML, like Gecko) jsdom/27.3.0&apos;[39m,
  ip: [32m&apos;client_ip_unavailable&apos;[39m,
  sessionId: [32m&apos;session_1770159299405_y5lcej202&apos;[39m
}
[AUDIT: LOW] data_create {
  id: [32m&apos;audit_1770159302878_l5w2l1dt6&apos;[39m,
  timestamp: [32m&apos;2026-02-03T22:55:02.878Z&apos;[39m,
  action: [32m&apos;data_create&apos;[39m,
  details: {
    entityType: [32m&apos;transaction&apos;[39m,
    entityId: [32m&apos;1bb9d3ba-ff6d-429a-9270-acfb1cf99f5e&apos;[39m,
    amount: [33m73.10592076953083[39m,
    category: [32m&apos;Test&apos;[39m,
    accountId: [32m&apos;main&apos;[39m
  },
  userId: [32m&apos;test-user-123&apos;[39m,
  severity: [32m&apos;low&apos;[39m,
  userAgent: [32m&apos;Mozilla/5.0 (win32) AppleWebKit/537.36 (KHTML, like Gecko) jsdom/27.3.0&apos;[39m,
  ip: [32m&apos;client_ip_unavailable&apos;[39m,
  sessionId: [32m&apos;session_1770159299405_y5lcej202&apos;[39m
}
[AUDIT: LOW] data_create {
  id: [32m&apos;audit_1770159302883_o9w4iy2me&apos;[39m,
  timestamp: [32m&apos;2026-02-03T22:55:02.883Z&apos;[39m,
  action: [32m&apos;data_create&apos;[39m,
  details: {
    entityType: [32m&apos;transaction&apos;[39m,
    entityId: [32m&apos;c27adba4-8169-47ee-b82d-55d1b111c4fc&apos;[39m,
    amount: [33m395.2362821724852[39m,
    category: [32m&apos;Test&apos;[39m,
    accountId: [32m&apos;main&apos;[39m
  },
  userId: [32m&apos;test-user-123&apos;[39m,
  severity: [32m&apos;low&apos;[39m,
  userAgent: [32m&apos;Mozilla/5.0 (win32) AppleWebKit/537.36 (KHTML, like Gecko) jsdom/27.3.0&apos;[39m,
  ip: [32m&apos;client_ip_unavailable&apos;[39m,
  sessionId: [32m&apos;session_1770159299405_y5lcej202&apos;[39m
}
[AUDIT: LOW] data_create {
  id: [32m&apos;audit_1770159302890_j9rwqkrc6&apos;[39m,
  timestamp: [32m&apos;2026-02-03T22:55:02.890Z&apos;[39m,
  action: [32m&apos;data_create&apos;[39m,
  details: {
    entityType: [32m&apos;transaction&apos;[39m,
    entityId: [32m&apos;86b9fe61-21d8-4ded-b430-2a9e697c3a33&apos;[39m,
    amount: [33m736.4791385207063[39m,
    category: [32m&apos;Test&apos;[39m,
    accountId: [32m&apos;main&apos;[39m
  },
  userId: [32m&apos;test-user-123&apos;[39m,
  severity: [32m&apos;low&apos;[39m,
  userAgent: [32m&apos;Mozilla/5.0 (win32) AppleWebKit/537.36 (KHTML, like Gecko) jsdom/27.3.0&apos;[39m,
  ip: [32m&apos;client_ip_unavailable&apos;[39m,
  sessionId: [32m&apos;session_1770159299405_y5lcej202&apos;[39m
}
[AUDIT: LOW] data_create {
  id: [32m&apos;audit_1770159302895_jivf44091&apos;[39m,
  timestamp: [32m&apos;2026-02-03T22:55:02.895Z&apos;[39m,
  action: [32m&apos;data_create&apos;[39m,
  details: {
    entityType: [32m&apos;transaction&apos;[39m,
    entityId: [32m&apos;72fa6a72-0b72-4ee8-ab5a-479c892eb130&apos;[39m,
    amount: [33m275.4737879782721[39m,
    category: [32m&apos;Test&apos;[39m,
    accountId: [32m&apos;main&apos;[39m
  },
  userId: [32m&apos;test-user-123&apos;[39m,
  severity: [32m&apos;low&apos;[39m,
  userAgent: [32m&apos;Mozilla/5.0 (win32) AppleWebKit/537.36 (KHTML, like Gecko) jsdom/27.3.0&apos;[39m,
  ip: [32m&apos;client_ip_unavailable&apos;[39m,
  sessionId: [32m&apos;session_1770159299405_y5lcej202&apos;[39m
}
[AUDIT: LOW] data_create {
  id: [32m&apos;audit_1770159302900_v3kwhw42w&apos;[39m,
  timestamp: [32m&apos;2026-02-03T22:55:02.900Z&apos;[39m,
  action: [32m&apos;data_create&apos;[39m,
  details: {
    entityType: [32m&apos;transaction&apos;[39m,
    entityId: [32m&apos;f38e05c1-ce34-4f3f-bfb6-5096561aa2bf&apos;[39m,
    amount: [33m11.713024671652029[39m,
    category: [32m&apos;Test&apos;[39m,
    accountId: [32m&apos;main&apos;[39m
  },
  userId: [32m&apos;test-user-123&apos;[39m,
  severity: [32m&apos;low&apos;[39m,
  userAgent: [32m&apos;Mozilla/5.0 (win32) AppleWebKit/537.36 (KHTML, like Gecko) jsdom/27.3.0&apos;[39m,
  ip: [32m&apos;client_ip_unavailable&apos;[39m,
  sessionId: [32m&apos;session_1770159299405_y5lcej202&apos;[39m
}
[AUDIT: LOW] data_create {
  id: [32m&apos;audit_1770159302905_mi4ldosw0&apos;[39m,
  timestamp: [32m&apos;2026-02-03T22:55:02.905Z&apos;[39m,
  action: [32m&apos;data_create&apos;[39m,
  details: {
    entityType: [32m&apos;transaction&apos;[39m,
    entityId: [32m&apos;6add7f66-7a3c-4c45-a7d0-26ed2bb690f8&apos;[39m,
    amount: [33m739.4521204813955[39m,
    category: [32m&apos;Test&apos;[39m,
    accountId: [32m&apos;main&apos;[39m
  },
  userId: [32m&apos;test-user-123&apos;[39m,
  severity: [32m&apos;low&apos;[39m,
  userAgent: [32m&apos;Mozilla/5.0 (win32) AppleWebKit/537.36 (KHTML, like Gecko) jsdom/27.3.0&apos;[39m,
  ip: [32m&apos;client_ip_unavailable&apos;[39m,
  sessionId: [32m&apos;session_1770159299405_y5lcej202&apos;[39m
}
[AUDIT: LOW] data_create {
  id: [32m&apos;audit_1770159302909_nphaiuccs&apos;[39m,
  timestamp: [32m&apos;2026-02-03T22:55:02.909Z&apos;[39m,
  action: [32m&apos;data_create&apos;[39m,
  details: {
    entityType: [32m&apos;transaction&apos;[39m,
    entityId: [32m&apos;38be534a-a54d-471a-9dda-f1332626a6e5&apos;[39m,
    amount: [33m943.8104993585868[39m,
    category: [32m&apos;Test&apos;[39m,
    accountId: [32m&apos;main&apos;[39m
  },
  userId: [32m&apos;test-user-123&apos;[39m,
  severity: [32m&apos;low&apos;[39m,
  userAgent: [32m&apos;Mozilla/5.0 (win32) AppleWebKit/537.36 (KHTML, like Gecko) jsdom/27.3.0&apos;[39m,
  ip: [32m&apos;client_ip_unavailable&apos;[39m,
  sessionId: [32m&apos;session_1770159299405_y5lcej202&apos;[39m
}
[AUDIT: LOW] data_create {
  id: [32m&apos;audit_1770159302915_fyi4nvv0f&apos;[39m,
  timestamp: [32m&apos;2026-02-03T22:55:02.915Z&apos;[39m,
  action: [32m&apos;data_create&apos;[39m,
  details: {
    entityType: [32m&apos;transaction&apos;[39m,
    entityId: [32m&apos;269b3927-ff7d-4f59-a2f9-835aaafe4359&apos;[39m,
    amount: [33m714.6482440332619[39m,
    category: [32m&apos;Test&apos;[39m,
    accountId: [32m&apos;main&apos;[39m
  },
  userId: [32m&apos;test-user-123&apos;[39m,
  severity: [32m&apos;low&apos;[39m,
  userAgent: [32m&apos;Mozilla/5.0 (win32) AppleWebKit/537.36 (KHTML, like Gecko) jsdom/27.3.0&apos;[39m,
  ip: [32m&apos;client_ip_unavailable&apos;[39m,
  sessionId: [32m&apos;session_1770159299405_y5lcej202&apos;[39m
}
[AUDIT: LOW] data_create {
  id: [32m&apos;audit_1770159302919_ik5exajlq&apos;[39m,
  timestamp: [32m&apos;2026-02-03T22:55:02.919Z&apos;[39m,
  action: [32m&apos;data_create&apos;[39m,
  details: {
    entityType: [32m&apos;transaction&apos;[39m,
    entityId: [32m&apos;ec768972-6a68-4c1c-91c6-895c2f0fcac0&apos;[39m,
    amount: [33m312.21843162177885[39m,
    category: [32m&apos;Test&apos;[39m,
    accountId: [32m&apos;main&apos;[39m
  },
  userId: [32m&apos;test-user-123&apos;[39m,
  severity: [32m&apos;low&apos;[39m,
  userAgent: [32m&apos;Mozilla/5.0 (win32) AppleWebKit/537.36 (KHTML, like Gecko) jsdom/27.3.0&apos;[39m,
  ip: [32m&apos;client_ip_unavailable&apos;[39m,
  sessionId: [32m&apos;session_1770159299405_y5lcej202&apos;[39m
}
[AUDIT: LOW] data_create {
  id: [32m&apos;audit_1770159302925_4129ffcq7&apos;[39m,
  timestamp: [32m&apos;2026-02-03T22:55:02.925Z&apos;[39m,
  action: [32m&apos;data_create&apos;[39m,
  details: {
    entityType: [32m&apos;transaction&apos;[39m,
    entityId: [32m&apos;d59d9ad7-d8f4-400a-9a6e-ffb8be452895&apos;[39m,
    amount: [33m658.4207199350504[39m,
    category: [32m&apos;Test&apos;[39m,
    accountId: [32m&apos;main&apos;[39m
  },
  userId: [32m&apos;test-user-123&apos;[39m,
  severity: [32m&apos;low&apos;[39m,
  userAgent: [32m&apos;Mozilla/5.0 (win32) AppleWebKit/537.36 (KHTML, like Gecko) jsdom/27.3.0&apos;[39m,
  ip: [32m&apos;client_ip_unavailable&apos;[39m,
  sessionId: [32m&apos;session_1770159299405_y5lcej202&apos;[39m
}
[AUDIT: LOW] data_create {
  id: [32m&apos;audit_1770159302932_eczzwp1ib&apos;[39m,
  timestamp: [32m&apos;2026-02-03T22:55:02.932Z&apos;[39m,
  action: [32m&apos;data_create&apos;[39m,
  details: {
    entityType: [32m&apos;transaction&apos;[39m,
    entityId: [32m&apos;ed69fbdd-49d9-4fbe-a72a-f4a36650ba17&apos;[39m,
    amount: [33m993.9299938588355[39m,
    category: [32m&apos;Test&apos;[39m,
    accountId: [32m&apos;main&apos;[39m
  },
  userId: [32m&apos;test-user-123&apos;[39m,
  severity: [32m&apos;low&apos;[39m,
  userAgent: [32m&apos;Mozilla/5.0 (win32) AppleWebKit/537.36 (KHTML, like Gecko) jsdom/27.3.0&apos;[39m,
  ip: [32m&apos;client_ip_unavailable&apos;[39m,
  sessionId: [32m&apos;session_1770159299405_y5lcej202&apos;[39m
}
[AUDIT: LOW] data_create {
  id: [32m&apos;audit_1770159302938_vfsv464o0&apos;[39m,
  timestamp: [32m&apos;2026-02-03T22:55:02.938Z&apos;[39m,
  action: [32m&apos;data_create&apos;[39m,
  details: {
    entityType: [32m&apos;transaction&apos;[39m,
    entityId: [32m&apos;f5981ee8-697a-4680-8947-e7a83d6d29b0&apos;[39m,
    amount: [33m919.5668388072182[39m,
    category: [32m&apos;Test&apos;[39m,
    accountId: [32m&apos;main&apos;[39m
  },
  userId: [32m&apos;test-user-123&apos;[39m,
  severity: [32m&apos;low&apos;[39m,
  userAgent: [32m&apos;Mozilla/5.0 (win32) AppleWebKit/537.36 (KHTML, like Gecko) jsdom/27.3.0&apos;[39m,
  ip: [32m&apos;client_ip_unavailable&apos;[39m,
  sessionId: [32m&apos;session_1770159299405_y5lcej202&apos;[39m
}

            </system-out>
        </testcase>
        <testcase classname="tests/security/data-export-integrity.test.js" name="Data Export Integrity Validation &gt; Backup Verification Workflow &gt; should perform complete backup verification" time="0.0067334">
            <system-out>
[AUDIT: HIGH] data_delete {
  id: [32m&apos;audit_1770159302988_z6yzxjpjs&apos;[39m,
  timestamp: [32m&apos;2026-02-03T22:55:02.988Z&apos;[39m,
  action: [32m&apos;data_delete&apos;[39m,
  details: { entityType: [32m&apos;transaction&apos;[39m, operation: [32m&apos;bulk_clear&apos;[39m, count: [33m1000[39m },
  userId: [32m&apos;test-user-123&apos;[39m,
  severity: [32m&apos;high&apos;[39m,
  userAgent: [32m&apos;Mozilla/5.0 (win32) AppleWebKit/537.36 (KHTML, like Gecko) jsdom/27.3.0&apos;[39m,
  ip: [32m&apos;client_ip_unavailable&apos;[39m,
  sessionId: [32m&apos;session_1770159299405_y5lcej202&apos;[39m
}

            </system-out>
        </testcase>
        <testcase classname="tests/security/data-export-integrity.test.js" name="Data Export Integrity Validation &gt; Backup Verification Workflow &gt; should identify backup issues" time="0.0028526">
            <system-out>
[AUDIT: HIGH] data_delete {
  id: [32m&apos;audit_1770159302993_s4sm4r5tx&apos;[39m,
  timestamp: [32m&apos;2026-02-03T22:55:02.993Z&apos;[39m,
  action: [32m&apos;data_delete&apos;[39m,
  details: { entityType: [32m&apos;transaction&apos;[39m, operation: [32m&apos;bulk_clear&apos;[39m, count: [33m0[39m },
  userId: [32m&apos;test-user-123&apos;[39m,
  severity: [32m&apos;high&apos;[39m,
  userAgent: [32m&apos;Mozilla/5.0 (win32) AppleWebKit/537.36 (KHTML, like Gecko) jsdom/27.3.0&apos;[39m,
  ip: [32m&apos;client_ip_unavailable&apos;[39m,
  sessionId: [32m&apos;session_1770159299405_y5lcej202&apos;[39m
}

            </system-out>
        </testcase>
    </testsuite>
    <testsuite name="tests/security/rate-limiting-validation.test.js" timestamp="2026-02-03T22:55:11.854Z" hostname="Krasen-PC" tests="17" failures="0" errors="0" skipped="0" time="0.0392084">
        <testcase classname="tests/security/rate-limiting-validation.test.js" name="Rate Limiting Validation - High Traffic Simulation &gt; Basic Rate Limiting Functionality &gt; should allow normal usage patterns" time="0.00319">
        </testcase>
        <testcase classname="tests/security/rate-limiting-validation.test.js" name="Rate Limiting Validation - High Traffic Simulation &gt; Basic Rate Limiting Functionality &gt; should block after threshold is reached" time="0.0019281">
        </testcase>
        <testcase classname="tests/security/rate-limiting-validation.test.js" name="Rate Limiting Validation - High Traffic Simulation &gt; Basic Rate Limiting Functionality &gt; should have correct configuration values" time="0.0005315">
        </testcase>
        <testcase classname="tests/security/rate-limiting-validation.test.js" name="Rate Limiting Validation - High Traffic Simulation &gt; High Traffic Simulation &gt; should handle concurrent requests efficiently" time="0.0010795">
        </testcase>
        <testcase classname="tests/security/rate-limiting-validation.test.js" name="Rate Limiting Validation - High Traffic Simulation &gt; High Traffic Simulation &gt; should maintain rate limiting under load" time="0.0006252">
        </testcase>
        <testcase classname="tests/security/rate-limiting-validation.test.js" name="Rate Limiting Validation - High Traffic Simulation &gt; High Traffic Simulation &gt; should handle distributed attack simulation" time="0.0146111">
            <system-out>
Distributed attack simulation results:
Result 0 (rejected): Error: [vitest] No &quot;firebaseStatus&quot; export is defined on the &quot;../../src/core/firebase-config.js&quot; mock. Did you forget to return it from &quot;vi.mock&quot;?
If you need to partially mock a module, you can use &quot;importOriginal&quot; helper inside:

    at VitestMocker.createError [90m(file:///C:/Users/krase/repos/BlinkBudget/[39mnode_modules/[4mvitest[24m/dist/chunks/startModuleRunner.Iz2V0ESw.js:311:17[90m)[39m
    at Object.get [90m(file:///C:/Users/krase/repos/BlinkBudget/[39mnode_modules/[4mvitest[24m/dist/chunks/startModuleRunner.Iz2V0ESw.js:384:16[90m)[39m
    at checkFirebaseAvailability (C:/Users/krase/repos/BlinkBudget/src/core/auth-service.js:16:8)
    at Object.login (C:/Users/krase/repos/BlinkBudget/src/core/auth-service.js:51:27)
    at C:/Users/krase/repos/BlinkBudget/tests/security/rate-limiting-validation.test.js:149:35
    at [90mfile:///C:/Users/krase/repos/BlinkBudget/[39mnode_modules/[4m@vitest[24m/runner/dist/index.js:145:11
    at [90mfile:///C:/Users/krase/repos/BlinkBudget/[39mnode_modules/[4m@vitest[24m/runner/dist/index.js:915:26
    at [90mfile:///C:/Users/krase/repos/BlinkBudget/[39mnode_modules/[4m@vitest[24m/runner/dist/index.js:1240:20
    at new Promise (&lt;anonymous&gt;)
    at runWithTimeout [90m(file:///C:/Users/krase/repos/BlinkBudget/[39mnode_modules/[4m@vitest[24m/runner/dist/index.js:1206:10[90m)[39m {
  codeFrame: [32m&apos;vi.mock(import(&quot;../../src/core/firebase-config.js&quot;), async (importOriginal) =&gt; {\n&apos;[39m +
    [32m&apos;  const actual = await importOriginal()\n&apos;[39m +
    [32m&apos;  return {\n&apos;[39m +
    [32m&apos;    ...actual,\n&apos;[39m +
    [32m&apos;    // your mocked methods\n&apos;[39m +
    [32m&apos;  }\n&apos;[39m +
    [32m&apos;})&apos;[39m
}
Result 1 (rejected): Error: [vitest] No &quot;firebaseStatus&quot; export is defined on the &quot;../../src/core/firebase-config.js&quot; mock. Did you forget to return it from &quot;vi.mock&quot;?
If you need to partially mock a module, you can use &quot;importOriginal&quot; helper inside:

    at VitestMocker.createError [90m(file:///C:/Users/krase/repos/BlinkBudget/[39mnode_modules/[4mvitest[24m/dist/chunks/startModuleRunner.Iz2V0ESw.js:311:17[90m)[39m
    at Object.get [90m(file:///C:/Users/krase/repos/BlinkBudget/[39mnode_modules/[4mvitest[24m/dist/chunks/startModuleRunner.Iz2V0ESw.js:384:16[90m)[39m
    at checkFirebaseAvailability (C:/Users/krase/repos/BlinkBudget/src/core/auth-service.js:16:8)
    at Object.login (C:/Users/krase/repos/BlinkBudget/src/core/auth-service.js:51:27)
    at C:/Users/krase/repos/BlinkBudget/tests/security/rate-limiting-validation.test.js:149:35
    at [90mfile:///C:/Users/krase/repos/BlinkBudget/[39mnode_modules/[4m@vitest[24m/runner/dist/index.js:145:11
    at [90mfile:///C:/Users/krase/repos/BlinkBudget/[39mnode_modules/[4m@vitest[24m/runner/dist/index.js:915:26
    at [90mfile:///C:/Users/krase/repos/BlinkBudget/[39mnode_modules/[4m@vitest[24m/runner/dist/index.js:1240:20
    at new Promise (&lt;anonymous&gt;)
    at runWithTimeout [90m(file:///C:/Users/krase/repos/BlinkBudget/[39mnode_modules/[4m@vitest[24m/runner/dist/index.js:1206:10[90m)[39m {
  codeFrame: [32m&apos;vi.mock(import(&quot;../../src/core/firebase-config.js&quot;), async (importOriginal) =&gt; {\n&apos;[39m +
    [32m&apos;  const actual = await importOriginal()\n&apos;[39m +
    [32m&apos;  return {\n&apos;[39m +
    [32m&apos;    ...actual,\n&apos;[39m +
    [32m&apos;    // your mocked methods\n&apos;[39m +
    [32m&apos;  }\n&apos;[39m +
    [32m&apos;})&apos;[39m
}
Result 2 (rejected): Error: [vitest] No &quot;firebaseStatus&quot; export is defined on the &quot;../../src/core/firebase-config.js&quot; mock. Did you forget to return it from &quot;vi.mock&quot;?
If you need to partially mock a module, you can use &quot;importOriginal&quot; helper inside:

    at VitestMocker.createError [90m(file:///C:/Users/krase/repos/BlinkBudget/[39mnode_modules/[4mvitest[24m/dist/chunks/startModuleRunner.Iz2V0ESw.js:311:17[90m)[39m
    at Object.get [90m(file:///C:/Users/krase/repos/BlinkBudget/[39mnode_modules/[4mvitest[24m/dist/chunks/startModuleRunner.Iz2V0ESw.js:384:16[90m)[39m
    at checkFirebaseAvailability (C:/Users/krase/repos/BlinkBudget/src/core/auth-service.js:16:8)
    at Object.login (C:/Users/krase/repos/BlinkBudget/src/core/auth-service.js:51:27)
    at C:/Users/krase/repos/BlinkBudget/tests/security/rate-limiting-validation.test.js:149:35
    at [90mfile:///C:/Users/krase/repos/BlinkBudget/[39mnode_modules/[4m@vitest[24m/runner/dist/index.js:145:11
    at [90mfile:///C:/Users/krase/repos/BlinkBudget/[39mnode_modules/[4m@vitest[24m/runner/dist/index.js:915:26
    at [90mfile:///C:/Users/krase/repos/BlinkBudget/[39mnode_modules/[4m@vitest[24m/runner/dist/index.js:1240:20
    at new Promise (&lt;anonymous&gt;)
    at runWithTimeout [90m(file:///C:/Users/krase/repos/BlinkBudget/[39mnode_modules/[4m@vitest[24m/runner/dist/index.js:1206:10[90m)[39m {
  codeFrame: [32m&apos;vi.mock(import(&quot;../../src/core/firebase-config.js&quot;), async (importOriginal) =&gt; {\n&apos;[39m +
    [32m&apos;  const actual = await importOriginal()\n&apos;[39m +
    [32m&apos;  return {\n&apos;[39m +
    [32m&apos;    ...actual,\n&apos;[39m +
    [32m&apos;    // your mocked methods\n&apos;[39m +
    [32m&apos;  }\n&apos;[39m +
    [32m&apos;})&apos;[39m
}
Result 3 (rejected): Error: [vitest] No &quot;firebaseStatus&quot; export is defined on the &quot;../../src/core/firebase-config.js&quot; mock. Did you forget to return it from &quot;vi.mock&quot;?
If you need to partially mock a module, you can use &quot;importOriginal&quot; helper inside:

    at VitestMocker.createError [90m(file:///C:/Users/krase/repos/BlinkBudget/[39mnode_modules/[4mvitest[24m/dist/chunks/startModuleRunner.Iz2V0ESw.js:311:17[90m)[39m
    at Object.get [90m(file:///C:/Users/krase/repos/BlinkBudget/[39mnode_modules/[4mvitest[24m/dist/chunks/startModuleRunner.Iz2V0ESw.js:384:16[90m)[39m
    at checkFirebaseAvailability (C:/Users/krase/repos/BlinkBudget/src/core/auth-service.js:16:8)
    at Object.login (C:/Users/krase/repos/BlinkBudget/src/core/auth-service.js:51:27)
    at C:/Users/krase/repos/BlinkBudget/tests/security/rate-limiting-validation.test.js:149:35
    at [90mfile:///C:/Users/krase/repos/BlinkBudget/[39mnode_modules/[4m@vitest[24m/runner/dist/index.js:145:11
    at [90mfile:///C:/Users/krase/repos/BlinkBudget/[39mnode_modules/[4m@vitest[24m/runner/dist/index.js:915:26
    at [90mfile:///C:/Users/krase/repos/BlinkBudget/[39mnode_modules/[4m@vitest[24m/runner/dist/index.js:1240:20
    at new Promise (&lt;anonymous&gt;)
    at runWithTimeout [90m(file:///C:/Users/krase/repos/BlinkBudget/[39mnode_modules/[4m@vitest[24m/runner/dist/index.js:1206:10[90m)[39m {
  codeFrame: [32m&apos;vi.mock(import(&quot;../../src/core/firebase-config.js&quot;), async (importOriginal) =&gt; {\n&apos;[39m +
    [32m&apos;  const actual = await importOriginal()\n&apos;[39m +
    [32m&apos;  return {\n&apos;[39m +
    [32m&apos;    ...actual,\n&apos;[39m +
    [32m&apos;    // your mocked methods\n&apos;[39m +
    [32m&apos;  }\n&apos;[39m +
    [32m&apos;})&apos;[39m
}
Result 4 (rejected): Error: [vitest] No &quot;firebaseStatus&quot; export is defined on the &quot;../../src/core/firebase-config.js&quot; mock. Did you forget to return it from &quot;vi.mock&quot;?
If you need to partially mock a module, you can use &quot;importOriginal&quot; helper inside:

    at VitestMocker.createError [90m(file:///C:/Users/krase/repos/BlinkBudget/[39mnode_modules/[4mvitest[24m/dist/chunks/startModuleRunner.Iz2V0ESw.js:311:17[90m)[39m
    at Object.get [90m(file:///C:/Users/krase/repos/BlinkBudget/[39mnode_modules/[4mvitest[24m/dist/chunks/startModuleRunner.Iz2V0ESw.js:384:16[90m)[39m
    at checkFirebaseAvailability (C:/Users/krase/repos/BlinkBudget/src/core/auth-service.js:16:8)
    at Object.login (C:/Users/krase/repos/BlinkBudget/src/core/auth-service.js:51:27)
    at C:/Users/krase/repos/BlinkBudget/tests/security/rate-limiting-validation.test.js:149:35
    at [90mfile:///C:/Users/krase/repos/BlinkBudget/[39mnode_modules/[4m@vitest[24m/runner/dist/index.js:145:11
    at [90mfile:///C:/Users/krase/repos/BlinkBudget/[39mnode_modules/[4m@vitest[24m/runner/dist/index.js:915:26
    at [90mfile:///C:/Users/krase/repos/BlinkBudget/[39mnode_modules/[4m@vitest[24m/runner/dist/index.js:1240:20
    at new Promise (&lt;anonymous&gt;)
    at runWithTimeout [90m(file:///C:/Users/krase/repos/BlinkBudget/[39mnode_modules/[4m@vitest[24m/runner/dist/index.js:1206:10[90m)[39m {
  codeFrame: [32m&apos;vi.mock(import(&quot;../../src/core/firebase-config.js&quot;), async (importOriginal) =&gt; {\n&apos;[39m +
    [32m&apos;  const actual = await importOriginal()\n&apos;[39m +
    [32m&apos;  return {\n&apos;[39m +
    [32m&apos;    ...actual,\n&apos;[39m +
    [32m&apos;    // your mocked methods\n&apos;[39m +
    [32m&apos;  }\n&apos;[39m +
    [32m&apos;})&apos;[39m
}
Result 5 (rejected): Error: [vitest] No &quot;firebaseStatus&quot; export is defined on the &quot;../../src/core/firebase-config.js&quot; mock. Did you forget to return it from &quot;vi.mock&quot;?
If you need to partially mock a module, you can use &quot;importOriginal&quot; helper inside:

    at VitestMocker.createError [90m(file:///C:/Users/krase/repos/BlinkBudget/[39mnode_modules/[4mvitest[24m/dist/chunks/startModuleRunner.Iz2V0ESw.js:311:17[90m)[39m
    at Object.get [90m(file:///C:/Users/krase/repos/BlinkBudget/[39mnode_modules/[4mvitest[24m/dist/chunks/startModuleRunner.Iz2V0ESw.js:384:16[90m)[39m
    at checkFirebaseAvailability (C:/Users/krase/repos/BlinkBudget/src/core/auth-service.js:16:8)
    at Object.login (C:/Users/krase/repos/BlinkBudget/src/core/auth-service.js:51:27)
    at C:/Users/krase/repos/BlinkBudget/tests/security/rate-limiting-validation.test.js:149:35
    at [90mfile:///C:/Users/krase/repos/BlinkBudget/[39mnode_modules/[4m@vitest[24m/runner/dist/index.js:145:11
    at [90mfile:///C:/Users/krase/repos/BlinkBudget/[39mnode_modules/[4m@vitest[24m/runner/dist/index.js:915:26
    at [90mfile:///C:/Users/krase/repos/BlinkBudget/[39mnode_modules/[4m@vitest[24m/runner/dist/index.js:1240:20
    at new Promise (&lt;anonymous&gt;)
    at runWithTimeout [90m(file:///C:/Users/krase/repos/BlinkBudget/[39mnode_modules/[4m@vitest[24m/runner/dist/index.js:1206:10[90m)[39m {
  codeFrame: [32m&apos;vi.mock(import(&quot;../../src/core/firebase-config.js&quot;), async (importOriginal) =&gt; {\n&apos;[39m +
    [32m&apos;  const actual = await importOriginal()\n&apos;[39m +
    [32m&apos;  return {\n&apos;[39m +
    [32m&apos;    ...actual,\n&apos;[39m +
    [32m&apos;    // your mocked methods\n&apos;[39m +
    [32m&apos;  }\n&apos;[39m +
    [32m&apos;})&apos;[39m
}
Result 6 (rejected): Error: [vitest] No &quot;firebaseStatus&quot; export is defined on the &quot;../../src/core/firebase-config.js&quot; mock. Did you forget to return it from &quot;vi.mock&quot;?
If you need to partially mock a module, you can use &quot;importOriginal&quot; helper inside:

    at VitestMocker.createError [90m(file:///C:/Users/krase/repos/BlinkBudget/[39mnode_modules/[4mvitest[24m/dist/chunks/startModuleRunner.Iz2V0ESw.js:311:17[90m)[39m
    at Object.get [90m(file:///C:/Users/krase/repos/BlinkBudget/[39mnode_modules/[4mvitest[24m/dist/chunks/startModuleRunner.Iz2V0ESw.js:384:16[90m)[39m
    at checkFirebaseAvailability (C:/Users/krase/repos/BlinkBudget/src/core/auth-service.js:16:8)
    at Object.login (C:/Users/krase/repos/BlinkBudget/src/core/auth-service.js:51:27)
    at C:/Users/krase/repos/BlinkBudget/tests/security/rate-limiting-validation.test.js:149:35
    at [90mfile:///C:/Users/krase/repos/BlinkBudget/[39mnode_modules/[4m@vitest[24m/runner/dist/index.js:145:11
    at [90mfile:///C:/Users/krase/repos/BlinkBudget/[39mnode_modules/[4m@vitest[24m/runner/dist/index.js:915:26
    at [90mfile:///C:/Users/krase/repos/BlinkBudget/[39mnode_modules/[4m@vitest[24m/runner/dist/index.js:1240:20
    at new Promise (&lt;anonymous&gt;)
    at runWithTimeout [90m(file:///C:/Users/krase/repos/BlinkBudget/[39mnode_modules/[4m@vitest[24m/runner/dist/index.js:1206:10[90m)[39m {
  codeFrame: [32m&apos;vi.mock(import(&quot;../../src/core/firebase-config.js&quot;), async (importOriginal) =&gt; {\n&apos;[39m +
    [32m&apos;  const actual = await importOriginal()\n&apos;[39m +
    [32m&apos;  return {\n&apos;[39m +
    [32m&apos;    ...actual,\n&apos;[39m +
    [32m&apos;    // your mocked methods\n&apos;[39m +
    [32m&apos;  }\n&apos;[39m +
    [32m&apos;})&apos;[39m
}
Result 7 (rejected): Error: [vitest] No &quot;firebaseStatus&quot; export is defined on the &quot;../../src/core/firebase-config.js&quot; mock. Did you forget to return it from &quot;vi.mock&quot;?
If you need to partially mock a module, you can use &quot;importOriginal&quot; helper inside:

    at VitestMocker.createError [90m(file:///C:/Users/krase/repos/BlinkBudget/[39mnode_modules/[4mvitest[24m/dist/chunks/startModuleRunner.Iz2V0ESw.js:311:17[90m)[39m
    at Object.get [90m(file:///C:/Users/krase/repos/BlinkBudget/[39mnode_modules/[4mvitest[24m/dist/chunks/startModuleRunner.Iz2V0ESw.js:384:16[90m)[39m
    at checkFirebaseAvailability (C:/Users/krase/repos/BlinkBudget/src/core/auth-service.js:16:8)
    at Object.login (C:/Users/krase/repos/BlinkBudget/src/core/auth-service.js:51:27)
    at C:/Users/krase/repos/BlinkBudget/tests/security/rate-limiting-validation.test.js:149:35
    at [90mfile:///C:/Users/krase/repos/BlinkBudget/[39mnode_modules/[4m@vitest[24m/runner/dist/index.js:145:11
    at [90mfile:///C:/Users/krase/repos/BlinkBudget/[39mnode_modules/[4m@vitest[24m/runner/dist/index.js:915:26
    at [90mfile:///C:/Users/krase/repos/BlinkBudget/[39mnode_modules/[4m@vitest[24m/runner/dist/index.js:1240:20
    at new Promise (&lt;anonymous&gt;)
    at runWithTimeout [90m(file:///C:/Users/krase/repos/BlinkBudget/[39mnode_modules/[4m@vitest[24m/runner/dist/index.js:1206:10[90m)[39m {
  codeFrame: [32m&apos;vi.mock(import(&quot;../../src/core/firebase-config.js&quot;), async (importOriginal) =&gt; {\n&apos;[39m +
    [32m&apos;  const actual = await importOriginal()\n&apos;[39m +
    [32m&apos;  return {\n&apos;[39m +
    [32m&apos;    ...actual,\n&apos;[39m +
    [32m&apos;    // your mocked methods\n&apos;[39m +
    [32m&apos;  }\n&apos;[39m +
    [32m&apos;})&apos;[39m
}
Result 8 (rejected): Error: [vitest] No &quot;firebaseStatus&quot; export is defined on the &quot;../../src/core/firebase-config.js&quot; mock. Did you forget to return it from &quot;vi.mock&quot;?
If you need to partially mock a module, you can use &quot;importOriginal&quot; helper inside:

    at VitestMocker.createError [90m(file:///C:/Users/krase/repos/BlinkBudget/[39mnode_modules/[4mvitest[24m/dist/chunks/startModuleRunner.Iz2V0ESw.js:311:17[90m)[39m
    at Object.get [90m(file:///C:/Users/krase/repos/BlinkBudget/[39mnode_modules/[4mvitest[24m/dist/chunks/startModuleRunner.Iz2V0ESw.js:384:16[90m)[39m
    at checkFirebaseAvailability (C:/Users/krase/repos/BlinkBudget/src/core/auth-service.js:16:8)
    at Object.login (C:/Users/krase/repos/BlinkBudget/src/core/auth-service.js:51:27)
    at C:/Users/krase/repos/BlinkBudget/tests/security/rate-limiting-validation.test.js:149:35
    at [90mfile:///C:/Users/krase/repos/BlinkBudget/[39mnode_modules/[4m@vitest[24m/runner/dist/index.js:145:11
    at [90mfile:///C:/Users/krase/repos/BlinkBudget/[39mnode_modules/[4m@vitest[24m/runner/dist/index.js:915:26
    at [90mfile:///C:/Users/krase/repos/BlinkBudget/[39mnode_modules/[4m@vitest[24m/runner/dist/index.js:1240:20
    at new Promise (&lt;anonymous&gt;)
    at runWithTimeout [90m(file:///C:/Users/krase/repos/BlinkBudget/[39mnode_modules/[4m@vitest[24m/runner/dist/index.js:1206:10[90m)[39m {
  codeFrame: [32m&apos;vi.mock(import(&quot;../../src/core/firebase-config.js&quot;), async (importOriginal) =&gt; {\n&apos;[39m +
    [32m&apos;  const actual = await importOriginal()\n&apos;[39m +
    [32m&apos;  return {\n&apos;[39m +
    [32m&apos;    ...actual,\n&apos;[39m +
    [32m&apos;    // your mocked methods\n&apos;[39m +
    [32m&apos;  }\n&apos;[39m +
    [32m&apos;})&apos;[39m
}
Result 9 (rejected): Error: [vitest] No &quot;firebaseStatus&quot; export is defined on the &quot;../../src/core/firebase-config.js&quot; mock. Did you forget to return it from &quot;vi.mock&quot;?
If you need to partially mock a module, you can use &quot;importOriginal&quot; helper inside:

    at VitestMocker.createError [90m(file:///C:/Users/krase/repos/BlinkBudget/[39mnode_modules/[4mvitest[24m/dist/chunks/startModuleRunner.Iz2V0ESw.js:311:17[90m)[39m
    at Object.get [90m(file:///C:/Users/krase/repos/BlinkBudget/[39mnode_modules/[4mvitest[24m/dist/chunks/startModuleRunner.Iz2V0ESw.js:384:16[90m)[39m
    at checkFirebaseAvailability (C:/Users/krase/repos/BlinkBudget/src/core/auth-service.js:16:8)
    at Object.login (C:/Users/krase/repos/BlinkBudget/src/core/auth-service.js:51:27)
    at C:/Users/krase/repos/BlinkBudget/tests/security/rate-limiting-validation.test.js:149:35
    at [90mfile:///C:/Users/krase/repos/BlinkBudget/[39mnode_modules/[4m@vitest[24m/runner/dist/index.js:145:11
    at [90mfile:///C:/Users/krase/repos/BlinkBudget/[39mnode_modules/[4m@vitest[24m/runner/dist/index.js:915:26
    at [90mfile:///C:/Users/krase/repos/BlinkBudget/[39mnode_modules/[4m@vitest[24m/runner/dist/index.js:1240:20
    at new Promise (&lt;anonymous&gt;)
    at runWithTimeout [90m(file:///C:/Users/krase/repos/BlinkBudget/[39mnode_modules/[4m@vitest[24m/runner/dist/index.js:1206:10[90m)[39m {
  codeFrame: [32m&apos;vi.mock(import(&quot;../../src/core/firebase-config.js&quot;), async (importOriginal) =&gt; {\n&apos;[39m +
    [32m&apos;  const actual = await importOriginal()\n&apos;[39m +
    [32m&apos;  return {\n&apos;[39m +
    [32m&apos;    ...actual,\n&apos;[39m +
    [32m&apos;    // your mocked methods\n&apos;[39m +
    [32m&apos;  }\n&apos;[39m +
    [32m&apos;})&apos;[39m
}

            </system-out>
        </testcase>
        <testcase classname="tests/security/rate-limiting-validation.test.js" name="Rate Limiting Validation - High Traffic Simulation &gt; High Traffic Simulation &gt; should handle multi-user distributed attack" time="0.0008919">
        </testcase>
        <testcase classname="tests/security/rate-limiting-validation.test.js" name="Rate Limiting Validation - High Traffic Simulation &gt; High Traffic Simulation &gt; should handle password reset abuse simulation" time="0.0007025">
        </testcase>
        <testcase classname="tests/security/rate-limiting-validation.test.js" name="Rate Limiting Validation - High Traffic Simulation &gt; Performance Under Load &gt; should maintain performance with high request volume" time="0.0016195">
        </testcase>
        <testcase classname="tests/security/rate-limiting-validation.test.js" name="Rate Limiting Validation - High Traffic Simulation &gt; Performance Under Load &gt; should handle memory efficiently during attacks" time="0.003655">
        </testcase>
        <testcase classname="tests/security/rate-limiting-validation.test.js" name="Rate Limiting Validation - High Traffic Simulation &gt; Rate Limiting Edge Cases &gt; should handle malformed identifiers gracefully" time="0.0024837">
        </testcase>
        <testcase classname="tests/security/rate-limiting-validation.test.js" name="Rate Limiting Validation - High Traffic Simulation &gt; Rate Limiting Edge Cases &gt; should handle time-based edge cases" time="0.0007661">
        </testcase>
        <testcase classname="tests/security/rate-limiting-validation.test.js" name="Rate Limiting Validation - High Traffic Simulation &gt; Rate Limiting Edge Cases &gt; should handle rapid successive requests" time="0.0022311">
        </testcase>
        <testcase classname="tests/security/rate-limiting-validation.test.js" name="Rate Limiting Validation - High Traffic Simulation &gt; Rate Limiting Recovery &gt; should recover after lockout period" time="0.0006401">
        </testcase>
        <testcase classname="tests/security/rate-limiting-validation.test.js" name="Rate Limiting Validation - High Traffic Simulation &gt; Rate Limiting Recovery &gt; should reset on successful authentication" time="0.0006991">
        </testcase>
        <testcase classname="tests/security/rate-limiting-validation.test.js" name="Rate Limiting Validation - High Traffic Simulation &gt; Rate Limiting Analytics &gt; should provide rate limit information" time="0.000399">
        </testcase>
        <testcase classname="tests/security/rate-limiting-validation.test.js" name="Rate Limiting Validation - High Traffic Simulation &gt; Rate Limiting Analytics &gt; should handle non-existent users gracefully" time="0.0002218">
        </testcase>
    </testsuite>
    <testsuite name="tests/security/security-validation.test.js" timestamp="2026-02-03T22:55:11.857Z" hostname="Krasen-PC" tests="12" failures="1" errors="0" skipped="0" time="3.6661933">
        <testcase classname="tests/security/security-validation.test.js" name="Security Validation Tests &gt; Input Sanitization &gt; should strip HTML tags from input" time="0.0185305">
        </testcase>
        <testcase classname="tests/security/security-validation.test.js" name="Security Validation Tests &gt; Input Sanitization &gt; should enforce length limits" time="0.0020578">
        </testcase>
        <testcase classname="tests/security/security-validation.test.js" name="Security Validation Tests &gt; Input Sanitization &gt; should escape HTML entities" time="0.0023865">
        </testcase>
        <testcase classname="tests/security/security-validation.test.js" name="Security Validation Tests &gt; Password Validation &gt; should validate password strength correctly" time="0.0007525">
        </testcase>
        <testcase classname="tests/security/security-validation.test.js" name="Security Validation Tests &gt; Password Validation &gt; should provide appropriate error messages" time="0.0005789">
        </testcase>
        <testcase classname="tests/security/security-validation.test.js" name="Security Validation Tests &gt; Email Validation &gt; should validate email formats" time="0.0005112">
        </testcase>
        <testcase classname="tests/security/security-validation.test.js" name="Security Validation Tests &gt; JSON Parsing Safety &gt; should handle malformed JSON safely" time="0.0077739">
            <system-err>
[Security] Failed to parse JSON: SyntaxError: Unexpected token &apos;j&apos;, &quot;{&quot;incomplete&quot;: json&quot; is not valid JSON
    at JSON.parse (&lt;anonymous&gt;)
    at safeJsonParse (C:/Users/krase/repos/BlinkBudget/src/utils/security-utils.js:71:25)
    at C:/Users/krase/repos/BlinkBudget/tests/security/security-validation.test.js:131:29
    at Array.forEach (&lt;anonymous&gt;)
    at C:/Users/krase/repos/BlinkBudget/tests/security/security-validation.test.js:130:23
    at [90mfile:///C:/Users/krase/repos/BlinkBudget/[39mnode_modules/[4m@vitest[24m/runner/dist/index.js:145:11
    at [90mfile:///C:/Users/krase/repos/BlinkBudget/[39mnode_modules/[4m@vitest[24m/runner/dist/index.js:915:26
    at [90mfile:///C:/Users/krase/repos/BlinkBudget/[39mnode_modules/[4m@vitest[24m/runner/dist/index.js:1240:20
    at new Promise (&lt;anonymous&gt;)
    at runWithTimeout [90m(file:///C:/Users/krase/repos/BlinkBudget/[39mnode_modules/[4m@vitest[24m/runner/dist/index.js:1206:10[90m)[39m
[Security] Failed to parse JSON: SyntaxError: Unexpected end of JSON input
    at JSON.parse (&lt;anonymous&gt;)
    at safeJsonParse (C:/Users/krase/repos/BlinkBudget/src/utils/security-utils.js:71:25)
    at C:/Users/krase/repos/BlinkBudget/tests/security/security-validation.test.js:131:29
    at Array.forEach (&lt;anonymous&gt;)
    at C:/Users/krase/repos/BlinkBudget/tests/security/security-validation.test.js:130:23
    at [90mfile:///C:/Users/krase/repos/BlinkBudget/[39mnode_modules/[4m@vitest[24m/runner/dist/index.js:145:11
    at [90mfile:///C:/Users/krase/repos/BlinkBudget/[39mnode_modules/[4m@vitest[24m/runner/dist/index.js:915:26
    at [90mfile:///C:/Users/krase/repos/BlinkBudget/[39mnode_modules/[4m@vitest[24m/runner/dist/index.js:1240:20
    at new Promise (&lt;anonymous&gt;)
    at runWithTimeout [90m(file:///C:/Users/krase/repos/BlinkBudget/[39mnode_modules/[4m@vitest[24m/runner/dist/index.js:1206:10[90m)[39m

            </system-err>
        </testcase>
        <testcase classname="tests/security/security-validation.test.js" name="Security Validation Tests &gt; JSON Parsing Safety &gt; should parse valid JSON correctly" time="0.0010791">
        </testcase>
        <testcase classname="tests/security/security-validation.test.js" name="Security Validation Tests &gt; JSON Parsing Safety &gt; should handle dangerous but valid JSON" time="0.0003263">
        </testcase>
        <testcase classname="tests/security/security-validation.test.js" name="Security Validation Tests &gt; Edge Cases &gt; should handle non-string inputs gracefully" time="0.0004086">
        </testcase>
        <testcase classname="tests/security/security-validation.test.js" name="Security Validation Tests &gt; Edge Cases &gt; should handle extreme inputs" time="0.0241684">
        </testcase>
        <testcase classname="tests/security/security-validation.test.js" name="Security Validation Tests &gt; Performance &gt; should handle large inputs efficiently" time="3.604743">
            <failure message="expected 3599.9800000000005 to be less than 3000" type="AssertionError">
AssertionError: expected 3599.9800000000005 to be less than 3000
 ❯ tests/security/security-validation.test.js:189:24
            </failure>
        </testcase>
    </testsuite>
</testsuites>
